2026-06-20T07:39:23+0000 [INFO] Harvester starting. Target time: 2026-06-18T07:39:23.455444+00:00. Mode: arctic_shift+rss
2026-06-20T07:39:23+0000 [INFO] Found 20 posts to process
2026-06-20T07:39:23+0000 [INFO] Processing post 1u8z3xr (Arctic Shift): England fans sing “Wonderwall” after the team’s win over Cro
2026-06-20T07:39:23+0000 [WARNING]   Could not re-fetch post 1u8z3xr from Arctic Shift
2026-06-20T07:39:25+0000 [INFO]   Arctic Shift returned 1 comments
2026-06-20T07:39:25+0000 [INFO] Processing post 1u8z7yn (Arctic Shift): Thomas Tuchel urges Fifa to intervene after England national
2026-06-20T07:39:26+0000 [WARNING]   Could not re-fetch post 1u8z7yn from Arctic Shift
2026-06-20T07:39:31+0000 [INFO]   Arctic Shift returned 324 comments
2026-06-20T07:39:31+0000 [INFO] Processing post 1u8z80f (Arctic Shift): Was Really Ronaldo The Only One To Blame For The Tie?
2026-06-20T07:39:32+0000 [WARNING]   Could not re-fetch post 1u8z80f from Arctic Shift
2026-06-20T07:39:34+0000 [INFO]   Arctic Shift returned 1 comments
2026-06-20T07:39:34+0000 [INFO] Processing post 1u8z8fy (Arctic Shift): 40 years ago today, Spain beat Denmark 5-1 to advance to the
2026-06-20T07:39:35+0000 [WARNING]   Could not re-fetch post 1u8z8fy from Arctic Shift
2026-06-20T07:39:37+0000 [INFO]   Arctic Shift returned 7 comments
2026-06-20T07:39:37+0000 [INFO] Processing post 1u8zbi4 (Arctic Shift): Jude Bellingham: "Sometimes I deserve to have bad things sai
2026-06-20T07:39:38+0000 [WARNING]   Could not re-fetch post 1u8zbi4 from Arctic Shift
2026-06-20T07:39:41+0000 [INFO]   Arctic Shift returned 108 comments
2026-06-20T07:39:41+0000 [INFO] Processing post 1u8zebb (Arctic Shift): I built a free World Cup Scoreboard where you can create and
2026-06-20T07:39:42+0000 [WARNING]   Could not re-fetch post 1u8zebb from Arctic Shift
2026-06-20T07:39:44+0000 [INFO]   Arctic Shift returned 1 comments
2026-06-20T07:39:44+0000 [INFO] Processing post 1u8zoej (Arctic Shift): England fans help clean up Dallas pub
2026-06-20T07:39:45+0000 [WARNING]   Could not re-fetch post 1u8zoej from Arctic Shift
2026-06-20T07:39:47+0000 [INFO]   Arctic Shift returned 1 comments
2026-06-20T07:39:47+0000 [INFO] Processing post 1u8zne0 (Arctic Shift): People only blaming Ronaldo is so lazy
2026-06-20T07:39:48+0000 [WARNING]   Could not re-fetch post 1u8zne0 from Arctic Shift
2026-06-20T07:39:50+0000 [INFO]   Arctic Shift returned 1 comments
2026-06-20T07:39:50+0000 [INFO] Processing post 1u8zo7y (Arctic Shift): 2026 World Cup tracker for keeping up with every match
2026-06-20T07:39:51+0000 [WARNING]   Could not re-fetch post 1u8zo7y from Arctic Shift
2026-06-20T07:39:53+0000 [INFO]   Arctic Shift returned 1 comments
2026-06-20T07:39:53+0000 [INFO] Processing post 1u8znm5 (Arctic Shift): Majestic Messi
2026-06-20T07:39:54+0000 [WARNING]   Could not re-fetch post 1u8znm5 from Arctic Shift
2026-06-20T07:39:56+0000 [INFO]   Arctic Shift returned 1 comments
2026-06-20T07:39:56+0000 [INFO] Processing post 1u8zqiw (Arctic Shift): Lecce has proposed the Via del Mare stadium for Euro 2032
2026-06-20T07:39:57+0000 [WARNING]   Could not re-fetch post 1u8zqiw from Arctic Shift
2026-06-20T07:39:59+0000 [INFO]   Arctic Shift returned 1 comments
2026-06-20T07:39:59+0000 [INFO] Processing post 1u8zp0z (Arctic Shift): FIFA Confederation Points Per Game standings after Group Sta
2026-06-20T07:40:00+0000 [WARNING]   Could not re-fetch post 1u8zp0z from Arctic Shift
2026-06-20T07:40:02+0000 [INFO]   Arctic Shift returned 46 comments
2026-06-20T07:40:02+0000 [INFO] Processing post 1u8zx32 (Arctic Shift): [OTD] 30 years ago: England 4-1 Netherlands at Euro 1996. Hi
2026-06-20T07:40:03+0000 [WARNING]   Could not re-fetch post 1u8zx32 from Arctic Shift
2026-06-20T07:40:05+0000 [INFO]   Arctic Shift returned 11 comments
2026-06-20T07:40:05+0000 [INFO] Processing post 1u8zuxm (Arctic Shift): England fans sing “Wonderwall” after the team’s 4-2 win over
2026-06-20T07:40:06+0000 [WARNING]   Could not re-fetch post 1u8zuxm from Arctic Shift
2026-06-20T07:40:08+0000 [INFO]   Arctic Shift returned 1 comments
2026-06-20T07:40:08+0000 [INFO] Processing post 1u900cs (Arctic Shift): Congolese Refugees in Burundi's Musasa Camp Celebrate DR Con
2026-06-20T07:40:09+0000 [WARNING]   Could not re-fetch post 1u900cs from Arctic Shift
2026-06-20T07:40:11+0000 [INFO]   Arctic Shift returned 13 comments
2026-06-20T07:40:11+0000 [INFO] Processing post 1u8zzpo (Arctic Shift): Norway fans at Ullevaal stadion watch party celebrate Haalan
2026-06-20T07:40:12+0000 [WARNING]   Could not re-fetch post 1u8zzpo from Arctic Shift
2026-06-20T07:40:14+0000 [INFO]   Arctic Shift returned 8 comments
2026-06-20T07:40:14+0000 [INFO] Processing post 1u8zzpa (Arctic Shift): I don't understand what's going on
2026-06-20T07:40:15+0000 [WARNING]   Could not re-fetch post 1u8zzpa from Arctic Shift
2026-06-20T07:40:17+0000 [INFO]   Arctic Shift returned 1 comments
2026-06-20T07:40:17+0000 [INFO] Processing post 1u8zzkm (Arctic Shift): Question for football fans
2026-06-20T07:40:18+0000 [WARNING]   Could not re-fetch post 1u8zzkm from Arctic Shift
2026-06-20T07:40:20+0000 [INFO]   Arctic Shift returned 1 comments
2026-06-20T07:40:20+0000 [INFO] Processing post 1u8zxze (Arctic Shift): Colombia fans comfort an upset Uzbekistan fan at the game fo
2026-06-20T07:40:21+0000 [WARNING]   Could not re-fetch post 1u8zxze from Arctic Shift
2026-06-20T07:40:23+0000 [INFO]   Arctic Shift returned 81 comments
2026-06-20T07:40:23+0000 [INFO] Processing post 1u9009o (Arctic Shift): [OTD] 30 years ago: England 4-1 Netherlands at Euro 1996. Hi
2026-06-20T07:40:24+0000 [WARNING]   Could not re-fetch post 1u9009o from Arctic Shift
2026-06-20T07:40:26+0000 [INFO]   Arctic Shift returned 1 comments
2026-06-20T07:40:26+0000 [INFO] Harvester complete (arctic_shift+rss). 20 posts processed, 0 failed, 610 total comments collected.
2026-06-20T07:50:27+0000 [INFO] Harvester starting. Target time: 2026-06-18T07:50:27.347649+00:00. Mode: arctic_shift+rss
2026-06-20T07:50:27+0000 [INFO] No pending posts for target time 2026-06-18T07. Nothing to do.
