2026-06-17T05:00:07+0000 [INFO] Harvester starting. Target time: 2026-06-15T05:00:07.338754+00:00. Mode: arctic_shift+rss
2026-06-17T05:00:07+0000 [INFO] Found 7 posts to process
2026-06-17T05:00:07+0000 [INFO] Processing post 1u66xwq (Arctic Shift): why did he do that?
2026-06-17T05:00:07+0000 [WARNING]   Could not re-fetch post 1u66xwq from Arctic Shift
2026-06-17T05:00:10+0000 [INFO]   Arctic Shift returned 2 comments
2026-06-17T05:00:10+0000 [INFO] Processing post 1u66wqv (Arctic Shift): world cup prediction AI vs human challenge Who will win ?
2026-06-17T05:00:10+0000 [WARNING]   Could not re-fetch post 1u66wqv from Arctic Shift
2026-06-17T05:00:12+0000 [INFO]   Arctic Shift returned 2 comments
2026-06-17T05:00:12+0000 [INFO] Processing post 1u66yzm (Arctic Shift): germany_scored_seven_and_i_still_cant_process_it"
2026-06-17T05:00:13+0000 [WARNING]   Could not re-fetch post 1u66yzm from Arctic Shift
2026-06-17T05:00:15+0000 [INFO]   Arctic Shift returned 1 comments
2026-06-17T05:00:15+0000 [INFO] Processing post 1u67oal (Arctic Shift): World Cup 2026 Fan Map
2026-06-17T05:00:16+0000 [WARNING]   Could not re-fetch post 1u67oal from Arctic Shift
2026-06-17T05:00:18+0000 [INFO]   Arctic Shift returned 1 comments
2026-06-17T05:00:18+0000 [INFO] Processing post 1u67q4h (Arctic Shift): WC 2026 Fan Map
2026-06-17T05:00:19+0000 [WARNING]   Could not re-fetch post 1u67q4h from Arctic Shift
2026-06-17T05:00:21+0000 [INFO]   Arctic Shift returned 2 comments
2026-06-17T05:00:21+0000 [INFO] Processing post 1u67rif (Arctic Shift): Japan vs Netherland (2-2) || Highlights & All Goals || FIFA 
2026-06-17T05:00:22+0000 [WARNING]   Could not re-fetch post 1u67rif from Arctic Shift
2026-06-17T05:00:24+0000 [INFO]   Arctic Shift returned 2 comments
2026-06-17T05:00:24+0000 [INFO] Processing post 1u67uq3 (Arctic Shift): Mexico and Sweden fans celebrate goal together
2026-06-17T05:00:25+0000 [WARNING]   Could not re-fetch post 1u67uq3 from Arctic Shift
2026-06-17T05:00:27+0000 [INFO]   Arctic Shift returned 44 comments
2026-06-17T05:00:27+0000 [INFO] Harvester complete (arctic_shift+rss). 7 posts processed, 0 failed, 54 total comments collected.
2026-06-17T05:05:06+0000 [INFO] Harvester starting. Target time: 2026-06-15T05:05:06.453149+00:00. Mode: arctic_shift+rss
2026-06-17T05:05:06+0000 [INFO] No pending posts for target time 2026-06-15T05. Nothing to do.
2026-06-17T05:09:57+0000 [INFO] Harvester starting. Target time: 2026-06-15T05:09:57.940534+00:00. Mode: arctic_shift+rss
2026-06-17T05:09:57+0000 [INFO] No pending posts for target time 2026-06-15T05. Nothing to do.
2026-06-17T05:15:19+0000 [INFO] Harvester starting. Target time: 2026-06-15T05:15:19.712632+00:00. Mode: arctic_shift+rss
2026-06-17T05:15:19+0000 [INFO] No pending posts for target time 2026-06-15T05. Nothing to do.
2026-06-17T05:20:00+0000 [INFO] Harvester starting. Target time: 2026-06-15T05:20:00.189397+00:00. Mode: arctic_shift+rss
2026-06-17T05:20:00+0000 [INFO] No pending posts for target time 2026-06-15T05. Nothing to do.
2026-06-17T05:25:16+0000 [INFO] Harvester starting. Target time: 2026-06-15T05:25:16.908563+00:00. Mode: arctic_shift+rss
2026-06-17T05:25:16+0000 [INFO] No pending posts for target time 2026-06-15T05. Nothing to do.
2026-06-17T05:30:03+0000 [INFO] Harvester starting. Target time: 2026-06-15T05:30:03.695734+00:00. Mode: arctic_shift+rss
2026-06-17T05:30:03+0000 [INFO] No pending posts for target time 2026-06-15T05. Nothing to do.
2026-06-17T05:35:12+0000 [INFO] Harvester starting. Target time: 2026-06-15T05:35:12.844409+00:00. Mode: arctic_shift+rss
2026-06-17T05:35:12+0000 [INFO] No pending posts for target time 2026-06-15T05. Nothing to do.
2026-06-17T05:50:06+0000 [INFO] Harvester starting. Target time: 2026-06-15T05:50:06.455468+00:00. Mode: arctic_shift+rss
2026-06-17T05:50:06+0000 [INFO] No pending posts for target time 2026-06-15T05. Nothing to do.
2026-06-17T05:55:08+0000 [INFO] Harvester starting. Target time: 2026-06-15T05:55:08.308454+00:00. Mode: arctic_shift+rss
2026-06-17T05:55:08+0000 [INFO] No pending posts for target time 2026-06-15T05. Nothing to do.
