2026-06-17T06:55:03+0000 [INFO] Harvester starting. Target time: 2026-06-15T06:55:03.179225+00:00. Mode: arctic_shift+rss
2026-06-17T06:55:03+0000 [INFO] Found 10 posts to process
2026-06-17T06:55:03+0000 [INFO] Processing post 1u682ya (Arctic Shift): USA vs Australia: Can the USMNT Continue Their Winning Run a
2026-06-17T06:55:03+0000 [WARNING]   Could not re-fetch post 1u682ya from Arctic Shift
2026-06-17T06:55:05+0000 [INFO]   Arctic Shift returned 1 comments
2026-06-17T06:55:05+0000 [INFO] Processing post 1u68558 (Arctic Shift): Can the USMNT beat Australia and take control of Group D?
2026-06-17T06:55:06+0000 [WARNING]   Could not re-fetch post 1u68558 from Arctic Shift
2026-06-17T06:55:08+0000 [INFO]   Arctic Shift returned 1 comments
2026-06-17T06:55:08+0000 [INFO] Processing post 1u6875f (Arctic Shift): Match Schedules for the day
2026-06-17T06:55:09+0000 [WARNING]   Could not re-fetch post 1u6875f from Arctic Shift
2026-06-17T06:55:11+0000 [INFO]   Arctic Shift returned 1 comments
2026-06-17T06:55:11+0000 [INFO] Processing post 1u68enx (Arctic Shift): Two-goal Yasin Ayari combines with Sweden stars to sweep asi
2026-06-17T06:55:12+0000 [WARNING]   Could not re-fetch post 1u68enx from Arctic Shift
2026-06-17T06:55:14+0000 [INFO]   Arctic Shift returned 17 comments
2026-06-17T06:55:14+0000 [INFO] Processing post 1u68mf7 (Arctic Shift): 60% people couldn't stop watching this🔥
2026-06-17T06:55:15+0000 [WARNING]   Could not re-fetch post 1u68mf7 from Arctic Shift
2026-06-17T06:55:17+0000 [INFO]   Arctic Shift returned 1 comments
2026-06-17T06:55:17+0000 [INFO] Processing post 1u68o42 (Arctic Shift): They called it Offside, but....
2026-06-17T06:55:18+0000 [WARNING]   Could not re-fetch post 1u68o42 from Arctic Shift
2026-06-17T06:55:20+0000 [INFO]   Arctic Shift returned 2 comments
2026-06-17T06:55:20+0000 [INFO] Processing post 1u68oeo (Arctic Shift): A Convicted Politician at Bangladesh Attended Court Wearing 
2026-06-17T06:55:21+0000 [WARNING]   Could not re-fetch post 1u68oeo from Arctic Shift
2026-06-17T06:55:23+0000 [INFO]   Arctic Shift returned 1 comments
2026-06-17T06:55:23+0000 [INFO] Processing post 1u68qsy (Arctic Shift): A New Team Takes the Top Spot in World Cup Power Rankings Af
2026-06-17T06:55:24+0000 [WARNING]   Could not re-fetch post 1u68qsy from Arctic Shift
2026-06-17T06:55:26+0000 [INFO]   Arctic Shift returned 1 comments
2026-06-17T06:55:26+0000 [INFO] Processing post 1u68twe (Arctic Shift): Help a 1-year American understand the money side of transfer
2026-06-17T06:55:27+0000 [WARNING]   Could not re-fetch post 1u68twe from Arctic Shift
2026-06-17T06:55:29+0000 [INFO]   Arctic Shift returned 1 comments
2026-06-17T06:55:29+0000 [INFO] Processing post 1u691oj (Arctic Shift): 40 years ago today - one of the most beautiful goals in Worl
2026-06-17T06:55:30+0000 [WARNING]   Could not re-fetch post 1u691oj from Arctic Shift
2026-06-17T06:55:32+0000 [INFO]   Arctic Shift returned 30 comments
2026-06-17T06:55:32+0000 [INFO] Harvester complete (arctic_shift+rss). 10 posts processed, 0 failed, 56 total comments collected.
