2026-06-14T13:02:52+0000 [INFO] Harvester starting. Target time: 2026-06-12T13:02:52.619966+00:00. Mode: arctic_shift+rss
2026-06-14T13:02:52+0000 [INFO] Found 22 posts to process
2026-06-14T13:02:52+0000 [INFO] Processing post 1u3ul2y (Arctic Shift): Every AI prediction for day 1 was right, I'm actually blown 
2026-06-14T13:02:53+0000 [WARNING]   Could not re-fetch post 1u3ul2y from Arctic Shift
2026-06-14T13:02:55+0000 [INFO]   Arctic Shift returned 2 comments
2026-06-14T13:02:55+0000 [INFO] Processing post 1u3uk9w (Arctic Shift): Need help identifying these autographs
2026-06-14T13:02:56+0000 [WARNING]   Could not re-fetch post 1u3uk9w from Arctic Shift
2026-06-14T13:02:58+0000 [INFO]   Arctic Shift returned 1 comments
2026-06-14T13:02:58+0000 [INFO] Processing post 1u3ulb3 (Arctic Shift): Jermaine Jenas says ‘I’ve lost everything’ in tense first TV
2026-06-14T13:02:59+0000 [WARNING]   Could not re-fetch post 1u3ulb3 from Arctic Shift
2026-06-14T13:03:01+0000 [INFO]   Arctic Shift returned 1 comments
2026-06-14T13:03:01+0000 [INFO] Processing post 1u3ul8v (Arctic Shift): [Transfermarkt] Jose Mourinho’s record signings at Real Madr
2026-06-14T13:03:02+0000 [WARNING]   Could not re-fetch post 1u3ul8v from Arctic Shift
2026-06-14T13:03:06+0000 [INFO]   Arctic Shift returned 214 comments
2026-06-14T13:03:06+0000 [INFO] Processing post 1u3uk56 (Arctic Shift): Mexico 2 South Africa 0
2026-06-14T13:03:07+0000 [WARNING]   Could not re-fetch post 1u3uk56 from Arctic Shift
2026-06-14T13:03:08+0000 [INFO]   Arctic Shift returned 0 comments
2026-06-14T13:03:08+0000 [INFO] Processing post 1u3unsc (Arctic Shift): Does anybody know what gadgets the referees on the World Cup
2026-06-14T13:03:09+0000 [WARNING]   Could not re-fetch post 1u3unsc from Arctic Shift
2026-06-14T13:03:11+0000 [INFO]   Arctic Shift returned 1 comments
2026-06-14T13:03:11+0000 [INFO] Processing post 1u3uoh9 (Arctic Shift): [ESPN] Jermaine Jenas: 'I've lost everything; I've been puni
2026-06-14T13:03:12+0000 [WARNING]   Could not re-fetch post 1u3uoh9 from Arctic Shift
2026-06-14T13:03:18+0000 [INFO]   Arctic Shift returned 144 comments
2026-06-14T13:03:18+0000 [INFO] Processing post 1u3utlv (Arctic Shift): Mexican fan: "I speak Italian, spaghetti bolognese!"
2026-06-14T13:03:19+0000 [WARNING]   Could not re-fetch post 1u3utlv from Arctic Shift
2026-06-14T13:03:22+0000 [INFO]   Arctic Shift returned 199 comments
2026-06-14T13:03:22+0000 [INFO] Processing post 1u3usk7 (Arctic Shift): [Southampton FC] Bree signs three-year contract
2026-06-14T13:03:23+0000 [WARNING]   Could not re-fetch post 1u3usk7 from Arctic Shift
2026-06-14T13:03:25+0000 [INFO]   Arctic Shift returned 7 comments
2026-06-14T13:03:25+0000 [INFO] Processing post 1u3v1gj (Arctic Shift): [Sassuolo] Alberto Aquilani is the new manager of the first 
2026-06-14T13:03:26+0000 [WARNING]   Could not re-fetch post 1u3v1gj from Arctic Shift
2026-06-14T13:03:28+0000 [INFO]   Arctic Shift returned 7 comments
2026-06-14T13:03:28+0000 [INFO] Processing post 1u3v0iu (Arctic Shift): Every AI prediction for day 1 was almost right
2026-06-14T13:03:29+0000 [WARNING]   Could not re-fetch post 1u3v0iu from Arctic Shift
2026-06-14T13:03:31+0000 [INFO]   Arctic Shift returned 2 comments
2026-06-14T13:03:31+0000 [INFO] Processing post 1u3v4kf (Arctic Shift): Passion to be a professional footballer but starting late
2026-06-14T13:03:32+0000 [WARNING]   Could not re-fetch post 1u3v4kf from Arctic Shift
2026-06-14T13:03:34+0000 [INFO]   Arctic Shift returned 1 comments
2026-06-14T13:03:34+0000 [INFO] Processing post 1u3vh2e (Arctic Shift): Benfica President Rui Costa says José Mourinho would have le
2026-06-14T13:03:35+0000 [WARNING]   Could not re-fetch post 1u3vh2e from Arctic Shift
2026-06-14T13:03:37+0000 [INFO]   Arctic Shift returned 34 comments
2026-06-14T13:03:37+0000 [INFO] Processing post 1u3vdnj (Arctic Shift): Cristiano Ronaldo: “I feel very good. Haven’t you been watch
2026-06-14T13:03:38+0000 [WARNING]   Could not re-fetch post 1u3vdnj from Arctic Shift
2026-06-14T13:03:40+0000 [INFO]   Arctic Shift returned 69 comments
2026-06-14T13:03:40+0000 [INFO] Processing post 1u3vj7j (Arctic Shift): Italy not being here at the WC is just weird no ?
2026-06-14T13:03:41+0000 [WARNING]   Could not re-fetch post 1u3vj7j from Arctic Shift
2026-06-14T13:03:43+0000 [INFO]   Arctic Shift returned 1 comments
2026-06-14T13:03:43+0000 [INFO] Processing post 1u3vppf (Arctic Shift): A duck in Mexico wearing a Mexican jersey
2026-06-14T13:03:44+0000 [WARNING]   Could not re-fetch post 1u3vppf from Arctic Shift
2026-06-14T13:03:49+0000 [INFO]   Arctic Shift returned 343 comments
2026-06-14T13:03:49+0000 [INFO] Processing post 1u3vpxr (Arctic Shift): YES or NAY?.....DR. Congo Sytlish Arrival for the World Cup.
2026-06-14T13:03:50+0000 [WARNING]   Could not re-fetch post 1u3vpxr from Arctic Shift
2026-06-14T13:03:52+0000 [INFO]   Arctic Shift returned 35 comments
2026-06-14T13:03:52+0000 [INFO] Processing post 1u3vtjo (Arctic Shift): Torino FC is pleased to announce that, from July 1 2026, the
2026-06-14T13:03:53+0000 [WARNING]   Could not re-fetch post 1u3vtjo from Arctic Shift
2026-06-14T13:03:55+0000 [INFO]   Arctic Shift returned 16 comments
2026-06-14T13:03:55+0000 [INFO] Processing post 1u3vsun (Arctic Shift): Anyone else tired of chaotic WhatsApp score prediction threa
2026-06-14T13:03:56+0000 [WARNING]   Could not re-fetch post 1u3vsun from Arctic Shift
2026-06-14T13:03:58+0000 [INFO]   Arctic Shift returned 2 comments
2026-06-14T13:03:58+0000 [INFO] Processing post 1u3vrab (Arctic Shift): Comunicado Oficial: Caroline Weir
2026-06-14T13:03:59+0000 [WARNING]   Could not re-fetch post 1u3vrab from Arctic Shift
2026-06-14T13:04:01+0000 [INFO]   Arctic Shift returned 3 comments
2026-06-14T13:04:01+0000 [INFO] Processing post 1u3vvqt (Arctic Shift): [Ornstein] EXCL: Newcastle United rekindle interest in signi
2026-06-14T13:04:02+0000 [WARNING]   Could not re-fetch post 1u3vvqt from Arctic Shift
2026-06-14T13:04:04+0000 [INFO]   Arctic Shift returned 62 comments
2026-06-14T13:04:04+0000 [INFO] Processing post 1u3vxe5 (Arctic Shift): Leipzig are on to the verge to sack coach Ole Werner. Advanc
2026-06-14T13:04:05+0000 [WARNING]   Could not re-fetch post 1u3vxe5 from Arctic Shift
2026-06-14T13:04:07+0000 [INFO]   Arctic Shift returned 64 comments
2026-06-14T13:04:07+0000 [INFO] Harvester complete (arctic_shift+rss). 22 posts processed, 0 failed, 1208 total comments collected.
2026-06-14T13:07:41+0000 [INFO] Harvester starting. Target time: 2026-06-12T13:07:41.519836+00:00. Mode: arctic_shift+rss
2026-06-14T13:07:41+0000 [INFO] No pending posts for target time 2026-06-12T13. Nothing to do.
2026-06-14T13:12:43+0000 [INFO] Harvester starting. Target time: 2026-06-12T13:12:43.094635+00:00. Mode: arctic_shift+rss
2026-06-14T13:12:43+0000 [INFO] No pending posts for target time 2026-06-12T13. Nothing to do.
2026-06-14T13:17:55+0000 [INFO] Harvester starting. Target time: 2026-06-12T13:17:55.178462+00:00. Mode: arctic_shift+rss
2026-06-14T13:17:55+0000 [INFO] No pending posts for target time 2026-06-12T13. Nothing to do.
2026-06-14T13:22:39+0000 [INFO] Harvester starting. Target time: 2026-06-12T13:22:39.493370+00:00. Mode: arctic_shift+rss
2026-06-14T13:22:39+0000 [INFO] No pending posts for target time 2026-06-12T13. Nothing to do.
2026-06-14T13:27:41+0000 [INFO] Harvester starting. Target time: 2026-06-12T13:27:41.877122+00:00. Mode: arctic_shift+rss
2026-06-14T13:27:41+0000 [INFO] No pending posts for target time 2026-06-12T13. Nothing to do.
2026-06-14T13:32:52+0000 [INFO] Harvester starting. Target time: 2026-06-12T13:32:52.004465+00:00. Mode: arctic_shift+rss
2026-06-14T13:32:52+0000 [INFO] No pending posts for target time 2026-06-12T13. Nothing to do.
2026-06-14T13:42:43+0000 [INFO] Harvester starting. Target time: 2026-06-12T13:42:43.243547+00:00. Mode: arctic_shift+rss
2026-06-14T13:42:43+0000 [INFO] No pending posts for target time 2026-06-12T13. Nothing to do.
2026-06-14T13:47:58+0000 [INFO] Harvester starting. Target time: 2026-06-12T13:47:58.829987+00:00. Mode: arctic_shift+rss
2026-06-14T13:47:58+0000 [INFO] No pending posts for target time 2026-06-12T13. Nothing to do.
2026-06-14T13:52:50+0000 [INFO] Harvester starting. Target time: 2026-06-12T13:52:50.830501+00:00. Mode: arctic_shift+rss
2026-06-14T13:52:50+0000 [INFO] No pending posts for target time 2026-06-12T13. Nothing to do.
2026-06-14T13:57:47+0000 [INFO] Harvester starting. Target time: 2026-06-12T13:57:47.832927+00:00. Mode: arctic_shift+rss
2026-06-14T13:57:47+0000 [INFO] No pending posts for target time 2026-06-12T13. Nothing to do.
