2026-06-19T13:54:49+0000 [INFO] Harvester starting. Target time: 2026-06-17T13:54:49.104511+00:00. Mode: arctic_shift+rss
2026-06-19T13:54:49+0000 [INFO] Found 9 posts to process
2026-06-19T13:54:49+0000 [INFO] Processing post 1u89hk1 (Arctic Shift): The FIFA World Cup, captured on 1950s film
2026-06-19T13:54:49+0000 [WARNING]   Could not re-fetch post 1u89hk1 from Arctic Shift
2026-06-19T13:54:52+0000 [INFO]   Arctic Shift returned 192 comments
2026-06-19T13:54:52+0000 [INFO] Processing post 1u89eac (Arctic Shift): [BBC] Hull City could face points deduction in Premier Leagu
2026-06-19T13:54:53+0000 [WARNING]   Could not re-fetch post 1u89eac from Arctic Shift
2026-06-19T13:54:56+0000 [INFO]   Arctic Shift returned 161 comments
2026-06-19T13:54:56+0000 [INFO] Processing post 1u89bh8 (Arctic Shift): Thomas Tuchel on Livramento’s injury and the reason Trevoh C
2026-06-19T13:54:57+0000 [WARNING]   Could not re-fetch post 1u89bh8 from Arctic Shift
2026-06-19T13:55:00+0000 [INFO]   Arctic Shift returned 185 comments
2026-06-19T13:55:00+0000 [INFO] Processing post 1u89k0f (Arctic Shift): An all time XI of jews & 1 spiritually jewish cruyff
2026-06-19T13:55:01+0000 [WARNING]   Could not re-fetch post 1u89k0f from Arctic Shift
2026-06-19T13:55:03+0000 [INFO]   Arctic Shift returned 1 comments
2026-06-19T13:55:03+0000 [INFO] Processing post 1u89hxp (Arctic Shift): Leeds considering legal action against Leicester following r
2026-06-19T13:55:04+0000 [WARNING]   Could not re-fetch post 1u89hxp from Arctic Shift
2026-06-19T13:55:06+0000 [INFO]   Arctic Shift returned 40 comments
2026-06-19T13:55:06+0000 [INFO] Processing post 1u89k7s (Arctic Shift): [World Cup 2026 Preview] Panama: The End of "Happy to Be Her
2026-06-19T13:55:07+0000 [WARNING]   Could not re-fetch post 1u89k7s from Arctic Shift
2026-06-19T13:55:09+0000 [INFO]   Arctic Shift returned 7 comments
2026-06-19T13:55:09+0000 [INFO] Processing post 1u89ixo (Arctic Shift): Algerian fan shows his love for Messi
2026-06-19T13:55:10+0000 [WARNING]   Could not re-fetch post 1u89ixo from Arctic Shift
2026-06-19T13:55:12+0000 [INFO]   Arctic Shift returned 24 comments
2026-06-19T13:55:12+0000 [INFO] Processing post 1u89xlp (Arctic Shift): Just 1 week before his 39th birthday, Lionel Messi breaks an
2026-06-19T13:55:13+0000 [WARNING]   Could not re-fetch post 1u89xlp from Arctic Shift
2026-06-19T13:55:15+0000 [INFO]   Arctic Shift returned 8 comments
2026-06-19T13:55:15+0000 [INFO] Processing post 1u89xcr (Arctic Shift): An interview with a very 'excited' Japanese fan prior to the
2026-06-19T13:55:16+0000 [WARNING]   Could not re-fetch post 1u89xcr from Arctic Shift
2026-06-19T13:55:18+0000 [INFO]   Arctic Shift returned 1 comments
2026-06-19T13:55:18+0000 [INFO] Harvester complete (arctic_shift+rss). 9 posts processed, 0 failed, 619 total comments collected.
