2026-06-20T11:37:57+0000 [INFO] Harvester starting. Target time: 2026-06-18T11:37:57.896756+00:00. Mode: arctic_shift+rss
2026-06-20T11:37:57+0000 [INFO] Found 17 posts to process
2026-06-20T11:37:57+0000 [INFO] Processing post 1u935r0 (Arctic Shift): UEFA 2027 Women's World Cup Playoff Draw
2026-06-20T11:37:58+0000 [WARNING]   Could not re-fetch post 1u935r0 from Arctic Shift
2026-06-20T11:38:00+0000 [INFO]   Arctic Shift returned 5 comments
2026-06-20T11:38:00+0000 [INFO] Processing post 1u9352s (Arctic Shift): South Africa has got to redeem themselves
2026-06-20T11:38:01+0000 [WARNING]   Could not re-fetch post 1u9352s from Arctic Shift
2026-06-20T11:38:03+0000 [INFO]   Arctic Shift returned 1 comments
2026-06-20T11:38:03+0000 [INFO] Processing post 1u939rh (Arctic Shift): [RMC Sport] Portugal manager Roberto Martinez in talks to jo
2026-06-20T11:38:04+0000 [WARNING]   Could not re-fetch post 1u939rh from Arctic Shift
2026-06-20T11:38:06+0000 [INFO]   Arctic Shift returned 41 comments
2026-06-20T11:38:06+0000 [INFO] Processing post 1u93ck4 (Arctic Shift): Vikings are coming for General Mbappe...
2026-06-20T11:38:07+0000 [WARNING]   Could not re-fetch post 1u93ck4 from Arctic Shift
2026-06-20T11:38:09+0000 [INFO]   Arctic Shift returned 24 comments
2026-06-20T11:38:09+0000 [INFO] Processing post 1u93ftp (Arctic Shift): Ivory Coast striker Wahi barred from World Cup match in Cana
2026-06-20T11:38:10+0000 [WARNING]   Could not re-fetch post 1u93ftp from Arctic Shift
2026-06-20T11:38:13+0000 [INFO]   Arctic Shift returned 108 comments
2026-06-20T11:38:13+0000 [INFO] Processing post 1u93gil (Arctic Shift): [AS] Jose Mourinho asks for another centre-back and a midfie
2026-06-20T11:38:14+0000 [WARNING]   Could not re-fetch post 1u93gil from Arctic Shift
2026-06-20T11:38:19+0000 [INFO]   Arctic Shift returned 311 comments
2026-06-20T11:38:19+0000 [INFO] Processing post 1u93g6r (Arctic Shift): The second woman in history to referee a men's World Cup mat
2026-06-20T11:38:20+0000 [WARNING]   Could not re-fetch post 1u93g6r from Arctic Shift
2026-06-20T11:38:22+0000 [INFO]   Arctic Shift returned 56 comments
2026-06-20T11:38:22+0000 [INFO] Processing post 1u93i44 (Arctic Shift): [2026 FIFA World Cup] All The National Anthems As Performed 
2026-06-20T11:38:23+0000 [WARNING]   Could not re-fetch post 1u93i44 from Arctic Shift
2026-06-20T11:38:25+0000 [INFO]   Arctic Shift returned 16 comments
2026-06-20T11:38:25+0000 [INFO] Processing post 1u93m13 (Arctic Shift): Roberto Martínez linked to Al Nassr
2026-06-20T11:38:26+0000 [WARNING]   Could not re-fetch post 1u93m13 from Arctic Shift
2026-06-20T11:38:28+0000 [INFO]   Arctic Shift returned 1 comments
2026-06-20T11:38:28+0000 [INFO] Processing post 1u93o6m (Arctic Shift): Football boots, studs and surfaces: the knee injury risk hid
2026-06-20T11:38:29+0000 [WARNING]   Could not re-fetch post 1u93o6m from Arctic Shift
2026-06-20T11:38:31+0000 [INFO]   Arctic Shift returned 1 comments
2026-06-20T11:38:31+0000 [INFO] Processing post 1u93p28 (Arctic Shift): England fans clean up litter after a night out at the pub
2026-06-20T11:38:32+0000 [WARNING]   Could not re-fetch post 1u93p28 from Arctic Shift
2026-06-20T11:38:38+0000 [INFO]   Arctic Shift returned 455 comments
2026-06-20T11:38:38+0000 [INFO] Processing post 1u93tnl (Arctic Shift): 16,380 Throw-ins, Two First Names, One Sensational Half Time
2026-06-20T11:38:39+0000 [WARNING]   Could not re-fetch post 1u93tnl from Arctic Shift
2026-06-20T11:38:41+0000 [INFO]   Arctic Shift returned 1 comments
2026-06-20T11:38:41+0000 [INFO] Processing post 1u93wnl (Arctic Shift): Iran may be the most unfairly treated team in World Cup hist
2026-06-20T11:38:42+0000 [WARNING]   Could not re-fetch post 1u93wnl from Arctic Shift
2026-06-20T11:38:44+0000 [INFO]   Arctic Shift returned 1 comments
2026-06-20T11:38:44+0000 [INFO] Processing post 1u93xxr (Arctic Shift): [VI] Dirk Kuijt set to sign for Fenerbahçe as assistant mana
2026-06-20T11:38:45+0000 [WARNING]   Could not re-fetch post 1u93xxr from Arctic Shift
2026-06-20T11:38:47+0000 [INFO]   Arctic Shift returned 10 comments
2026-06-20T11:38:47+0000 [INFO] Processing post 1u945a0 (Arctic Shift): WC26 Bracket After Matchday 1
2026-06-20T11:38:48+0000 [WARNING]   Could not re-fetch post 1u945a0 from Arctic Shift
2026-06-20T11:38:50+0000 [INFO]   Arctic Shift returned 30 comments
2026-06-20T11:38:50+0000 [INFO] Processing post 1u945p2 (Arctic Shift): [Di Marzio] Palestra is getting closer to Inter after a very
2026-06-20T11:38:51+0000 [WARNING]   Could not re-fetch post 1u945p2 from Arctic Shift
2026-06-20T11:38:53+0000 [INFO]   Arctic Shift returned 19 comments
2026-06-20T11:38:53+0000 [INFO] Processing post 1u9444t (Arctic Shift): [Yahoo Sports] Portugal manager Roberto Martinez in talks to
2026-06-20T11:38:54+0000 [WARNING]   Could not re-fetch post 1u9444t from Arctic Shift
2026-06-20T11:38:58+0000 [INFO]   Arctic Shift returned 252 comments
2026-06-20T11:38:58+0000 [INFO] Harvester complete (arctic_shift+rss). 17 posts processed, 0 failed, 1332 total comments collected.
2026-06-20T11:45:27+0000 [INFO] Harvester starting. Target time: 2026-06-18T11:45:27.055074+00:00. Mode: arctic_shift+rss
2026-06-20T11:45:27+0000 [INFO] No pending posts for target time 2026-06-18T11. Nothing to do.
2026-06-20T11:55:22+0000 [INFO] Harvester starting. Target time: 2026-06-18T11:55:22.685034+00:00. Mode: arctic_shift+rss
2026-06-20T11:55:22+0000 [INFO] No pending posts for target time 2026-06-18T11. Nothing to do.
