2026-06-15T14:03:22+0000 [INFO] Harvester starting. Target time: 2026-06-13T14:03:22.942832+00:00. Mode: arctic_shift+rss
2026-06-15T14:03:22+0000 [INFO] Found 26 posts to process
2026-06-15T14:03:23+0000 [INFO] Processing post 1u4rpim (Arctic Shift): Hertha captain Fabian Reese about to move to Wolfsburg
2026-06-15T14:03:23+0000 [WARNING]   Could not re-fetch post 1u4rpim from Arctic Shift
2026-06-15T14:03:25+0000 [INFO]   Arctic Shift returned 15 comments
2026-06-15T14:03:25+0000 [INFO] Processing post 1u4rpfi (Arctic Shift): Football Fans Must Watch....
2026-06-15T14:03:26+0000 [WARNING]   Could not re-fetch post 1u4rpfi from Arctic Shift
2026-06-15T14:03:28+0000 [INFO]   Arctic Shift returned 1 comments
2026-06-15T14:03:28+0000 [INFO] Processing post 1u4rouf (Arctic Shift): Am I crazy or does US Soccer feel way more connected/nepotis
2026-06-15T14:03:29+0000 [WARNING]   Could not re-fetch post 1u4rouf from Arctic Shift
2026-06-15T14:03:31+0000 [INFO]   Arctic Shift returned 1 comments
2026-06-15T14:03:31+0000 [INFO] Processing post 1u4rshr (Arctic Shift): Ouamane Dembele statements about messi:
2026-06-15T14:03:32+0000 [WARNING]   Could not re-fetch post 1u4rshr from Arctic Shift
2026-06-15T14:03:34+0000 [INFO]   Arctic Shift returned 1 comments
2026-06-15T14:03:34+0000 [INFO] Processing post 1u4rysj (Arctic Shift): Would you trust this bear to score a goal
2026-06-15T14:03:35+0000 [WARNING]   Could not re-fetch post 1u4rysj from Arctic Shift
2026-06-15T14:03:36+0000 [INFO]   Arctic Shift returned 0 comments
2026-06-15T14:03:36+0000 [INFO] Processing post 1u4s0ba (Arctic Shift): VAR reversal
2026-06-15T14:03:37+0000 [WARNING]   Could not re-fetch post 1u4s0ba from Arctic Shift
2026-06-15T14:03:39+0000 [INFO]   Arctic Shift returned 1 comments
2026-06-15T14:03:39+0000 [INFO] Processing post 1u4s1id (Arctic Shift): [Sky News] Craig Ferguson completes a walk from Los Angeles 
2026-06-15T14:03:40+0000 [WARNING]   Could not re-fetch post 1u4s1id from Arctic Shift
2026-06-15T14:03:42+0000 [INFO]   Arctic Shift returned 24 comments
2026-06-15T14:03:42+0000 [INFO] Processing post 1u4s129 (Arctic Shift): Federico Valverde photo for 2026 world cup, his scar is visi
2026-06-15T14:03:43+0000 [WARNING]   Could not re-fetch post 1u4s129 from Arctic Shift
2026-06-15T14:03:46+0000 [INFO]   Arctic Shift returned 124 comments
2026-06-15T14:03:46+0000 [INFO] Processing post 1u4s1gf (Arctic Shift): Seattle opposes FIFA ban on pre-revolution Iranian flag
2026-06-15T14:03:47+0000 [WARNING]   Could not re-fetch post 1u4s1gf from Arctic Shift
2026-06-15T14:03:49+0000 [INFO]   Arctic Shift returned 1 comments
2026-06-15T14:03:49+0000 [INFO] Processing post 1u4s128 (Arctic Shift): Boston police officer showing off his skill
2026-06-15T14:03:50+0000 [WARNING]   Could not re-fetch post 1u4s128 from Arctic Shift
2026-06-15T14:03:55+0000 [INFO]   Arctic Shift returned 343 comments
2026-06-15T14:03:55+0000 [INFO] Processing post 1u4s85x (Arctic Shift): Mexican commentators react to Folarin Balogun's second goal:
2026-06-15T14:03:56+0000 [WARNING]   Could not re-fetch post 1u4s85x from Arctic Shift
2026-06-15T14:03:59+0000 [INFO]   Arctic Shift returned 161 comments
2026-06-15T14:03:59+0000 [INFO] Processing post 1u4sfre (Arctic Shift): Watching the World Cup livd in school hits different .
2026-06-15T14:04:00+0000 [WARNING]   Could not re-fetch post 1u4sfre from Arctic Shift
2026-06-15T14:04:03+0000 [INFO]   Arctic Shift returned 1 comments
2026-06-15T14:04:03+0000 [INFO] Processing post 1u4sjgm (Arctic Shift): Throwback to when Morocco and Brazil faced each other at the
2026-06-15T14:04:03+0000 [WARNING]   Could not re-fetch post 1u4sjgm from Arctic Shift
2026-06-15T14:04:05+0000 [INFO]   Arctic Shift returned 64 comments
2026-06-15T14:04:05+0000 [INFO] Processing post 1u4sn33 (Arctic Shift): (Article in Spanish) Mexican Reporter Suggests to Use Rubber
2026-06-15T14:04:06+0000 [WARNING]   Could not re-fetch post 1u4sn33 from Arctic Shift
2026-06-15T14:04:08+0000 [INFO]   Arctic Shift returned 12 comments
2026-06-15T14:04:08+0000 [INFO] Processing post 1u4sn37 (Arctic Shift): Title
2026-06-15T14:04:09+0000 [WARNING]   Could not re-fetch post 1u4sn37 from Arctic Shift
2026-06-15T14:04:11+0000 [INFO]   Arctic Shift returned 2 comments
2026-06-15T14:04:11+0000 [INFO] Processing post 1u4snqu (Arctic Shift): A sneak peek inside England’s training camp
2026-06-15T14:04:12+0000 [WARNING]   Could not re-fetch post 1u4snqu from Arctic Shift
2026-06-15T14:04:14+0000 [INFO]   Arctic Shift returned 27 comments
2026-06-15T14:04:14+0000 [INFO] Processing post 1u4smis (Arctic Shift): 83 - Chris Richards completed all 83 passes he attempted for
2026-06-15T14:04:16+0000 [WARNING]   Could not re-fetch post 1u4smis from Arctic Shift
2026-06-15T14:04:18+0000 [INFO]   Arctic Shift returned 165 comments
2026-06-15T14:04:18+0000 [INFO] Processing post 1u4ss9o (Arctic Shift): The Lorde Album Cover and Messi World Cup Theory
2026-06-15T14:04:19+0000 [WARNING]   Could not re-fetch post 1u4ss9o from Arctic Shift
2026-06-15T14:04:21+0000 [INFO]   Arctic Shift returned 2 comments
2026-06-15T14:04:21+0000 [INFO] Processing post 1u4stxg (Arctic Shift): Creative take on the 2026 World Cup opening moment
2026-06-15T14:04:22+0000 [WARNING]   Could not re-fetch post 1u4stxg from Arctic Shift
2026-06-15T14:04:24+0000 [INFO]   Arctic Shift returned 1 comments
2026-06-15T14:04:24+0000 [INFO] Processing post 1u4sxe6 (Arctic Shift): [OptaJohan] Players with 3+ shots, created chances, dribbles
2026-06-15T14:04:25+0000 [WARNING]   Could not re-fetch post 1u4sxe6 from Arctic Shift
2026-06-15T14:04:28+0000 [INFO]   Arctic Shift returned 1 comments
2026-06-15T14:04:28+0000 [INFO] Processing post 1u4swfv (Arctic Shift): [Pedro Reinert] “Missing games was part of plan” – Liverpool
2026-06-15T14:04:28+0000 [WARNING]   Could not re-fetch post 1u4swfv from Arctic Shift
2026-06-15T14:04:33+0000 [INFO]   Arctic Shift returned 237 comments
2026-06-15T14:04:33+0000 [INFO] Processing post 1u4t0f4 (Arctic Shift): Carvana WorldCup Holder
2026-06-15T14:04:34+0000 [WARNING]   Could not re-fetch post 1u4t0f4 from Arctic Shift
2026-06-15T14:04:40+0000 [INFO]   Arctic Shift returned 1 comments
2026-06-15T14:04:40+0000 [INFO] Processing post 1u4sztx (Arctic Shift): Can anyone enlighten me about the psg tactic of immediately 
2026-06-15T14:04:41+0000 [WARNING]   Could not re-fetch post 1u4sztx from Arctic Shift
2026-06-15T14:04:43+0000 [INFO]   Arctic Shift returned 1 comments
2026-06-15T14:04:43+0000 [INFO] Processing post 1u4t1wm (Arctic Shift): Please start a list of the ads being shown in the breaks. Sh
2026-06-15T14:04:44+0000 [WARNING]   Could not re-fetch post 1u4t1wm from Arctic Shift
2026-06-15T14:04:46+0000 [INFO]   Arctic Shift returned 2 comments
2026-06-15T14:04:46+0000 [INFO] Processing post 1u4t0io (Arctic Shift): Carvana WorldCup Holder
2026-06-15T14:04:47+0000 [WARNING]   Could not re-fetch post 1u4t0io from Arctic Shift
2026-06-15T14:04:49+0000 [INFO]   Arctic Shift returned 2 comments
2026-06-15T14:04:49+0000 [INFO] Processing post 1u4syum (Arctic Shift): [OptaJohan] Players with 3+ shots, created chances, dribbles
2026-06-15T14:04:50+0000 [WARNING]   Could not re-fetch post 1u4syum from Arctic Shift
2026-06-15T14:04:52+0000 [INFO]   Arctic Shift returned 13 comments
2026-06-15T14:04:52+0000 [INFO] Harvester complete (arctic_shift+rss). 26 posts processed, 0 failed, 1203 total comments collected.
2026-06-15T14:09:40+0000 [INFO] Harvester starting. Target time: 2026-06-13T14:09:40.307518+00:00. Mode: arctic_shift+rss
2026-06-15T14:09:40+0000 [INFO] No pending posts for target time 2026-06-13T14. Nothing to do.
2026-06-15T14:13:45+0000 [INFO] Harvester starting. Target time: 2026-06-13T14:13:45.317570+00:00. Mode: arctic_shift+rss
2026-06-15T14:13:45+0000 [INFO] No pending posts for target time 2026-06-13T14. Nothing to do.
2026-06-15T14:19:06+0000 [INFO] Harvester starting. Target time: 2026-06-13T14:19:06.721688+00:00. Mode: arctic_shift+rss
2026-06-15T14:19:06+0000 [INFO] No pending posts for target time 2026-06-13T14. Nothing to do.
2026-06-15T14:23:40+0000 [INFO] Harvester starting. Target time: 2026-06-13T14:23:40.535783+00:00. Mode: arctic_shift+rss
2026-06-15T14:23:40+0000 [INFO] No pending posts for target time 2026-06-13T14. Nothing to do.
2026-06-15T14:28:13+0000 [INFO] Harvester starting. Target time: 2026-06-13T14:28:13.651935+00:00. Mode: arctic_shift+rss
2026-06-15T14:28:13+0000 [INFO] No pending posts for target time 2026-06-13T14. Nothing to do.
2026-06-15T14:33:17+0000 [INFO] Harvester starting. Target time: 2026-06-13T14:33:17.838822+00:00. Mode: arctic_shift+rss
2026-06-15T14:33:17+0000 [INFO] No pending posts for target time 2026-06-13T14. Nothing to do.
2026-06-15T14:38:04+0000 [INFO] Harvester starting. Target time: 2026-06-13T14:38:04.682593+00:00. Mode: arctic_shift+rss
2026-06-15T14:38:04+0000 [INFO] No pending posts for target time 2026-06-13T14. Nothing to do.
2026-06-15T14:43:27+0000 [INFO] Harvester starting. Target time: 2026-06-13T14:43:27.528599+00:00. Mode: arctic_shift+rss
2026-06-15T14:43:27+0000 [INFO] No pending posts for target time 2026-06-13T14. Nothing to do.
2026-06-15T14:48:32+0000 [INFO] Harvester starting. Target time: 2026-06-13T14:48:32.061157+00:00. Mode: arctic_shift+rss
2026-06-15T14:48:32+0000 [INFO] No pending posts for target time 2026-06-13T14. Nothing to do.
2026-06-15T14:53:30+0000 [INFO] Harvester starting. Target time: 2026-06-13T14:53:30.109563+00:00. Mode: arctic_shift+rss
2026-06-15T14:53:30+0000 [INFO] No pending posts for target time 2026-06-13T14. Nothing to do.
2026-06-15T14:59:02+0000 [INFO] Harvester starting. Target time: 2026-06-13T14:59:02.321939+00:00. Mode: arctic_shift+rss
2026-06-15T14:59:02+0000 [INFO] No pending posts for target time 2026-06-13T14. Nothing to do.
