2026-06-15T20:04:10+0000 [INFO] Harvester starting. Target time: 2026-06-13T20:04:10.852349+00:00. Mode: arctic_shift+rss
2026-06-15T20:04:10+0000 [INFO] Found 32 posts to process
2026-06-15T20:04:10+0000 [INFO] Processing post 1u50lxm (Arctic Shift): Michel Aebischer big chance against Qatar 45+6'
2026-06-15T20:04:11+0000 [WARNING]   Could not re-fetch post 1u50lxm from Arctic Shift
2026-06-15T20:04:13+0000 [INFO]   Arctic Shift returned 30 comments
2026-06-15T20:04:13+0000 [INFO] Processing post 1u50jt1 (Arctic Shift): ⚽🔥 FIFA World Cup 2026 – Group B Showdown! 🔥⚽
2026-06-15T20:04:14+0000 [WARNING]   Could not re-fetch post 1u50jt1 from Arctic Shift
2026-06-15T20:04:16+0000 [INFO]   Arctic Shift returned 1 comments
2026-06-15T20:04:16+0000 [INFO] Processing post 1u50k3g (Arctic Shift): Is soccer always this slow or are the teams I've watched jus
2026-06-15T20:04:17+0000 [WARNING]   Could not re-fetch post 1u50k3g from Arctic Shift
2026-06-15T20:04:19+0000 [INFO]   Arctic Shift returned 2 comments
2026-06-15T20:04:19+0000 [INFO] Processing post 1u50nij (Arctic Shift): BLACKPINK’s Lisa Faces Social Media Backlash Surrounding 202
2026-06-15T20:04:20+0000 [WARNING]   Could not re-fetch post 1u50nij from Arctic Shift
2026-06-15T20:04:22+0000 [INFO]   Arctic Shift returned 1 comments
2026-06-15T20:04:22+0000 [INFO] Processing post 1u50rla (Arctic Shift): Never understood why this is a thing in soccer
2026-06-15T20:04:23+0000 [WARNING]   Could not re-fetch post 1u50rla from Arctic Shift
2026-06-15T20:04:25+0000 [INFO]   Arctic Shift returned 1 comments
2026-06-15T20:04:25+0000 [INFO] Processing post 1u50sk7 (Arctic Shift): The moment Algeria stunned the Netherlands
2026-06-15T20:04:26+0000 [WARNING]   Could not re-fetch post 1u50sk7 from Arctic Shift
2026-06-15T20:04:28+0000 [INFO]   Arctic Shift returned 1 comments
2026-06-15T20:04:28+0000 [INFO] Processing post 1u50vtk (Arctic Shift): FIFA reportedly tells Egypt to drop AFCON stars from World C
2026-06-15T20:04:29+0000 [WARNING]   Could not re-fetch post 1u50vtk from Arctic Shift
2026-06-15T20:04:33+0000 [INFO]   Arctic Shift returned 286 comments
2026-06-15T20:04:33+0000 [INFO] Processing post 1u50yv9 (Arctic Shift): Empty seats at WC?
2026-06-15T20:04:34+0000 [WARNING]   Could not re-fetch post 1u50yv9 from Arctic Shift
2026-06-15T20:04:36+0000 [INFO]   Arctic Shift returned 1 comments
2026-06-15T20:04:36+0000 [INFO] Processing post 1u50y33 (Arctic Shift): World Cup 2026 is going to be massive — three host countries
2026-06-15T20:04:37+0000 [WARNING]   Could not re-fetch post 1u50y33 from Arctic Shift
2026-06-15T20:04:39+0000 [INFO]   Arctic Shift returned 2 comments
2026-06-15T20:04:39+0000 [INFO] Processing post 1u50y2e (Arctic Shift): Attendance at the start of the half time QAT-SUI
2026-06-15T20:04:40+0000 [WARNING]   Could not re-fetch post 1u50y2e from Arctic Shift
2026-06-15T20:04:42+0000 [INFO]   Arctic Shift returned 1 comments
2026-06-15T20:04:42+0000 [INFO] Processing post 1u50w0d (Arctic Shift): Never Understood Why This Is A Thing In Soccer
2026-06-15T20:04:43+0000 [WARNING]   Could not re-fetch post 1u50w0d from Arctic Shift
2026-06-15T20:04:44+0000 [INFO]   Arctic Shift returned 0 comments
2026-06-15T20:04:44+0000 [INFO] Processing post 1u5140s (Arctic Shift): Awkward to say the least.
2026-06-15T20:04:45+0000 [WARNING]   Could not re-fetch post 1u5140s from Arctic Shift
2026-06-15T20:04:47+0000 [INFO]   Arctic Shift returned 1 comments
2026-06-15T20:04:47+0000 [INFO] Processing post 1u514sz (Arctic Shift): BRAZIL VS MOROCCO | WORLD CUP 2026 | GROUP STAGE - REALISTIC
2026-06-15T20:04:48+0000 [WARNING]   Could not re-fetch post 1u514sz from Arctic Shift
2026-06-15T20:04:50+0000 [INFO]   Arctic Shift returned 6 comments
2026-06-15T20:04:50+0000 [INFO] Processing post 1u514u3 (Arctic Shift): Slovan Bratislava appoint Yaya Touré as head coach
2026-06-15T20:04:51+0000 [WARNING]   Could not re-fetch post 1u514u3 from Arctic Shift
2026-06-15T20:04:53+0000 [INFO]   Arctic Shift returned 13 comments
2026-06-15T20:04:53+0000 [INFO] Processing post 1u517i0 (Arctic Shift): [Romano] Shakhtar Donetsk have agreed €9m deal to sign 18 ye
2026-06-15T20:04:54+0000 [WARNING]   Could not re-fetch post 1u517i0 from Arctic Shift
2026-06-15T20:04:56+0000 [INFO]   Arctic Shift returned 19 comments
2026-06-15T20:04:56+0000 [INFO] Processing post 1u5171e (Arctic Shift): Has anyone ever seen Akanji make a good pass?
2026-06-15T20:04:57+0000 [WARNING]   Could not re-fetch post 1u5171e from Arctic Shift
2026-06-15T20:04:59+0000 [INFO]   Arctic Shift returned 1 comments
2026-06-15T20:04:59+0000 [INFO] Processing post 1u517ci (Arctic Shift): Badly-given corners - FIFA WC 2026
2026-06-15T20:05:00+0000 [WARNING]   Could not re-fetch post 1u517ci from Arctic Shift
2026-06-15T20:05:02+0000 [INFO]   Arctic Shift returned 1 comments
2026-06-15T20:05:02+0000 [INFO] Processing post 1u51aho (Arctic Shift): Correct pronunciation of the names of Germany team players f
2026-06-15T20:05:03+0000 [WARNING]   Could not re-fetch post 1u51aho from Arctic Shift
2026-06-15T20:05:06+0000 [INFO]   Arctic Shift returned 194 comments
2026-06-15T20:05:06+0000 [INFO] Processing post 1u519hf (Arctic Shift): Correct pronunciation of the names of the Netherlands team p
2026-06-15T20:05:07+0000 [WARNING]   Could not re-fetch post 1u519hf from Arctic Shift
2026-06-15T20:05:09+0000 [INFO]   Arctic Shift returned 1 comments
2026-06-15T20:05:09+0000 [INFO] Processing post 1u518rg (Arctic Shift): The Scottish have taken over Boston harbour, full pints at 1
2026-06-15T20:05:10+0000 [WARNING]   Could not re-fetch post 1u518rg from Arctic Shift
2026-06-15T20:05:14+0000 [INFO]   Arctic Shift returned 216 comments
2026-06-15T20:05:14+0000 [INFO] Processing post 1u51ay4 (Arctic Shift): [Florian Plettenberg] Internal decision from Paris Saint-Ger
2026-06-15T20:05:15+0000 [WARNING]   Could not re-fetch post 1u51ay4 from Arctic Shift
2026-06-15T20:05:17+0000 [INFO]   Arctic Shift returned 1 comments
2026-06-15T20:05:17+0000 [INFO] Processing post 1u51ckz (Arctic Shift): World Cup Discussion
2026-06-15T20:05:18+0000 [WARNING]   Could not re-fetch post 1u51ckz from Arctic Shift
2026-06-15T20:05:20+0000 [INFO]   Arctic Shift returned 1 comments
2026-06-15T20:05:20+0000 [INFO] Processing post 1u51e0r (Arctic Shift): [Florian Plettenberg] Internal decision from Paris Saint-Ger
2026-06-15T20:05:21+0000 [WARNING]   Could not re-fetch post 1u51e0r from Arctic Shift
2026-06-15T20:05:23+0000 [INFO]   Arctic Shift returned 6 comments
2026-06-15T20:05:23+0000 [INFO] Processing post 1u51jxe (Arctic Shift): [dschteingart IG] The 21 Club: how many years since 1930 has
2026-06-15T20:05:24+0000 [WARNING]   Could not re-fetch post 1u51jxe from Arctic Shift
2026-06-15T20:05:26+0000 [INFO]   Arctic Shift returned 67 comments
2026-06-15T20:05:26+0000 [INFO] Processing post 1u51lba (Arctic Shift): These hydration break commercials are pissing me off
2026-06-15T20:05:27+0000 [WARNING]   Could not re-fetch post 1u51lba from Arctic Shift
2026-06-15T20:05:29+0000 [INFO]   Arctic Shift returned 1 comments
2026-06-15T20:05:29+0000 [INFO] Processing post 1u51kql (Arctic Shift): Fans do the wave at San Francisco Bay Area Stadium for Qatar
2026-06-15T20:05:30+0000 [WARNING]   Could not re-fetch post 1u51kql from Arctic Shift
2026-06-15T20:05:32+0000 [INFO]   Arctic Shift returned 1 comments
2026-06-15T20:05:32+0000 [INFO] Processing post 1u51oii (Arctic Shift): Connections: Soccer Edition
2026-06-15T20:05:33+0000 [WARNING]   Could not re-fetch post 1u51oii from Arctic Shift
2026-06-15T20:05:35+0000 [INFO]   Arctic Shift returned 1 comments
2026-06-15T20:05:35+0000 [INFO] Processing post 1u51qes (Arctic Shift): I’m currently watching the “Switzerland” vs “Qatar” game and
2026-06-15T20:05:36+0000 [WARNING]   Could not re-fetch post 1u51qes from Arctic Shift
2026-06-15T20:05:38+0000 [INFO]   Arctic Shift returned 2 comments
2026-06-15T20:05:38+0000 [INFO] Processing post 1u51qhf (Arctic Shift): Alternate angles of a plane flying across the pitch during Q
2026-06-15T20:05:39+0000 [WARNING]   Could not re-fetch post 1u51qhf from Arctic Shift
2026-06-15T20:05:41+0000 [INFO]   Arctic Shift returned 1 comments
2026-06-15T20:05:41+0000 [INFO] Processing post 1u51swi (Arctic Shift): Brazil or morocco
2026-06-15T20:05:42+0000 [WARNING]   Could not re-fetch post 1u51swi from Arctic Shift
2026-06-15T20:05:44+0000 [INFO]   Arctic Shift returned 1 comments
2026-06-15T20:05:44+0000 [INFO] Processing post 1u51scu (Arctic Shift): [Fabrizio Romano] Álvaro Arbeloa, on the verge of becoming n
2026-06-15T20:05:45+0000 [WARNING]   Could not re-fetch post 1u51scu from Arctic Shift
2026-06-15T20:05:47+0000 [INFO]   Arctic Shift returned 24 comments
2026-06-15T20:05:47+0000 [INFO] Processing post 1u51u4l (Arctic Shift): The World Cup is HERE , Legends Last Dance & A New Era Begin
2026-06-15T20:05:48+0000 [WARNING]   Could not re-fetch post 1u51u4l from Arctic Shift
2026-06-15T20:05:50+0000 [INFO]   Arctic Shift returned 2 comments
2026-06-15T20:05:50+0000 [INFO] Harvester complete (arctic_shift+rss). 32 posts processed, 0 failed, 886 total comments collected.
2026-06-15T20:09:50+0000 [INFO] Harvester starting. Target time: 2026-06-13T20:09:50.024222+00:00. Mode: arctic_shift+rss
2026-06-15T20:09:50+0000 [INFO] No pending posts for target time 2026-06-13T20. Nothing to do.
2026-06-15T20:13:50+0000 [INFO] Harvester starting. Target time: 2026-06-13T20:13:50.118127+00:00. Mode: arctic_shift+rss
2026-06-15T20:13:50+0000 [INFO] No pending posts for target time 2026-06-13T20. Nothing to do.
2026-06-15T20:18:58+0000 [INFO] Harvester starting. Target time: 2026-06-13T20:18:58.765766+00:00. Mode: arctic_shift+rss
2026-06-15T20:18:58+0000 [INFO] No pending posts for target time 2026-06-13T20. Nothing to do.
2026-06-15T20:23:59+0000 [INFO] Harvester starting. Target time: 2026-06-13T20:23:59.537935+00:00. Mode: arctic_shift+rss
2026-06-15T20:23:59+0000 [INFO] No pending posts for target time 2026-06-13T20. Nothing to do.
2026-06-15T20:29:14+0000 [INFO] Harvester starting. Target time: 2026-06-13T20:29:14.401909+00:00. Mode: arctic_shift+rss
2026-06-15T20:29:14+0000 [INFO] No pending posts for target time 2026-06-13T20. Nothing to do.
2026-06-15T20:35:44+0000 [INFO] Harvester starting. Target time: 2026-06-13T20:35:44.180543+00:00. Mode: arctic_shift+rss
2026-06-15T20:35:44+0000 [INFO] No pending posts for target time 2026-06-13T20. Nothing to do.
2026-06-15T20:39:05+0000 [INFO] Harvester starting. Target time: 2026-06-13T20:39:05.927299+00:00. Mode: arctic_shift+rss
2026-06-15T20:39:05+0000 [INFO] No pending posts for target time 2026-06-13T20. Nothing to do.
2026-06-15T20:44:11+0000 [INFO] Harvester starting. Target time: 2026-06-13T20:44:11.333190+00:00. Mode: arctic_shift+rss
2026-06-15T20:44:11+0000 [INFO] No pending posts for target time 2026-06-13T20. Nothing to do.
2026-06-15T20:54:10+0000 [INFO] Harvester starting. Target time: 2026-06-13T20:54:10.278055+00:00. Mode: arctic_shift+rss
2026-06-15T20:54:10+0000 [INFO] No pending posts for target time 2026-06-13T20. Nothing to do.
