2026-06-21T03:07:12+0000 [INFO] Scanner starting. Batch: 2026-06-21T03:07
2026-06-21T03:07:12+0000 [INFO] Running in dual-source mode (Arctic Shift + RSS)
2026-06-21T03:07:14+0000 [INFO] Arctic Shift returned 1 posts
2026-06-21T03:07:15+0000 [INFO] RSS returned 100 posts
2026-06-21T03:07:15+0000 [INFO] Scanner complete (Arctic Shift+RSS). 1 new posts collected, 0 media downloaded, 1 links verified.
2026-06-21T03:21:53+0000 [INFO] Scanner starting. Batch: 2026-06-21T03:21
2026-06-21T03:21:53+0000 [INFO] Running in dual-source mode (Arctic Shift + RSS)
2026-06-21T03:21:54+0000 [INFO] Arctic Shift returned 1 posts
2026-06-21T03:21:55+0000 [INFO] RSS returned 100 posts
2026-06-21T03:21:55+0000 [INFO] Scanner complete (Arctic Shift+RSS). 1 new posts collected, 0 media downloaded, 0 links verified.
2026-06-21T03:34:20+0000 [INFO] Scanner starting. Batch: 2026-06-21T03:34
2026-06-21T03:34:20+0000 [INFO] Running in dual-source mode (Arctic Shift + RSS)
2026-06-21T03:34:21+0000 [INFO] Arctic Shift returned 3 posts
2026-06-21T03:34:22+0000 [INFO] RSS returned 100 posts
2026-06-21T03:34:24+0000 [INFO] Scanner complete (Arctic Shift+RSS). 3 new posts collected, 0 media downloaded, 1 links verified.
2026-06-21T03:44:21+0000 [INFO] Scanner starting. Batch: 2026-06-21T03:44
2026-06-21T03:44:21+0000 [INFO] Running in dual-source mode (Arctic Shift + RSS)
2026-06-21T03:44:22+0000 [INFO] Arctic Shift returned 1 posts
2026-06-21T03:44:23+0000 [INFO] RSS returned 100 posts
2026-06-21T03:44:23+0000 [INFO] Scanner complete (Arctic Shift+RSS). 1 new posts collected, 0 media downloaded, 0 links verified.
