2026-06-17T03:09:02+0000 [INFO] Scanner starting. Batch: 2026-06-17T03:09
2026-06-17T03:09:02+0000 [INFO] Running in dual-source mode (Arctic Shift + RSS)
2026-06-17T03:09:04+0000 [INFO] Arctic Shift returned 7 posts
2026-06-17T03:09:04+0000 [INFO] RSS returned 100 posts
2026-06-17T03:09:05+0000 [INFO] Scanner complete (Arctic Shift+RSS). 9 new posts collected, 6 media downloaded, 1 links verified.
2026-06-17T03:28:39+0000 [INFO] Scanner starting. Batch: 2026-06-17T03:28
2026-06-17T03:28:39+0000 [INFO] Running in dual-source mode (Arctic Shift + RSS)
2026-06-17T03:28:41+0000 [INFO] Arctic Shift returned 6 posts
2026-06-17T03:28:41+0000 [INFO] RSS returned 100 posts
2026-06-17T03:28:42+0000 [INFO] Scanner complete (Arctic Shift+RSS). 12 new posts collected, 13 media downloaded, 6 links verified.
2026-06-17T03:34:02+0000 [INFO] Scanner starting. Batch: 2026-06-17T03:34
2026-06-17T03:34:02+0000 [INFO] Running in dual-source mode (Arctic Shift + RSS)
2026-06-17T03:34:04+0000 [INFO] Arctic Shift returned 7 posts
2026-06-17T03:34:05+0000 [INFO] RSS returned 100 posts
2026-06-17T03:34:07+0000 [INFO] Scanner complete (Arctic Shift+RSS). 6 new posts collected, 4 media downloaded, 1 links verified.
2026-06-17T03:38:46+0000 [INFO] Scanner starting. Batch: 2026-06-17T03:38
2026-06-17T03:38:46+0000 [INFO] Running in dual-source mode (Arctic Shift + RSS)
2026-06-17T03:38:47+0000 [INFO] Arctic Shift returned 4 posts
2026-06-17T03:38:48+0000 [INFO] RSS returned 100 posts
2026-06-17T03:38:48+0000 [INFO] Scanner complete (Arctic Shift+RSS). 3 new posts collected, 2 media downloaded, 0 links verified.
2026-06-17T03:44:14+0000 [INFO] Scanner starting. Batch: 2026-06-17T03:44
2026-06-17T03:44:14+0000 [INFO] Running in dual-source mode (Arctic Shift + RSS)
2026-06-17T03:44:16+0000 [INFO] Arctic Shift returned 5 posts
2026-06-17T03:44:17+0000 [INFO] RSS returned 100 posts
2026-06-17T03:44:18+0000 [INFO] Scanner complete (Arctic Shift+RSS). 5 new posts collected, 8 media downloaded, 1 links verified.
2026-06-17T03:48:41+0000 [INFO] Scanner starting. Batch: 2026-06-17T03:48
2026-06-17T03:48:41+0000 [INFO] Running in dual-source mode (Arctic Shift + RSS)
2026-06-17T03:48:42+0000 [INFO] Arctic Shift returned 7 posts
2026-06-17T03:48:43+0000 [INFO] RSS returned 100 posts
2026-06-17T03:48:44+0000 [INFO] Scanner complete (Arctic Shift+RSS). 3 new posts collected, 2 media downloaded, 0 links verified.
2026-06-17T03:59:19+0000 [INFO] Scanner starting. Batch: 2026-06-17T03:59
2026-06-17T03:59:19+0000 [INFO] Running in dual-source mode (Arctic Shift + RSS)
2026-06-17T03:59:20+0000 [INFO] Arctic Shift returned 0 posts
2026-06-17T03:59:21+0000 [INFO] RSS returned 100 posts
2026-06-17T03:59:21+0000 [INFO] Scanner complete (Arctic Shift+RSS). 0 new posts collected, 0 media downloaded, 0 links verified.
