2026-06-16T23:04:25+0000 [INFO] Scanner starting. Batch: 2026-06-16T23:04
2026-06-16T23:04:25+0000 [INFO] Running in dual-source mode (Arctic Shift + RSS)
2026-06-16T23:04:30+0000 [INFO] Arctic Shift returned 3 posts
2026-06-16T23:04:32+0000 [INFO] RSS returned 100 posts
2026-06-16T23:04:33+0000 [INFO] Scanner complete (Arctic Shift+RSS). 3 new posts collected, 0 media downloaded, 1 links verified.
2026-06-16T23:08:56+0000 [INFO] Scanner starting. Batch: 2026-06-16T23:08
2026-06-16T23:08:56+0000 [INFO] Running in dual-source mode (Arctic Shift + RSS)
2026-06-16T23:08:58+0000 [INFO] Arctic Shift returned 3 posts
2026-06-16T23:08:58+0000 [INFO] RSS returned 100 posts
2026-06-16T23:08:59+0000 [INFO] Scanner complete (Arctic Shift+RSS). 2 new posts collected, 0 media downloaded, 1 links verified.
2026-06-16T23:13:57+0000 [INFO] Scanner starting. Batch: 2026-06-16T23:13
2026-06-16T23:13:57+0000 [INFO] Running in dual-source mode (Arctic Shift + RSS)
2026-06-16T23:13:58+0000 [INFO] Arctic Shift returned 0 posts
2026-06-16T23:13:59+0000 [INFO] RSS returned 100 posts
2026-06-16T23:13:59+0000 [INFO] Scanner complete (Arctic Shift+RSS). 0 new posts collected, 0 media downloaded, 0 links verified.
2026-06-16T23:20:49+0000 [INFO] Scanner starting. Batch: 2026-06-16T23:20
2026-06-16T23:20:49+0000 [INFO] Running in dual-source mode (Arctic Shift + RSS)
2026-06-16T23:20:51+0000 [INFO] Arctic Shift returned 4 posts
2026-06-16T23:20:51+0000 [INFO] RSS returned 100 posts
2026-06-16T23:20:52+0000 [INFO] Scanner complete (Arctic Shift+RSS). 4 new posts collected, 2 media downloaded, 0 links verified.
2026-06-16T23:33:43+0000 [INFO] Scanner starting. Batch: 2026-06-16T23:33
2026-06-16T23:33:43+0000 [INFO] Running in dual-source mode (Arctic Shift + RSS)
2026-06-16T23:33:44+0000 [INFO] Arctic Shift returned 0 posts
2026-06-16T23:33:44+0000 [INFO] RSS returned 100 posts
2026-06-16T23:33:45+0000 [INFO] Scanner complete (Arctic Shift+RSS). 1 new posts collected, 0 media downloaded, 1 links verified.
2026-06-16T23:38:53+0000 [INFO] Scanner starting. Batch: 2026-06-16T23:38
2026-06-16T23:38:53+0000 [INFO] Running in dual-source mode (Arctic Shift + RSS)
2026-06-16T23:38:54+0000 [INFO] Arctic Shift returned 4 posts
2026-06-16T23:38:55+0000 [INFO] RSS returned 100 posts
2026-06-16T23:38:56+0000 [INFO] Scanner complete (Arctic Shift+RSS). 4 new posts collected, 3 media downloaded, 1 links verified.
2026-06-16T23:48:42+0000 [INFO] Scanner starting. Batch: 2026-06-16T23:48
2026-06-16T23:48:42+0000 [INFO] Running in dual-source mode (Arctic Shift + RSS)
2026-06-16T23:48:43+0000 [INFO] Arctic Shift returned 1 posts
2026-06-16T23:48:44+0000 [INFO] RSS returned 100 posts
2026-06-16T23:48:45+0000 [INFO] Scanner complete (Arctic Shift+RSS). 2 new posts collected, 1 media downloaded, 1 links verified.
2026-06-16T23:53:58+0000 [INFO] Scanner starting. Batch: 2026-06-16T23:53
2026-06-16T23:53:58+0000 [INFO] Running in dual-source mode (Arctic Shift + RSS)
2026-06-16T23:54:00+0000 [INFO] Arctic Shift returned 1 posts
2026-06-16T23:54:01+0000 [INFO] RSS returned 100 posts
2026-06-16T23:54:02+0000 [INFO] Scanner complete (Arctic Shift+RSS). 1 new posts collected, 1 media downloaded, 0 links verified.
2026-06-16T23:58:27+0000 [INFO] Scanner starting. Batch: 2026-06-16T23:58
2026-06-16T23:58:27+0000 [INFO] Running in dual-source mode (Arctic Shift + RSS)
2026-06-16T23:58:27+0000 [INFO] Arctic Shift returned 0 posts
2026-06-16T23:58:28+0000 [INFO] RSS returned 100 posts
2026-06-16T23:58:28+0000 [INFO] Scanner complete (Arctic Shift+RSS). 0 new posts collected, 0 media downloaded, 0 links verified.
