2026-06-19T22:04:11+0000 [INFO] Scanner starting. Batch: 2026-06-19T22:04
2026-06-19T22:04:11+0000 [INFO] Running in dual-source mode (Arctic Shift + RSS)
2026-06-19T22:04:13+0000 [INFO] Arctic Shift returned 5 posts
2026-06-19T22:04:14+0000 [INFO] RSS returned 100 posts
2026-06-19T22:04:15+0000 [INFO] Scanner complete (Arctic Shift+RSS). 5 new posts collected, 3 media downloaded, 3 links verified.
2026-06-19T22:08:59+0000 [INFO] Scanner starting. Batch: 2026-06-19T22:08
2026-06-19T22:08:59+0000 [INFO] Running in dual-source mode (Arctic Shift + RSS)
2026-06-19T22:09:00+0000 [INFO] Arctic Shift returned 5 posts
2026-06-19T22:09:01+0000 [INFO] RSS returned 100 posts
2026-06-19T22:09:02+0000 [INFO] Scanner complete (Arctic Shift+RSS). 2 new posts collected, 1 media downloaded, 0 links verified.
2026-06-19T22:18:58+0000 [INFO] Scanner starting. Batch: 2026-06-19T22:18
2026-06-19T22:18:58+0000 [INFO] Running in dual-source mode (Arctic Shift + RSS)
2026-06-19T22:18:59+0000 [INFO] Arctic Shift returned 3 posts
2026-06-19T22:19:00+0000 [INFO] RSS returned 100 posts
2026-06-19T22:19:00+0000 [INFO] Scanner complete (Arctic Shift+RSS). 4 new posts collected, 6 media downloaded, 1 links verified.
2026-06-19T22:23:56+0000 [INFO] Scanner starting. Batch: 2026-06-19T22:23
2026-06-19T22:23:56+0000 [INFO] Running in dual-source mode (Arctic Shift + RSS)
2026-06-19T22:23:58+0000 [INFO] Arctic Shift returned 4 posts
2026-06-19T22:23:59+0000 [INFO] RSS returned 100 posts
2026-06-19T22:23:59+0000 [INFO] Scanner complete (Arctic Shift+RSS). 3 new posts collected, 0 media downloaded, 0 links verified.
2026-06-19T22:34:12+0000 [INFO] Scanner starting. Batch: 2026-06-19T22:34
2026-06-19T22:34:12+0000 [INFO] Running in dual-source mode (Arctic Shift + RSS)
2026-06-19T22:34:14+0000 [INFO] Arctic Shift returned 3 posts
2026-06-19T22:34:15+0000 [INFO] RSS returned 100 posts
2026-06-19T22:34:15+0000 [INFO] Scanner complete (Arctic Shift+RSS). 3 new posts collected, 2 media downloaded, 1 links verified.
2026-06-19T22:44:07+0000 [INFO] Scanner starting. Batch: 2026-06-19T22:44
2026-06-19T22:44:07+0000 [INFO] Running in dual-source mode (Arctic Shift + RSS)
2026-06-19T22:44:08+0000 [INFO] Arctic Shift returned 3 posts
2026-06-19T22:44:09+0000 [INFO] RSS returned 100 posts
2026-06-19T22:44:09+0000 [INFO] Scanner complete (Arctic Shift+RSS). 3 new posts collected, 0 media downloaded, 1 links verified.
2026-06-19T22:53:56+0000 [INFO] Scanner starting. Batch: 2026-06-19T22:53
2026-06-19T22:53:56+0000 [INFO] Running in dual-source mode (Arctic Shift + RSS)
2026-06-19T22:53:57+0000 [INFO] Arctic Shift returned 5 posts
2026-06-19T22:53:58+0000 [INFO] RSS returned 100 posts
2026-06-19T22:53:59+0000 [INFO] Scanner complete (Arctic Shift+RSS). 7 new posts collected, 0 media downloaded, 5 links verified.
