2026-06-13T21:02:10+0000 [INFO] Scanner starting. Batch: 2026-06-13T21:02
2026-06-13T21:02:10+0000 [INFO] Running in dual-source mode (Arctic Shift + RSS)
2026-06-13T21:02:12+0000 [INFO] Arctic Shift returned 2 posts
2026-06-13T21:02:13+0000 [INFO] RSS returned 100 posts
2026-06-13T21:02:14+0000 [INFO] Scanner complete (Arctic Shift+RSS). 2 new posts collected, 1 media downloaded, 1 links verified.
2026-06-13T21:06:55+0000 [INFO] Scanner starting. Batch: 2026-06-13T21:06
2026-06-13T21:06:55+0000 [INFO] Running in dual-source mode (Arctic Shift + RSS)
2026-06-13T21:06:56+0000 [INFO] Arctic Shift returned 10 posts
2026-06-13T21:06:57+0000 [INFO] RSS returned 100 posts
2026-06-13T21:06:59+0000 [INFO] Scanner complete (Arctic Shift+RSS). 8 new posts collected, 4 media downloaded, 3 links verified.
2026-06-13T21:12:10+0000 [INFO] Scanner starting. Batch: 2026-06-13T21:12
2026-06-13T21:12:10+0000 [INFO] Running in dual-source mode (Arctic Shift + RSS)
2026-06-13T21:12:12+0000 [INFO] Arctic Shift returned 9 posts
2026-06-13T21:12:13+0000 [INFO] RSS returned 100 posts
2026-06-13T21:12:15+0000 [INFO] Scanner complete (Arctic Shift+RSS). 6 new posts collected, 6 media downloaded, 1 links verified.
2026-06-13T21:17:07+0000 [INFO] Scanner starting. Batch: 2026-06-13T21:17
2026-06-13T21:17:07+0000 [INFO] Running in dual-source mode (Arctic Shift + RSS)
2026-06-13T21:17:08+0000 [INFO] Arctic Shift returned 4 posts
2026-06-13T21:17:09+0000 [INFO] RSS returned 100 posts
2026-06-13T21:17:09+0000 [INFO] Scanner complete (Arctic Shift+RSS). 2 new posts collected, 1 media downloaded, 1 links verified.
2026-06-13T21:22:02+0000 [INFO] Scanner starting. Batch: 2026-06-13T21:22
2026-06-13T21:22:02+0000 [INFO] Running in dual-source mode (Arctic Shift + RSS)
2026-06-13T21:22:03+0000 [INFO] Arctic Shift returned 4 posts
2026-06-13T21:22:04+0000 [INFO] RSS returned 100 posts
2026-06-13T21:22:05+0000 [INFO] Scanner complete (Arctic Shift+RSS). 3 new posts collected, 1 media downloaded, 1 links verified.
2026-06-13T21:27:21+0000 [INFO] Scanner starting. Batch: 2026-06-13T21:27
2026-06-13T21:27:21+0000 [INFO] Running in dual-source mode (Arctic Shift + RSS)
2026-06-13T21:27:23+0000 [INFO] Arctic Shift returned 6 posts
2026-06-13T21:27:24+0000 [INFO] RSS returned 100 posts
2026-06-13T21:27:25+0000 [INFO] Scanner complete (Arctic Shift+RSS). 5 new posts collected, 0 media downloaded, 2 links verified.
2026-06-13T21:33:38+0000 [INFO] Scanner starting. Batch: 2026-06-13T21:33
2026-06-13T21:33:38+0000 [INFO] Running in dual-source mode (Arctic Shift + RSS)
2026-06-13T21:33:40+0000 [INFO] Arctic Shift returned 3 posts
2026-06-13T21:33:41+0000 [INFO] RSS returned 100 posts
2026-06-13T21:33:42+0000 [INFO] Scanner complete (Arctic Shift+RSS). 3 new posts collected, 2 media downloaded, 1 links verified.
2026-06-13T21:36:58+0000 [INFO] Scanner starting. Batch: 2026-06-13T21:36
2026-06-13T21:36:58+0000 [INFO] Running in dual-source mode (Arctic Shift + RSS)
2026-06-13T21:37:00+0000 [INFO] Arctic Shift returned 3 posts
2026-06-13T21:37:01+0000 [INFO] RSS returned 100 posts
2026-06-13T21:37:01+0000 [INFO] Scanner complete (Arctic Shift+RSS). 1 new posts collected, 0 media downloaded, 1 links verified.
2026-06-13T21:42:03+0000 [INFO] Scanner starting. Batch: 2026-06-13T21:42
2026-06-13T21:42:03+0000 [INFO] Running in dual-source mode (Arctic Shift + RSS)
2026-06-13T21:42:09+0000 [INFO] Arctic Shift returned 3 posts
2026-06-13T21:42:10+0000 [INFO] RSS returned 100 posts
2026-06-13T21:42:11+0000 [INFO] Scanner complete (Arctic Shift+RSS). 2 new posts collected, 2 media downloaded, 1 links verified.
2026-06-13T21:47:09+0000 [INFO] Scanner starting. Batch: 2026-06-13T21:47
2026-06-13T21:47:09+0000 [INFO] Running in dual-source mode (Arctic Shift + RSS)
2026-06-13T21:47:11+0000 [INFO] Arctic Shift returned 2 posts
2026-06-13T21:47:12+0000 [INFO] RSS returned 100 posts
2026-06-13T21:47:12+0000 [INFO] Scanner complete (Arctic Shift+RSS). 1 new posts collected, 2 media downloaded, 0 links verified.
2026-06-13T21:52:18+0000 [INFO] Scanner starting. Batch: 2026-06-13T21:52
2026-06-13T21:52:18+0000 [INFO] Running in dual-source mode (Arctic Shift + RSS)
2026-06-13T21:52:20+0000 [INFO] Arctic Shift returned 2 posts
2026-06-13T21:52:21+0000 [INFO] RSS returned 100 posts
2026-06-13T21:52:24+0000 [INFO] Scanner complete (Arctic Shift+RSS). 2 new posts collected, 2 media downloaded, 0 links verified.
2026-06-13T21:57:12+0000 [INFO] Scanner starting. Batch: 2026-06-13T21:57
2026-06-13T21:57:12+0000 [INFO] Running in dual-source mode (Arctic Shift + RSS)
2026-06-13T21:57:13+0000 [INFO] Arctic Shift returned 2 posts
2026-06-13T21:57:14+0000 [INFO] RSS returned 100 posts
2026-06-13T21:57:14+0000 [INFO] Scanner complete (Arctic Shift+RSS). 1 new posts collected, 1 media downloaded, 1 links verified.
