2026-06-14T21:02:29+0000 [INFO] Scanner starting. Batch: 2026-06-14T21:02
2026-06-14T21:02:29+0000 [INFO] Running in dual-source mode (Arctic Shift + RSS)
2026-06-14T21:02:30+0000 [INFO] Arctic Shift returned 6 posts
2026-06-14T21:02:32+0000 [INFO] RSS returned 100 posts
2026-06-14T21:02:32+0000 [INFO] Scanner complete (Arctic Shift+RSS). 5 new posts collected, 0 media downloaded, 0 links verified.
2026-06-14T21:07:37+0000 [INFO] Scanner starting. Batch: 2026-06-14T21:07
2026-06-14T21:07:37+0000 [INFO] Running in dual-source mode (Arctic Shift + RSS)
2026-06-14T21:07:38+0000 [INFO] Arctic Shift returned 5 posts
2026-06-14T21:07:39+0000 [INFO] RSS returned 100 posts
2026-06-14T21:07:40+0000 [INFO] Scanner complete (Arctic Shift+RSS). 4 new posts collected, 2 media downloaded, 0 links verified.
2026-06-14T21:12:24+0000 [INFO] Scanner starting. Batch: 2026-06-14T21:12
2026-06-14T21:12:24+0000 [INFO] Running in dual-source mode (Arctic Shift + RSS)
2026-06-14T21:12:26+0000 [INFO] Arctic Shift returned 8 posts
2026-06-14T21:12:27+0000 [INFO] RSS returned 100 posts
2026-06-14T21:12:27+0000 [INFO] Scanner complete (Arctic Shift+RSS). 5 new posts collected, 0 media downloaded, 3 links verified.
2026-06-14T21:17:28+0000 [INFO] Scanner starting. Batch: 2026-06-14T21:17
2026-06-14T21:17:28+0000 [INFO] Running in dual-source mode (Arctic Shift + RSS)
2026-06-14T21:17:29+0000 [INFO] Arctic Shift returned 3 posts
2026-06-14T21:17:30+0000 [INFO] RSS returned 100 posts
2026-06-14T21:17:31+0000 [INFO] Scanner complete (Arctic Shift+RSS). 3 new posts collected, 2 media downloaded, 2 links verified.
2026-06-14T21:22:33+0000 [INFO] Scanner starting. Batch: 2026-06-14T21:22
2026-06-14T21:22:33+0000 [INFO] Running in dual-source mode (Arctic Shift + RSS)
2026-06-14T21:22:35+0000 [INFO] Arctic Shift returned 3 posts
2026-06-14T21:22:35+0000 [INFO] RSS returned 100 posts
2026-06-14T21:22:36+0000 [INFO] Scanner complete (Arctic Shift+RSS). 2 new posts collected, 1 media downloaded, 1 links verified.
2026-06-14T21:27:19+0000 [INFO] Scanner starting. Batch: 2026-06-14T21:27
2026-06-14T21:27:19+0000 [INFO] Running in dual-source mode (Arctic Shift + RSS)
2026-06-14T21:27:20+0000 [INFO] Arctic Shift returned 5 posts
2026-06-14T21:27:22+0000 [INFO] RSS returned 100 posts
2026-06-14T21:27:22+0000 [INFO] Scanner complete (Arctic Shift+RSS). 4 new posts collected, 1 media downloaded, 1 links verified.
2026-06-14T21:32:27+0000 [INFO] Scanner starting. Batch: 2026-06-14T21:32
2026-06-14T21:32:27+0000 [INFO] Running in dual-source mode (Arctic Shift + RSS)
2026-06-14T21:32:28+0000 [INFO] Arctic Shift returned 3 posts
2026-06-14T21:32:29+0000 [INFO] RSS returned 100 posts
2026-06-14T21:32:29+0000 [INFO] Scanner complete (Arctic Shift+RSS). 4 new posts collected, 3 media downloaded, 2 links verified.
2026-06-14T21:37:22+0000 [INFO] Scanner starting. Batch: 2026-06-14T21:37
2026-06-14T21:37:22+0000 [INFO] Running in dual-source mode (Arctic Shift + RSS)
2026-06-14T21:37:23+0000 [INFO] Arctic Shift returned 4 posts
2026-06-14T21:37:24+0000 [INFO] RSS returned 100 posts
2026-06-14T21:37:25+0000 [INFO] Scanner complete (Arctic Shift+RSS). 2 new posts collected, 0 media downloaded, 2 links verified.
2026-06-14T21:42:30+0000 [INFO] Scanner starting. Batch: 2026-06-14T21:42
2026-06-14T21:42:30+0000 [INFO] Running in dual-source mode (Arctic Shift + RSS)
2026-06-14T21:42:32+0000 [INFO] Arctic Shift returned 5 posts
2026-06-14T21:42:33+0000 [INFO] RSS returned 100 posts
2026-06-14T21:42:34+0000 [INFO] Scanner complete (Arctic Shift+RSS). 5 new posts collected, 2 media downloaded, 1 links verified.
2026-06-14T21:47:39+0000 [INFO] Scanner starting. Batch: 2026-06-14T21:47
2026-06-14T21:47:39+0000 [INFO] Running in dual-source mode (Arctic Shift + RSS)
2026-06-14T21:47:40+0000 [INFO] Arctic Shift returned 2 posts
2026-06-14T21:47:41+0000 [INFO] RSS returned 100 posts
2026-06-14T21:47:42+0000 [INFO] Scanner complete (Arctic Shift+RSS). 2 new posts collected, 1 media downloaded, 1 links verified.
2026-06-14T21:51:11+0000 [INFO] Scanner starting. Batch: 2026-06-14T21:51
2026-06-14T21:51:11+0000 [INFO] Running in dual-source mode (Arctic Shift + RSS)
2026-06-14T21:51:13+0000 [INFO] Arctic Shift returned 3 posts
2026-06-14T21:51:13+0000 [INFO] RSS returned 100 posts
2026-06-14T21:51:14+0000 [INFO] Scanner complete (Arctic Shift+RSS). 1 new posts collected, 0 media downloaded, 1 links verified.
2026-06-14T21:56:21+0000 [INFO] Scanner starting. Batch: 2026-06-14T21:56
2026-06-14T21:56:21+0000 [INFO] Running in dual-source mode (Arctic Shift + RSS)
2026-06-14T21:56:21+0000 [INFO] Arctic Shift returned 0 posts
2026-06-14T21:56:22+0000 [INFO] RSS returned 100 posts
2026-06-14T21:56:22+0000 [INFO] Scanner complete (Arctic Shift+RSS). 0 new posts collected, 0 media downloaded, 0 links verified.
