2026-06-19T13:04:01+0000 [INFO] Scanner starting. Batch: 2026-06-19T13:04
2026-06-19T13:04:01+0000 [INFO] Running in dual-source mode (Arctic Shift + RSS)
2026-06-19T13:04:02+0000 [INFO] Arctic Shift returned 5 posts
2026-06-19T13:04:04+0000 [INFO] RSS returned 100 posts
2026-06-19T13:04:05+0000 [INFO] Scanner complete (Arctic Shift+RSS). 5 new posts collected, 0 media downloaded, 3 links verified.
2026-06-19T13:09:07+0000 [INFO] Scanner starting. Batch: 2026-06-19T13:09
2026-06-19T13:09:07+0000 [INFO] Running in dual-source mode (Arctic Shift + RSS)
2026-06-19T13:09:08+0000 [INFO] Arctic Shift returned 2 posts
2026-06-19T13:09:09+0000 [INFO] RSS returned 100 posts
2026-06-19T13:09:09+0000 [INFO] Scanner complete (Arctic Shift+RSS). 0 new posts collected, 0 media downloaded, 0 links verified.
2026-06-19T13:13:47+0000 [INFO] Scanner starting. Batch: 2026-06-19T13:13
2026-06-19T13:13:47+0000 [INFO] Running in dual-source mode (Arctic Shift + RSS)
2026-06-19T13:13:49+0000 [INFO] Arctic Shift returned 3 posts
2026-06-19T13:13:50+0000 [INFO] RSS returned 100 posts
2026-06-19T13:13:50+0000 [INFO] Scanner complete (Arctic Shift+RSS). 3 new posts collected, 1 media downloaded, 0 links verified.
2026-06-19T13:24:03+0000 [INFO] Scanner starting. Batch: 2026-06-19T13:24
2026-06-19T13:24:03+0000 [INFO] Running in dual-source mode (Arctic Shift + RSS)
2026-06-19T13:24:04+0000 [INFO] Arctic Shift returned 0 posts
2026-06-19T13:24:06+0000 [INFO] RSS returned 100 posts
2026-06-19T13:24:06+0000 [INFO] Scanner complete (Arctic Shift+RSS). 0 new posts collected, 0 media downloaded, 0 links verified.
2026-06-19T13:33:49+0000 [INFO] Scanner starting. Batch: 2026-06-19T13:33
2026-06-19T13:33:49+0000 [INFO] Running in dual-source mode (Arctic Shift + RSS)
2026-06-19T13:33:50+0000 [INFO] Arctic Shift returned 2 posts
2026-06-19T13:33:51+0000 [INFO] RSS returned 100 posts
2026-06-19T13:33:52+0000 [INFO] Scanner complete (Arctic Shift+RSS). 2 new posts collected, 2 media downloaded, 1 links verified.
2026-06-19T13:38:43+0000 [INFO] Scanner starting. Batch: 2026-06-19T13:38
2026-06-19T13:38:43+0000 [INFO] Running in dual-source mode (Arctic Shift + RSS)
2026-06-19T13:38:44+0000 [INFO] Arctic Shift returned 0 posts
2026-06-19T13:38:45+0000 [INFO] RSS returned 100 posts
2026-06-19T13:38:45+0000 [INFO] Scanner complete (Arctic Shift+RSS). 0 new posts collected, 0 media downloaded, 0 links verified.
2026-06-19T13:44:02+0000 [INFO] Scanner starting. Batch: 2026-06-19T13:44
2026-06-19T13:44:02+0000 [INFO] Running in dual-source mode (Arctic Shift + RSS)
2026-06-19T13:44:03+0000 [INFO] Arctic Shift returned 2 posts
2026-06-19T13:44:03+0000 [INFO] RSS returned 0 posts
2026-06-19T13:44:04+0000 [INFO] Scanner complete (Arctic Shift+RSS). 2 new posts collected, 1 media downloaded, 0 links verified.
2026-06-19T13:54:03+0000 [INFO] Scanner starting. Batch: 2026-06-19T13:54
2026-06-19T13:54:03+0000 [INFO] Running in dual-source mode (Arctic Shift + RSS)
2026-06-19T13:54:05+0000 [INFO] Arctic Shift returned 4 posts
2026-06-19T13:54:06+0000 [INFO] RSS returned 100 posts
2026-06-19T13:54:08+0000 [INFO] Scanner complete (Arctic Shift+RSS). 5 new posts collected, 2 media downloaded, 4 links verified.
