2026-06-17T07:18:52+0000 [INFO] Scanner starting. Batch: 2026-06-17T07:18
2026-06-17T07:18:52+0000 [INFO] Running in dual-source mode (Arctic Shift + RSS)
2026-06-17T07:18:54+0000 [INFO] Arctic Shift returned 1 posts
2026-06-17T07:18:55+0000 [INFO] RSS returned 100 posts
2026-06-17T07:18:55+0000 [INFO] Scanner complete (Arctic Shift+RSS). 2 new posts collected, 0 media downloaded, 2 links verified.
2026-06-17T07:34:21+0000 [INFO] Scanner starting. Batch: 2026-06-17T07:34
2026-06-17T07:34:21+0000 [INFO] Running in dual-source mode (Arctic Shift + RSS)
2026-06-17T07:34:22+0000 [INFO] Arctic Shift returned 2 posts
2026-06-17T07:34:24+0000 [INFO] RSS returned 100 posts
2026-06-17T07:34:24+0000 [INFO] Scanner complete (Arctic Shift+RSS). 3 new posts collected, 0 media downloaded, 2 links verified.
2026-06-17T07:44:25+0000 [INFO] Scanner starting. Batch: 2026-06-17T07:44
2026-06-17T07:44:25+0000 [INFO] Running in dual-source mode (Arctic Shift + RSS)
2026-06-17T07:44:26+0000 [INFO] Arctic Shift returned 3 posts
2026-06-17T07:44:27+0000 [INFO] RSS returned 100 posts
2026-06-17T07:44:29+0000 [INFO] Scanner complete (Arctic Shift+RSS). 3 new posts collected, 0 media downloaded, 1 links verified.
2026-06-17T07:54:26+0000 [INFO] Scanner starting. Batch: 2026-06-17T07:54
2026-06-17T07:54:26+0000 [INFO] Running in dual-source mode (Arctic Shift + RSS)
2026-06-17T07:54:28+0000 [INFO] Arctic Shift returned 4 posts
2026-06-17T07:54:29+0000 [INFO] RSS returned 100 posts
2026-06-17T07:54:30+0000 [INFO] Scanner complete (Arctic Shift+RSS). 4 new posts collected, 0 media downloaded, 1 links verified.
