2026-06-14T19:02:37+0000 [INFO] Scanner starting. Batch: 2026-06-14T19:02
2026-06-14T19:02:37+0000 [INFO] Running in dual-source mode (Arctic Shift + RSS)
2026-06-14T19:02:38+0000 [INFO] Arctic Shift returned 9 posts
2026-06-14T19:02:39+0000 [INFO] RSS returned 100 posts
2026-06-14T19:02:40+0000 [INFO] Scanner complete (Arctic Shift+RSS). 5 new posts collected, 1 media downloaded, 1 links verified.
2026-06-14T19:07:19+0000 [INFO] Scanner starting. Batch: 2026-06-14T19:07
2026-06-14T19:07:19+0000 [INFO] Running in dual-source mode (Arctic Shift + RSS)
2026-06-14T19:07:20+0000 [INFO] Arctic Shift returned 13 posts
2026-06-14T19:07:21+0000 [INFO] RSS returned 100 posts
2026-06-14T19:07:22+0000 [INFO] Scanner complete (Arctic Shift+RSS). 9 new posts collected, 10 media downloaded, 1 links verified.
2026-06-14T19:12:47+0000 [INFO] Scanner starting. Batch: 2026-06-14T19:12
2026-06-14T19:12:47+0000 [INFO] Running in dual-source mode (Arctic Shift + RSS)
2026-06-14T19:12:49+0000 [INFO] Arctic Shift returned 12 posts
2026-06-14T19:12:50+0000 [INFO] RSS returned 100 posts
2026-06-14T19:12:54+0000 [INFO] Scanner complete (Arctic Shift+RSS). 9 new posts collected, 8 media downloaded, 4 links verified.
2026-06-14T19:17:29+0000 [INFO] Scanner starting. Batch: 2026-06-14T19:17
2026-06-14T19:17:29+0000 [INFO] Running in dual-source mode (Arctic Shift + RSS)
2026-06-14T19:17:31+0000 [INFO] Arctic Shift returned 7 posts
2026-06-14T19:17:32+0000 [INFO] RSS returned 100 posts
2026-06-14T19:17:33+0000 [INFO] Scanner complete (Arctic Shift+RSS). 4 new posts collected, 6 media downloaded, 0 links verified.
2026-06-14T19:22:31+0000 [INFO] Scanner starting. Batch: 2026-06-14T19:22
2026-06-14T19:22:31+0000 [INFO] Running in dual-source mode (Arctic Shift + RSS)
2026-06-14T19:22:32+0000 [INFO] Arctic Shift returned 6 posts
2026-06-14T19:22:33+0000 [INFO] RSS returned 100 posts
2026-06-14T19:22:33+0000 [INFO] Scanner complete (Arctic Shift+RSS). 3 new posts collected, 2 media downloaded, 1 links verified.
2026-06-14T19:27:32+0000 [INFO] Scanner starting. Batch: 2026-06-14T19:27
2026-06-14T19:27:32+0000 [INFO] Running in dual-source mode (Arctic Shift + RSS)
2026-06-14T19:27:32+0000 [INFO] Arctic Shift returned 0 posts
2026-06-14T19:27:33+0000 [INFO] RSS returned 100 posts
2026-06-14T19:27:33+0000 [INFO] Scanner complete (Arctic Shift+RSS). 0 new posts collected, 0 media downloaded, 0 links verified.
2026-06-14T19:32:33+0000 [INFO] Scanner starting. Batch: 2026-06-14T19:32
2026-06-14T19:32:33+0000 [INFO] Running in dual-source mode (Arctic Shift + RSS)
2026-06-14T19:32:35+0000 [INFO] Arctic Shift returned 3 posts
2026-06-14T19:32:35+0000 [INFO] RSS returned 100 posts
2026-06-14T19:32:36+0000 [INFO] Scanner complete (Arctic Shift+RSS). 3 new posts collected, 2 media downloaded, 1 links verified.
2026-06-14T19:37:13+0000 [INFO] Scanner starting. Batch: 2026-06-14T19:37
2026-06-14T19:37:13+0000 [INFO] Running in dual-source mode (Arctic Shift + RSS)
2026-06-14T19:37:14+0000 [INFO] Arctic Shift returned 4 posts
2026-06-14T19:37:15+0000 [INFO] RSS returned 100 posts
2026-06-14T19:37:16+0000 [INFO] Scanner complete (Arctic Shift+RSS). 3 new posts collected, 0 media downloaded, 2 links verified.
2026-06-14T19:42:16+0000 [INFO] Scanner starting. Batch: 2026-06-14T19:42
2026-06-14T19:42:16+0000 [INFO] Running in dual-source mode (Arctic Shift + RSS)
2026-06-14T19:42:17+0000 [INFO] Arctic Shift returned 3 posts
2026-06-14T19:42:18+0000 [INFO] RSS returned 100 posts
2026-06-14T19:42:18+0000 [INFO] Scanner complete (Arctic Shift+RSS). 1 new posts collected, 0 media downloaded, 1 links verified.
2026-06-14T19:47:21+0000 [INFO] Scanner starting. Batch: 2026-06-14T19:47
2026-06-14T19:47:21+0000 [INFO] Running in dual-source mode (Arctic Shift + RSS)
2026-06-14T19:47:23+0000 [INFO] Arctic Shift returned 1 posts
2026-06-14T19:47:23+0000 [INFO] RSS returned 100 posts
2026-06-14T19:47:23+0000 [INFO] Scanner complete (Arctic Shift+RSS). 1 new posts collected, 0 media downloaded, 1 links verified.
2026-06-14T19:52:16+0000 [INFO] Scanner starting. Batch: 2026-06-14T19:52
2026-06-14T19:52:16+0000 [INFO] Running in dual-source mode (Arctic Shift + RSS)
2026-06-14T19:52:17+0000 [INFO] Arctic Shift returned 2 posts
2026-06-14T19:52:19+0000 [INFO] RSS returned 100 posts
2026-06-14T19:52:19+0000 [INFO] Scanner complete (Arctic Shift+RSS). 1 new posts collected, 2 media downloaded, 0 links verified.
2026-06-14T19:57:27+0000 [INFO] Scanner starting. Batch: 2026-06-14T19:57
2026-06-14T19:57:27+0000 [INFO] Running in dual-source mode (Arctic Shift + RSS)
2026-06-14T19:57:29+0000 [INFO] Arctic Shift returned 3 posts
2026-06-14T19:57:30+0000 [INFO] RSS returned 100 posts
2026-06-14T19:57:30+0000 [INFO] Scanner complete (Arctic Shift+RSS). 2 new posts collected, 0 media downloaded, 1 links verified.
