2026-06-18T15:07:51+0000 [INFO] Scanner starting. Batch: 2026-06-18T15:07
2026-06-18T15:07:51+0000 [INFO] Running in dual-source mode (Arctic Shift + RSS)
2026-06-18T15:07:53+0000 [INFO] Arctic Shift returned 2 posts
2026-06-18T15:07:54+0000 [INFO] RSS returned 100 posts
2026-06-18T15:07:54+0000 [INFO] Scanner complete (Arctic Shift+RSS). 4 new posts collected, 1 media downloaded, 4 links verified.
2026-06-18T15:13:30+0000 [INFO] Scanner starting. Batch: 2026-06-18T15:13
2026-06-18T15:13:30+0000 [INFO] Running in dual-source mode (Arctic Shift + RSS)
2026-06-18T15:13:32+0000 [INFO] Arctic Shift returned 4 posts
2026-06-18T15:13:33+0000 [INFO] RSS returned 100 posts
2026-06-18T15:13:33+0000 [INFO] Scanner complete (Arctic Shift+RSS). 3 new posts collected, 1 media downloaded, 1 links verified.
2026-06-18T15:18:43+0000 [INFO] Scanner starting. Batch: 2026-06-18T15:18
2026-06-18T15:18:43+0000 [INFO] Running in dual-source mode (Arctic Shift + RSS)
2026-06-18T15:18:44+0000 [INFO] Arctic Shift returned 0 posts
2026-06-18T15:18:45+0000 [INFO] RSS returned 100 posts
2026-06-18T15:18:45+0000 [INFO] Scanner complete (Arctic Shift+RSS). 0 new posts collected, 0 media downloaded, 0 links verified.
2026-06-18T15:24:03+0000 [INFO] Scanner starting. Batch: 2026-06-18T15:24
2026-06-18T15:24:03+0000 [INFO] Running in dual-source mode (Arctic Shift + RSS)
2026-06-18T15:24:16+0000 [INFO] Arctic Shift returned 3 posts
2026-06-18T15:24:17+0000 [INFO] RSS returned 100 posts
2026-06-18T15:24:17+0000 [INFO] Scanner complete (Arctic Shift+RSS). 3 new posts collected, 1 media downloaded, 1 links verified.
2026-06-18T15:28:16+0000 [INFO] Scanner starting. Batch: 2026-06-18T15:28
2026-06-18T15:28:16+0000 [INFO] Running in dual-source mode (Arctic Shift + RSS)
2026-06-18T15:28:19+0000 [INFO] Arctic Shift returned 3 posts
2026-06-18T15:28:20+0000 [INFO] RSS returned 100 posts
2026-06-18T15:28:20+0000 [INFO] Scanner complete (Arctic Shift+RSS). 1 new posts collected, 0 media downloaded, 1 links verified.
2026-06-18T15:37:58+0000 [INFO] Scanner starting. Batch: 2026-06-18T15:37
2026-06-18T15:37:58+0000 [INFO] Running in dual-source mode (Arctic Shift + RSS)
2026-06-18T15:38:01+0000 [INFO] Arctic Shift returned 3 posts
2026-06-18T15:38:02+0000 [INFO] RSS returned 100 posts
2026-06-18T15:38:02+0000 [INFO] Scanner complete (Arctic Shift+RSS). 5 new posts collected, 0 media downloaded, 4 links verified.
2026-06-18T15:43:10+0000 [INFO] Scanner starting. Batch: 2026-06-18T15:43
2026-06-18T15:43:10+0000 [INFO] Running in dual-source mode (Arctic Shift + RSS)
2026-06-18T15:43:12+0000 [INFO] Arctic Shift returned 2 posts
2026-06-18T15:43:12+0000 [INFO] RSS returned 100 posts
2026-06-18T15:43:14+0000 [INFO] Scanner complete (Arctic Shift+RSS). 2 new posts collected, 10 media downloaded, 2 links verified.
2026-06-18T15:53:23+0000 [INFO] Scanner starting. Batch: 2026-06-18T15:53
2026-06-18T15:53:23+0000 [INFO] Running in dual-source mode (Arctic Shift + RSS)
2026-06-18T15:53:24+0000 [INFO] Arctic Shift returned 4 posts
2026-06-18T15:53:25+0000 [INFO] RSS returned 100 posts
2026-06-18T15:53:26+0000 [INFO] Scanner complete (Arctic Shift+RSS). 5 new posts collected, 2 media downloaded, 3 links verified.
2026-06-18T15:58:47+0000 [INFO] Scanner starting. Batch: 2026-06-18T15:58
2026-06-18T15:58:47+0000 [INFO] Running in dual-source mode (Arctic Shift + RSS)
2026-06-18T15:58:49+0000 [INFO] Arctic Shift returned 1 posts
2026-06-18T15:58:50+0000 [INFO] RSS returned 100 posts
2026-06-18T15:58:50+0000 [INFO] Scanner complete (Arctic Shift+RSS). 1 new posts collected, 0 media downloaded, 0 links verified.
