2026-06-19T20:04:14+0000 [INFO] Scanner starting. Batch: 2026-06-19T20:04
2026-06-19T20:04:14+0000 [INFO] Running in dual-source mode (Arctic Shift + RSS)
2026-06-19T20:04:15+0000 [INFO] Arctic Shift returned 0 posts
2026-06-19T20:04:16+0000 [INFO] RSS returned 100 posts
2026-06-19T20:04:16+0000 [INFO] Scanner complete (Arctic Shift+RSS). 0 new posts collected, 0 media downloaded, 0 links verified.
2026-06-19T20:14:07+0000 [INFO] Scanner starting. Batch: 2026-06-19T20:14
2026-06-19T20:14:07+0000 [INFO] Running in dual-source mode (Arctic Shift + RSS)
2026-06-19T20:14:07+0000 [INFO] Arctic Shift returned 0 posts
2026-06-19T20:14:08+0000 [INFO] RSS returned 100 posts
2026-06-19T20:14:08+0000 [INFO] Scanner complete (Arctic Shift+RSS). 0 new posts collected, 0 media downloaded, 0 links verified.
2026-06-19T20:19:16+0000 [INFO] Scanner starting. Batch: 2026-06-19T20:19
2026-06-19T20:19:16+0000 [INFO] Running in dual-source mode (Arctic Shift + RSS)
2026-06-19T20:19:17+0000 [INFO] Arctic Shift returned 1 posts
2026-06-19T20:19:18+0000 [INFO] RSS returned 100 posts
2026-06-19T20:19:19+0000 [INFO] Scanner complete (Arctic Shift+RSS). 1 new posts collected, 0 media downloaded, 1 links verified.
2026-06-19T20:23:53+0000 [INFO] Scanner starting. Batch: 2026-06-19T20:23
2026-06-19T20:23:53+0000 [INFO] Running in dual-source mode (Arctic Shift + RSS)
2026-06-19T20:23:56+0000 [INFO] Arctic Shift returned 3 posts
2026-06-19T20:23:56+0000 [INFO] RSS returned 100 posts
2026-06-19T20:23:57+0000 [INFO] Scanner complete (Arctic Shift+RSS). 2 new posts collected, 0 media downloaded, 1 links verified.
2026-06-19T20:28:44+0000 [INFO] Scanner starting. Batch: 2026-06-19T20:28
2026-06-19T20:28:44+0000 [INFO] Running in dual-source mode (Arctic Shift + RSS)
2026-06-19T20:28:45+0000 [INFO] Arctic Shift returned 3 posts
2026-06-19T20:29:00+0000 [INFO] RSS returned 100 posts
2026-06-19T20:29:01+0000 [INFO] Scanner complete (Arctic Shift+RSS). 3 new posts collected, 0 media downloaded, 2 links verified.
2026-06-19T20:39:01+0000 [INFO] Scanner starting. Batch: 2026-06-19T20:39
2026-06-19T20:39:01+0000 [INFO] Running in dual-source mode (Arctic Shift + RSS)
2026-06-19T20:39:03+0000 [INFO] Arctic Shift returned 4 posts
2026-06-19T20:39:03+0000 [INFO] RSS returned 100 posts
2026-06-19T20:39:05+0000 [INFO] Scanner complete (Arctic Shift+RSS). 6 new posts collected, 3 media downloaded, 3 links verified.
2026-06-19T20:43:53+0000 [INFO] Scanner starting. Batch: 2026-06-19T20:43
2026-06-19T20:43:53+0000 [INFO] Running in dual-source mode (Arctic Shift + RSS)
2026-06-19T20:43:55+0000 [INFO] Arctic Shift returned 5 posts
2026-06-19T20:43:55+0000 [INFO] RSS returned 100 posts
2026-06-19T20:43:56+0000 [INFO] Scanner complete (Arctic Shift+RSS). 3 new posts collected, 0 media downloaded, 2 links verified.
2026-06-19T20:49:12+0000 [INFO] Scanner starting. Batch: 2026-06-19T20:49
2026-06-19T20:49:12+0000 [INFO] Running in dual-source mode (Arctic Shift + RSS)
2026-06-19T20:49:14+0000 [INFO] Arctic Shift returned 2 posts
2026-06-19T20:49:15+0000 [INFO] RSS returned 100 posts
2026-06-19T20:49:17+0000 [INFO] Scanner complete (Arctic Shift+RSS). 2 new posts collected, 2 media downloaded, 1 links verified.
2026-06-19T20:53:20+0000 [INFO] Scanner starting. Batch: 2026-06-19T20:53
2026-06-19T20:53:20+0000 [INFO] Running in dual-source mode (Arctic Shift + RSS)
2026-06-19T20:53:24+0000 [INFO] Arctic Shift returned 2 posts
2026-06-19T20:53:24+0000 [INFO] RSS returned 100 posts
2026-06-19T20:53:25+0000 [INFO] Scanner complete (Arctic Shift+RSS). 1 new posts collected, 0 media downloaded, 1 links verified.
2026-06-19T20:58:57+0000 [INFO] Scanner starting. Batch: 2026-06-19T20:58
2026-06-19T20:58:57+0000 [INFO] Running in dual-source mode (Arctic Shift + RSS)
2026-06-19T20:58:59+0000 [INFO] Arctic Shift returned 8 posts
2026-06-19T20:58:59+0000 [INFO] RSS returned 100 posts
2026-06-19T20:59:02+0000 [INFO] Scanner complete (Arctic Shift+RSS). 7 new posts collected, 1 media downloaded, 3 links verified.
