2026-06-19T04:03:48+0000 [INFO] Scanner starting. Batch: 2026-06-19T04:03
2026-06-19T04:03:48+0000 [INFO] Running in dual-source mode (Arctic Shift + RSS)
2026-06-19T04:03:50+0000 [INFO] Arctic Shift returned 2 posts
2026-06-19T04:03:50+0000 [INFO] RSS returned 100 posts
2026-06-19T04:03:51+0000 [INFO] Scanner complete (Arctic Shift+RSS). 2 new posts collected, 1 media downloaded, 1 links verified.
2026-06-19T04:19:00+0000 [INFO] Scanner starting. Batch: 2026-06-19T04:19
2026-06-19T04:19:00+0000 [INFO] Running in dual-source mode (Arctic Shift + RSS)
2026-06-19T04:19:01+0000 [INFO] Arctic Shift returned 0 posts
2026-06-19T04:19:02+0000 [INFO] RSS returned 100 posts
2026-06-19T04:19:02+0000 [INFO] Scanner complete (Arctic Shift+RSS). 0 new posts collected, 0 media downloaded, 0 links verified.
2026-06-19T04:33:35+0000 [INFO] Scanner starting. Batch: 2026-06-19T04:33
2026-06-19T04:33:35+0000 [INFO] Running in dual-source mode (Arctic Shift + RSS)
2026-06-19T04:33:37+0000 [INFO] Arctic Shift returned 3 posts
2026-06-19T04:33:37+0000 [INFO] RSS returned 100 posts
2026-06-19T04:33:38+0000 [INFO] Scanner complete (Arctic Shift+RSS). 4 new posts collected, 2 media downloaded, 1 links verified.
2026-06-19T04:38:31+0000 [INFO] Scanner starting. Batch: 2026-06-19T04:38
2026-06-19T04:38:31+0000 [INFO] Running in dual-source mode (Arctic Shift + RSS)
2026-06-19T04:38:33+0000 [INFO] Arctic Shift returned 6 posts
2026-06-19T04:38:33+0000 [INFO] RSS returned 100 posts
2026-06-19T04:38:34+0000 [INFO] Scanner complete (Arctic Shift+RSS). 4 new posts collected, 0 media downloaded, 2 links verified.
2026-06-19T04:53:34+0000 [INFO] Scanner starting. Batch: 2026-06-19T04:53
2026-06-19T04:53:34+0000 [INFO] Running in dual-source mode (Arctic Shift + RSS)
2026-06-19T04:53:35+0000 [INFO] Arctic Shift returned 2 posts
2026-06-19T04:53:36+0000 [INFO] RSS returned 100 posts
2026-06-19T04:53:37+0000 [INFO] Scanner complete (Arctic Shift+RSS). 3 new posts collected, 1 media downloaded, 1 links verified.
