2026-06-20T02:09:15+0000 [INFO] Scanner starting. Batch: 2026-06-20T02:09
2026-06-20T02:09:15+0000 [INFO] Running in dual-source mode (Arctic Shift + RSS)
2026-06-20T02:09:16+0000 [INFO] Arctic Shift returned 2 posts
2026-06-20T02:09:17+0000 [INFO] RSS returned 100 posts
2026-06-20T02:09:19+0000 [INFO] Scanner complete (Arctic Shift+RSS). 6 new posts collected, 0 media downloaded, 6 links verified.
2026-06-20T02:19:06+0000 [INFO] Scanner starting. Batch: 2026-06-20T02:19
2026-06-20T02:19:06+0000 [INFO] Running in dual-source mode (Arctic Shift + RSS)
2026-06-20T02:19:08+0000 [INFO] Arctic Shift returned 6 posts
2026-06-20T02:19:08+0000 [INFO] RSS returned 100 posts
2026-06-20T02:19:09+0000 [INFO] Scanner complete (Arctic Shift+RSS). 6 new posts collected, 0 media downloaded, 4 links verified.
2026-06-20T02:24:19+0000 [INFO] Scanner starting. Batch: 2026-06-20T02:24
2026-06-20T02:24:19+0000 [INFO] Running in dual-source mode (Arctic Shift + RSS)
2026-06-20T02:24:20+0000 [INFO] Arctic Shift returned 2 posts
2026-06-20T02:24:21+0000 [INFO] RSS returned 100 posts
2026-06-20T02:24:21+0000 [INFO] Scanner complete (Arctic Shift+RSS). 1 new posts collected, 0 media downloaded, 1 links verified.
2026-06-20T02:29:13+0000 [INFO] Scanner starting. Batch: 2026-06-20T02:29
2026-06-20T02:29:13+0000 [INFO] Running in dual-source mode (Arctic Shift + RSS)
2026-06-20T02:29:15+0000 [INFO] Arctic Shift returned 2 posts
2026-06-20T02:29:16+0000 [INFO] RSS returned 100 posts
2026-06-20T02:29:16+0000 [INFO] Scanner complete (Arctic Shift+RSS). 1 new posts collected, 0 media downloaded, 0 links verified.
2026-06-20T02:34:16+0000 [INFO] Scanner starting. Batch: 2026-06-20T02:34
2026-06-20T02:34:16+0000 [INFO] Running in dual-source mode (Arctic Shift + RSS)
2026-06-20T02:34:17+0000 [INFO] Arctic Shift returned 3 posts
2026-06-20T02:34:18+0000 [INFO] RSS returned 100 posts
2026-06-20T02:34:18+0000 [INFO] Scanner complete (Arctic Shift+RSS). 3 new posts collected, 0 media downloaded, 1 links verified.
2026-06-20T02:39:04+0000 [INFO] Scanner starting. Batch: 2026-06-20T02:39
2026-06-20T02:39:04+0000 [INFO] Running in dual-source mode (Arctic Shift + RSS)
2026-06-20T02:39:06+0000 [INFO] Arctic Shift returned 1 posts
2026-06-20T02:39:07+0000 [INFO] RSS returned 100 posts
2026-06-20T02:39:07+0000 [INFO] Scanner complete (Arctic Shift+RSS). 1 new posts collected, 0 media downloaded, 1 links verified.
2026-06-20T02:44:19+0000 [INFO] Scanner starting. Batch: 2026-06-20T02:44
2026-06-20T02:44:19+0000 [INFO] Running in dual-source mode (Arctic Shift + RSS)
2026-06-20T02:44:21+0000 [INFO] Arctic Shift returned 1 posts
2026-06-20T02:44:22+0000 [INFO] RSS returned 100 posts
2026-06-20T02:44:22+0000 [INFO] Scanner complete (Arctic Shift+RSS). 1 new posts collected, 0 media downloaded, 1 links verified.
