2026-06-16T13:03:36+0000 [INFO] Scanner starting. Batch: 2026-06-16T13:03
2026-06-16T13:03:36+0000 [INFO] Running in dual-source mode (Arctic Shift + RSS)
2026-06-16T13:03:38+0000 [INFO] Arctic Shift returned 3 posts
2026-06-16T13:03:39+0000 [INFO] RSS returned 100 posts
2026-06-16T13:03:39+0000 [INFO] Scanner complete (Arctic Shift+RSS). 2 new posts collected, 0 media downloaded, 2 links verified.
2026-06-16T13:08:28+0000 [INFO] Scanner starting. Batch: 2026-06-16T13:08
2026-06-16T13:08:28+0000 [INFO] Running in dual-source mode (Arctic Shift + RSS)
2026-06-16T13:08:29+0000 [INFO] Arctic Shift returned 3 posts
2026-06-16T13:08:30+0000 [INFO] RSS returned 100 posts
2026-06-16T13:08:33+0000 [INFO] Scanner complete (Arctic Shift+RSS). 2 new posts collected, 1 media downloaded, 1 links verified.
2026-06-16T13:18:37+0000 [INFO] Scanner starting. Batch: 2026-06-16T13:18
2026-06-16T13:18:37+0000 [INFO] Running in dual-source mode (Arctic Shift + RSS)
2026-06-16T13:18:38+0000 [INFO] Arctic Shift returned 5 posts
2026-06-16T13:18:39+0000 [INFO] RSS returned 100 posts
2026-06-16T13:18:43+0000 [INFO] Scanner complete (Arctic Shift+RSS). 5 new posts collected, 0 media downloaded, 5 links verified.
2026-06-16T13:24:09+0000 [INFO] Scanner starting. Batch: 2026-06-16T13:24
2026-06-16T13:24:09+0000 [INFO] Running in dual-source mode (Arctic Shift + RSS)
2026-06-16T13:24:11+0000 [INFO] Arctic Shift returned 1 posts
2026-06-16T13:24:12+0000 [INFO] RSS returned 100 posts
2026-06-16T13:24:12+0000 [INFO] Scanner complete (Arctic Shift+RSS). 1 new posts collected, 0 media downloaded, 1 links verified.
2026-06-16T13:28:42+0000 [INFO] Scanner starting. Batch: 2026-06-16T13:28
2026-06-16T13:28:42+0000 [INFO] Running in dual-source mode (Arctic Shift + RSS)
2026-06-16T13:28:43+0000 [INFO] Arctic Shift returned 1 posts
2026-06-16T13:28:44+0000 [INFO] RSS returned 100 posts
2026-06-16T13:28:44+0000 [INFO] Scanner complete (Arctic Shift+RSS). 0 new posts collected, 0 media downloaded, 0 links verified.
2026-06-16T13:38:59+0000 [INFO] Scanner starting. Batch: 2026-06-16T13:38
2026-06-16T13:38:59+0000 [INFO] Running in dual-source mode (Arctic Shift + RSS)
2026-06-16T13:39:00+0000 [INFO] Arctic Shift returned 3 posts
2026-06-16T13:39:01+0000 [INFO] RSS returned 100 posts
2026-06-16T13:39:04+0000 [INFO] Scanner complete (Arctic Shift+RSS). 3 new posts collected, 0 media downloaded, 2 links verified.
2026-06-16T13:44:10+0000 [INFO] Scanner starting. Batch: 2026-06-16T13:44
2026-06-16T13:44:10+0000 [INFO] Running in dual-source mode (Arctic Shift + RSS)
2026-06-16T13:44:12+0000 [INFO] Arctic Shift returned 3 posts
2026-06-16T13:44:13+0000 [INFO] RSS returned 100 posts
2026-06-16T13:44:13+0000 [INFO] Scanner complete (Arctic Shift+RSS). 2 new posts collected, 2 media downloaded, 0 links verified.
2026-06-16T13:49:05+0000 [INFO] Scanner starting. Batch: 2026-06-16T13:49
2026-06-16T13:49:05+0000 [INFO] Running in dual-source mode (Arctic Shift + RSS)
2026-06-16T13:49:07+0000 [INFO] Arctic Shift returned 2 posts
2026-06-16T13:49:08+0000 [INFO] RSS returned 100 posts
2026-06-16T13:49:08+0000 [INFO] Scanner complete (Arctic Shift+RSS). 2 new posts collected, 0 media downloaded, 1 links verified.
2026-06-16T13:54:03+0000 [INFO] Scanner starting. Batch: 2026-06-16T13:54
2026-06-16T13:54:03+0000 [INFO] Running in dual-source mode (Arctic Shift + RSS)
2026-06-16T13:54:05+0000 [INFO] Arctic Shift returned 4 posts
2026-06-16T13:54:06+0000 [INFO] RSS returned 100 posts
2026-06-16T13:54:06+0000 [INFO] Scanner complete (Arctic Shift+RSS). 4 new posts collected, 0 media downloaded, 1 links verified.
