2026-06-19T11:08:55+0000 [INFO] Scanner starting. Batch: 2026-06-19T11:08
2026-06-19T11:08:55+0000 [INFO] Running in dual-source mode (Arctic Shift + RSS)
2026-06-19T11:08:56+0000 [INFO] Arctic Shift returned 0 posts
2026-06-19T11:08:57+0000 [INFO] RSS returned 100 posts
2026-06-19T11:08:57+0000 [INFO] Scanner complete (Arctic Shift+RSS). 0 new posts collected, 0 media downloaded, 0 links verified.
2026-06-19T11:18:52+0000 [INFO] Scanner starting. Batch: 2026-06-19T11:18
2026-06-19T11:18:52+0000 [INFO] Running in dual-source mode (Arctic Shift + RSS)
2026-06-19T11:18:52+0000 [INFO] Arctic Shift returned 0 posts
2026-06-19T11:18:53+0000 [INFO] RSS returned 100 posts
2026-06-19T11:18:53+0000 [INFO] Scanner complete (Arctic Shift+RSS). 0 new posts collected, 0 media downloaded, 0 links verified.
2026-06-19T11:24:23+0000 [INFO] Scanner starting. Batch: 2026-06-19T11:24
2026-06-19T11:24:23+0000 [INFO] Running in dual-source mode (Arctic Shift + RSS)
2026-06-19T11:24:25+0000 [INFO] Arctic Shift returned 1 posts
2026-06-19T11:24:26+0000 [INFO] RSS returned 100 posts
2026-06-19T11:24:26+0000 [INFO] Scanner complete (Arctic Shift+RSS). 1 new posts collected, 0 media downloaded, 0 links verified.
2026-06-19T11:29:09+0000 [INFO] Scanner starting. Batch: 2026-06-19T11:29
2026-06-19T11:29:09+0000 [INFO] Running in dual-source mode (Arctic Shift + RSS)
2026-06-19T11:29:11+0000 [INFO] Arctic Shift returned 3 posts
2026-06-19T11:29:11+0000 [INFO] RSS returned 100 posts
2026-06-19T11:29:12+0000 [INFO] Scanner complete (Arctic Shift+RSS). 2 new posts collected, 0 media downloaded, 1 links verified.
2026-06-19T11:34:02+0000 [INFO] Scanner starting. Batch: 2026-06-19T11:34
2026-06-19T11:34:02+0000 [INFO] Running in dual-source mode (Arctic Shift + RSS)
2026-06-19T11:34:03+0000 [INFO] Arctic Shift returned 0 posts
2026-06-19T11:34:04+0000 [INFO] RSS returned 100 posts
2026-06-19T11:34:04+0000 [INFO] Scanner complete (Arctic Shift+RSS). 0 new posts collected, 0 media downloaded, 0 links verified.
2026-06-19T11:38:53+0000 [INFO] Scanner starting. Batch: 2026-06-19T11:38
2026-06-19T11:38:53+0000 [INFO] Running in dual-source mode (Arctic Shift + RSS)
2026-06-19T11:38:55+0000 [INFO] Arctic Shift returned 1 posts
2026-06-19T11:38:55+0000 [INFO] RSS returned 100 posts
2026-06-19T11:38:56+0000 [INFO] Scanner complete (Arctic Shift+RSS). 1 new posts collected, 1 media downloaded, 0 links verified.
2026-06-19T11:44:00+0000 [INFO] Scanner starting. Batch: 2026-06-19T11:44
2026-06-19T11:44:00+0000 [INFO] Running in dual-source mode (Arctic Shift + RSS)
2026-06-19T11:44:01+0000 [INFO] Arctic Shift returned 1 posts
2026-06-19T11:44:02+0000 [INFO] RSS returned 100 posts
2026-06-19T11:44:02+0000 [INFO] Scanner complete (Arctic Shift+RSS). 1 new posts collected, 0 media downloaded, 0 links verified.
2026-06-19T11:49:00+0000 [INFO] Scanner starting. Batch: 2026-06-19T11:49
2026-06-19T11:49:00+0000 [INFO] Running in dual-source mode (Arctic Shift + RSS)
2026-06-19T11:49:02+0000 [INFO] Arctic Shift returned 3 posts
2026-06-19T11:49:03+0000 [INFO] RSS returned 100 posts
2026-06-19T11:49:04+0000 [INFO] Scanner complete (Arctic Shift+RSS). 3 new posts collected, 0 media downloaded, 3 links verified.
2026-06-19T11:54:05+0000 [INFO] Scanner starting. Batch: 2026-06-19T11:54
2026-06-19T11:54:05+0000 [INFO] Running in dual-source mode (Arctic Shift + RSS)
2026-06-19T11:54:07+0000 [INFO] Arctic Shift returned 1 posts
2026-06-19T11:54:07+0000 [INFO] RSS returned 100 posts
2026-06-19T11:54:08+0000 [INFO] Scanner complete (Arctic Shift+RSS). 1 new posts collected, 0 media downloaded, 1 links verified.
2026-06-19T11:58:58+0000 [INFO] Scanner starting. Batch: 2026-06-19T11:58
2026-06-19T11:58:58+0000 [INFO] Running in dual-source mode (Arctic Shift + RSS)
2026-06-19T11:59:00+0000 [INFO] Arctic Shift returned 4 posts
2026-06-19T11:59:01+0000 [INFO] RSS returned 100 posts
2026-06-19T11:59:02+0000 [INFO] Scanner complete (Arctic Shift+RSS). 3 new posts collected, 2 media downloaded, 2 links verified.
