2026-06-19T05:08:31+0000 [INFO] Scanner starting. Batch: 2026-06-19T05:08
2026-06-19T05:08:31+0000 [INFO] Running in dual-source mode (Arctic Shift + RSS)
2026-06-19T05:08:37+0000 [INFO] Arctic Shift returned 1 posts
2026-06-19T05:08:38+0000 [INFO] RSS returned 100 posts
2026-06-19T05:08:40+0000 [INFO] Scanner complete (Arctic Shift+RSS). 3 new posts collected, 2 media downloaded, 2 links verified.
2026-06-19T05:13:41+0000 [INFO] Scanner starting. Batch: 2026-06-19T05:13
2026-06-19T05:13:41+0000 [INFO] Running in dual-source mode (Arctic Shift + RSS)
2026-06-19T05:13:43+0000 [INFO] Arctic Shift returned 1 posts
2026-06-19T05:13:44+0000 [INFO] RSS returned 100 posts
2026-06-19T05:13:44+0000 [INFO] Scanner complete (Arctic Shift+RSS). 1 new posts collected, 1 media downloaded, 0 links verified.
2026-06-19T05:18:39+0000 [INFO] Scanner starting. Batch: 2026-06-19T05:18
2026-06-19T05:18:39+0000 [INFO] Running in dual-source mode (Arctic Shift + RSS)
2026-06-19T05:18:41+0000 [INFO] Arctic Shift returned 1 posts
2026-06-19T05:18:42+0000 [INFO] RSS returned 100 posts
2026-06-19T05:18:42+0000 [INFO] Scanner complete (Arctic Shift+RSS). 1 new posts collected, 0 media downloaded, 0 links verified.
2026-06-19T05:23:37+0000 [INFO] Scanner starting. Batch: 2026-06-19T05:23
2026-06-19T05:23:37+0000 [INFO] Running in dual-source mode (Arctic Shift + RSS)
2026-06-19T05:23:38+0000 [INFO] Arctic Shift returned 1 posts
2026-06-19T05:23:39+0000 [INFO] RSS returned 100 posts
2026-06-19T05:23:39+0000 [INFO] Scanner complete (Arctic Shift+RSS). 0 new posts collected, 0 media downloaded, 0 links verified.
2026-06-19T05:38:53+0000 [INFO] Scanner starting. Batch: 2026-06-19T05:38
2026-06-19T05:38:53+0000 [INFO] Running in dual-source mode (Arctic Shift + RSS)
2026-06-19T05:38:54+0000 [INFO] Arctic Shift returned 4 posts
2026-06-19T05:38:55+0000 [INFO] RSS returned 100 posts
2026-06-19T05:38:59+0000 [INFO] Scanner complete (Arctic Shift+RSS). 4 new posts collected, 3 media downloaded, 1 links verified.
2026-06-19T05:43:38+0000 [INFO] Scanner starting. Batch: 2026-06-19T05:43
2026-06-19T05:43:38+0000 [INFO] Running in dual-source mode (Arctic Shift + RSS)
2026-06-19T05:43:39+0000 [INFO] Arctic Shift returned 2 posts
2026-06-19T05:43:40+0000 [INFO] RSS returned 100 posts
2026-06-19T05:43:40+0000 [INFO] Scanner complete (Arctic Shift+RSS). 0 new posts collected, 0 media downloaded, 0 links verified.
2026-06-19T05:48:27+0000 [INFO] Scanner starting. Batch: 2026-06-19T05:48
2026-06-19T05:48:27+0000 [INFO] Running in dual-source mode (Arctic Shift + RSS)
2026-06-19T05:48:28+0000 [INFO] Arctic Shift returned 1 posts
2026-06-19T05:48:29+0000 [INFO] RSS returned 100 posts
2026-06-19T05:48:29+0000 [INFO] Scanner complete (Arctic Shift+RSS). 1 new posts collected, 0 media downloaded, 0 links verified.
