2026-06-16T09:03:25+0000 [INFO] Scanner starting. Batch: 2026-06-16T09:03
2026-06-16T09:03:25+0000 [INFO] Running in dual-source mode (Arctic Shift + RSS)
2026-06-16T09:03:26+0000 [INFO] Arctic Shift returned 3 posts
2026-06-16T09:03:27+0000 [INFO] RSS returned 100 posts
2026-06-16T09:03:28+0000 [INFO] Scanner complete (Arctic Shift+RSS). 1 new posts collected, 2 media downloaded, 0 links verified.
2026-06-16T09:08:34+0000 [INFO] Scanner starting. Batch: 2026-06-16T09:08
2026-06-16T09:08:34+0000 [INFO] Running in dual-source mode (Arctic Shift + RSS)
2026-06-16T09:08:36+0000 [INFO] Arctic Shift returned 2 posts
2026-06-16T09:08:37+0000 [INFO] RSS returned 100 posts
2026-06-16T09:08:37+0000 [INFO] Scanner complete (Arctic Shift+RSS). 1 new posts collected, 0 media downloaded, 0 links verified.
2026-06-16T09:14:21+0000 [INFO] Scanner starting. Batch: 2026-06-16T09:14
2026-06-16T09:14:21+0000 [INFO] Running in dual-source mode (Arctic Shift + RSS)
2026-06-16T09:14:22+0000 [INFO] Arctic Shift returned 2 posts
2026-06-16T09:14:23+0000 [INFO] RSS returned 100 posts
2026-06-16T09:14:24+0000 [INFO] Scanner complete (Arctic Shift+RSS). 2 new posts collected, 2 media downloaded, 0 links verified.
2026-06-16T09:18:11+0000 [INFO] Scanner starting. Batch: 2026-06-16T09:18
2026-06-16T09:18:11+0000 [INFO] Running in dual-source mode (Arctic Shift + RSS)
2026-06-16T09:18:13+0000 [INFO] Arctic Shift returned 2 posts
2026-06-16T09:18:13+0000 [INFO] RSS returned 100 posts
2026-06-16T09:18:13+0000 [INFO] Scanner complete (Arctic Shift+RSS). 1 new posts collected, 0 media downloaded, 0 links verified.
2026-06-16T09:23:36+0000 [INFO] Scanner starting. Batch: 2026-06-16T09:23
2026-06-16T09:23:36+0000 [INFO] Running in dual-source mode (Arctic Shift + RSS)
2026-06-16T09:24:05+0000 [INFO] Arctic Shift returned 1 posts
2026-06-16T09:24:06+0000 [INFO] RSS returned 100 posts
2026-06-16T09:24:06+0000 [INFO] Scanner complete (Arctic Shift+RSS). 1 new posts collected, 0 media downloaded, 0 links verified.
2026-06-16T09:28:25+0000 [INFO] Scanner starting. Batch: 2026-06-16T09:28
2026-06-16T09:28:25+0000 [INFO] Running in dual-source mode (Arctic Shift + RSS)
2026-06-16T09:28:26+0000 [INFO] Arctic Shift returned 3 posts
2026-06-16T09:28:27+0000 [INFO] RSS returned 100 posts
2026-06-16T09:28:27+0000 [INFO] Scanner complete (Arctic Shift+RSS). 3 new posts collected, 0 media downloaded, 0 links verified.
2026-06-16T09:33:56+0000 [INFO] Scanner starting. Batch: 2026-06-16T09:33
2026-06-16T09:33:56+0000 [INFO] Running in dual-source mode (Arctic Shift + RSS)
2026-06-16T09:33:58+0000 [INFO] Arctic Shift returned 1 posts
2026-06-16T09:33:58+0000 [INFO] RSS returned 100 posts
2026-06-16T09:33:59+0000 [INFO] Scanner complete (Arctic Shift+RSS). 1 new posts collected, 0 media downloaded, 1 links verified.
2026-06-16T09:38:24+0000 [INFO] Scanner starting. Batch: 2026-06-16T09:38
2026-06-16T09:38:24+0000 [INFO] Running in dual-source mode (Arctic Shift + RSS)
2026-06-16T09:38:25+0000 [INFO] Arctic Shift returned 0 posts
2026-06-16T09:38:26+0000 [INFO] RSS returned 100 posts
2026-06-16T09:38:26+0000 [INFO] Scanner complete (Arctic Shift+RSS). 0 new posts collected, 0 media downloaded, 0 links verified.
2026-06-16T09:43:22+0000 [INFO] Scanner starting. Batch: 2026-06-16T09:43
2026-06-16T09:43:22+0000 [INFO] Running in dual-source mode (Arctic Shift + RSS)
2026-06-16T09:43:23+0000 [INFO] Arctic Shift returned 1 posts
2026-06-16T09:43:24+0000 [INFO] RSS returned 100 posts
2026-06-16T09:43:24+0000 [INFO] Scanner complete (Arctic Shift+RSS). 1 new posts collected, 0 media downloaded, 0 links verified.
2026-06-16T09:48:50+0000 [INFO] Scanner starting. Batch: 2026-06-16T09:48
2026-06-16T09:48:50+0000 [INFO] Running in dual-source mode (Arctic Shift + RSS)
2026-06-16T09:48:52+0000 [INFO] Arctic Shift returned 5 posts
2026-06-16T09:48:53+0000 [INFO] RSS returned 100 posts
2026-06-16T09:48:53+0000 [INFO] Scanner complete (Arctic Shift+RSS). 5 new posts collected, 0 media downloaded, 1 links verified.
2026-06-16T09:53:50+0000 [INFO] Scanner starting. Batch: 2026-06-16T09:53
2026-06-16T09:53:50+0000 [INFO] Running in dual-source mode (Arctic Shift + RSS)
2026-06-16T09:53:51+0000 [INFO] Arctic Shift returned 4 posts
2026-06-16T09:53:52+0000 [INFO] RSS returned 100 posts
2026-06-16T09:53:53+0000 [INFO] Scanner complete (Arctic Shift+RSS). 3 new posts collected, 2 media downloaded, 1 links verified.
2026-06-16T09:58:36+0000 [INFO] Scanner starting. Batch: 2026-06-16T09:58
2026-06-16T09:58:36+0000 [INFO] Running in dual-source mode (Arctic Shift + RSS)
2026-06-16T09:58:37+0000 [INFO] Arctic Shift returned 2 posts
2026-06-16T09:58:38+0000 [INFO] RSS returned 100 posts
2026-06-16T09:58:38+0000 [INFO] Scanner complete (Arctic Shift+RSS). 1 new posts collected, 0 media downloaded, 0 links verified.
