2026-06-15T08:03:10+0000 [INFO] Harvester starting. Target time: 2026-06-13T08:03:10.565522+00:00. Mode: arctic_shift+rss
2026-06-15T08:03:10+0000 [INFO] Found 15 posts to process
2026-06-15T08:03:10+0000 [INFO] Processing post 1u4kynl (Arctic Shift): Who are these two players?
2026-06-15T08:03:11+0000 [WARNING]   Could not re-fetch post 1u4kynl from Arctic Shift
2026-06-15T08:03:13+0000 [INFO]   Arctic Shift returned 1 comments
2026-06-15T08:03:13+0000 [INFO] Processing post 1u4l0pl (Arctic Shift): Support Your Local Saturday - for match-going and local fans
2026-06-15T08:03:14+0000 [WARNING]   Could not re-fetch post 1u4l0pl from Arctic Shift
2026-06-15T08:03:15+0000 [INFO]   Arctic Shift returned 6 comments
2026-06-15T08:03:15+0000 [INFO] Processing post 1u4l34o (Arctic Shift): Power temporarily went out at the tavern running the block p
2026-06-15T08:03:17+0000 [WARNING]   Could not re-fetch post 1u4l34o from Arctic Shift
2026-06-15T08:03:19+0000 [INFO]   Arctic Shift returned 14 comments
2026-06-15T08:03:19+0000 [INFO] Processing post 1u4l4f5 (Arctic Shift): I built a free World Cup 2026 prediction game so my friends 
2026-06-15T08:03:20+0000 [WARNING]   Could not re-fetch post 1u4l4f5 from Arctic Shift
2026-06-15T08:03:23+0000 [INFO]   Arctic Shift returned 2 comments
2026-06-15T08:03:23+0000 [INFO] Processing post 1u4l4wy (Arctic Shift): [Official] FC Volendam has appointed Erwin van de Looi as it
2026-06-15T08:03:23+0000 [WARNING]   Could not re-fetch post 1u4l4wy from Arctic Shift
2026-06-15T08:03:27+0000 [INFO]   Arctic Shift returned 2 comments
2026-06-15T08:03:27+0000 [INFO] Processing post 1u4l72g (Arctic Shift): Soy el único que el partido de Canada vs Bosnia le pareció a
2026-06-15T08:03:27+0000 [WARNING]   Could not re-fetch post 1u4l72g from Arctic Shift
2026-06-15T08:03:30+0000 [INFO]   Arctic Shift returned 2 comments
2026-06-15T08:03:30+0000 [INFO] Processing post 1u4l7kv (Arctic Shift): [AD] Alex Kroes (52) is likely to become a co-owner of LASK 
2026-06-15T08:03:31+0000 [WARNING]   Could not re-fetch post 1u4l7kv from Arctic Shift
2026-06-15T08:03:33+0000 [INFO]   Arctic Shift returned 4 comments
2026-06-15T08:03:33+0000 [INFO] Processing post 1u4l9b3 (Arctic Shift): I built a free World Cup 2026 prediction game so my friends 
2026-06-15T08:03:34+0000 [WARNING]   Could not re-fetch post 1u4l9b3 from Arctic Shift
2026-06-15T08:03:36+0000 [INFO]   Arctic Shift returned 2 comments
2026-06-15T08:03:36+0000 [INFO] Processing post 1u4lbxp (Arctic Shift): [De Telegraaf] Joey Veerman stirs things up for Ronald Koema
2026-06-15T08:03:37+0000 [WARNING]   Could not re-fetch post 1u4lbxp from Arctic Shift
2026-06-15T08:03:39+0000 [INFO]   Arctic Shift returned 8 comments
2026-06-15T08:03:39+0000 [INFO] Processing post 1u4lcje (Arctic Shift): Injury deprived me of chance to play so I am going to the Wo
2026-06-15T08:03:40+0000 [WARNING]   Could not re-fetch post 1u4lcje from Arctic Shift
2026-06-15T08:03:42+0000 [INFO]   Arctic Shift returned 6 comments
2026-06-15T08:03:42+0000 [INFO] Processing post 1u4lak3 (Arctic Shift): Hungary vs Kazahsztán. The camera dell down.
2026-06-15T08:03:42+0000 [WARNING]   Could not re-fetch post 1u4lak3 from Arctic Shift
2026-06-15T08:03:45+0000 [INFO]   Arctic Shift returned 1 comments
2026-06-15T08:03:45+0000 [INFO] Processing post 1u4lewj (Arctic Shift): Most international goals among 2026 World Cup players
2026-06-15T08:03:46+0000 [WARNING]   Could not re-fetch post 1u4lewj from Arctic Shift
2026-06-15T08:03:49+0000 [INFO]   Arctic Shift returned 1 comments
2026-06-15T08:03:49+0000 [INFO] Processing post 1u4lf87 (Arctic Shift): US player Folarin Balogun who scored two goals today, became
2026-06-15T08:03:49+0000 [WARNING]   Could not re-fetch post 1u4lf87 from Arctic Shift
2026-06-15T08:03:59+0000 [INFO]   Arctic Shift returned 803 comments
2026-06-15T08:03:59+0000 [INFO] Processing post 1u4loiv (Arctic Shift): Turkish players were caught smoking at their hotel.
2026-06-15T08:04:00+0000 [WARNING]   Could not re-fetch post 1u4loiv from Arctic Shift
2026-06-15T08:04:03+0000 [INFO]   Arctic Shift returned 44 comments
2026-06-15T08:04:03+0000 [INFO] Processing post 1u4ltkl (Arctic Shift): You can watch games in virtual 3D on the BBC website, this i
2026-06-15T08:04:03+0000 [WARNING]   Could not re-fetch post 1u4ltkl from Arctic Shift
2026-06-15T08:04:08+0000 [INFO]   Arctic Shift returned 149 comments
2026-06-15T08:04:08+0000 [INFO] Harvester complete (arctic_shift+rss). 15 posts processed, 0 failed, 1045 total comments collected.
2026-06-15T08:07:51+0000 [INFO] Harvester starting. Target time: 2026-06-13T08:07:51.188309+00:00. Mode: arctic_shift+rss
2026-06-15T08:07:51+0000 [INFO] No pending posts for target time 2026-06-13T08. Nothing to do.
2026-06-15T08:13:00+0000 [INFO] Harvester starting. Target time: 2026-06-13T08:13:00.388550+00:00. Mode: arctic_shift+rss
2026-06-15T08:13:00+0000 [INFO] No pending posts for target time 2026-06-13T08. Nothing to do.
2026-06-15T08:18:05+0000 [INFO] Harvester starting. Target time: 2026-06-13T08:18:05.938901+00:00. Mode: arctic_shift+rss
2026-06-15T08:18:05+0000 [INFO] No pending posts for target time 2026-06-13T08. Nothing to do.
2026-06-15T08:23:28+0000 [INFO] Harvester starting. Target time: 2026-06-13T08:23:28.486549+00:00. Mode: arctic_shift+rss
2026-06-15T08:23:28+0000 [INFO] No pending posts for target time 2026-06-13T08. Nothing to do.
