2026-06-15T19:03:54+0000 [INFO] Harvester starting. Target time: 2026-06-13T19:03:54.934831+00:00. Mode: arctic_shift+rss
2026-06-15T19:03:54+0000 [INFO] Found 27 posts to process
2026-06-15T19:03:55+0000 [INFO] Processing post 1u4z2ta (Arctic Shift): World Cup 2026 Prediction Website Game where you play with y
2026-06-15T19:03:55+0000 [WARNING]   Could not re-fetch post 1u4z2ta from Arctic Shift
2026-06-15T19:03:57+0000 [INFO]   Arctic Shift returned 1 comments
2026-06-15T19:03:57+0000 [INFO] Processing post 1u4z2r6 (Arctic Shift): [BBC] World Cup 2026: Iran win four visa appeals but 11 staf
2026-06-15T19:03:58+0000 [WARNING]   Could not re-fetch post 1u4z2r6 from Arctic Shift
2026-06-15T19:04:00+0000 [INFO]   Arctic Shift returned 93 comments
2026-06-15T19:04:00+0000 [INFO] Processing post 1u4z3od (Arctic Shift): [L'Equipe] Jürgen Klopp: "Football is being held hostage by 
2026-06-15T19:04:01+0000 [WARNING]   Could not re-fetch post 1u4z3od from Arctic Shift
2026-06-15T19:04:14+0000 [INFO]   Arctic Shift returned 1126 comments
2026-06-15T19:04:14+0000 [INFO] Processing post 1u4z8oj (Arctic Shift): I love the new refery cam but for the next world cup I wish 
2026-06-15T19:04:15+0000 [WARNING]   Could not re-fetch post 1u4z8oj from Arctic Shift
2026-06-15T19:04:17+0000 [INFO]   Arctic Shift returned 1 comments
2026-06-15T19:04:17+0000 [INFO] Processing post 1u4z7q1 (Arctic Shift): World Cup Same Game Props
2026-06-15T19:04:18+0000 [WARNING]   Could not re-fetch post 1u4z7q1 from Arctic Shift
2026-06-15T19:04:20+0000 [INFO]   Arctic Shift returned 1 comments
2026-06-15T19:04:20+0000 [INFO] Processing post 1u4z7mq (Arctic Shift): What do you guys think?
2026-06-15T19:04:21+0000 [WARNING]   Could not re-fetch post 1u4z7mq from Arctic Shift
2026-06-15T19:04:23+0000 [INFO]   Arctic Shift returned 1 comments
2026-06-15T19:04:23+0000 [INFO] Processing post 1u4z7mi (Arctic Shift): 6-7 kid from QATAR
2026-06-15T19:04:24+0000 [WARNING]   Could not re-fetch post 1u4z7mi from Arctic Shift
2026-06-15T19:04:26+0000 [INFO]   Arctic Shift returned 1 comments
2026-06-15T19:04:26+0000 [INFO] Processing post 1u4zbmc (Arctic Shift): Neymar will be on bench for Brazil vs. Morocco but won't pla
2026-06-15T19:04:27+0000 [WARNING]   Could not re-fetch post 1u4zbmc from Arctic Shift
2026-06-15T19:04:31+0000 [INFO]   Arctic Shift returned 212 comments
2026-06-15T19:04:31+0000 [INFO] Processing post 1u4zcjf (Arctic Shift): Which TV Channel Has the Best Coverage of the 2026 FIFA Worl
2026-06-15T19:04:32+0000 [WARNING]   Could not re-fetch post 1u4zcjf from Arctic Shift
2026-06-15T19:04:34+0000 [INFO]   Arctic Shift returned 1 comments
2026-06-15T19:04:34+0000 [INFO] Processing post 1u4zbci (Arctic Shift): Kid does 67 during Qatari national anthem
2026-06-15T19:04:35+0000 [WARNING]   Could not re-fetch post 1u4zbci from Arctic Shift
2026-06-15T19:04:37+0000 [INFO]   Arctic Shift returned 44 comments
2026-06-15T19:04:37+0000 [INFO] Processing post 1u4zitz (Arctic Shift): [Hugo Guillemet - L'Equipe] Bayer Leverkusen have offered €3
2026-06-15T19:04:38+0000 [WARNING]   Could not re-fetch post 1u4zitz from Arctic Shift
2026-06-15T19:04:40+0000 [INFO]   Arctic Shift returned 16 comments
2026-06-15T19:04:40+0000 [INFO] Processing post 1u4zhew (Arctic Shift): World Cup: Is there somewhere to watch a highlights package 
2026-06-15T19:04:41+0000 [WARNING]   Could not re-fetch post 1u4zhew from Arctic Shift
2026-06-15T19:04:43+0000 [INFO]   Arctic Shift returned 12 comments
2026-06-15T19:04:43+0000 [INFO] Processing post 1u4zny1 (Arctic Shift): Qatar 0-1 Switzerland - Breel Embolo penalty 17'
2026-06-15T19:04:44+0000 [WARNING]   Could not re-fetch post 1u4zny1 from Arctic Shift
2026-06-15T19:04:46+0000 [INFO]   Arctic Shift returned 17 comments
2026-06-15T19:04:46+0000 [INFO] Processing post 1u4znvm (Arctic Shift): Qatar 0 - [1] Switzerland - Breel Embolo 17'
2026-06-15T19:04:47+0000 [WARNING]   Could not re-fetch post 1u4znvm from Arctic Shift
2026-06-15T19:04:51+0000 [INFO]   Arctic Shift returned 259 comments
2026-06-15T19:04:51+0000 [INFO] Processing post 1u4znxw (Arctic Shift): Qatar 0 - [1] Switzerland - Breel Embolo penalty 17'
2026-06-15T19:04:52+0000 [WARNING]   Could not re-fetch post 1u4znxw from Arctic Shift
2026-06-15T19:04:54+0000 [INFO]   Arctic Shift returned 4 comments
2026-06-15T19:04:54+0000 [INFO] Processing post 1u4zns2 (Arctic Shift): 'With six 15-minute periods, football could become a success
2026-06-15T19:04:55+0000 [WARNING]   Could not re-fetch post 1u4zns2 from Arctic Shift
2026-06-15T19:04:57+0000 [INFO]   Arctic Shift returned 50 comments
2026-06-15T19:04:57+0000 [INFO] Processing post 1u4zrl1 (Arctic Shift): Luck or skill?
2026-06-15T19:04:58+0000 [WARNING]   Could not re-fetch post 1u4zrl1 from Arctic Shift
2026-06-15T19:05:00+0000 [INFO]   Arctic Shift returned 2 comments
2026-06-15T19:05:00+0000 [INFO] Processing post 1u4zvk0 (Arctic Shift): Qatar vs Switzerland offside before penalty
2026-06-15T19:05:01+0000 [WARNING]   Could not re-fetch post 1u4zvk0 from Arctic Shift
2026-06-15T19:05:03+0000 [INFO]   Arctic Shift returned 1 comments
2026-06-15T19:05:03+0000 [INFO] Processing post 1u4zwi0 (Arctic Shift): Potential offside before the penalty - Switzerland vs. Qatar
2026-06-15T19:05:04+0000 [WARNING]   Could not re-fetch post 1u4zwi0 from Arctic Shift
2026-06-15T19:05:06+0000 [INFO]   Arctic Shift returned 18 comments
2026-06-15T19:05:06+0000 [INFO] Processing post 1u4zvo2 (Arctic Shift): Bruno Fernandes playing PSP games during yesterday's flight 
2026-06-15T19:05:07+0000 [WARNING]   Could not re-fetch post 1u4zvo2 from Arctic Shift
2026-06-15T19:05:09+0000 [INFO]   Arctic Shift returned 2 comments
2026-06-15T19:05:09+0000 [INFO] Processing post 1u4zv2x (Arctic Shift): Replay of build-up play to Switzerland's penalty decision ag
2026-06-15T19:05:10+0000 [WARNING]   Could not re-fetch post 1u4zv2x from Arctic Shift
2026-06-15T19:05:13+0000 [INFO]   Arctic Shift returned 101 comments
2026-06-15T19:05:13+0000 [INFO] Processing post 1u4zu9g (Arctic Shift): Switzerland offside check pre-penalty (not given)
2026-06-15T19:05:14+0000 [WARNING]   Could not re-fetch post 1u4zu9g from Arctic Shift
2026-06-15T19:05:17+0000 [INFO]   Arctic Shift returned 155 comments
2026-06-15T19:05:17+0000 [INFO] Processing post 1u503iq (Arctic Shift): A plane flies across the pitch during Qatar - Switzerland
2026-06-15T19:05:18+0000 [WARNING]   Could not re-fetch post 1u503iq from Arctic Shift
2026-06-15T19:05:22+0000 [INFO]   Arctic Shift returned 216 comments
2026-06-15T19:05:22+0000 [INFO] Processing post 1u508gp (Arctic Shift): USMNT Sets FIFA World Cup English-Language Telecast Record W
2026-06-15T19:05:23+0000 [WARNING]   Could not re-fetch post 1u508gp from Arctic Shift
2026-06-15T19:05:25+0000 [INFO]   Arctic Shift returned 71 comments
2026-06-15T19:05:25+0000 [INFO] Processing post 1u5093t (Arctic Shift): Brazil fans take over Times Square in New York City.
2026-06-15T19:05:26+0000 [WARNING]   Could not re-fetch post 1u5093t from Arctic Shift
2026-06-15T19:05:29+0000 [INFO]   Arctic Shift returned 151 comments
2026-06-15T19:05:29+0000 [INFO] Processing post 1u50g6n (Arctic Shift): Do You Support Brazil or Morocco? 🇧🇷🇲🇦 With Brazil vs Morocc
2026-06-15T19:05:30+0000 [WARNING]   Could not re-fetch post 1u50g6n from Arctic Shift
2026-06-15T19:05:32+0000 [INFO]   Arctic Shift returned 1 comments
2026-06-15T19:05:32+0000 [INFO] Processing post 1u50hcg (Arctic Shift): [Romano] Roberto Mancini decides to part ways with Qatari si
2026-06-15T19:05:33+0000 [WARNING]   Could not re-fetch post 1u50hcg from Arctic Shift
2026-06-15T19:05:35+0000 [INFO]   Arctic Shift returned 71 comments
2026-06-15T19:05:35+0000 [INFO] Harvester complete (arctic_shift+rss). 27 posts processed, 0 failed, 2628 total comments collected.
2026-06-15T19:08:38+0000 [INFO] Harvester starting. Target time: 2026-06-13T19:08:38.325902+00:00. Mode: arctic_shift+rss
2026-06-15T19:08:38+0000 [INFO] No pending posts for target time 2026-06-13T19. Nothing to do.
2026-06-15T19:14:32+0000 [INFO] Harvester starting. Target time: 2026-06-13T19:14:32.618270+00:00. Mode: arctic_shift+rss
2026-06-15T19:14:32+0000 [INFO] No pending posts for target time 2026-06-13T19. Nothing to do.
2026-06-15T19:19:08+0000 [INFO] Harvester starting. Target time: 2026-06-13T19:19:08.870775+00:00. Mode: arctic_shift+rss
2026-06-15T19:19:08+0000 [INFO] No pending posts for target time 2026-06-13T19. Nothing to do.
2026-06-15T19:23:44+0000 [INFO] Harvester starting. Target time: 2026-06-13T19:23:44.734768+00:00. Mode: arctic_shift+rss
2026-06-15T19:23:44+0000 [INFO] No pending posts for target time 2026-06-13T19. Nothing to do.
2026-06-15T19:34:54+0000 [INFO] Harvester starting. Target time: 2026-06-13T19:34:54.044186+00:00. Mode: arctic_shift+rss
2026-06-15T19:34:54+0000 [INFO] No pending posts for target time 2026-06-13T19. Nothing to do.
