2026-06-14T20:03:41+0000 [INFO] Harvester starting. Target time: 2026-06-12T20:03:41.258959+00:00. Mode: arctic_shift+rss
2026-06-14T20:03:41+0000 [INFO] Found 34 posts to process
2026-06-14T20:03:41+0000 [INFO] Processing post 1u45x71 (Arctic Shift): Why India and China so Bad t Soccer? Even with Canada with l
2026-06-14T20:03:41+0000 [WARNING]   Could not re-fetch post 1u45x71 from Arctic Shift
2026-06-14T20:03:42+0000 [INFO]   Arctic Shift returned 0 comments
2026-06-14T20:03:42+0000 [INFO] Processing post 1u45v63 (Arctic Shift): So hard to watch soccer players being whiny divas. Why do th
2026-06-14T20:03:43+0000 [WARNING]   Could not re-fetch post 1u45v63 from Arctic Shift
2026-06-14T20:03:45+0000 [INFO]   Arctic Shift returned 1 comments
2026-06-14T20:03:45+0000 [INFO] Processing post 1u45z67 (Arctic Shift): New way for predictions
2026-06-14T20:03:46+0000 [WARNING]   Could not re-fetch post 1u45z67 from Arctic Shift
2026-06-14T20:03:48+0000 [INFO]   Arctic Shift returned 2 comments
2026-06-14T20:03:48+0000 [INFO] Processing post 1u45zvp (Arctic Shift): Mike Myers??
2026-06-14T20:03:49+0000 [WARNING]   Could not re-fetch post 1u45zvp from Arctic Shift
2026-06-14T20:03:51+0000 [INFO]   Arctic Shift returned 1 comments
2026-06-14T20:03:51+0000 [INFO] Processing post 1u45zei (Arctic Shift): Curacao are gonna win the worldcup
2026-06-14T20:03:52+0000 [WARNING]   Could not re-fetch post 1u45zei from Arctic Shift
2026-06-14T20:03:55+0000 [INFO]   Arctic Shift returned 2 comments
2026-06-14T20:03:55+0000 [INFO] Processing post 1u4612n (Arctic Shift): 2026 FIFA WORLD CUP
2026-06-14T20:03:55+0000 [WARNING]   Could not re-fetch post 1u4612n from Arctic Shift
2026-06-14T20:03:57+0000 [INFO]   Arctic Shift returned 2 comments
2026-06-14T20:03:57+0000 [INFO] Processing post 1u465jk (Arctic Shift): Christian Martinoli from mexican broadcaster TvAzteca reacts
2026-06-14T20:03:58+0000 [WARNING]   Could not re-fetch post 1u465jk from Arctic Shift
2026-06-14T20:04:01+0000 [INFO]   Arctic Shift returned 2 comments
2026-06-14T20:04:01+0000 [INFO] Processing post 1u46c39 (Arctic Shift): Sead Kolasinac goal line clearance against Canada 53'
2026-06-14T20:04:01+0000 [WARNING]   Could not re-fetch post 1u46c39 from Arctic Shift
2026-06-14T20:04:03+0000 [INFO]   Arctic Shift returned 3 comments
2026-06-14T20:04:03+0000 [INFO] Processing post 1u46c1r (Arctic Shift): Canada big chance against Bosnia & Herzegovina 54'
2026-06-14T20:04:04+0000 [WARNING]   Could not re-fetch post 1u46c1r from Arctic Shift
2026-06-14T20:04:07+0000 [INFO]   Arctic Shift returned 180 comments
2026-06-14T20:04:07+0000 [INFO] Processing post 1u46d48 (Arctic Shift): Bosnia & Herzegovina big chance against Canada 54'
2026-06-14T20:04:09+0000 [WARNING]   Could not re-fetch post 1u46d48 from Arctic Shift
2026-06-14T20:04:10+0000 [INFO]   Arctic Shift returned 49 comments
2026-06-14T20:04:10+0000 [INFO] Processing post 1u46f6b (Arctic Shift): Alternate angles of Sead Kolasinac's goal line clearance aga
2026-06-14T20:04:11+0000 [WARNING]   Could not re-fetch post 1u46f6b from Arctic Shift
2026-06-14T20:04:15+0000 [INFO]   Arctic Shift returned 225 comments
2026-06-14T20:04:15+0000 [INFO] Processing post 1u46he5 (Arctic Shift): Anyone else in Delhi struggling to find good places to watch
2026-06-14T20:04:16+0000 [WARNING]   Could not re-fetch post 1u46he5 from Arctic Shift
2026-06-14T20:04:18+0000 [INFO]   Arctic Shift returned 1 comments
2026-06-14T20:04:18+0000 [INFO] Processing post 1u46pi6 (Arctic Shift): Why does everyone dive in soccer
2026-06-14T20:04:19+0000 [WARNING]   Could not re-fetch post 1u46pi6 from Arctic Shift
2026-06-14T20:04:22+0000 [INFO]   Arctic Shift returned 1 comments
2026-06-14T20:04:22+0000 [INFO] Processing post 1u46oaf (Arctic Shift): Canada big chance against Bosnia & Herzegovina 66'
2026-06-14T20:04:22+0000 [WARNING]   Could not re-fetch post 1u46oaf from Arctic Shift
2026-06-14T20:04:24+0000 [INFO]   Arctic Shift returned 14 comments
2026-06-14T20:04:24+0000 [INFO] Processing post 1u46so4 (Arctic Shift): Fun fact: Canada - Bosnia is the first match in this wc wher
2026-06-14T20:04:25+0000 [WARNING]   Could not re-fetch post 1u46so4 from Arctic Shift
2026-06-14T20:04:27+0000 [INFO]   Arctic Shift returned 20 comments
2026-06-14T20:04:27+0000 [INFO] Processing post 1u46thu (Arctic Shift): Why is is this Canada game having water breaks in 25C heat?
2026-06-14T20:04:28+0000 [WARNING]   Could not re-fetch post 1u46thu from Arctic Shift
2026-06-14T20:04:31+0000 [INFO]   Arctic Shift returned 1 comments
2026-06-14T20:04:31+0000 [INFO] Processing post 1u46zgf (Arctic Shift): Canada [1]-1 Bosnia & Herzegovina - C. Larin 79'
2026-06-14T20:04:31+0000 [WARNING]   Could not re-fetch post 1u46zgf from Arctic Shift
2026-06-14T20:04:33+0000 [INFO]   Arctic Shift returned 3 comments
2026-06-14T20:04:33+0000 [INFO] Processing post 1u46yy5 (Arctic Shift): Canada [1]-1 Bosnia & Herzegovina - Cyle Larin 79'
2026-06-14T20:04:34+0000 [WARNING]   Could not re-fetch post 1u46yy5 from Arctic Shift
2026-06-14T20:04:40+0000 [INFO]   Arctic Shift returned 431 comments
2026-06-14T20:04:40+0000 [INFO] Processing post 1u46yk1 (Arctic Shift): [OC] I built a "Moneyball" algorithm for Indian Football usi
2026-06-14T20:04:41+0000 [WARNING]   Could not re-fetch post 1u46yk1 from Arctic Shift
2026-06-14T20:04:43+0000 [INFO]   Arctic Shift returned 2 comments
2026-06-14T20:04:43+0000 [INFO] Processing post 1u46vqz (Arctic Shift): Why the hell are camera directors so pathetic?
2026-06-14T20:04:44+0000 [WARNING]   Could not re-fetch post 1u46vqz from Arctic Shift
2026-06-14T20:04:46+0000 [INFO]   Arctic Shift returned 1 comments
2026-06-14T20:04:46+0000 [INFO] Processing post 1u46xdg (Arctic Shift): Free fun world cup draft simulator game!
2026-06-14T20:04:47+0000 [WARNING]   Could not re-fetch post 1u46xdg from Arctic Shift
2026-06-14T20:04:49+0000 [INFO]   Arctic Shift returned 1 comments
2026-06-14T20:04:49+0000 [INFO] Processing post 1u46xsn (Arctic Shift): the cooling break
2026-06-14T20:04:51+0000 [WARNING]   Could not re-fetch post 1u46xsn from Arctic Shift
2026-06-14T20:04:52+0000 [INFO]   Arctic Shift returned 1 comments
2026-06-14T20:04:52+0000 [INFO] Processing post 1u4708x (Arctic Shift): Wow..
2026-06-14T20:04:53+0000 [WARNING]   Could not re-fetch post 1u4708x from Arctic Shift
2026-06-14T20:04:55+0000 [INFO]   Arctic Shift returned 1 comments
2026-06-14T20:04:55+0000 [INFO] Processing post 1u46z07 (Arctic Shift): Canada [1] - 1 Bosnia & Herzegovina - C. Larin 79'
2026-06-14T20:04:56+0000 [WARNING]   Could not re-fetch post 1u46z07 from Arctic Shift
2026-06-14T20:04:58+0000 [INFO]   Arctic Shift returned 15 comments
2026-06-14T20:04:58+0000 [INFO] Processing post 1u473ch (Arctic Shift): What pathetic losers are watching James corden at midnight?
2026-06-14T20:04:59+0000 [WARNING]   Could not re-fetch post 1u473ch from Arctic Shift
2026-06-14T20:05:01+0000 [INFO]   Arctic Shift returned 1 comments
2026-06-14T20:05:01+0000 [INFO] Processing post 1u472gc (Arctic Shift): They have 0 shame
2026-06-14T20:05:02+0000 [WARNING]   Could not re-fetch post 1u472gc from Arctic Shift
2026-06-14T20:05:05+0000 [INFO]   Arctic Shift returned 1 comments
2026-06-14T20:05:05+0000 [INFO] Processing post 1u474b1 (Arctic Shift): Why is soccer the only sport where someone can be rolling on
2026-06-14T20:05:06+0000 [WARNING]   Could not re-fetch post 1u474b1 from Arctic Shift
2026-06-14T20:05:07+0000 [INFO]   Arctic Shift returned 1 comments
2026-06-14T20:05:07+0000 [INFO] Processing post 1u471ny (Arctic Shift): Ref Cam view of a foul 73’
2026-06-14T20:05:08+0000 [WARNING]   Could not re-fetch post 1u471ny from Arctic Shift
2026-06-14T20:05:11+0000 [INFO]   Arctic Shift returned 36 comments
2026-06-14T20:05:11+0000 [INFO] Processing post 1u478ot (Arctic Shift): [Ornstein] Arsenal exploring deal for Club Brugge winger Chr
2026-06-14T20:05:11+0000 [WARNING]   Could not re-fetch post 1u478ot from Arctic Shift
2026-06-14T20:05:17+0000 [INFO]   Arctic Shift returned 328 comments
2026-06-14T20:05:17+0000 [INFO] Processing post 1u479de (Arctic Shift): [ Removed by moderator ]
2026-06-14T20:05:18+0000 [WARNING]   Could not re-fetch post 1u479de from Arctic Shift
2026-06-14T20:05:20+0000 [INFO]   Arctic Shift returned 1 comments
2026-06-14T20:05:20+0000 [INFO] Processing post 1u47czg (Arctic Shift): I built a score prediction game for my family during the Wor
2026-06-14T20:05:21+0000 [WARNING]   Could not re-fetch post 1u47czg from Arctic Shift
2026-06-14T20:05:23+0000 [INFO]   Arctic Shift returned 1 comments
2026-06-14T20:05:23+0000 [INFO] Processing post 1u4797l (Arctic Shift): Camera directors are just terrible
2026-06-14T20:05:24+0000 [WARNING]   Could not re-fetch post 1u4797l from Arctic Shift
2026-06-14T20:05:26+0000 [INFO]   Arctic Shift returned 1 comments
2026-06-14T20:05:26+0000 [INFO] Processing post 1u47a5p (Arctic Shift): To Fans of Fans
2026-06-14T20:05:27+0000 [WARNING]   Could not re-fetch post 1u47a5p from Arctic Shift
2026-06-14T20:05:28+0000 [INFO]   Arctic Shift returned 0 comments
2026-06-14T20:05:28+0000 [INFO] Processing post 1u479na (Arctic Shift): [ Removed by moderator ]
2026-06-14T20:05:29+0000 [WARNING]   Could not re-fetch post 1u479na from Arctic Shift
2026-06-14T20:05:31+0000 [INFO]   Arctic Shift returned 2 comments
2026-06-14T20:05:31+0000 [INFO] Harvester complete (arctic_shift+rss). 34 posts processed, 0 failed, 1331 total comments collected.
2026-06-14T20:08:30+0000 [INFO] Harvester starting. Target time: 2026-06-12T20:08:30.002183+00:00. Mode: arctic_shift+rss
2026-06-14T20:08:30+0000 [INFO] No pending posts for target time 2026-06-12T20. Nothing to do.
2026-06-14T20:13:23+0000 [INFO] Harvester starting. Target time: 2026-06-12T20:13:23.605872+00:00. Mode: arctic_shift+rss
2026-06-14T20:13:23+0000 [INFO] No pending posts for target time 2026-06-12T20. Nothing to do.
2026-06-14T20:18:29+0000 [INFO] Harvester starting. Target time: 2026-06-12T20:18:29.325096+00:00. Mode: arctic_shift+rss
2026-06-14T20:18:29+0000 [INFO] No pending posts for target time 2026-06-12T20. Nothing to do.
2026-06-14T20:22:56+0000 [INFO] Harvester starting. Target time: 2026-06-12T20:22:56.130575+00:00. Mode: arctic_shift+rss
2026-06-14T20:22:56+0000 [INFO] No pending posts for target time 2026-06-12T20. Nothing to do.
