2026-06-16T07:09:12+0000 [INFO] Harvester starting. Target time: 2026-06-14T07:09:12.323961+00:00. Mode: arctic_shift+rss
2026-06-16T07:09:12+0000 [INFO] Found 18 posts to process
2026-06-16T07:09:12+0000 [INFO] Processing post 1u5e6q8 (Arctic Shift): England hit by a setback as large amount of TEAM EQUIPMENT w
2026-06-16T07:09:12+0000 [WARNING]   Could not re-fetch post 1u5e6q8 from Arctic Shift
2026-06-16T07:09:13+0000 [INFO]   Arctic Shift returned 0 comments
2026-06-16T07:09:13+0000 [INFO] Processing post 1u5ecq4 (Arctic Shift): Arda❤️
2026-06-16T07:09:14+0000 [WARNING]   Could not re-fetch post 1u5ecq4 from Arctic Shift
2026-06-16T07:09:15+0000 [INFO]   Arctic Shift returned 0 comments
2026-06-16T07:09:15+0000 [INFO] Processing post 1u5ebwu (Arctic Shift): World Cup 2026 fan site - goals, cards, lineups, group stand
2026-06-16T07:09:16+0000 [WARNING]   Could not re-fetch post 1u5ebwu from Arctic Shift
2026-06-16T07:09:17+0000 [INFO]   Arctic Shift returned 0 comments
2026-06-16T07:09:17+0000 [INFO] Processing post 1u5ea33 (Arctic Shift): Second blatant send off given as a caution this World Cup
2026-06-16T07:09:18+0000 [WARNING]   Could not re-fetch post 1u5ea33 from Arctic Shift
2026-06-16T07:09:20+0000 [INFO]   Arctic Shift returned 1 comments
2026-06-16T07:09:20+0000 [INFO] Processing post 1u5ecyt (Arctic Shift): Plane goes over Qatar vs Switzerland
2026-06-16T07:09:21+0000 [WARNING]   Could not re-fetch post 1u5ecyt from Arctic Shift
2026-06-16T07:09:24+0000 [INFO]   Arctic Shift returned 2 comments
2026-06-16T07:09:24+0000 [INFO] Processing post 1u5egtl (Arctic Shift): The FIFA World Cup isn’t just football, it’s pure emotion ❤️
2026-06-16T07:09:24+0000 [WARNING]   Could not re-fetch post 1u5egtl from Arctic Shift
2026-06-16T07:09:26+0000 [INFO]   Arctic Shift returned 1 comments
2026-06-16T07:09:26+0000 [INFO] Processing post 1u5ehyt (Arctic Shift): The FIFA World Cup isn’t just football, it’s pure emotion .
2026-06-16T07:09:27+0000 [WARNING]   Could not re-fetch post 1u5ehyt from Arctic Shift
2026-06-16T07:09:29+0000 [INFO]   Arctic Shift returned 1 comments
2026-06-16T07:09:29+0000 [INFO] Processing post 1u5egzl (Arctic Shift): World cup winners by League
2026-06-16T07:09:30+0000 [WARNING]   Could not re-fetch post 1u5egzl from Arctic Shift
2026-06-16T07:09:32+0000 [INFO]   Arctic Shift returned 60 comments
2026-06-16T07:09:33+0000 [INFO] Processing post 1u5ej0m (Arctic Shift): The FIFA World Cup isn’t just football, it’s pure emotion .
2026-06-16T07:09:33+0000 [WARNING]   Could not re-fetch post 1u5ej0m from Arctic Shift
2026-06-16T07:09:35+0000 [INFO]   Arctic Shift returned 1 comments
2026-06-16T07:09:35+0000 [INFO] Processing post 1u5ekqi (Arctic Shift): World cup future locations?
2026-06-16T07:09:36+0000 [WARNING]   Could not re-fetch post 1u5ekqi from Arctic Shift
2026-06-16T07:09:38+0000 [INFO]   Arctic Shift returned 2 comments
2026-06-16T07:09:38+0000 [INFO] Processing post 1u5ejnp (Arctic Shift): Dear Montella - please stop using Kerem Aktürkoglu as ST
2026-06-16T07:09:39+0000 [WARNING]   Could not re-fetch post 1u5ejnp from Arctic Shift
2026-06-16T07:09:40+0000 [INFO]   Arctic Shift returned 0 comments
2026-06-16T07:09:40+0000 [INFO] Processing post 1u5ermg (Arctic Shift): Turkey have not performed at a tournament since 2008 and hav
2026-06-16T07:09:41+0000 [WARNING]   Could not re-fetch post 1u5ermg from Arctic Shift
2026-06-16T07:09:43+0000 [INFO]   Arctic Shift returned 27 comments
2026-06-16T07:09:43+0000 [INFO] Processing post 1u5eu6i (Arctic Shift): John McGinn after Scotland's win: "For me, it’s not sunk in 
2026-06-16T07:09:44+0000 [WARNING]   Could not re-fetch post 1u5eu6i from Arctic Shift
2026-06-16T07:09:46+0000 [INFO]   Arctic Shift returned 27 comments
2026-06-16T07:09:46+0000 [INFO] Processing post 1u5ess8 (Arctic Shift): [James Ducker] Man Utd’s £16m bill for sacking Ruben Amorim 
2026-06-16T07:09:47+0000 [WARNING]   Could not re-fetch post 1u5ess8 from Arctic Shift
2026-06-16T07:09:49+0000 [INFO]   Arctic Shift returned 21 comments
2026-06-16T07:09:49+0000 [INFO] Processing post 1u5esgv (Arctic Shift): Are we now forever doomed with ads?
2026-06-16T07:09:50+0000 [WARNING]   Could not re-fetch post 1u5esgv from Arctic Shift
2026-06-16T07:09:52+0000 [INFO]   Arctic Shift returned 1 comments
2026-06-16T07:09:52+0000 [INFO] Processing post 1u5exd7 (Arctic Shift): Pretend the world cup final just ended!!
2026-06-16T07:09:53+0000 [WARNING]   Could not re-fetch post 1u5exd7 from Arctic Shift
2026-06-16T07:09:55+0000 [INFO]   Arctic Shift returned 1 comments
2026-06-16T07:09:55+0000 [INFO] Processing post 1u5eyze (Arctic Shift): World Cup like IMDb does it
2026-06-16T07:09:56+0000 [WARNING]   Could not re-fetch post 1u5eyze from Arctic Shift
2026-06-16T07:09:58+0000 [INFO]   Arctic Shift returned 2 comments
2026-06-16T07:09:58+0000 [INFO] Processing post 1u5f1n3 (Arctic Shift): 5 years ago today, Patrik Schick's great long-range goal vs 
2026-06-16T07:09:59+0000 [WARNING]   Could not re-fetch post 1u5f1n3 from Arctic Shift
2026-06-16T07:10:01+0000 [INFO]   Arctic Shift returned 7 comments
2026-06-16T07:10:01+0000 [INFO] Harvester complete (arctic_shift+rss). 18 posts processed, 0 failed, 154 total comments collected.
2026-06-16T07:14:13+0000 [INFO] Harvester starting. Target time: 2026-06-14T07:14:13.054478+00:00. Mode: arctic_shift+rss
2026-06-16T07:14:13+0000 [INFO] No pending posts for target time 2026-06-14T07. Nothing to do.
2026-06-16T07:19:20+0000 [INFO] Harvester starting. Target time: 2026-06-14T07:19:20.774045+00:00. Mode: arctic_shift+rss
2026-06-16T07:19:20+0000 [INFO] No pending posts for target time 2026-06-14T07. Nothing to do.
2026-06-16T07:24:18+0000 [INFO] Harvester starting. Target time: 2026-06-14T07:24:18.446137+00:00. Mode: arctic_shift+rss
2026-06-16T07:24:18+0000 [INFO] No pending posts for target time 2026-06-14T07. Nothing to do.
2026-06-16T07:29:52+0000 [INFO] Harvester starting. Target time: 2026-06-14T07:29:52.428047+00:00. Mode: arctic_shift+rss
2026-06-16T07:29:52+0000 [INFO] No pending posts for target time 2026-06-14T07. Nothing to do.
2026-06-16T07:34:18+0000 [INFO] Harvester starting. Target time: 2026-06-14T07:34:18.255021+00:00. Mode: arctic_shift+rss
2026-06-16T07:34:18+0000 [INFO] No pending posts for target time 2026-06-14T07. Nothing to do.
2026-06-16T07:40:32+0000 [INFO] Harvester starting. Target time: 2026-06-14T07:40:32.563870+00:00. Mode: arctic_shift+rss
2026-06-16T07:40:32+0000 [INFO] No pending posts for target time 2026-06-14T07. Nothing to do.
