2026-06-16T10:04:17+0000 [INFO] Harvester starting. Target time: 2026-06-14T10:04:17.839369+00:00. Mode: arctic_shift+rss
2026-06-16T10:04:17+0000 [INFO] Found 21 posts to process
2026-06-16T10:04:17+0000 [INFO] Processing post 1u5h3vb (Arctic Shift): It's time for bigger goals! It's honestly a shame to see peo
2026-06-16T10:04:18+0000 [WARNING]   Could not re-fetch post 1u5h3vb from Arctic Shift
2026-06-16T10:04:20+0000 [INFO]   Arctic Shift returned 2 comments
2026-06-16T10:04:20+0000 [INFO] Processing post 1u5h74j (Arctic Shift): Anyone remember Sensible Soccer?
2026-06-16T10:04:21+0000 [WARNING]   Could not re-fetch post 1u5h74j from Arctic Shift
2026-06-16T10:04:23+0000 [INFO]   Arctic Shift returned 1 comments
2026-06-16T10:04:23+0000 [INFO] Processing post 1u5h61w (Arctic Shift): Australia vs Türkiye Highlights.
2026-06-16T10:04:24+0000 [WARNING]   Could not re-fetch post 1u5h61w from Arctic Shift
2026-06-16T10:04:26+0000 [INFO]   Arctic Shift returned 1 comments
2026-06-16T10:04:26+0000 [INFO] Processing post 1u5havx (Arctic Shift): World Cup Match Schedule & Results – Sunday, June 14
2026-06-16T10:04:27+0000 [WARNING]   Could not re-fetch post 1u5havx from Arctic Shift
2026-06-16T10:04:28+0000 [INFO]   Arctic Shift returned 0 comments
2026-06-16T10:04:28+0000 [INFO] Processing post 1u5h9gw (Arctic Shift): Selling Cat 2
2026-06-16T10:04:29+0000 [WARNING]   Could not re-fetch post 1u5h9gw from Arctic Shift
2026-06-16T10:04:31+0000 [INFO]   Arctic Shift returned 2 comments
2026-06-16T10:04:31+0000 [INFO] Processing post 1u5h9x0 (Arctic Shift): An interviewer was cut off mid interview with Frenkie de Jon
2026-06-16T10:04:32+0000 [WARNING]   Could not re-fetch post 1u5h9x0 from Arctic Shift
2026-06-16T10:04:34+0000 [INFO]   Arctic Shift returned 1 comments
2026-06-16T10:04:34+0000 [INFO] Processing post 1u5h8p6 (Arctic Shift): Selling 🇨🇭 vs 🇧🇦
2026-06-16T10:04:35+0000 [WARNING]   Could not re-fetch post 1u5h8p6 from Arctic Shift
2026-06-16T10:04:37+0000 [INFO]   Arctic Shift returned 1 comments
2026-06-16T10:04:37+0000 [INFO] Processing post 1u5hc7i (Arctic Shift): The details behind AC Milan's 2-year contract offer for ex-M
2026-06-16T10:04:38+0000 [WARNING]   Could not re-fetch post 1u5hc7i from Arctic Shift
2026-06-16T10:04:41+0000 [INFO]   Arctic Shift returned 124 comments
2026-06-16T10:04:41+0000 [INFO] Processing post 1u5hh41 (Arctic Shift): Unpopular Opinion: After Spain's 2010 WC Midfield, Portugal'
2026-06-16T10:04:42+0000 [WARNING]   Could not re-fetch post 1u5hh41 from Arctic Shift
2026-06-16T10:04:44+0000 [INFO]   Arctic Shift returned 1 comments
2026-06-16T10:04:44+0000 [INFO] Processing post 1u5hfbv (Arctic Shift): [World Cup 2026 Preview] Tunisia: The Eagles of Carthage Beg
2026-06-16T10:04:45+0000 [WARNING]   Could not re-fetch post 1u5hfbv from Arctic Shift
2026-06-16T10:04:47+0000 [INFO]   Arctic Shift returned 12 comments
2026-06-16T10:04:47+0000 [INFO] Processing post 1u5hjex (Arctic Shift): [World Cup 2026 Preview] Sweden: Fortune, Firepower, and Pot
2026-06-16T10:04:48+0000 [WARNING]   Could not re-fetch post 1u5hjex from Arctic Shift
2026-06-16T10:04:50+0000 [INFO]   Arctic Shift returned 30 comments
2026-06-16T10:04:50+0000 [INFO] Processing post 1u5hq2v (Arctic Shift): What the hell bro?
2026-06-16T10:04:51+0000 [WARNING]   Could not re-fetch post 1u5hq2v from Arctic Shift
2026-06-16T10:04:53+0000 [INFO]   Arctic Shift returned 1 comments
2026-06-16T10:04:53+0000 [INFO] Processing post 1u5hspi (Arctic Shift): Grande Azzurri 💙
2026-06-16T10:04:54+0000 [WARNING]   Could not re-fetch post 1u5hspi from Arctic Shift
2026-06-16T10:04:56+0000 [INFO]   Arctic Shift returned 1 comments
2026-06-16T10:04:56+0000 [INFO] Processing post 1u5ht96 (Arctic Shift): Grande Azzurri!
2026-06-16T10:04:57+0000 [WARNING]   Could not re-fetch post 1u5ht96 from Arctic Shift
2026-06-16T10:04:59+0000 [INFO]   Arctic Shift returned 1 comments
2026-06-16T10:04:59+0000 [INFO] Processing post 1u5htlw (Arctic Shift): World Cup 2026 — free live wallchart with scores, group prob
2026-06-16T10:05:00+0000 [WARNING]   Could not re-fetch post 1u5htlw from Arctic Shift
2026-06-16T10:05:02+0000 [INFO]   Arctic Shift returned 2 comments
2026-06-16T10:05:02+0000 [INFO] Processing post 1u5hr92 (Arctic Shift): Australia's 2-0 victory over Turkey is the 5th biggest upset
2026-06-16T10:05:03+0000 [WARNING]   Could not re-fetch post 1u5hr92 from Arctic Shift
2026-06-16T10:05:06+0000 [INFO]   Arctic Shift returned 133 comments
2026-06-16T10:05:06+0000 [INFO] Processing post 1u5hu6u (Arctic Shift): The state of World Cup "highlights" on YouTube is pathetic
2026-06-16T10:05:07+0000 [WARNING]   Could not re-fetch post 1u5hu6u from Arctic Shift
2026-06-16T10:05:10+0000 [INFO]   Arctic Shift returned 1 comments
2026-06-16T10:05:10+0000 [INFO] Processing post 1u5hwm2 (Arctic Shift): Olise in LEGO !
2026-06-16T10:05:11+0000 [WARNING]   Could not re-fetch post 1u5hwm2 from Arctic Shift
2026-06-16T10:05:12+0000 [INFO]   Arctic Shift returned 1 comments
2026-06-16T10:05:12+0000 [INFO] Processing post 1u5huv1 (Arctic Shift): ‘It’s going to be extremely hot’: workers imperiled as swelt
2026-06-16T10:05:13+0000 [WARNING]   Could not re-fetch post 1u5huv1 from Arctic Shift
2026-06-16T10:05:15+0000 [INFO]   Arctic Shift returned 3 comments
2026-06-16T10:05:15+0000 [INFO] Processing post 1u5hu08 (Arctic Shift): Ayyoub Bouaddi applauds his teammate's pass before touching 
2026-06-16T10:05:16+0000 [WARNING]   Could not re-fetch post 1u5hu08 from Arctic Shift
2026-06-16T10:05:18+0000 [INFO]   Arctic Shift returned 1 comments
2026-06-16T10:05:18+0000 [INFO] Processing post 1u5i1ez (Arctic Shift): Australian players name pronunciations
2026-06-16T10:05:19+0000 [WARNING]   Could not re-fetch post 1u5i1ez from Arctic Shift
2026-06-16T10:05:21+0000 [INFO]   Arctic Shift returned 26 comments
2026-06-16T10:05:21+0000 [INFO] Harvester complete (arctic_shift+rss). 21 posts processed, 0 failed, 345 total comments collected.
2026-06-16T10:10:08+0000 [INFO] Harvester starting. Target time: 2026-06-14T10:10:08.685794+00:00. Mode: arctic_shift+rss
2026-06-16T10:10:08+0000 [INFO] No pending posts for target time 2026-06-14T10. Nothing to do.
2026-06-16T10:14:54+0000 [INFO] Harvester starting. Target time: 2026-06-14T10:14:54.242044+00:00. Mode: arctic_shift+rss
2026-06-16T10:14:54+0000 [INFO] No pending posts for target time 2026-06-14T10. Nothing to do.
2026-06-16T10:19:25+0000 [INFO] Harvester starting. Target time: 2026-06-14T10:19:25.330824+00:00. Mode: arctic_shift+rss
2026-06-16T10:19:25+0000 [INFO] No pending posts for target time 2026-06-14T10. Nothing to do.
2026-06-16T10:24:09+0000 [INFO] Harvester starting. Target time: 2026-06-14T10:24:09.285491+00:00. Mode: arctic_shift+rss
2026-06-16T10:24:09+0000 [INFO] No pending posts for target time 2026-06-14T10. Nothing to do.
2026-06-16T10:29:17+0000 [INFO] Harvester starting. Target time: 2026-06-14T10:29:17.793675+00:00. Mode: arctic_shift+rss
2026-06-16T10:29:17+0000 [INFO] No pending posts for target time 2026-06-14T10. Nothing to do.
2026-06-16T10:35:15+0000 [INFO] Harvester starting. Target time: 2026-06-14T10:35:15.151758+00:00. Mode: arctic_shift+rss
2026-06-16T10:35:15+0000 [INFO] No pending posts for target time 2026-06-14T10. Nothing to do.
2026-06-16T10:39:19+0000 [INFO] Harvester starting. Target time: 2026-06-14T10:39:19.748203+00:00. Mode: arctic_shift+rss
2026-06-16T10:39:19+0000 [INFO] No pending posts for target time 2026-06-14T10. Nothing to do.
2026-06-16T10:44:26+0000 [INFO] Harvester starting. Target time: 2026-06-14T10:44:26.481473+00:00. Mode: arctic_shift+rss
2026-06-16T10:44:26+0000 [INFO] No pending posts for target time 2026-06-14T10. Nothing to do.
2026-06-16T10:49:19+0000 [INFO] Harvester starting. Target time: 2026-06-14T10:49:19.467532+00:00. Mode: arctic_shift+rss
2026-06-16T10:49:19+0000 [INFO] No pending posts for target time 2026-06-14T10. Nothing to do.
2026-06-16T10:54:44+0000 [INFO] Harvester starting. Target time: 2026-06-14T10:54:44.810300+00:00. Mode: arctic_shift+rss
2026-06-16T10:54:44+0000 [INFO] No pending posts for target time 2026-06-14T10. Nothing to do.
