2026-06-14T00:03:31+0000 [INFO] Harvester starting. Target time: 2026-06-12T00:03:31.926584+00:00. Mode: arctic_shift+rss
2026-06-14T00:03:31+0000 [INFO] Found 15 posts to process
2026-06-14T00:03:32+0000 [INFO] Processing post 1u3fn81 (Arctic Shift): Soccer ball fixing advice
2026-06-14T00:03:32+0000 [WARNING]   Could not re-fetch post 1u3fn81 from Arctic Shift
2026-06-14T00:03:34+0000 [INFO]   Arctic Shift returned 1 comments
2026-06-14T00:03:34+0000 [INFO] Processing post 1u3fm31 (Arctic Shift): Why do some players not wear shin guards anymore?
2026-06-14T00:03:35+0000 [WARNING]   Could not re-fetch post 1u3fm31 from Arctic Shift
2026-06-14T00:03:37+0000 [INFO]   Arctic Shift returned 1 comments
2026-06-14T00:03:37+0000 [INFO] Processing post 1u3fuh2 (Arctic Shift): Football Zionism. A good video focusing on the Chaotic mess 
2026-06-14T00:03:38+0000 [WARNING]   Could not re-fetch post 1u3fuh2 from Arctic Shift
2026-06-14T00:03:40+0000 [INFO]   Arctic Shift returned 1 comments
2026-06-14T00:03:40+0000 [INFO] Processing post 1u3fxvl (Arctic Shift): Les BLEUS s'installent à BOSTON !
2026-06-14T00:03:41+0000 [WARNING]   Could not re-fetch post 1u3fxvl from Arctic Shift
2026-06-14T00:03:43+0000 [INFO]   Arctic Shift returned 1 comments
2026-06-14T00:03:43+0000 [INFO] Processing post 1u3fw5p (Arctic Shift): I made a simple World Cup 2026 kick-off tracker
2026-06-14T00:03:44+0000 [WARNING]   Could not re-fetch post 1u3fw5p from Arctic Shift
2026-06-14T00:03:46+0000 [INFO]   Arctic Shift returned 1 comments
2026-06-14T00:03:46+0000 [INFO] Processing post 1u3fwk9 (Arctic Shift): South Africans weren't exactly thrilled with their World Cup
2026-06-14T00:03:47+0000 [WARNING]   Could not re-fetch post 1u3fwk9 from Arctic Shift
2026-06-14T00:03:51+0000 [INFO]   Arctic Shift returned 287 comments
2026-06-14T00:03:51+0000 [INFO] Processing post 1u3fy1s (Arctic Shift): Question about the World Cup
2026-06-14T00:03:52+0000 [WARNING]   Could not re-fetch post 1u3fy1s from Arctic Shift
2026-06-14T00:03:54+0000 [INFO]   Arctic Shift returned 1 comments
2026-06-14T00:03:54+0000 [INFO] Processing post 1u3g7mw (Arctic Shift): Canada and Mexico Disrespect
2026-06-14T00:03:55+0000 [WARNING]   Could not re-fetch post 1u3g7mw from Arctic Shift
2026-06-14T00:03:57+0000 [INFO]   Arctic Shift returned 1 comments
2026-06-14T00:03:57+0000 [INFO] Processing post 1u3g87r (Arctic Shift): What are your thoughts on AI predictions and simulations for
2026-06-14T00:03:58+0000 [WARNING]   Could not re-fetch post 1u3g87r from Arctic Shift
2026-06-14T00:04:00+0000 [INFO]   Arctic Shift returned 1 comments
2026-06-14T00:04:00+0000 [INFO] Processing post 1u3gdf7 (Arctic Shift): [ Removed by moderator ]
2026-06-14T00:04:01+0000 [WARNING]   Could not re-fetch post 1u3gdf7 from Arctic Shift
2026-06-14T00:04:02+0000 [INFO]   Arctic Shift returned 0 comments
2026-06-14T00:04:02+0000 [INFO] Processing post 1u3gcko (Arctic Shift): watch commentator by british
2026-06-14T00:04:03+0000 [WARNING]   Could not re-fetch post 1u3gcko from Arctic Shift
2026-06-14T00:04:05+0000 [INFO]   Arctic Shift returned 1 comments
2026-06-14T00:04:05+0000 [INFO] Processing post 1u3gmhd (Arctic Shift): aqui un analisis del 1er partido del mundial!               
2026-06-14T00:04:06+0000 [WARNING]   Could not re-fetch post 1u3gmhd from Arctic Shift
2026-06-14T00:04:08+0000 [INFO]   Arctic Shift returned 1 comments
2026-06-14T00:04:08+0000 [INFO] Processing post 1u3gk3m (Arctic Shift): Two Games In The First Day in The World Cup
2026-06-14T00:04:09+0000 [WARNING]   Could not re-fetch post 1u3gk3m from Arctic Shift
2026-06-14T00:04:11+0000 [INFO]   Arctic Shift returned 1 comments
2026-06-14T00:04:11+0000 [INFO] Processing post 1u3girh (Arctic Shift): Every national team World Cup debut
2026-06-14T00:04:12+0000 [WARNING]   Could not re-fetch post 1u3girh from Arctic Shift
2026-06-14T00:04:14+0000 [INFO]   Arctic Shift returned 1 comments
2026-06-14T00:04:14+0000 [INFO] Processing post 1u3gncd (Arctic Shift): WC Opener History: 3 Red Cards & A Slap LMFAO
2026-06-14T00:04:15+0000 [WARNING]   Could not re-fetch post 1u3gncd from Arctic Shift
2026-06-14T00:04:17+0000 [INFO]   Arctic Shift returned 1 comments
2026-06-14T00:04:17+0000 [INFO] Harvester complete (arctic_shift+rss). 15 posts processed, 0 failed, 300 total comments collected.
2026-06-14T00:08:14+0000 [INFO] Harvester starting. Target time: 2026-06-12T00:08:14.798583+00:00. Mode: arctic_shift+rss
2026-06-14T00:08:14+0000 [INFO] No pending posts for target time 2026-06-12T00. Nothing to do.
2026-06-14T00:13:20+0000 [INFO] Harvester starting. Target time: 2026-06-12T00:13:20.141389+00:00. Mode: arctic_shift+rss
2026-06-14T00:13:20+0000 [INFO] No pending posts for target time 2026-06-12T00. Nothing to do.
2026-06-14T00:18:19+0000 [INFO] Harvester starting. Target time: 2026-06-12T00:18:19.827491+00:00. Mode: arctic_shift+rss
2026-06-14T00:18:19+0000 [INFO] No pending posts for target time 2026-06-12T00. Nothing to do.
2026-06-14T00:23:24+0000 [INFO] Harvester starting. Target time: 2026-06-12T00:23:24.524412+00:00. Mode: arctic_shift+rss
2026-06-14T00:23:24+0000 [INFO] No pending posts for target time 2026-06-12T00. Nothing to do.
