2026-06-18T11:03:53+0000 [INFO] Harvester starting. Target time: 2026-06-16T11:03:53.658377+00:00. Mode: arctic_shift+rss
2026-06-18T11:03:53+0000 [INFO] Found 15 posts to process
2026-06-18T11:03:53+0000 [INFO] Processing post 1u7a9mk (Arctic Shift): Everyone's doing it for individual leagues, but here's one f
2026-06-18T11:03:54+0000 [WARNING]   Could not re-fetch post 1u7a9mk from Arctic Shift
2026-06-18T11:03:55+0000 [INFO]   Arctic Shift returned 1 comments
2026-06-18T11:03:55+0000 [INFO] Processing post 1u7aasi (Arctic Shift): World Cup referee accused of making white power gesture spea
2026-06-18T11:03:57+0000 [WARNING]   Could not re-fetch post 1u7aasi from Arctic Shift
2026-06-18T11:03:59+0000 [INFO]   Arctic Shift returned 1 comments
2026-06-18T11:03:59+0000 [INFO] Processing post 1u7agb4 (Arctic Shift): [ Removed by moderator ]
2026-06-18T11:03:59+0000 [WARNING]   Could not re-fetch post 1u7agb4 from Arctic Shift
2026-06-18T11:04:02+0000 [INFO]   Arctic Shift returned 1 comments
2026-06-18T11:04:02+0000 [INFO] Processing post 1u7aemu (Arctic Shift): Cape Verde had better ball possession against Spain yesterda
2026-06-18T11:04:03+0000 [WARNING]   Could not re-fetch post 1u7aemu from Arctic Shift
2026-06-18T11:04:05+0000 [INFO]   Arctic Shift returned 13 comments
2026-06-18T11:04:05+0000 [INFO] Processing post 1u7ah39 (Arctic Shift): How Body Language, Intensity & Commitment Drive Young Footba
2026-06-18T11:04:05+0000 [WARNING]   Could not re-fetch post 1u7ah39 from Arctic Shift
2026-06-18T11:04:08+0000 [INFO]   Arctic Shift returned 1 comments
2026-06-18T11:04:08+0000 [INFO] Processing post 1u7akgz (Arctic Shift): Sign the Petition
2026-06-18T11:04:08+0000 [WARNING]   Could not re-fetch post 1u7akgz from Arctic Shift
2026-06-18T11:04:11+0000 [INFO]   Arctic Shift returned 1 comments
2026-06-18T11:04:11+0000 [INFO] Processing post 1u7aulb (Arctic Shift): Have we ever had this many completely tied groups after the 
2026-06-18T11:04:11+0000 [WARNING]   Could not re-fetch post 1u7aulb from Arctic Shift
2026-06-18T11:04:14+0000 [INFO]   Arctic Shift returned 24 comments
2026-06-18T11:04:14+0000 [INFO] Processing post 1u7auxj (Arctic Shift): Tino Livramento expected to be ruled out of the World Cup wi
2026-06-18T11:04:15+0000 [WARNING]   Could not re-fetch post 1u7auxj from Arctic Shift
2026-06-18T11:04:18+0000 [INFO]   Arctic Shift returned 286 comments
2026-06-18T11:04:18+0000 [INFO] Processing post 1u7b02x (Arctic Shift): Inside ‘bullied’ Marcus Rashford’s revival after escaping Ma
2026-06-18T11:04:19+0000 [WARNING]   Could not re-fetch post 1u7b02x from Arctic Shift
2026-06-18T11:04:22+0000 [INFO]   Arctic Shift returned 2 comments
2026-06-18T11:04:22+0000 [INFO] Processing post 1u7b7wh (Arctic Shift): Fun Fact
2026-06-18T11:04:23+0000 [WARNING]   Could not re-fetch post 1u7b7wh from Arctic Shift
2026-06-18T11:04:25+0000 [INFO]   Arctic Shift returned 1 comments
2026-06-18T11:04:25+0000 [INFO] Processing post 1u7b5vb (Arctic Shift): Nico Paz informs Real Madrid that he wants to stay at Como. 
2026-06-18T11:04:26+0000 [WARNING]   Could not re-fetch post 1u7b5vb from Arctic Shift
2026-06-18T11:04:29+0000 [INFO]   Arctic Shift returned 130 comments
2026-06-18T11:04:29+0000 [INFO] Processing post 1u7b7yn (Arctic Shift): Someone knows how to get this  watermark i need it please
2026-06-18T11:04:29+0000 [WARNING]   Could not re-fetch post 1u7b7yn from Arctic Shift
2026-06-18T11:04:32+0000 [INFO]   Arctic Shift returned 2 comments
2026-06-18T11:04:32+0000 [INFO] Processing post 1u7bbgr (Arctic Shift): Ousmane Sonko Frames France-Senegal World Cup Clash as a Mir
2026-06-18T11:04:32+0000 [WARNING]   Could not re-fetch post 1u7bbgr from Arctic Shift
2026-06-18T11:04:40+0000 [INFO]   Arctic Shift returned 665 comments
2026-06-18T11:04:40+0000 [INFO] Processing post 1u7b9wt (Arctic Shift): Senegal-France clash: ‘Whoever wins, Africa beats Africa’ — 
2026-06-18T11:04:41+0000 [WARNING]   Could not re-fetch post 1u7b9wt from Arctic Shift
2026-06-18T11:04:44+0000 [INFO]   Arctic Shift returned 1 comments
2026-06-18T11:04:44+0000 [INFO] Processing post 1u7b91c (Arctic Shift): Senegal-France clash: ‘Whoever wins, Africa beats Africa’ — 
2026-06-18T11:04:45+0000 [WARNING]   Could not re-fetch post 1u7b91c from Arctic Shift
2026-06-18T11:04:46+0000 [INFO]   Arctic Shift returned 1 comments
2026-06-18T11:04:46+0000 [INFO] Harvester complete (arctic_shift+rss). 15 posts processed, 0 failed, 1130 total comments collected.
2026-06-18T11:08:38+0000 [INFO] Harvester starting. Target time: 2026-06-16T11:08:38.067665+00:00. Mode: arctic_shift+rss
2026-06-18T11:08:38+0000 [INFO] No pending posts for target time 2026-06-16T11. Nothing to do.
2026-06-18T11:14:08+0000 [INFO] Harvester starting. Target time: 2026-06-16T11:14:08.094290+00:00. Mode: arctic_shift+rss
2026-06-18T11:14:08+0000 [INFO] No pending posts for target time 2026-06-16T11. Nothing to do.
2026-06-18T11:23:47+0000 [INFO] Harvester starting. Target time: 2026-06-16T11:23:47.032331+00:00. Mode: arctic_shift+rss
2026-06-18T11:23:47+0000 [INFO] No pending posts for target time 2026-06-16T11. Nothing to do.
2026-06-18T11:28:44+0000 [INFO] Harvester starting. Target time: 2026-06-16T11:28:44.504182+00:00. Mode: arctic_shift+rss
2026-06-18T11:28:44+0000 [INFO] No pending posts for target time 2026-06-16T11. Nothing to do.
2026-06-18T11:33:56+0000 [INFO] Harvester starting. Target time: 2026-06-16T11:33:56.055803+00:00. Mode: arctic_shift+rss
2026-06-18T11:33:56+0000 [INFO] No pending posts for target time 2026-06-16T11. Nothing to do.
