2026-06-15T12:03:23+0000 [INFO] Harvester starting. Target time: 2026-06-13T12:03:23.779399+00:00. Mode: arctic_shift+rss
2026-06-15T12:03:23+0000 [INFO] Found 16 posts to process
2026-06-15T12:03:23+0000 [INFO] Processing post 1u4p2b9 (Arctic Shift): Kulesh Y. TerminéStain D. Terminé
2026-06-15T12:03:24+0000 [WARNING]   Could not re-fetch post 1u4p2b9 from Arctic Shift
2026-06-15T12:03:26+0000 [INFO]   Arctic Shift returned 1 comments
2026-06-15T12:03:26+0000 [INFO] Processing post 1u4p953 (Arctic Shift): 70 years ago today, Real Madrid won the first ever European 
2026-06-15T12:03:27+0000 [WARNING]   Could not re-fetch post 1u4p953 from Arctic Shift
2026-06-15T12:03:29+0000 [INFO]   Arctic Shift returned 5 comments
2026-06-15T12:03:29+0000 [INFO] Processing post 1u4p82a (Arctic Shift): Request
2026-06-15T12:03:30+0000 [WARNING]   Could not re-fetch post 1u4p82a from Arctic Shift
2026-06-15T12:03:32+0000 [INFO]   Arctic Shift returned 1 comments
2026-06-15T12:03:32+0000 [INFO] Processing post 1u4pbe0 (Arctic Shift): Ghana official urges Canada to review its decision to deny T
2026-06-15T12:03:33+0000 [WARNING]   Could not re-fetch post 1u4pbe0 from Arctic Shift
2026-06-15T12:03:37+0000 [INFO]   Arctic Shift returned 253 comments
2026-06-15T12:03:37+0000 [INFO] Processing post 1u4pf2d (Arctic Shift): [RTP] Helena Costa recalls the experience of being the first
2026-06-15T12:03:38+0000 [WARNING]   Could not re-fetch post 1u4pf2d from Arctic Shift
2026-06-15T12:03:40+0000 [INFO]   Arctic Shift returned 3 comments
2026-06-15T12:03:40+0000 [INFO] Processing post 1u4pg3u (Arctic Shift): FIFA faces protests in Toronto over Israel ties ahead of Can
2026-06-15T12:03:41+0000 [WARNING]   Could not re-fetch post 1u4pg3u from Arctic Shift
2026-06-15T12:03:43+0000 [INFO]   Arctic Shift returned 1 comments
2026-06-15T12:03:43+0000 [INFO] Processing post 1u4pfuf (Arctic Shift): What if Neymar won the world cup
2026-06-15T12:03:44+0000 [WARNING]   Could not re-fetch post 1u4pfuf from Arctic Shift
2026-06-15T12:03:46+0000 [INFO]   Arctic Shift returned 37 comments
2026-06-15T12:03:46+0000 [INFO] Processing post 1u4pcyi (Arctic Shift): "This Trivela is INSANE 😱🔥 USA World Cup 2026 #Shorts"
2026-06-15T12:03:47+0000 [WARNING]   Could not re-fetch post 1u4pcyi from Arctic Shift
2026-06-15T12:03:49+0000 [INFO]   Arctic Shift returned 1 comments
2026-06-15T12:03:49+0000 [INFO] Processing post 1u4phha (Arctic Shift): FIFA faces protests in Toronto over Israel ties ahead of Can
2026-06-15T12:03:50+0000 [WARNING]   Could not re-fetch post 1u4phha from Arctic Shift
2026-06-15T12:03:52+0000 [INFO]   Arctic Shift returned 1 comments
2026-06-15T12:03:52+0000 [INFO] Processing post 1u4phoq (Arctic Shift): [WEEI, Boston – Rich and Ken with Ted Johnson] An STV Radio 
2026-06-15T12:03:53+0000 [WARNING]   Could not re-fetch post 1u4phoq from Arctic Shift
2026-06-15T12:03:55+0000 [INFO]   Arctic Shift returned 2 comments
2026-06-15T12:03:55+0000 [INFO] Processing post 1u4pkhn (Arctic Shift): Gary Lineker Is Worried About the Trump World Cup
2026-06-15T12:03:56+0000 [WARNING]   Could not re-fetch post 1u4pkhn from Arctic Shift
2026-06-15T12:03:58+0000 [INFO]   Arctic Shift returned 71 comments
2026-06-15T12:03:58+0000 [INFO] Processing post 1u4pkob (Arctic Shift): I built a live world map where the whole planet picks a side
2026-06-15T12:03:59+0000 [WARNING]   Could not re-fetch post 1u4pkob from Arctic Shift
2026-06-15T12:04:01+0000 [INFO]   Arctic Shift returned 2 comments
2026-06-15T12:04:01+0000 [INFO] Processing post 1u4px1w (Arctic Shift): Matthieu Mantovani's take on FIFA 2026
2026-06-15T12:04:02+0000 [WARNING]   Could not re-fetch post 1u4px1w from Arctic Shift
2026-06-15T12:04:04+0000 [INFO]   Arctic Shift returned 1 comments
2026-06-15T12:04:04+0000 [INFO] Processing post 1u4pve3 (Arctic Shift): Joao Palhinha on his way to Sporting for 25 million euros
2026-06-15T12:04:05+0000 [WARNING]   Could not re-fetch post 1u4pve3 from Arctic Shift
2026-06-15T12:04:08+0000 [INFO]   Arctic Shift returned 158 comments
2026-06-15T12:04:08+0000 [INFO] Processing post 1u4pyyo (Arctic Shift): went down a rabbit hole identifying every baller's style at 
2026-06-15T12:04:09+0000 [WARNING]   Could not re-fetch post 1u4pyyo from Arctic Shift
2026-06-15T12:04:11+0000 [INFO]   Arctic Shift returned 2 comments
2026-06-15T12:04:11+0000 [INFO] Processing post 1u4q69j (Arctic Shift): [David Ornstein] England recover stolen training kit five da
2026-06-15T12:04:12+0000 [WARNING]   Could not re-fetch post 1u4q69j from Arctic Shift
2026-06-15T12:04:15+0000 [INFO]   Arctic Shift returned 102 comments
2026-06-15T12:04:15+0000 [INFO] Harvester complete (arctic_shift+rss). 16 posts processed, 0 failed, 641 total comments collected.
2026-06-15T12:07:55+0000 [INFO] Harvester starting. Target time: 2026-06-13T12:07:55.401918+00:00. Mode: arctic_shift+rss
2026-06-15T12:07:55+0000 [INFO] No pending posts for target time 2026-06-13T12. Nothing to do.
2026-06-15T12:13:09+0000 [INFO] Harvester starting. Target time: 2026-06-13T12:13:09.361637+00:00. Mode: arctic_shift+rss
2026-06-15T12:13:09+0000 [INFO] No pending posts for target time 2026-06-13T12. Nothing to do.
2026-06-15T12:18:04+0000 [INFO] Harvester starting. Target time: 2026-06-13T12:18:04.268986+00:00. Mode: arctic_shift+rss
2026-06-15T12:18:04+0000 [INFO] No pending posts for target time 2026-06-13T12. Nothing to do.
2026-06-15T12:23:06+0000 [INFO] Harvester starting. Target time: 2026-06-13T12:23:06.459591+00:00. Mode: arctic_shift+rss
2026-06-15T12:23:06+0000 [INFO] No pending posts for target time 2026-06-13T12. Nothing to do.
2026-06-15T12:28:01+0000 [INFO] Harvester starting. Target time: 2026-06-13T12:28:01.153109+00:00. Mode: arctic_shift+rss
2026-06-15T12:28:01+0000 [INFO] No pending posts for target time 2026-06-13T12. Nothing to do.
2026-06-15T12:33:08+0000 [INFO] Harvester starting. Target time: 2026-06-13T12:33:08.261023+00:00. Mode: arctic_shift+rss
2026-06-15T12:33:08+0000 [INFO] No pending posts for target time 2026-06-13T12. Nothing to do.
2026-06-15T12:37:56+0000 [INFO] Harvester starting. Target time: 2026-06-13T12:37:56.101840+00:00. Mode: arctic_shift+rss
2026-06-15T12:37:56+0000 [INFO] No pending posts for target time 2026-06-13T12. Nothing to do.
2026-06-15T12:43:25+0000 [INFO] Harvester starting. Target time: 2026-06-13T12:43:25.251987+00:00. Mode: arctic_shift+rss
2026-06-15T12:43:25+0000 [INFO] No pending posts for target time 2026-06-13T12. Nothing to do.
