2026-06-14T02:03:33+0000 [INFO] Harvester starting. Target time: 2026-06-12T02:03:33.395494+00:00. Mode: arctic_shift+rss
2026-06-14T02:03:33+0000 [INFO] Found 28 posts to process
2026-06-14T02:03:33+0000 [INFO] Processing post 1u3i6ue (Arctic Shift): Averaged Team Rankings Across 5 Sources For Group Strength
2026-06-14T02:03:33+0000 [WARNING]   Could not re-fetch post 1u3i6ue from Arctic Shift
2026-06-14T02:03:36+0000 [INFO]   Arctic Shift returned 10 comments
2026-06-14T02:03:36+0000 [INFO] Processing post 1u3i80a (Arctic Shift): NYC BRASIL TIME SQUARE
2026-06-14T02:03:36+0000 [WARNING]   Could not re-fetch post 1u3i80a from Arctic Shift
2026-06-14T02:03:38+0000 [INFO]   Arctic Shift returned 1 comments
2026-06-14T02:03:38+0000 [INFO] Processing post 1u3iall (Arctic Shift): FIFA FileMaker Game for score updates
2026-06-14T02:03:39+0000 [WARNING]   Could not re-fetch post 1u3iall from Arctic Shift
2026-06-14T02:03:44+0000 [INFO]   Arctic Shift returned 2 comments
2026-06-14T02:03:44+0000 [INFO] Processing post 1u3id64 (Arctic Shift): The oldest manager record in FIFA World Cup history is chang
2026-06-14T02:03:45+0000 [WARNING]   Could not re-fetch post 1u3id64 from Arctic Shift
2026-06-14T02:03:47+0000 [INFO]   Arctic Shift returned 28 comments
2026-06-14T02:03:47+0000 [INFO] Processing post 1u3igne (Arctic Shift): "Jiménez ki story dekhi? 🤯" Have you seen Jiménez story?
2026-06-14T02:03:48+0000 [WARNING]   Could not re-fetch post 1u3igne from Arctic Shift
2026-06-14T02:03:50+0000 [INFO]   Arctic Shift returned 1 comments
2026-06-14T02:03:50+0000 [INFO] Processing post 1u3ijrj (Arctic Shift): Kovar save against Korea Republic 14'
2026-06-14T02:03:51+0000 [WARNING]   Could not re-fetch post 1u3ijrj from Arctic Shift
2026-06-14T02:03:52+0000 [INFO]   Arctic Shift returned 23 comments
2026-06-14T02:03:52+0000 [INFO] Processing post 1u3iov5 (Arctic Shift): For the first time since 2002, a World Cup game opener isn’t
2026-06-14T02:03:54+0000 [WARNING]   Could not re-fetch post 1u3iov5 from Arctic Shift
2026-06-14T02:03:56+0000 [INFO]   Arctic Shift returned 1 comments
2026-06-14T02:03:56+0000 [INFO] Processing post 1u3ism4 (Arctic Shift): Sulc's shirt is ripped after being pulled by a Sorth Korea p
2026-06-14T02:03:57+0000 [WARNING]   Could not re-fetch post 1u3ism4 from Arctic Shift
2026-06-14T02:03:59+0000 [INFO]   Arctic Shift returned 20 comments
2026-06-14T02:03:59+0000 [INFO] Processing post 1u3is5l (Arctic Shift): ¡México hizo explotar el Azteca! 🇲🇽🔥 Debut perfecto en el Mu
2026-06-14T02:03:59+0000 [WARNING]   Could not re-fetch post 1u3is5l from Arctic Shift
2026-06-14T02:04:02+0000 [INFO]   Arctic Shift returned 1 comments
2026-06-14T02:04:02+0000 [INFO] Processing post 1u3irkx (Arctic Shift): One of my favorite players is Lee
2026-06-14T02:04:03+0000 [WARNING]   Could not re-fetch post 1u3irkx from Arctic Shift
2026-06-14T02:04:05+0000 [INFO]   Arctic Shift returned 11 comments
2026-06-14T02:04:05+0000 [INFO] Processing post 1u3isb8 (Arctic Shift): Šulc had his jersey ripped
2026-06-14T02:04:06+0000 [WARNING]   Could not re-fetch post 1u3isb8 from Arctic Shift
2026-06-14T02:04:08+0000 [INFO]   Arctic Shift returned 8 comments
2026-06-14T02:04:08+0000 [INFO] Processing post 1u3isw3 (Arctic Shift): Commercials are now common during play.
2026-06-14T02:04:09+0000 [WARNING]   Could not re-fetch post 1u3isw3 from Arctic Shift
2026-06-14T02:04:11+0000 [INFO]   Arctic Shift returned 1 comments
2026-06-14T02:04:11+0000 [INFO] Processing post 1u3ite9 (Arctic Shift): Han-Beom Lee rips Pavel Sulc's shirt
2026-06-14T02:04:11+0000 [WARNING]   Could not re-fetch post 1u3ite9 from Arctic Shift
2026-06-14T02:04:14+0000 [INFO]   Arctic Shift returned 1 comments
2026-06-14T02:04:14+0000 [INFO] Processing post 1u3iwmg (Arctic Shift): Thoughts on commercials during play?
2026-06-14T02:04:15+0000 [WARNING]   Could not re-fetch post 1u3iwmg from Arctic Shift
2026-06-14T02:04:17+0000 [INFO]   Arctic Shift returned 1 comments
2026-06-14T02:04:17+0000 [INFO] Processing post 1u3ixc2 (Arctic Shift): US flag loudly booed as it’s paraded at World Cup 2026 openi
2026-06-14T02:04:17+0000 [WARNING]   Could not re-fetch post 1u3ixc2 from Arctic Shift
2026-06-14T02:04:20+0000 [INFO]   Arctic Shift returned 1 comments
2026-06-14T02:04:20+0000 [INFO] Processing post 1u3iuv8 (Arctic Shift): How do you feel about commercials during matches?
2026-06-14T02:04:21+0000 [WARNING]   Could not re-fetch post 1u3iuv8 from Arctic Shift
2026-06-14T02:04:23+0000 [INFO]   Arctic Shift returned 1 comments
2026-06-14T02:04:23+0000 [INFO] Processing post 1u3iwka (Arctic Shift): I think I figured out the translation of the ref's call
2026-06-14T02:04:24+0000 [WARNING]   Could not re-fetch post 1u3iwka from Arctic Shift
2026-06-14T02:04:26+0000 [INFO]   Arctic Shift returned 1 comments
2026-06-14T02:04:26+0000 [INFO] Processing post 1u3iys5 (Arctic Shift): Han-Beom Lee rips Pavel Sulc's shirt
2026-06-14T02:04:27+0000 [WARNING]   Could not re-fetch post 1u3iys5 from Arctic Shift
2026-06-14T02:04:29+0000 [INFO]   Arctic Shift returned 62 comments
2026-06-14T02:04:29+0000 [INFO] Processing post 1u3iy6f (Arctic Shift): Han-Beom Lee rips Pavel Sulc's shirt
2026-06-14T02:04:30+0000 [WARNING]   Could not re-fetch post 1u3iy6f from Arctic Shift
2026-06-14T02:04:32+0000 [INFO]   Arctic Shift returned 1 comments
2026-06-14T02:04:32+0000 [INFO] Processing post 1u3izlz (Arctic Shift): ¡México hizo explotar el Azteca! Debut perfecto en el Mundia
2026-06-14T02:04:33+0000 [WARNING]   Could not re-fetch post 1u3izlz from Arctic Shift
2026-06-14T02:04:35+0000 [INFO]   Arctic Shift returned 1 comments
2026-06-14T02:04:35+0000 [INFO] Processing post 1u3iz35 (Arctic Shift): ¡México hizo explotar el Azteca! 🇲🇽🔥 Debut perfecto en el Mu
2026-06-14T02:04:36+0000 [WARNING]   Could not re-fetch post 1u3iz35 from Arctic Shift
2026-06-14T02:04:38+0000 [INFO]   Arctic Shift returned 1 comments
2026-06-14T02:04:38+0000 [INFO] Processing post 1u3j0k7 (Arctic Shift): Addictive World Cup game
2026-06-14T02:04:39+0000 [WARNING]   Could not re-fetch post 1u3j0k7 from Arctic Shift
2026-06-14T02:04:41+0000 [INFO]   Arctic Shift returned 2 comments
2026-06-14T02:04:41+0000 [INFO] Processing post 1u3j3zp (Arctic Shift): Is Colombia actually winning the 2026 World Cup or am I cook
2026-06-14T02:04:42+0000 [WARNING]   Could not re-fetch post 1u3j3zp from Arctic Shift
2026-06-14T02:04:44+0000 [INFO]   Arctic Shift returned 1 comments
2026-06-14T02:04:44+0000 [INFO] Processing post 1u3j2og (Arctic Shift): [Blake Aerni] The University of Kansas band learned the Alge
2026-06-14T02:04:45+0000 [WARNING]   Could not re-fetch post 1u3j2og from Arctic Shift
2026-06-14T02:04:47+0000 [INFO]   Arctic Shift returned 1 comments
2026-06-14T02:04:47+0000 [INFO] Processing post 1u3j21q (Arctic Shift): Son Heung Min chance against Czech Republic 39'
2026-06-14T02:04:48+0000 [WARNING]   Could not re-fetch post 1u3j21q from Arctic Shift
2026-06-14T02:04:50+0000 [INFO]   Arctic Shift returned 18 comments
2026-06-14T02:04:50+0000 [INFO] Processing post 1u3j4uc (Arctic Shift): [Blake Aerni] The University of Kansas band learned the Alge
2026-06-14T02:04:51+0000 [WARNING]   Could not re-fetch post 1u3j4uc from Arctic Shift
2026-06-14T02:04:53+0000 [INFO]   Arctic Shift returned 1 comments
2026-06-14T02:04:53+0000 [INFO] Processing post 1u3j2zu (Arctic Shift): Haaland watching game 5 of the Stanley Cup Final in Carolina
2026-06-14T02:04:54+0000 [WARNING]   Could not re-fetch post 1u3j2zu from Arctic Shift
2026-06-14T02:04:57+0000 [INFO]   Arctic Shift returned 81 comments
2026-06-14T02:04:57+0000 [INFO] Processing post 1u3j7fp (Arctic Shift): Son Heung Min chance against Czech Republic 45+1'
2026-06-14T02:04:58+0000 [WARNING]   Could not re-fetch post 1u3j7fp from Arctic Shift
2026-06-14T02:04:59+0000 [INFO]   Arctic Shift returned 38 comments
2026-06-14T02:04:59+0000 [INFO] Harvester complete (arctic_shift+rss). 28 posts processed, 0 failed, 319 total comments collected.
2026-06-14T02:08:19+0000 [INFO] Harvester starting. Target time: 2026-06-12T02:08:19.707730+00:00. Mode: arctic_shift+rss
2026-06-14T02:08:19+0000 [INFO] No pending posts for target time 2026-06-12T02. Nothing to do.
2026-06-14T02:13:28+0000 [INFO] Harvester starting. Target time: 2026-06-12T02:13:28.175482+00:00. Mode: arctic_shift+rss
2026-06-14T02:13:28+0000 [INFO] No pending posts for target time 2026-06-12T02. Nothing to do.
2026-06-14T02:18:27+0000 [INFO] Harvester starting. Target time: 2026-06-12T02:18:27.137683+00:00. Mode: arctic_shift+rss
2026-06-14T02:18:27+0000 [INFO] No pending posts for target time 2026-06-12T02. Nothing to do.
2026-06-14T02:23:33+0000 [INFO] Harvester starting. Target time: 2026-06-12T02:23:33.066429+00:00. Mode: arctic_shift+rss
2026-06-14T02:23:33+0000 [INFO] No pending posts for target time 2026-06-12T02. Nothing to do.
2026-06-14T02:28:28+0000 [INFO] Harvester starting. Target time: 2026-06-12T02:28:28.147809+00:00. Mode: arctic_shift+rss
2026-06-14T02:28:28+0000 [INFO] No pending posts for target time 2026-06-12T02. Nothing to do.
2026-06-14T02:33:18+0000 [INFO] Harvester starting. Target time: 2026-06-12T02:33:18.008144+00:00. Mode: arctic_shift+rss
2026-06-14T02:33:18+0000 [INFO] No pending posts for target time 2026-06-12T02. Nothing to do.
2026-06-14T02:38:24+0000 [INFO] Harvester starting. Target time: 2026-06-12T02:38:24.899553+00:00. Mode: arctic_shift+rss
2026-06-14T02:38:24+0000 [INFO] No pending posts for target time 2026-06-12T02. Nothing to do.
2026-06-14T02:43:20+0000 [INFO] Harvester starting. Target time: 2026-06-12T02:43:20.112133+00:00. Mode: arctic_shift+rss
2026-06-14T02:43:20+0000 [INFO] No pending posts for target time 2026-06-12T02. Nothing to do.
2026-06-14T02:48:39+0000 [INFO] Harvester starting. Target time: 2026-06-12T02:48:39.056836+00:00. Mode: arctic_shift+rss
2026-06-14T02:48:39+0000 [INFO] No pending posts for target time 2026-06-12T02. Nothing to do.
2026-06-14T02:53:20+0000 [INFO] Harvester starting. Target time: 2026-06-12T02:53:20.008469+00:00. Mode: arctic_shift+rss
2026-06-14T02:53:20+0000 [INFO] No pending posts for target time 2026-06-12T02. Nothing to do.
2026-06-14T02:58:17+0000 [INFO] Harvester starting. Target time: 2026-06-12T02:58:17.359787+00:00. Mode: arctic_shift+rss
2026-06-14T02:58:17+0000 [INFO] No pending posts for target time 2026-06-12T02. Nothing to do.
