2026-06-17T04:04:56+0000 [INFO] Harvester starting. Target time: 2026-06-15T04:04:56.815562+00:00. Mode: arctic_shift+rss
2026-06-17T04:04:56+0000 [INFO] Found 12 posts to process
2026-06-17T04:04:56+0000 [INFO] Processing post 1u65r5e (Arctic Shift): Post Match Thread: Sweden 5 - 1 Tunisia | FIFA World Cup 202
2026-06-17T04:04:57+0000 [WARNING]   Could not re-fetch post 1u65r5e from Arctic Shift
2026-06-17T04:05:05+0000 [INFO]   Arctic Shift returned 680 comments
2026-06-17T04:05:05+0000 [INFO] Processing post 1u65zw0 (Arctic Shift): Chinese broadcast network designed a more elaborate version 
2026-06-17T04:05:06+0000 [WARNING]   Could not re-fetch post 1u65zw0 from Arctic Shift
2026-06-17T04:05:08+0000 [INFO]   Arctic Shift returned 1 comments
2026-06-17T04:05:08+0000 [INFO] Processing post 1u664xj (Arctic Shift): Anyone else tracking the World Cup across 4 different sites?
2026-06-17T04:05:09+0000 [WARNING]   Could not re-fetch post 1u664xj from Arctic Shift
2026-06-17T04:05:11+0000 [INFO]   Arctic Shift returned 2 comments
2026-06-17T04:05:11+0000 [INFO] Processing post 1u667qg (Arctic Shift): The "snickometer" graphic which showed that Isak touched the
2026-06-17T04:05:12+0000 [WARNING]   Could not re-fetch post 1u667qg from Arctic Shift
2026-06-17T04:05:15+0000 [INFO]   Arctic Shift returned 188 comments
2026-06-17T04:05:15+0000 [INFO] Processing post 1u66air (Arctic Shift): World Cup
2026-06-17T04:05:16+0000 [WARNING]   Could not re-fetch post 1u66air from Arctic Shift
2026-06-17T04:05:18+0000 [INFO]   Arctic Shift returned 1 comments
2026-06-17T04:05:18+0000 [INFO] Processing post 1u66fw5 (Arctic Shift): Where can I see a map of fifa World Cup matches and location
2026-06-17T04:05:19+0000 [WARNING]   Could not re-fetch post 1u66fw5 from Arctic Shift
2026-06-17T04:05:21+0000 [INFO]   Arctic Shift returned 2 comments
2026-06-17T04:05:21+0000 [INFO] Processing post 1u66i0s (Arctic Shift): Germany scored SEVEN and I still can't process it — Day 4 br
2026-06-17T04:05:22+0000 [WARNING]   Could not re-fetch post 1u66i0s from Arctic Shift
2026-06-17T04:05:24+0000 [INFO]   Arctic Shift returned 1 comments
2026-06-17T04:05:24+0000 [INFO] Processing post 1u66l3v (Arctic Shift): USMNT reactions make me believe, in what I don’t know
2026-06-17T04:05:25+0000 [WARNING]   Could not re-fetch post 1u66l3v from Arctic Shift
2026-06-17T04:05:27+0000 [INFO]   Arctic Shift returned 3 comments
2026-06-17T04:05:27+0000 [INFO] Processing post 1u66lnl (Arctic Shift): Alexander Isak is the player of the match against Tunisia
2026-06-17T04:05:28+0000 [WARNING]   Could not re-fetch post 1u66lnl from Arctic Shift
2026-06-17T04:05:30+0000 [INFO]   Arctic Shift returned 91 comments
2026-06-17T04:05:30+0000 [INFO] Processing post 1u66po0 (Arctic Shift): Reason why they sign him.
2026-06-17T04:05:31+0000 [WARNING]   Could not re-fetch post 1u66po0 from Arctic Shift
2026-06-17T04:05:33+0000 [INFO]   Arctic Shift returned 1 comments
2026-06-17T04:05:33+0000 [INFO] Processing post 1u66qnq (Arctic Shift): Built a daily WC 2026 player guesser, Wordle but for footbal
2026-06-17T04:05:34+0000 [WARNING]   Could not re-fetch post 1u66qnq from Arctic Shift
2026-06-17T04:05:36+0000 [INFO]   Arctic Shift returned 1 comments
2026-06-17T04:05:36+0000 [INFO] Processing post 1u66upw (Arctic Shift): HE DID IT AGAIN 😭
2026-06-17T04:05:37+0000 [WARNING]   Could not re-fetch post 1u66upw from Arctic Shift
2026-06-17T04:05:39+0000 [INFO]   Arctic Shift returned 1 comments
2026-06-17T04:05:39+0000 [INFO] Harvester complete (arctic_shift+rss). 12 posts processed, 0 failed, 972 total comments collected.
2026-06-17T04:14:44+0000 [INFO] Harvester starting. Target time: 2026-06-15T04:14:44.793663+00:00. Mode: arctic_shift+rss
2026-06-17T04:14:44+0000 [INFO] No pending posts for target time 2026-06-15T04. Nothing to do.
2026-06-17T04:24:46+0000 [INFO] Harvester starting. Target time: 2026-06-15T04:24:46.345024+00:00. Mode: arctic_shift+rss
2026-06-17T04:24:46+0000 [INFO] No pending posts for target time 2026-06-15T04. Nothing to do.
2026-06-17T04:29:48+0000 [INFO] Harvester starting. Target time: 2026-06-15T04:29:48.966561+00:00. Mode: arctic_shift+rss
2026-06-17T04:29:48+0000 [INFO] No pending posts for target time 2026-06-15T04. Nothing to do.
2026-06-17T04:35:29+0000 [INFO] Harvester starting. Target time: 2026-06-15T04:35:29.802809+00:00. Mode: arctic_shift+rss
2026-06-17T04:35:29+0000 [INFO] No pending posts for target time 2026-06-15T04. Nothing to do.
2026-06-17T04:40:13+0000 [INFO] Harvester starting. Target time: 2026-06-15T04:40:13.785990+00:00. Mode: arctic_shift+rss
2026-06-17T04:40:13+0000 [INFO] No pending posts for target time 2026-06-15T04. Nothing to do.
