2026-06-14T16:03:10+0000 [INFO] Harvester starting. Target time: 2026-06-12T16:03:10.137728+00:00. Mode: arctic_shift+rss
2026-06-14T16:03:10+0000 [INFO] Found 24 posts to process
2026-06-14T16:03:10+0000 [INFO] Processing post 1u3zhcp (Arctic Shift): My early World Cup predictions: favorites, dark horses, and 
2026-06-14T16:03:10+0000 [WARNING]   Could not re-fetch post 1u3zhcp from Arctic Shift
2026-06-14T16:03:12+0000 [INFO]   Arctic Shift returned 1 comments
2026-06-14T16:03:12+0000 [INFO] Processing post 1u3zg7f (Arctic Shift): Jurgen Klopp accidentally leaving Thomas Müller's handshake 
2026-06-14T16:03:13+0000 [WARNING]   Could not re-fetch post 1u3zg7f from Arctic Shift
2026-06-14T16:03:15+0000 [INFO]   Arctic Shift returned 5 comments
2026-06-14T16:03:15+0000 [INFO] Processing post 1u3zsvc (Arctic Shift): You Really Need to Get a Job, Tijjani | By Tijjani Reijnders
2026-06-14T16:03:16+0000 [WARNING]   Could not re-fetch post 1u3zsvc from Arctic Shift
2026-06-14T16:03:18+0000 [INFO]   Arctic Shift returned 17 comments
2026-06-14T16:03:18+0000 [INFO] Processing post 1u3zt8s (Arctic Shift): Mexican fans trade punches behind reporter
2026-06-14T16:03:19+0000 [WARNING]   Could not re-fetch post 1u3zt8s from Arctic Shift
2026-06-14T16:03:21+0000 [INFO]   Arctic Shift returned 18 comments
2026-06-14T16:03:21+0000 [INFO] Processing post 1u3zwp4 (Arctic Shift): Who makes the greatest World Cup team ever and could they go
2026-06-14T16:03:22+0000 [WARNING]   Could not re-fetch post 1u3zwp4 from Arctic Shift
2026-06-14T16:03:24+0000 [INFO]   Arctic Shift returned 2 comments
2026-06-14T16:03:24+0000 [INFO] Processing post 1u3zzay (Arctic Shift): [The Objective] Breaking: Spanish Tax Authority was investig
2026-06-14T16:03:25+0000 [WARNING]   Could not re-fetch post 1u3zzay from Arctic Shift
2026-06-14T16:03:27+0000 [INFO]   Arctic Shift returned 78 comments
2026-06-14T16:03:27+0000 [INFO] Processing post 1u3zvjs (Arctic Shift): Who makes the greatest World Cup team ever and could they go
2026-06-14T16:03:28+0000 [WARNING]   Could not re-fetch post 1u3zvjs from Arctic Shift
2026-06-14T16:03:30+0000 [INFO]   Arctic Shift returned 2 comments
2026-06-14T16:03:30+0000 [INFO] Processing post 1u4037z (Arctic Shift): [Politico Magazine] The Epic Story of How Trump Seized the W
2026-06-14T16:03:31+0000 [WARNING]   Could not re-fetch post 1u4037z from Arctic Shift
2026-06-14T16:03:33+0000 [INFO]   Arctic Shift returned 8 comments
2026-06-14T16:03:33+0000 [INFO] Processing post 1u400bk (Arctic Shift): Are these the greatest soccer players of all time?
2026-06-14T16:03:34+0000 [WARNING]   Could not re-fetch post 1u400bk from Arctic Shift
2026-06-14T16:03:36+0000 [INFO]   Arctic Shift returned 1 comments
2026-06-14T16:03:36+0000 [INFO] Processing post 1u407w9 (Arctic Shift): Lawrence, Kansas showing up for Algeria's open training
2026-06-14T16:03:37+0000 [WARNING]   Could not re-fetch post 1u407w9 from Arctic Shift
2026-06-14T16:03:40+0000 [INFO]   Arctic Shift returned 123 comments
2026-06-14T16:03:40+0000 [INFO] Processing post 1u4084q (Arctic Shift): ER Doctor REACTS to Worst Soccer (Football) Injuries #4
2026-06-14T16:03:41+0000 [WARNING]   Could not re-fetch post 1u4084q from Arctic Shift
2026-06-14T16:03:43+0000 [INFO]   Arctic Shift returned 1 comments
2026-06-14T16:03:43+0000 [INFO] Processing post 1u4084i (Arctic Shift): hot take: water breaks aren’t that bad
2026-06-14T16:03:44+0000 [WARNING]   Could not re-fetch post 1u4084i from Arctic Shift
2026-06-14T16:03:46+0000 [INFO]   Arctic Shift returned 1 comments
2026-06-14T16:03:46+0000 [INFO] Processing post 1u4096x (Arctic Shift): Počela ludnica u Torontu: Ljiljani okupirali ulice!
2026-06-14T16:03:47+0000 [WARNING]   Could not re-fetch post 1u4096x from Arctic Shift
2026-06-14T16:03:49+0000 [INFO]   Arctic Shift returned 1 comments
2026-06-14T16:03:49+0000 [INFO] Processing post 1u404rs (Arctic Shift): Epic match ahead! The stadium fever is real—join the celebra
2026-06-14T16:03:50+0000 [WARNING]   Could not re-fetch post 1u404rs from Arctic Shift
2026-06-14T16:03:52+0000 [INFO]   Arctic Shift returned 1 comments
2026-06-14T16:03:52+0000 [INFO] Processing post 1u40e93 (Arctic Shift): On this day 100 years ago, Amadeo Carrizo (1926-2020) was bo
2026-06-14T16:03:53+0000 [WARNING]   Could not re-fetch post 1u40e93 from Arctic Shift
2026-06-14T16:03:55+0000 [INFO]   Arctic Shift returned 2 comments
2026-06-14T16:03:55+0000 [INFO] Processing post 1u40a7d (Arctic Shift): Canadian fans before the match against Bosnia today
2026-06-14T16:03:56+0000 [WARNING]   Could not re-fetch post 1u40a7d from Arctic Shift
2026-06-14T16:04:00+0000 [INFO]   Arctic Shift returned 288 comments
2026-06-14T16:04:00+0000 [INFO] Processing post 1u40hv5 (Arctic Shift): World Cup 2026 Predictions - Apps on Google Play
2026-06-14T16:04:01+0000 [WARNING]   Could not re-fetch post 1u40hv5 from Arctic Shift
2026-06-14T16:04:04+0000 [INFO]   Arctic Shift returned 1 comments
2026-06-14T16:04:04+0000 [INFO] Processing post 1u40lt4 (Arctic Shift): [Drumeo] Petr Čech Hears Journey For The First Time
2026-06-14T16:04:04+0000 [WARNING]   Could not re-fetch post 1u40lt4 from Arctic Shift
2026-06-14T16:04:07+0000 [INFO]   Arctic Shift returned 1 comments
2026-06-14T16:04:07+0000 [INFO] Processing post 1u40juc (Arctic Shift): About USA Youtube channel
2026-06-14T16:04:08+0000 [WARNING]   Could not re-fetch post 1u40juc from Arctic Shift
2026-06-14T16:04:10+0000 [INFO]   Arctic Shift returned 1 comments
2026-06-14T16:04:10+0000 [INFO] Processing post 1u40k07 (Arctic Shift): Match Attendance Comparison - [2010 South Korea / Greece] vs
2026-06-14T16:04:11+0000 [WARNING]   Could not re-fetch post 1u40k07 from Arctic Shift
2026-06-14T16:04:13+0000 [INFO]   Arctic Shift returned 1 comments
2026-06-14T16:04:13+0000 [INFO] Processing post 1u40kc8 (Arctic Shift): South Africa TV reaction to the match against Mexico.
2026-06-14T16:04:14+0000 [WARNING]   Could not re-fetch post 1u40kc8 from Arctic Shift
2026-06-14T16:04:16+0000 [INFO]   Arctic Shift returned 4 comments
2026-06-14T16:04:16+0000 [INFO] Processing post 1u40nvs (Arctic Shift): Match Attendance Comparison - [2010 South Korea / Greece] vs
2026-06-14T16:04:17+0000 [WARNING]   Could not re-fetch post 1u40nvs from Arctic Shift
2026-06-14T16:04:19+0000 [INFO]   Arctic Shift returned 14 comments
2026-06-14T16:04:19+0000 [INFO] Processing post 1u40orx (Arctic Shift): BE CAREFUL IF ATTENDING WORLD CUP MATCHES IN AMERICA! ICE ag
2026-06-14T16:04:20+0000 [WARNING]   Could not re-fetch post 1u40orx from Arctic Shift
2026-06-14T16:04:22+0000 [INFO]   Arctic Shift returned 1 comments
2026-06-14T16:04:22+0000 [INFO] Processing post 1u40w1t (Arctic Shift): 1994 USA World Cup team could have 'made soccer or broke soc
2026-06-14T16:04:23+0000 [WARNING]   Could not re-fetch post 1u40w1t from Arctic Shift
2026-06-14T16:04:25+0000 [INFO]   Arctic Shift returned 1 comments
2026-06-14T16:04:25+0000 [INFO] Harvester complete (arctic_shift+rss). 24 posts processed, 0 failed, 573 total comments collected.
2026-06-14T16:07:59+0000 [INFO] Harvester starting. Target time: 2026-06-12T16:07:59.973825+00:00. Mode: arctic_shift+rss
2026-06-14T16:07:59+0000 [INFO] No pending posts for target time 2026-06-12T16. Nothing to do.
