2026-06-18T09:04:04+0000 [INFO] Harvester starting. Target time: 2026-06-16T09:04:04.727354+00:00. Mode: arctic_shift+rss
2026-06-18T09:04:04+0000 [INFO] Found 20 posts to process
2026-06-18T09:04:04+0000 [INFO] Processing post 1u7874g (Arctic Shift): I think I got what these colours on the scoreboard mean
2026-06-18T09:04:05+0000 [WARNING]   Could not re-fetch post 1u7874g from Arctic Shift
2026-06-18T09:04:07+0000 [INFO]   Arctic Shift returned 1 comments
2026-06-18T09:04:07+0000 [INFO] Processing post 1u787ss (Arctic Shift): How much do you actually trust football prediction models? T
2026-06-18T09:04:07+0000 [WARNING]   Could not re-fetch post 1u787ss from Arctic Shift
2026-06-18T09:04:09+0000 [INFO]   Arctic Shift returned 2 comments
2026-06-18T09:04:09+0000 [INFO] Processing post 1u78boo (Arctic Shift): France to win or draw 🔥
2026-06-18T09:04:11+0000 [WARNING]   Could not re-fetch post 1u78boo from Arctic Shift
2026-06-18T09:04:13+0000 [INFO]   Arctic Shift returned 1 comments
2026-06-18T09:04:13+0000 [INFO] Processing post 1u78coz (Arctic Shift): France to win or draw
2026-06-18T09:04:14+0000 [WARNING]   Could not re-fetch post 1u78coz from Arctic Shift
2026-06-18T09:04:16+0000 [INFO]   Arctic Shift returned 1 comments
2026-06-18T09:04:16+0000 [INFO] Processing post 1u78ego (Arctic Shift): That France game might just end draw
2026-06-18T09:04:17+0000 [WARNING]   Could not re-fetch post 1u78ego from Arctic Shift
2026-06-18T09:04:19+0000 [INFO]   Arctic Shift returned 2 comments
2026-06-18T09:04:19+0000 [INFO] Processing post 1u78g8h (Arctic Shift): Cristiano Ronaldo’s Portugal vs DR Congo Prediction: FIFA Wo
2026-06-18T09:04:20+0000 [WARNING]   Could not re-fetch post 1u78g8h from Arctic Shift
2026-06-18T09:04:22+0000 [INFO]   Arctic Shift returned 0 comments
2026-06-18T09:04:22+0000 [INFO] Processing post 1u78k96 (Arctic Shift): Grassroots Coaches Are Getting Ready For The New Season
2026-06-18T09:04:22+0000 [WARNING]   Could not re-fetch post 1u78k96 from Arctic Shift
2026-06-18T09:04:23+0000 [INFO]   Arctic Shift returned 0 comments
2026-06-18T09:04:23+0000 [INFO] Processing post 1u78kb5 (Arctic Shift): No wins from South America yet 💀
2026-06-18T09:04:24+0000 [WARNING]   Could not re-fetch post 1u78kb5 from Arctic Shift
2026-06-18T09:04:26+0000 [INFO]   Arctic Shift returned 1 comments
2026-06-18T09:04:26+0000 [INFO] Processing post 1u78ky9 (Arctic Shift): No wins from South America yet.
2026-06-18T09:04:27+0000 [WARNING]   Could not re-fetch post 1u78ky9 from Arctic Shift
2026-06-18T09:04:29+0000 [INFO]   Arctic Shift returned 1 comments
2026-06-18T09:04:29+0000 [INFO] Processing post 1u78nvp (Arctic Shift): Comunicado Oficial: Real Madrid C. F. and Antonio Rüdiger ha
2026-06-18T09:04:31+0000 [WARNING]   Could not re-fetch post 1u78nvp from Arctic Shift
2026-06-18T09:04:32+0000 [INFO]   Arctic Shift returned 58 comments
2026-06-18T09:04:32+0000 [INFO] Processing post 1u78syc (Arctic Shift): Portugal vs DR Congo: Can Cristiano Ronaldo Start World Cup 
2026-06-18T09:04:33+0000 [WARNING]   Could not re-fetch post 1u78syc from Arctic Shift
2026-06-18T09:04:34+0000 [INFO]   Arctic Shift returned 0 comments
2026-06-18T09:04:34+0000 [INFO] Processing post 1u78vv1 (Arctic Shift): Official: Olympique Lyonnais is pleased to announce the arri
2026-06-18T09:04:35+0000 [WARNING]   Could not re-fetch post 1u78vv1 from Arctic Shift
2026-06-18T09:04:37+0000 [INFO]   Arctic Shift returned 4 comments
2026-06-18T09:04:37+0000 [INFO] Processing post 1u78x3f (Arctic Shift): France and Argentina are Not winning
2026-06-18T09:04:38+0000 [WARNING]   Could not re-fetch post 1u78x3f from Arctic Shift
2026-06-18T09:04:40+0000 [INFO]   Arctic Shift returned 2 comments
2026-06-18T09:04:40+0000 [INFO] Processing post 1u78x1s (Arctic Shift): Has anyone tried EloFoot or other football prediction models
2026-06-18T09:04:41+0000 [WARNING]   Could not re-fetch post 1u78x1s from Arctic Shift
2026-06-18T09:04:44+0000 [INFO]   Arctic Shift returned 2 comments
2026-06-18T09:04:44+0000 [INFO] Processing post 1u78x4p (Arctic Shift): Spain might just end up as the flip of the tournament
2026-06-18T09:04:44+0000 [WARNING]   Could not re-fetch post 1u78x4p from Arctic Shift
2026-06-18T09:04:46+0000 [INFO]   Arctic Shift returned 1 comments
2026-06-18T09:04:46+0000 [INFO] Processing post 1u78y3u (Arctic Shift): 𝐀 𝐟𝐨𝐫𝐭𝐲-𝐲𝐞𝐚𝐫-𝐨𝐥𝐝 𝐦𝐚𝐧 𝐬𝐨𝐛𝐛𝐢𝐧𝐠 𝐢𝐧 𝐟𝐫𝐨𝐧𝐭 𝐨𝐟 𝐦𝐢𝐥𝐥𝐢𝐨𝐧𝐬 𝐨𝐟 𝐩𝐞𝐨𝐩𝐥𝐞.
2026-06-18T09:04:47+0000 [WARNING]   Could not re-fetch post 1u78y3u from Arctic Shift
2026-06-18T09:04:49+0000 [INFO]   Arctic Shift returned 2 comments
2026-06-18T09:04:49+0000 [INFO] Processing post 1u790s4 (Arctic Shift): My girlfriend drew and painted Vozinha following his perform
2026-06-18T09:04:50+0000 [WARNING]   Could not re-fetch post 1u790s4 from Arctic Shift
2026-06-18T09:04:52+0000 [INFO]   Arctic Shift returned 1 comments
2026-06-18T09:04:52+0000 [INFO] Processing post 1u78zwt (Arctic Shift): This story will touch your heart
2026-06-18T09:04:53+0000 [WARNING]   Could not re-fetch post 1u78zwt from Arctic Shift
2026-06-18T09:04:55+0000 [INFO]   Arctic Shift returned 2 comments
2026-06-18T09:04:55+0000 [INFO] Processing post 1u7915v (Arctic Shift): Official: Dionisi Appointed As Head Coach of Watford Footbal
2026-06-18T09:04:56+0000 [WARNING]   Could not re-fetch post 1u7915v from Arctic Shift
2026-06-18T09:04:58+0000 [INFO]   Arctic Shift returned 10 comments
2026-06-18T09:04:58+0000 [INFO] Processing post 1u792zt (Arctic Shift): TRT commentator mistaken New Zealand and Iran with each othe
2026-06-18T09:04:59+0000 [WARNING]   Could not re-fetch post 1u792zt from Arctic Shift
2026-06-18T09:05:01+0000 [INFO]   Arctic Shift returned 8 comments
2026-06-18T09:05:01+0000 [INFO] Harvester complete (arctic_shift+rss). 20 posts processed, 0 failed, 99 total comments collected.
2026-06-18T09:09:04+0000 [INFO] Harvester starting. Target time: 2026-06-16T09:09:04.250302+00:00. Mode: arctic_shift+rss
2026-06-18T09:09:04+0000 [INFO] No pending posts for target time 2026-06-16T09. Nothing to do.
