2026-06-17T02:07:58+0000 [INFO] Harvester starting. Target time: 2026-06-15T02:07:58.027980+00:00. Mode: arctic_shift+rss
2026-06-17T02:07:58+0000 [INFO] Found 21 posts to process
2026-06-17T02:07:58+0000 [INFO] Processing post 1u63azq (Arctic Shift): Made a short 3-minute explainer on why the 48-team format is
2026-06-17T02:07:58+0000 [WARNING]   Could not re-fetch post 1u63azq from Arctic Shift
2026-06-17T02:08:02+0000 [INFO]   Arctic Shift returned 2 comments
2026-06-17T02:08:02+0000 [INFO] Processing post 1u63c9k (Arctic Shift): Kenny McLean Red Card Shout vs Haiti
2026-06-17T02:08:02+0000 [WARNING]   Could not re-fetch post 1u63c9k from Arctic Shift
2026-06-17T02:08:05+0000 [INFO]   Arctic Shift returned 82 comments
2026-06-17T02:08:05+0000 [INFO] Processing post 1u63dq6 (Arctic Shift): "SWEDEN vs TUNISIA 🔴 LIVE - This Match Is UNBELIEVABLE Right
2026-06-17T02:08:05+0000 [WARNING]   Could not re-fetch post 1u63dq6 from Arctic Shift
2026-06-17T02:08:07+0000 [INFO]   Arctic Shift returned 1 comments
2026-06-17T02:08:07+0000 [INFO] Processing post 1u63fpn (Arctic Shift): 48 Teams at the World Cup: Genius or Total Disaster? | Expla
2026-06-17T02:08:08+0000 [WARNING]   Could not re-fetch post 1u63fpn from Arctic Shift
2026-06-17T02:08:21+0000 [INFO]   Arctic Shift returned 2 comments
2026-06-17T02:08:21+0000 [INFO] Processing post 1u63gyf (Arctic Shift): QAT vs SUI empty sections
2026-06-17T02:08:22+0000 [WARNING]   Could not re-fetch post 1u63gyf from Arctic Shift
2026-06-17T02:08:24+0000 [INFO]   Arctic Shift returned 1 comments
2026-06-17T02:08:24+0000 [INFO] Processing post 1u63gjz (Arctic Shift): Ranking all 104 games at the world cup.
2026-06-17T02:08:25+0000 [WARNING]   Could not re-fetch post 1u63gjz from Arctic Shift
2026-06-17T02:08:27+0000 [INFO]   Arctic Shift returned 2 comments
2026-06-17T02:08:27+0000 [INFO] Processing post 1u63hse (Arctic Shift): Sweden 1-0 Tunisia - Yasin Ayari 7'
2026-06-17T02:08:28+0000 [WARNING]   Could not re-fetch post 1u63hse from Arctic Shift
2026-06-17T02:08:34+0000 [INFO]   Arctic Shift returned 8 comments
2026-06-17T02:08:34+0000 [INFO] Processing post 1u63j7o (Arctic Shift): Goals scored during today’s Netherlands vs Japan match
2026-06-17T02:08:35+0000 [WARNING]   Could not re-fetch post 1u63j7o from Arctic Shift
2026-06-17T02:08:49+0000 [INFO]   Arctic Shift returned 1 comments
2026-06-17T02:08:49+0000 [INFO] Processing post 1u63h5q (Arctic Shift): Sweden [1] - 0 Tunisia - Y. Ayari 7'
2026-06-17T02:08:50+0000 [WARNING]   Could not re-fetch post 1u63h5q from Arctic Shift
2026-06-17T02:08:59+0000 [INFO]   Arctic Shift returned 293 comments
2026-06-17T02:08:59+0000 [INFO] Processing post 1u63mbe (Arctic Shift): Tunisia chance against  Sweden 13'
2026-06-17T02:09:00+0000 [WARNING]   Could not re-fetch post 1u63mbe from Arctic Shift
2026-06-17T02:09:04+0000 [INFO]   Arctic Shift returned 9 comments
2026-06-17T02:09:04+0000 [INFO] Processing post 1u63lbl (Arctic Shift): Is Japan becoming one of the most respected national teams i
2026-06-17T02:09:04+0000 [WARNING]   Could not re-fetch post 1u63lbl from Arctic Shift
2026-06-17T02:09:10+0000 [INFO]   Arctic Shift returned 1 comments
2026-06-17T02:09:10+0000 [INFO] Processing post 1u63uin (Arctic Shift): FIFA to investigate 'white supremacy' hand signal made by VA
2026-06-17T02:09:10+0000 [WARNING]   Could not re-fetch post 1u63uin from Arctic Shift
2026-06-17T02:09:14+0000 [INFO]   Arctic Shift returned 50 comments
2026-06-17T02:09:14+0000 [INFO] Processing post 1u63yny (Arctic Shift): Sweden 2-0 Tunisia - Isak 30'
2026-06-17T02:09:15+0000 [WARNING]   Could not re-fetch post 1u63yny from Arctic Shift
2026-06-17T02:09:18+0000 [INFO]   Arctic Shift returned 36 comments
2026-06-17T02:09:18+0000 [INFO] Processing post 1u63ygt (Arctic Shift): Sweden Goal 1 - 0 Tunisia from Sweden broadcaster SVT
2026-06-17T02:09:19+0000 [WARNING]   Could not re-fetch post 1u63ygt from Arctic Shift
2026-06-17T02:09:28+0000 [INFO]   Arctic Shift returned 2 comments
2026-06-17T02:09:28+0000 [INFO] Processing post 1u63y40 (Arctic Shift): Sweden [2] - 0 Tunisia - A. Isak 30'
2026-06-17T02:09:29+0000 [WARNING]   Could not re-fetch post 1u63y40 from Arctic Shift
2026-06-17T02:09:37+0000 [INFO]   Arctic Shift returned 213 comments
2026-06-17T02:09:37+0000 [INFO] Processing post 1u63vfx (Arctic Shift): World Cup Merch for Sale in Vancouver
2026-06-17T02:09:37+0000 [WARNING]   Could not re-fetch post 1u63vfx from Arctic Shift
2026-06-17T02:09:40+0000 [INFO]   Arctic Shift returned 2 comments
2026-06-17T02:09:40+0000 [INFO] Processing post 1u642aq (Arctic Shift): Nagelsmann on Germany’s win: “I was absolutely delighted for
2026-06-17T02:09:40+0000 [WARNING]   Could not re-fetch post 1u642aq from Arctic Shift
2026-06-17T02:09:42+0000 [INFO]   Arctic Shift returned 39 comments
2026-06-17T02:09:42+0000 [INFO] Processing post 1u6427j (Arctic Shift): Scottish fans at Fenway Park of the Boston Red Sox
2026-06-17T02:09:43+0000 [WARNING]   Could not re-fetch post 1u6427j from Arctic Shift
2026-06-17T02:09:50+0000 [INFO]   Arctic Shift returned 41 comments
2026-06-17T02:09:50+0000 [INFO] Processing post 1u64448 (Arctic Shift): Isak goal for Sweden 2 - Tunisia 0 World Cup 2026 from Swede
2026-06-17T02:09:50+0000 [WARNING]   Could not re-fetch post 1u64448 from Arctic Shift
2026-06-17T02:09:53+0000 [INFO]   Arctic Shift returned 20 comments
2026-06-17T02:09:53+0000 [INFO] Processing post 1u6487j (Arctic Shift): Sweden 2-[1] Tunisia - Omar Rekik 43'
2026-06-17T02:09:54+0000 [WARNING]   Could not re-fetch post 1u6487j from Arctic Shift
2026-06-17T02:09:56+0000 [INFO]   Arctic Shift returned 1 comments
2026-06-17T02:09:56+0000 [INFO] Processing post 1u6481l (Arctic Shift): Sweden 2 - [1] Tunisia - O. Rekik 43'
2026-06-17T02:09:56+0000 [WARNING]   Could not re-fetch post 1u6481l from Arctic Shift
2026-06-17T02:09:58+0000 [INFO]   Arctic Shift returned 81 comments
2026-06-17T02:09:58+0000 [INFO] Harvester complete (arctic_shift+rss). 21 posts processed, 0 failed, 887 total comments collected.
2026-06-17T02:14:39+0000 [INFO] Harvester starting. Target time: 2026-06-15T02:14:39.574206+00:00. Mode: arctic_shift+rss
2026-06-17T02:14:39+0000 [INFO] No pending posts for target time 2026-06-15T02. Nothing to do.
