2026-06-21T05:19:38+0000 [INFO] Harvester starting. Target time: 2026-06-19T05:19:38.791593+00:00. Mode: arctic_shift+rss
2026-06-21T05:19:38+0000 [INFO] Found 10 posts to process
2026-06-21T05:19:38+0000 [INFO] Processing post 1u9smzv (Arctic Shift): Jesse Marsch post-game interview: "It was right in front of 
2026-06-21T05:19:39+0000 [WARNING]   Could not re-fetch post 1u9smzv from Arctic Shift
2026-06-21T05:19:41+0000 [INFO]   Arctic Shift returned 15 comments
2026-06-21T05:19:41+0000 [INFO] Processing post 1u9sryi (Arctic Shift): Reportedly 100 000 fans saw the match of Mexico against Sout
2026-06-21T05:19:42+0000 [WARNING]   Could not re-fetch post 1u9sryi from Arctic Shift
2026-06-21T05:19:44+0000 [INFO]   Arctic Shift returned 33 comments
2026-06-21T05:19:44+0000 [INFO] Processing post 1u9sm4w (Arctic Shift): Guadalajara fans celebrates the goal of Mexico 1 against Sou
2026-06-21T05:19:45+0000 [WARNING]   Could not re-fetch post 1u9sm4w from Arctic Shift
2026-06-21T05:19:47+0000 [INFO]   Arctic Shift returned 9 comments
2026-06-21T05:19:47+0000 [INFO] Processing post 1u9sv5h (Arctic Shift): Mexican and Korean fans after watching the game in Seattle
2026-06-21T05:19:48+0000 [WARNING]   Could not re-fetch post 1u9sv5h from Arctic Shift
2026-06-21T05:19:49+0000 [INFO]   Arctic Shift returned 6 comments
2026-06-21T05:19:49+0000 [INFO] Processing post 1u9t0g8 (Arctic Shift): How are these rich people travelling to WC ?
2026-06-21T05:19:51+0000 [WARNING]   Could not re-fetch post 1u9t0g8 from Arctic Shift
2026-06-21T05:19:53+0000 [INFO]   Arctic Shift returned 1 comments
2026-06-21T05:19:53+0000 [INFO] Processing post 1u9tdg7 (Arctic Shift): Mexico winner
2026-06-21T05:19:54+0000 [WARNING]   Could not re-fetch post 1u9tdg7 from Arctic Shift
2026-06-21T05:19:56+0000 [INFO]   Arctic Shift returned 2 comments
2026-06-21T05:19:56+0000 [INFO] Processing post 1u9tcyn (Arctic Shift): Reportedly 400 000 fans celebrated Mexico victory agains Sou
2026-06-21T05:19:57+0000 [WARNING]   Could not re-fetch post 1u9tcyn from Arctic Shift
2026-06-21T05:20:01+0000 [INFO]   Arctic Shift returned 260 comments
2026-06-21T05:20:01+0000 [INFO] Processing post 1u9tdr7 (Arctic Shift): Korea vs México missed penalty?
2026-06-21T05:20:02+0000 [WARNING]   Could not re-fetch post 1u9tdr7 from Arctic Shift
2026-06-21T05:20:04+0000 [INFO]   Arctic Shift returned 1 comments
2026-06-21T05:20:04+0000 [INFO] Processing post 1u9tc0n (Arctic Shift): Fan view of Saliba's free kick for Canada
2026-06-21T05:20:05+0000 [WARNING]   Could not re-fetch post 1u9tc0n from Arctic Shift
2026-06-21T05:20:07+0000 [INFO]   Arctic Shift returned 11 comments
2026-06-21T05:20:07+0000 [INFO] Processing post 1u9tjhv (Arctic Shift): Was the 2022 World Cup Final really that great?
2026-06-21T05:20:08+0000 [WARNING]   Could not re-fetch post 1u9tjhv from Arctic Shift
2026-06-21T05:20:10+0000 [INFO]   Arctic Shift returned 2 comments
2026-06-21T05:20:10+0000 [INFO] Harvester complete (arctic_shift+rss). 10 posts processed, 0 failed, 340 total comments collected.
2026-06-21T05:30:17+0000 [INFO] Harvester starting. Target time: 2026-06-19T05:30:17.701962+00:00. Mode: arctic_shift+rss
2026-06-21T05:30:17+0000 [INFO] No pending posts for target time 2026-06-19T05. Nothing to do.
