2026-06-19T04:19:26+0000 [INFO] Harvester starting. Target time: 2026-06-17T04:19:26.351957+00:00. Mode: arctic_shift+rss
2026-06-19T04:19:26+0000 [INFO] Found 17 posts to process
2026-06-19T04:19:26+0000 [INFO] Processing post 1u7zm10 (Arctic Shift): Messi makes history as Argentina crushes Algeria 3–0 in 2026
2026-06-19T04:19:26+0000 [WARNING]   Could not re-fetch post 1u7zm10 from Arctic Shift
2026-06-19T04:19:28+0000 [INFO]   Arctic Shift returned 1 comments
2026-06-19T04:19:28+0000 [INFO] Processing post 1u7zku9 (Arctic Shift): Messi makes history as Argentina crushes Algeria 3–0 in 2026
2026-06-19T04:19:29+0000 [WARNING]   Could not re-fetch post 1u7zku9 from Arctic Shift
2026-06-19T04:19:31+0000 [INFO]   Arctic Shift returned 1 comments
2026-06-19T04:19:31+0000 [INFO] Processing post 1u7zshc (Arctic Shift): Norway Supporters doing the Viking Row (Stadium View)
2026-06-19T04:19:32+0000 [WARNING]   Could not re-fetch post 1u7zshc from Arctic Shift
2026-06-19T04:19:34+0000 [INFO]   Arctic Shift returned 68 comments
2026-06-19T04:19:34+0000 [INFO] Processing post 1u7zwmh (Arctic Shift): 2026 World Cup power rankings — Touchline 26
2026-06-19T04:19:35+0000 [WARNING]   Could not re-fetch post 1u7zwmh from Arctic Shift
2026-06-19T04:19:37+0000 [INFO]   Arctic Shift returned 1 comments
2026-06-19T04:19:37+0000 [INFO] Processing post 1u7zy5u (Arctic Shift): crazy match for Argentina
2026-06-19T04:19:38+0000 [WARNING]   Could not re-fetch post 1u7zy5u from Arctic Shift
2026-06-19T04:19:40+0000 [INFO]   Arctic Shift returned 2 comments
2026-06-19T04:19:40+0000 [INFO] Processing post 1u7zywa (Arctic Shift): Leo Messi: “I cried after the first goal, yes… but it was so
2026-06-19T04:19:41+0000 [WARNING]   Could not re-fetch post 1u7zywa from Arctic Shift
2026-06-19T04:19:44+0000 [INFO]   Arctic Shift returned 140 comments
2026-06-19T04:19:44+0000 [INFO] Processing post 1u8013s (Arctic Shift): Austria [1] - 0 Jordan - Romano Schmid 20‎'‎ great goal
2026-06-19T04:19:45+0000 [WARNING]   Could not re-fetch post 1u8013s from Arctic Shift
2026-06-19T04:19:48+0000 [INFO]   Arctic Shift returned 124 comments
2026-06-19T04:19:48+0000 [INFO] Processing post 1u8019e (Arctic Shift): Argentina game weird defending
2026-06-19T04:19:49+0000 [WARNING]   Could not re-fetch post 1u8019e from Arctic Shift
2026-06-19T04:19:51+0000 [INFO]   Arctic Shift returned 1 comments
2026-06-19T04:19:51+0000 [INFO] Processing post 1u801xz (Arctic Shift): And what happened to Messi's expulsion?
2026-06-19T04:19:52+0000 [WARNING]   Could not re-fetch post 1u801xz from Arctic Shift
2026-06-19T04:19:54+0000 [INFO]   Arctic Shift returned 1 comments
2026-06-19T04:19:54+0000 [INFO] Processing post 1u8045t (Arctic Shift): Thomas Muller on Instagram "This guy .....🐐"
2026-06-19T04:19:55+0000 [WARNING]   Could not re-fetch post 1u8045t from Arctic Shift
2026-06-19T04:19:57+0000 [INFO]   Arctic Shift returned 1 comments
2026-06-19T04:19:57+0000 [INFO] Processing post 1u804rn (Arctic Shift): Thomas Muller on Instagram
2026-06-19T04:19:58+0000 [WARNING]   Could not re-fetch post 1u804rn from Arctic Shift
2026-06-19T04:20:00+0000 [INFO]   Arctic Shift returned 1 comments
2026-06-19T04:20:00+0000 [INFO] Processing post 1u80k6w (Arctic Shift): Algeria, Curacao and Tunisia, etc shouldn't be in the World 
2026-06-19T04:20:01+0000 [WARNING]   Could not re-fetch post 1u80k6w from Arctic Shift
2026-06-19T04:20:03+0000 [INFO]   Arctic Shift returned 2 comments
2026-06-19T04:20:03+0000 [INFO] Processing post 1u80k69 (Arctic Shift): Lionel Messi: "I feel, I relate a lot to Rafa Nadal"
2026-06-19T04:20:04+0000 [WARNING]   Could not re-fetch post 1u80k69 from Arctic Shift
2026-06-19T04:20:07+0000 [INFO]   Arctic Shift returned 126 comments
2026-06-19T04:20:07+0000 [INFO] Processing post 1u80lg3 (Arctic Shift): The World Cup in Middle Earth
2026-06-19T04:20:08+0000 [WARNING]   Could not re-fetch post 1u80lg3 from Arctic Shift
2026-06-19T04:20:10+0000 [INFO]   Arctic Shift returned 1 comments
2026-06-19T04:20:10+0000 [INFO] Processing post 1u80lrr (Arctic Shift): Algeria, Curacao, and Tunisia shouldn't be in the World Cup.
2026-06-19T04:20:11+0000 [WARNING]   Could not re-fetch post 1u80lrr from Arctic Shift
2026-06-19T04:20:13+0000 [INFO]   Arctic Shift returned 2 comments
2026-06-19T04:20:13+0000 [INFO] Processing post 1u80ish (Arctic Shift): Japanese World Cup fans flood a Wal-Mart in Dallas, Texas
2026-06-19T04:20:14+0000 [WARNING]   Could not re-fetch post 1u80ish from Arctic Shift
2026-06-19T04:20:17+0000 [INFO]   Arctic Shift returned 101 comments
2026-06-19T04:20:17+0000 [INFO] Processing post 1u80kaf (Arctic Shift): Messi POTT?
2026-06-19T04:20:18+0000 [WARNING]   Could not re-fetch post 1u80kaf from Arctic Shift
2026-06-19T04:20:20+0000 [INFO]   Arctic Shift returned 1 comments
2026-06-19T04:20:20+0000 [INFO] Harvester complete (arctic_shift+rss). 17 posts processed, 0 failed, 574 total comments collected.
2026-06-19T04:24:34+0000 [INFO] Harvester starting. Target time: 2026-06-17T04:24:34.023979+00:00. Mode: arctic_shift+rss
2026-06-19T04:24:34+0000 [INFO] No pending posts for target time 2026-06-17T04. Nothing to do.
2026-06-19T04:29:24+0000 [INFO] Harvester starting. Target time: 2026-06-17T04:29:24.956461+00:00. Mode: arctic_shift+rss
2026-06-19T04:29:24+0000 [INFO] No pending posts for target time 2026-06-17T04. Nothing to do.
2026-06-19T04:34:37+0000 [INFO] Harvester starting. Target time: 2026-06-17T04:34:37.591450+00:00. Mode: arctic_shift+rss
2026-06-19T04:34:37+0000 [INFO] No pending posts for target time 2026-06-17T04. Nothing to do.
