2026-06-16T02:04:21+0000 [INFO] Harvester starting. Target time: 2026-06-14T02:04:21.821507+00:00. Mode: arctic_shift+rss
2026-06-16T02:04:21+0000 [INFO] Found 14 posts to process
2026-06-16T02:04:21+0000 [INFO] Processing post 1u58dra (Arctic Shift): BBC apologises after world feed briefly cuts out during Scot
2026-06-16T02:04:22+0000 [WARNING]   Could not re-fetch post 1u58dra from Arctic Shift
2026-06-16T02:04:24+0000 [INFO]   Arctic Shift returned 75 comments
2026-06-16T02:04:24+0000 [INFO] Processing post 1u58dzx (Arctic Shift): Hakimi and Vini Jr. with a friendly exchange after the 1-1 d
2026-06-16T02:04:25+0000 [WARNING]   Could not re-fetch post 1u58dzx from Arctic Shift
2026-06-16T02:04:27+0000 [INFO]   Arctic Shift returned 16 comments
2026-06-16T02:04:27+0000 [INFO] Processing post 1u58ecl (Arctic Shift): USA vs Paraguay | Full Highlights
2026-06-16T02:04:28+0000 [WARNING]   Could not re-fetch post 1u58ecl from Arctic Shift
2026-06-16T02:04:30+0000 [INFO]   Arctic Shift returned 2 comments
2026-06-16T02:04:30+0000 [INFO] Processing post 1u58kjp (Arctic Shift): PSA: Use your Walmart+ membership to get Peacock for free Wo
2026-06-16T02:04:31+0000 [WARNING]   Could not re-fetch post 1u58kjp from Arctic Shift
2026-06-16T02:04:33+0000 [INFO]   Arctic Shift returned 2 comments
2026-06-16T02:04:33+0000 [INFO] Processing post 1u58q1c (Arctic Shift): Aussie fans taking over Vancouver's Granville Street
2026-06-16T02:04:34+0000 [WARNING]   Could not re-fetch post 1u58q1c from Arctic Shift
2026-06-16T02:04:36+0000 [INFO]   Arctic Shift returned 65 comments
2026-06-16T02:04:36+0000 [INFO] Processing post 1u58rgc (Arctic Shift): Mexico reminding the world how racist they are
2026-06-16T02:04:37+0000 [WARNING]   Could not re-fetch post 1u58rgc from Arctic Shift
2026-06-16T02:04:39+0000 [INFO]   Arctic Shift returned 1 comments
2026-06-16T02:04:39+0000 [INFO] Processing post 1u58v2n (Arctic Shift): Rocky stands with Ecuador
2026-06-16T02:04:40+0000 [WARNING]   Could not re-fetch post 1u58v2n from Arctic Shift
2026-06-16T02:04:42+0000 [INFO]   Arctic Shift returned 4 comments
2026-06-16T02:04:42+0000 [INFO] Processing post 1u58yd9 (Arctic Shift): Update: I Spent All My Money on a World Cup Final Ticket
2026-06-16T02:04:43+0000 [WARNING]   Could not re-fetch post 1u58yd9 from Arctic Shift
2026-06-16T02:04:45+0000 [INFO]   Arctic Shift returned 1 comments
2026-06-16T02:04:45+0000 [INFO] Processing post 1u596kn (Arctic Shift): Scotland penalty shout against Haiti 72'
2026-06-16T02:04:46+0000 [WARNING]   Could not re-fetch post 1u596kn from Arctic Shift
2026-06-16T02:04:48+0000 [INFO]   Arctic Shift returned 31 comments
2026-06-16T02:04:48+0000 [INFO] Processing post 1u597ko (Arctic Shift): Morocco becomes the first team in history to field 11 player
2026-06-16T02:04:49+0000 [WARNING]   Could not re-fetch post 1u597ko from Arctic Shift
2026-06-16T02:04:51+0000 [INFO]   Arctic Shift returned 1 comments
2026-06-16T02:04:51+0000 [INFO] Processing post 1u59gnp (Arctic Shift): Haiti penalty call vs Scotland
2026-06-16T02:04:52+0000 [WARNING]   Could not re-fetch post 1u59gnp from Arctic Shift
2026-06-16T02:04:55+0000 [INFO]   Arctic Shift returned 189 comments
2026-06-16T02:04:55+0000 [INFO] Processing post 1u59dh3 (Arctic Shift): Who's gonna win? Australia🇦🇺 or Turkiye🇹🇷
2026-06-16T02:04:56+0000 [WARNING]   Could not re-fetch post 1u59dh3 from Arctic Shift
2026-06-16T02:04:58+0000 [INFO]   Arctic Shift returned 1 comments
2026-06-16T02:04:58+0000 [INFO] Processing post 1u59gpy (Arctic Shift): Pierrot chance against Scotland 85'
2026-06-16T02:04:59+0000 [WARNING]   Could not re-fetch post 1u59gpy from Arctic Shift
2026-06-16T02:05:01+0000 [INFO]   Arctic Shift returned 23 comments
2026-06-16T02:05:01+0000 [INFO] Processing post 1u59jtc (Arctic Shift): In this day and age of pervasive legal sports betting, pleas
2026-06-16T02:05:02+0000 [WARNING]   Could not re-fetch post 1u59jtc from Arctic Shift
2026-06-16T02:05:04+0000 [INFO]   Arctic Shift returned 1 comments
2026-06-16T02:05:04+0000 [INFO] Harvester complete (arctic_shift+rss). 14 posts processed, 0 failed, 412 total comments collected.
2026-06-16T02:10:05+0000 [INFO] Harvester starting. Target time: 2026-06-14T02:10:05.790363+00:00. Mode: arctic_shift+rss
2026-06-16T02:10:05+0000 [INFO] No pending posts for target time 2026-06-14T02. Nothing to do.
2026-06-16T02:14:01+0000 [INFO] Harvester starting. Target time: 2026-06-14T02:14:01.854451+00:00. Mode: arctic_shift+rss
2026-06-16T02:14:01+0000 [INFO] No pending posts for target time 2026-06-14T02. Nothing to do.
