2026-06-16T09:04:22+0000 [INFO] Harvester starting. Target time: 2026-06-14T09:04:22.000254+00:00. Mode: arctic_shift+rss
2026-06-16T09:04:22+0000 [INFO] Found 16 posts to process
2026-06-16T09:04:22+0000 [INFO] Processing post 1u5g65s (Arctic Shift): [World Cup 2026 Preview] Japan: Overcoming the Round of 16 C
2026-06-16T09:04:22+0000 [WARNING]   Could not re-fetch post 1u5g65s from Arctic Shift
2026-06-16T09:04:24+0000 [INFO]   Arctic Shift returned 39 comments
2026-06-16T09:04:24+0000 [INFO] Processing post 1u5gaxz (Arctic Shift): [World Cup 2026 Preview] Netherlands: Oranje Expectations, D
2026-06-16T09:04:25+0000 [WARNING]   Could not re-fetch post 1u5gaxz from Arctic Shift
2026-06-16T09:04:27+0000 [INFO]   Arctic Shift returned 84 comments
2026-06-16T09:04:27+0000 [INFO] Processing post 1u5gcw4 (Arctic Shift): Morocco becomes the first national team in history to field 
2026-06-16T09:04:28+0000 [WARNING]   Could not re-fetch post 1u5gcw4 from Arctic Shift
2026-06-16T09:04:30+0000 [INFO]   Arctic Shift returned 62 comments
2026-06-16T09:04:30+0000 [INFO] Processing post 1u5geew (Arctic Shift): The big World Cup quiz: Test your knowledge with these 50 qu
2026-06-16T09:04:31+0000 [WARNING]   Could not re-fetch post 1u5geew from Arctic Shift
2026-06-16T09:04:33+0000 [INFO]   Arctic Shift returned 1 comments
2026-06-16T09:04:33+0000 [INFO] Processing post 1u5gcc2 (Arctic Shift): Morocco becomes the first national team in history to field 
2026-06-16T09:04:34+0000 [WARNING]   Could not re-fetch post 1u5gcc2 from Arctic Shift
2026-06-16T09:04:36+0000 [INFO]   Arctic Shift returned 1 comments
2026-06-16T09:04:36+0000 [INFO] Processing post 1u5gh4m (Arctic Shift): In Turkey, the city set up a giant screen so people could wa
2026-06-16T09:04:37+0000 [WARNING]   Could not re-fetch post 1u5gh4m from Arctic Shift
2026-06-16T09:04:39+0000 [INFO]   Arctic Shift returned 1 comments
2026-06-16T09:04:39+0000 [INFO] Processing post 1u5ggjl (Arctic Shift): In Turkey, the city set up a giant screen so people could wa
2026-06-16T09:04:40+0000 [WARNING]   Could not re-fetch post 1u5ggjl from Arctic Shift
2026-06-16T09:04:42+0000 [INFO]   Arctic Shift returned 1 comments
2026-06-16T09:04:42+0000 [INFO] Processing post 1u5gj7i (Arctic Shift): [BBC SPORT] Somali referee Omar Artan, who was denied entry 
2026-06-16T09:04:43+0000 [WARNING]   Could not re-fetch post 1u5gj7i from Arctic Shift
2026-06-16T09:04:44+0000 [INFO]   Arctic Shift returned 0 comments
2026-06-16T09:04:44+0000 [INFO] Processing post 1u5gjz6 (Arctic Shift): ⚽ The wait is finally over... the FIFA World Cup 2026 is del
2026-06-16T09:04:45+0000 [WARNING]   Could not re-fetch post 1u5gjz6 from Arctic Shift
2026-06-16T09:04:47+0000 [INFO]   Arctic Shift returned 1 comments
2026-06-16T09:04:47+0000 [INFO] Processing post 1u5gitz (Arctic Shift): Honestly, it feels like the tournament is only just getting 
2026-06-16T09:04:48+0000 [WARNING]   Could not re-fetch post 1u5gitz from Arctic Shift
2026-06-16T09:04:50+0000 [INFO]   Arctic Shift returned 1 comments
2026-06-16T09:04:50+0000 [INFO] Processing post 1u5gmu1 (Arctic Shift): [World Cup 2026 Previews] Côte d'Ivoire: Les Elephants Look 
2026-06-16T09:04:51+0000 [WARNING]   Could not re-fetch post 1u5gmu1 from Arctic Shift
2026-06-16T09:04:53+0000 [INFO]   Arctic Shift returned 16 comments
2026-06-16T09:04:53+0000 [INFO] Processing post 1u5glfp (Arctic Shift): [BBC Sport] Somali referee Omar Artan, who was denied entry 
2026-06-16T09:04:54+0000 [WARNING]   Could not re-fetch post 1u5glfp from Arctic Shift
2026-06-16T09:04:57+0000 [INFO]   Arctic Shift returned 120 comments
2026-06-16T09:04:57+0000 [INFO] Processing post 1u5grzm (Arctic Shift): [World Cup 2026 Preview] Ecuador: The South American Wall Bu
2026-06-16T09:04:58+0000 [WARNING]   Could not re-fetch post 1u5grzm from Arctic Shift
2026-06-16T09:05:00+0000 [INFO]   Arctic Shift returned 30 comments
2026-06-16T09:05:00+0000 [INFO] Processing post 1u5guz3 (Arctic Shift): World cup
2026-06-16T09:05:01+0000 [WARNING]   Could not re-fetch post 1u5guz3 from Arctic Shift
2026-06-16T09:05:03+0000 [INFO]   Arctic Shift returned 1 comments
2026-06-16T09:05:03+0000 [INFO] Processing post 1u5gvcm (Arctic Shift): My simulation model makes Germany 81% to win vs Curaçao — bu
2026-06-16T09:05:04+0000 [WARNING]   Could not re-fetch post 1u5gvcm from Arctic Shift
2026-06-16T09:05:06+0000 [INFO]   Arctic Shift returned 2 comments
2026-06-16T09:05:06+0000 [INFO] Processing post 1u5gvok (Arctic Shift): Netherlands vs Japan is basically a coin flip according to m
2026-06-16T09:05:07+0000 [WARNING]   Could not re-fetch post 1u5gvok from Arctic Shift
2026-06-16T09:05:09+0000 [INFO]   Arctic Shift returned 2 comments
2026-06-16T09:05:09+0000 [INFO] Harvester complete (arctic_shift+rss). 16 posts processed, 0 failed, 362 total comments collected.
2026-06-16T09:09:48+0000 [INFO] Harvester starting. Target time: 2026-06-14T09:09:48.973819+00:00. Mode: arctic_shift+rss
2026-06-16T09:09:48+0000 [INFO] No pending posts for target time 2026-06-14T09. Nothing to do.
2026-06-16T09:14:31+0000 [INFO] Harvester starting. Target time: 2026-06-14T09:14:31.981561+00:00. Mode: arctic_shift+rss
2026-06-16T09:14:31+0000 [INFO] No pending posts for target time 2026-06-14T09. Nothing to do.
2026-06-16T09:19:39+0000 [INFO] Harvester starting. Target time: 2026-06-14T09:19:39.516272+00:00. Mode: arctic_shift+rss
2026-06-16T09:19:39+0000 [INFO] No pending posts for target time 2026-06-14T09. Nothing to do.
2026-06-16T09:25:09+0000 [INFO] Harvester starting. Target time: 2026-06-14T09:25:09.176139+00:00. Mode: arctic_shift+rss
2026-06-16T09:25:09+0000 [INFO] No pending posts for target time 2026-06-14T09. Nothing to do.
