2026-06-18T07:03:43+0000 [INFO] Harvester starting. Target time: 2026-06-16T07:03:43.135746+00:00. Mode: arctic_shift+rss
2026-06-18T07:03:43+0000 [INFO] Found 15 posts to process
2026-06-18T07:03:43+0000 [INFO] Processing post 1u76573 (Arctic Shift): Algerian and Argentinian fans have arrived in Times Square.
2026-06-18T07:03:43+0000 [WARNING]   Could not re-fetch post 1u76573 from Arctic Shift
2026-06-18T07:03:47+0000 [INFO]   Arctic Shift returned 288 comments
2026-06-18T07:03:47+0000 [INFO] Processing post 1u76ac9 (Arctic Shift): Pre-revolutionary flags spotted, anthem booed at Iran’s Worl
2026-06-18T07:03:48+0000 [WARNING]   Could not re-fetch post 1u76ac9 from Arctic Shift
2026-06-18T07:03:53+0000 [INFO]   Arctic Shift returned 207 comments
2026-06-18T07:03:53+0000 [INFO] Processing post 1u76f3j (Arctic Shift): 30 years ago today - Croatia advances to the Euro 96 QF afte
2026-06-18T07:03:54+0000 [WARNING]   Could not re-fetch post 1u76f3j from Arctic Shift
2026-06-18T07:03:56+0000 [INFO]   Arctic Shift returned 24 comments
2026-06-18T07:03:56+0000 [INFO] Processing post 1u76avw (Arctic Shift): [The Guardian] France are stacked with talent but memories o
2026-06-18T07:03:57+0000 [WARNING]   Could not re-fetch post 1u76avw from Arctic Shift
2026-06-18T07:04:00+0000 [INFO]   Arctic Shift returned 14 comments
2026-06-18T07:04:00+0000 [INFO] Processing post 1u76cvs (Arctic Shift): [kicker] Dino Toppmöller has signed to be the next manager o
2026-06-18T07:04:02+0000 [WARNING]   Could not re-fetch post 1u76cvs from Arctic Shift
2026-06-18T07:04:05+0000 [INFO]   Arctic Shift returned 13 comments
2026-06-18T07:04:05+0000 [INFO] Processing post 1u76css (Arctic Shift): I miss the Panini sticker album era so I built a daily WC 20
2026-06-18T07:04:06+0000 [WARNING]   Could not re-fetch post 1u76css from Arctic Shift
2026-06-18T07:04:08+0000 [INFO]   Arctic Shift returned 1 comments
2026-06-18T07:04:08+0000 [INFO] Processing post 1u76iz2 (Arctic Shift): South Korea NT restricts domestic media after a journalist m
2026-06-18T07:04:10+0000 [WARNING]   Could not re-fetch post 1u76iz2 from Arctic Shift
2026-06-18T07:04:11+0000 [INFO]   Arctic Shift returned 1 comments
2026-06-18T07:04:11+0000 [INFO] Processing post 1u76isp (Arctic Shift): I Could've Rickrolled the Entire FIFA World Cup. All I Neede
2026-06-18T07:04:12+0000 [WARNING]   Could not re-fetch post 1u76isp from Arctic Shift
2026-06-18T07:04:13+0000 [INFO]   Arctic Shift returned 0 comments
2026-06-18T07:04:13+0000 [INFO] Processing post 1u76p84 (Arctic Shift): The warmest of welcomes at the Monterrey, Mexico Airport
2026-06-18T07:04:15+0000 [WARNING]   Could not re-fetch post 1u76p84 from Arctic Shift
2026-06-18T07:04:16+0000 [INFO]   Arctic Shift returned 3 comments
2026-06-18T07:04:16+0000 [INFO] Processing post 1u76nko (Arctic Shift): Pre-Revolution Iran Flag and other countries flags spotted a
2026-06-18T07:04:17+0000 [WARNING]   Could not re-fetch post 1u76nko from Arctic Shift
2026-06-18T07:04:21+0000 [INFO]   Arctic Shift returned 145 comments
2026-06-18T07:04:21+0000 [INFO] Processing post 1u76to4 (Arctic Shift): I Could've Rickrolled the Entire FIFA World Cup. All I Neede
2026-06-18T07:04:21+0000 [WARNING]   Could not re-fetch post 1u76to4 from Arctic Shift
2026-06-18T07:04:24+0000 [INFO]   Arctic Shift returned 9 comments
2026-06-18T07:04:24+0000 [INFO] Processing post 1u76xop (Arctic Shift): 🇨🇻
2026-06-18T07:04:24+0000 [WARNING]   Could not re-fetch post 1u76xop from Arctic Shift
2026-06-18T07:04:27+0000 [INFO]   Arctic Shift returned 1 comments
2026-06-18T07:04:27+0000 [INFO] Processing post 1u76yv6 (Arctic Shift): Football World Cup vibes in Bangladesh: TV presenters are sh
2026-06-18T07:04:28+0000 [WARNING]   Could not re-fetch post 1u76yv6 from Arctic Shift
2026-06-18T07:04:30+0000 [INFO]   Arctic Shift returned 1 comments
2026-06-18T07:04:30+0000 [INFO] Processing post 1u76zvl (Arctic Shift): VAR official says hand gesture was 'involuntary, subconsciou
2026-06-18T07:04:31+0000 [WARNING]   Could not re-fetch post 1u76zvl from Arctic Shift
2026-06-18T07:04:34+0000 [INFO]   Arctic Shift returned 1 comments
2026-06-18T07:04:34+0000 [INFO] Processing post 1u77238 (Arctic Shift): J’ai créé un tableau de bord pour suivre plusieurs matchs de
2026-06-18T07:04:34+0000 [WARNING]   Could not re-fetch post 1u77238 from Arctic Shift
2026-06-18T07:04:36+0000 [INFO]   Arctic Shift returned 0 comments
2026-06-18T07:04:36+0000 [INFO] Harvester complete (arctic_shift+rss). 15 posts processed, 0 failed, 708 total comments collected.
2026-06-18T07:08:38+0000 [INFO] Harvester starting. Target time: 2026-06-16T07:08:38.711779+00:00. Mode: arctic_shift+rss
2026-06-18T07:08:38+0000 [INFO] No pending posts for target time 2026-06-16T07. Nothing to do.
2026-06-18T07:13:44+0000 [INFO] Harvester starting. Target time: 2026-06-16T07:13:44.282997+00:00. Mode: arctic_shift+rss
2026-06-18T07:13:44+0000 [INFO] No pending posts for target time 2026-06-16T07. Nothing to do.
2026-06-18T07:18:55+0000 [INFO] Harvester starting. Target time: 2026-06-16T07:18:55.160398+00:00. Mode: arctic_shift+rss
2026-06-18T07:18:55+0000 [INFO] No pending posts for target time 2026-06-16T07. Nothing to do.
2026-06-18T07:24:19+0000 [INFO] Harvester starting. Target time: 2026-06-16T07:24:19.300812+00:00. Mode: arctic_shift+rss
2026-06-18T07:24:19+0000 [INFO] No pending posts for target time 2026-06-16T07. Nothing to do.
2026-06-18T07:28:35+0000 [INFO] Harvester starting. Target time: 2026-06-16T07:28:35.207845+00:00. Mode: arctic_shift+rss
2026-06-18T07:28:35+0000 [INFO] No pending posts for target time 2026-06-16T07. Nothing to do.
2026-06-18T07:34:10+0000 [INFO] Harvester starting. Target time: 2026-06-16T07:34:10.239458+00:00. Mode: arctic_shift+rss
2026-06-18T07:34:10+0000 [INFO] No pending posts for target time 2026-06-16T07. Nothing to do.
2026-06-18T07:38:50+0000 [INFO] Harvester starting. Target time: 2026-06-16T07:38:50.223812+00:00. Mode: arctic_shift+rss
2026-06-18T07:38:50+0000 [INFO] No pending posts for target time 2026-06-16T07. Nothing to do.
