2026-06-19T10:04:52+0000 [INFO] Harvester starting. Target time: 2026-06-17T10:04:52.974532+00:00. Mode: arctic_shift+rss
2026-06-19T10:04:52+0000 [INFO] Found 12 posts to process
2026-06-19T10:04:54+0000 [INFO] Processing post 1u85v4q (Arctic Shift): UEFA Champions League 26/27 second qualifying round draw | S
2026-06-19T10:04:55+0000 [WARNING]   Could not re-fetch post 1u85v4q from Arctic Shift
2026-06-19T10:04:56+0000 [INFO]   Arctic Shift returned 9 comments
2026-06-19T10:04:56+0000 [INFO] Processing post 1u85tey (Arctic Shift): "Bocha" Houriet from radio Cadena 3 Argentina reacts to the 
2026-06-19T10:04:57+0000 [WARNING]   Could not re-fetch post 1u85tey from Arctic Shift
2026-06-19T10:04:59+0000 [INFO]   Arctic Shift returned 6 comments
2026-06-19T10:04:59+0000 [INFO] Processing post 1u85t06 (Arctic Shift): Messi is All time World Cup goalscorer
2026-06-19T10:05:00+0000 [WARNING]   Could not re-fetch post 1u85t06 from Arctic Shift
2026-06-19T10:05:03+0000 [INFO]   Arctic Shift returned 134 comments
2026-06-19T10:05:03+0000 [INFO] Processing post 1u86kup (Arctic Shift): [WC2026 Day 6] All Goals with Scoring Nation Commentary
2026-06-19T10:05:05+0000 [WARNING]   Could not re-fetch post 1u86kup from Arctic Shift
2026-06-19T10:05:07+0000 [INFO]   Arctic Shift returned 169 comments
2026-06-19T10:05:07+0000 [INFO] Processing post 1u864ai (Arctic Shift): [(Texas) Rangers Sports Network] The Texas Rangers react to 
2026-06-19T10:05:09+0000 [WARNING]   Could not re-fetch post 1u864ai from Arctic Shift
2026-06-19T10:05:10+0000 [INFO]   Arctic Shift returned 66 comments
2026-06-19T10:05:10+0000 [INFO] Processing post 1u86rpt (Arctic Shift): Ibrahimovic calls Alexi Lalas an ignorant on his analysis af
2026-06-19T10:05:11+0000 [WARNING]   Could not re-fetch post 1u86rpt from Arctic Shift
2026-06-19T10:05:16+0000 [INFO]   Arctic Shift returned 322 comments
2026-06-19T10:05:16+0000 [INFO] Processing post 1u8699e (Arctic Shift): UEFA Champions League second qualifying round draw results
2026-06-19T10:05:17+0000 [WARNING]   Could not re-fetch post 1u8699e from Arctic Shift
2026-06-19T10:05:19+0000 [INFO]   Arctic Shift returned 48 comments
2026-06-19T10:05:19+0000 [INFO] Processing post 1u863hs (Arctic Shift): Official: Stade Rennais FC sign Senegalese winger Issa Souma
2026-06-19T10:05:20+0000 [WARNING]   Could not re-fetch post 1u863hs from Arctic Shift
2026-06-19T10:05:22+0000 [INFO]   Arctic Shift returned 2 comments
2026-06-19T10:05:22+0000 [INFO] Processing post 1u86kcx (Arctic Shift): Marek Jarolím is the new Arka Gdynia head coach
2026-06-19T10:05:24+0000 [WARNING]   Could not re-fetch post 1u86kcx from Arctic Shift
2026-06-19T10:05:26+0000 [INFO]   Arctic Shift returned 1 comments
2026-06-19T10:05:26+0000 [INFO] Processing post 1u86tcy (Arctic Shift): Lionel Messi with his Man Of The Match trophy vs Algeria
2026-06-19T10:05:26+0000 [WARNING]   Could not re-fetch post 1u86tcy from Arctic Shift
2026-06-19T10:05:28+0000 [INFO]   Arctic Shift returned 4 comments
2026-06-19T10:05:28+0000 [INFO] Processing post 1u86efe (Arctic Shift): Huge Colombia fans gathering at the Angel of Independence in
2026-06-19T10:05:29+0000 [WARNING]   Could not re-fetch post 1u86efe from Arctic Shift
2026-06-19T10:05:31+0000 [INFO]   Arctic Shift returned 38 comments
2026-06-19T10:05:31+0000 [INFO] Processing post 1u869n4 (Arctic Shift): Fans celebrates as Mexico team arrives to Guadalajara for th
2026-06-19T10:05:32+0000 [WARNING]   Could not re-fetch post 1u869n4 from Arctic Shift
2026-06-19T10:05:35+0000 [INFO]   Arctic Shift returned 9 comments
2026-06-19T10:05:35+0000 [INFO] Harvester complete (arctic_shift+rss). 12 posts processed, 0 failed, 808 total comments collected.
2026-06-19T10:09:50+0000 [INFO] Harvester starting. Target time: 2026-06-17T10:09:50.919306+00:00. Mode: arctic_shift+rss
2026-06-19T10:09:50+0000 [INFO] No pending posts for target time 2026-06-17T10. Nothing to do.
2026-06-19T10:14:52+0000 [INFO] Harvester starting. Target time: 2026-06-17T10:14:52.353111+00:00. Mode: arctic_shift+rss
2026-06-19T10:14:52+0000 [INFO] No pending posts for target time 2026-06-17T10. Nothing to do.
2026-06-19T10:20:00+0000 [INFO] Harvester starting. Target time: 2026-06-17T10:20:00.760525+00:00. Mode: arctic_shift+rss
2026-06-19T10:20:00+0000 [INFO] No pending posts for target time 2026-06-17T10. Nothing to do.
2026-06-19T10:24:53+0000 [INFO] Harvester starting. Target time: 2026-06-17T10:24:53.223958+00:00. Mode: arctic_shift+rss
2026-06-19T10:24:53+0000 [INFO] No pending posts for target time 2026-06-17T10. Nothing to do.
2026-06-19T10:29:47+0000 [INFO] Harvester starting. Target time: 2026-06-17T10:29:47.916479+00:00. Mode: arctic_shift+rss
2026-06-19T10:29:47+0000 [INFO] No pending posts for target time 2026-06-17T10. Nothing to do.
2026-06-19T10:35:06+0000 [INFO] Harvester starting. Target time: 2026-06-17T10:35:06.587028+00:00. Mode: arctic_shift+rss
2026-06-19T10:35:06+0000 [INFO] No pending posts for target time 2026-06-17T10. Nothing to do.
2026-06-19T10:40:09+0000 [INFO] Harvester starting. Target time: 2026-06-17T10:40:09.420671+00:00. Mode: arctic_shift+rss
2026-06-19T10:40:09+0000 [INFO] No pending posts for target time 2026-06-17T10. Nothing to do.
2026-06-19T10:44:34+0000 [INFO] Harvester starting. Target time: 2026-06-17T10:44:34.695964+00:00. Mode: arctic_shift+rss
2026-06-19T10:44:34+0000 [INFO] No pending posts for target time 2026-06-17T10. Nothing to do.
