2026-06-15T16:09:00+0000 [INFO] Harvester starting. Target time: 2026-06-13T16:09:00.095925+00:00. Mode: arctic_shift+rss
2026-06-15T16:09:00+0000 [INFO] Found 18 posts to process
2026-06-15T16:09:00+0000 [INFO] Processing post 1u4ur23 (Arctic Shift): FIFA reportedly ordered Egypt to remove their AFCON stars fr
2026-06-15T16:09:00+0000 [WARNING]   Could not re-fetch post 1u4ur23 from Arctic Shift
2026-06-15T16:09:02+0000 [INFO]   Arctic Shift returned 1 comments
2026-06-15T16:09:02+0000 [INFO] Processing post 1u4utwl (Arctic Shift): My World Cup Predictions!
2026-06-15T16:09:03+0000 [WARNING]   Could not re-fetch post 1u4utwl from Arctic Shift
2026-06-15T16:09:05+0000 [INFO]   Arctic Shift returned 1 comments
2026-06-15T16:09:05+0000 [INFO] Processing post 1u4uxfy (Arctic Shift): My World Cup Predictions!
2026-06-15T16:09:06+0000 [WARNING]   Could not re-fetch post 1u4uxfy from Arctic Shift
2026-06-15T16:09:08+0000 [INFO]   Arctic Shift returned 1 comments
2026-06-15T16:09:08+0000 [INFO] Processing post 1u4uzte (Arctic Shift): Infantino faces backlash after mocking Italy for failing to 
2026-06-15T16:09:09+0000 [WARNING]   Could not re-fetch post 1u4uzte from Arctic Shift
2026-06-15T16:09:11+0000 [INFO]   Arctic Shift returned 84 comments
2026-06-15T16:09:11+0000 [INFO] Processing post 1u4v8b9 (Arctic Shift): [Athletic] Ruben Amorim leading candidate to become Milan he
2026-06-15T16:09:12+0000 [WARNING]   Could not re-fetch post 1u4v8b9 from Arctic Shift
2026-06-15T16:09:16+0000 [INFO]   Arctic Shift returned 225 comments
2026-06-15T16:09:16+0000 [INFO] Processing post 1u4v8y9 (Arctic Shift): Amusing little tidbit from Japan: Japanese parrot preditcts 
2026-06-15T16:09:17+0000 [WARNING]   Could not re-fetch post 1u4v8y9 from Arctic Shift
2026-06-15T16:09:19+0000 [INFO]   Arctic Shift returned 7 comments
2026-06-15T16:09:19+0000 [INFO] Processing post 1u4v74k (Arctic Shift): Amusing little tidbit from Japan: Japanese parrot preditcts 
2026-06-15T16:09:20+0000 [WARNING]   Could not re-fetch post 1u4v74k from Arctic Shift
2026-06-15T16:09:23+0000 [INFO]   Arctic Shift returned 1 comments
2026-06-15T16:09:23+0000 [INFO] Processing post 1u4vcbc (Arctic Shift): [TalkSPORT] Fulham in advanced talks with former Real Madrid
2026-06-15T16:09:23+0000 [WARNING]   Could not re-fetch post 1u4vcbc from Arctic Shift
2026-06-15T16:09:25+0000 [INFO]   Arctic Shift returned 81 comments
2026-06-15T16:09:25+0000 [INFO] Processing post 1u4vbx4 (Arctic Shift): Pro soccer leagues international breakdown?
2026-06-15T16:09:26+0000 [WARNING]   Could not re-fetch post 1u4vbx4 from Arctic Shift
2026-06-15T16:09:28+0000 [INFO]   Arctic Shift returned 1 comments
2026-06-15T16:09:28+0000 [INFO] Processing post 1u4viip (Arctic Shift): An attempted pitch invader at the U.S.-Paraguay match was no
2026-06-15T16:09:29+0000 [WARNING]   Could not re-fetch post 1u4viip from Arctic Shift
2026-06-15T16:09:33+0000 [INFO]   Arctic Shift returned 247 comments
2026-06-15T16:09:33+0000 [INFO] Processing post 1u4vmev (Arctic Shift): A Mexican interviewer was cut off mid interview with Hakimi 
2026-06-15T16:09:34+0000 [WARNING]   Could not re-fetch post 1u4vmev from Arctic Shift
2026-06-15T16:09:39+0000 [INFO]   Arctic Shift returned 247 comments
2026-06-15T16:09:39+0000 [INFO] Processing post 1u4vmbk (Arctic Shift): Parrot Predicts Japan to Win All Group Matches at World Cup
2026-06-15T16:09:39+0000 [WARNING]   Could not re-fetch post 1u4vmbk from Arctic Shift
2026-06-15T16:09:40+0000 [INFO]   Arctic Shift returned 0 comments
2026-06-15T16:09:40+0000 [INFO] Processing post 1u4vnad (Arctic Shift): Member of European Parliament unveils favorite player lineup
2026-06-15T16:09:41+0000 [WARNING]   Could not re-fetch post 1u4vnad from Arctic Shift
2026-06-15T16:09:43+0000 [INFO]   Arctic Shift returned 1 comments
2026-06-15T16:09:43+0000 [INFO] Processing post 1u4vo5e (Arctic Shift): Made this for the Scotland game tonight.
2026-06-15T16:09:44+0000 [WARNING]   Could not re-fetch post 1u4vo5e from Arctic Shift
2026-06-15T16:09:46+0000 [INFO]   Arctic Shift returned 1 comments
2026-06-15T16:09:46+0000 [INFO] Processing post 1u4voze (Arctic Shift): Vinicius Jr: "I don't care about individual titles, I'm not 
2026-06-15T16:09:47+0000 [WARNING]   Could not re-fetch post 1u4voze from Arctic Shift
2026-06-15T16:09:49+0000 [INFO]   Arctic Shift returned 1 comments
2026-06-15T16:09:49+0000 [INFO] Processing post 1u4vu5a (Arctic Shift): Well-placed sources have told BBC Sport that Danny Makkelie'
2026-06-15T16:09:50+0000 [WARNING]   Could not re-fetch post 1u4vu5a from Arctic Shift
2026-06-15T16:09:55+0000 [INFO]   Arctic Shift returned 305 comments
2026-06-15T16:09:55+0000 [INFO] Processing post 1u4vtdk (Arctic Shift): Real-time AI predicted Morocco would 
score next at 39' duri
2026-06-15T16:09:56+0000 [WARNING]   Could not re-fetch post 1u4vtdk from Arctic Shift
2026-06-15T16:09:58+0000 [INFO]   Arctic Shift returned 1 comments
2026-06-15T16:09:58+0000 [INFO] Processing post 1u4vxys (Arctic Shift): Fenerbahçe has initiated steps to sign Karim Adeyemi, who pl
2026-06-15T16:09:59+0000 [WARNING]   Could not re-fetch post 1u4vxys from Arctic Shift
2026-06-15T16:10:01+0000 [INFO]   Arctic Shift returned 6 comments
2026-06-15T16:10:01+0000 [INFO] Harvester complete (arctic_shift+rss). 18 posts processed, 0 failed, 1211 total comments collected.
2026-06-15T16:12:50+0000 [INFO] Harvester starting. Target time: 2026-06-13T16:12:50.279129+00:00. Mode: arctic_shift+rss
2026-06-15T16:12:50+0000 [INFO] No pending posts for target time 2026-06-13T16. Nothing to do.
