2026-06-15T15:13:34+0000 [INFO] Harvester starting. Target time: 2026-06-13T15:13:34.798102+00:00. Mode: arctic_shift+rss
2026-06-15T15:13:34+0000 [INFO] Found 18 posts to process
2026-06-15T15:13:34+0000 [INFO] Processing post 1u4t43c (Arctic Shift): Brazil vs Morocco: Tactical Analysis and Match Outlook
2026-06-15T15:13:35+0000 [WARNING]   Could not re-fetch post 1u4t43c from Arctic Shift
2026-06-15T15:13:37+0000 [INFO]   Arctic Shift returned 2 comments
2026-06-15T15:13:37+0000 [INFO] Processing post 1u4t8bb (Arctic Shift): Which official song for the World Cup do you all prefer?
2026-06-15T15:13:38+0000 [WARNING]   Could not re-fetch post 1u4t8bb from Arctic Shift
2026-06-15T15:13:40+0000 [INFO]   Arctic Shift returned 1 comments
2026-06-15T15:13:40+0000 [INFO] Processing post 1u4tdld (Arctic Shift): He’s here. CR7. 🇵🇹
2026-06-15T15:13:41+0000 [WARNING]   Could not re-fetch post 1u4tdld from Arctic Shift
2026-06-15T15:13:43+0000 [INFO]   Arctic Shift returned 1 comments
2026-06-15T15:13:43+0000 [INFO] Processing post 1u4tl4a (Arctic Shift): Is soccer always this slow and is flopping always so common?
2026-06-15T15:13:44+0000 [WARNING]   Could not re-fetch post 1u4tl4a from Arctic Shift
2026-06-15T15:13:46+0000 [INFO]   Arctic Shift returned 2 comments
2026-06-15T15:13:46+0000 [INFO] Processing post 1u4tnhg (Arctic Shift): Jurgen Klopp unimpressed by 'tactically poor' World Cup open
2026-06-15T15:13:47+0000 [WARNING]   Could not re-fetch post 1u4tnhg from Arctic Shift
2026-06-15T15:13:49+0000 [INFO]   Arctic Shift returned 1 comments
2026-06-15T15:13:49+0000 [INFO] Processing post 1u4tlhp (Arctic Shift): Americans - Stop getting football wrong!
2026-06-15T15:13:50+0000 [WARNING]   Could not re-fetch post 1u4tlhp from Arctic Shift
2026-06-15T15:13:52+0000 [INFO]   Arctic Shift returned 1 comments
2026-06-15T15:13:52+0000 [INFO] Processing post 1u4tmsp (Arctic Shift): He’s here. CR7.
2026-06-15T15:13:53+0000 [WARNING]   Could not re-fetch post 1u4tmsp from Arctic Shift
2026-06-15T15:13:55+0000 [INFO]   Arctic Shift returned 1 comments
2026-06-15T15:13:55+0000 [INFO] Processing post 1u4trn1 (Arctic Shift): Last night was the first time since 1930 that Team USA won a
2026-06-15T15:13:56+0000 [WARNING]   Could not re-fetch post 1u4trn1 from Arctic Shift
2026-06-15T15:13:58+0000 [INFO]   Arctic Shift returned 44 comments
2026-06-15T15:13:58+0000 [INFO] Processing post 1u4torm (Arctic Shift): Jurgen Klopp unimpressed by 'tactically poor' World Cup open
2026-06-15T15:13:59+0000 [WARNING]   Could not re-fetch post 1u4torm from Arctic Shift
2026-06-15T15:14:02+0000 [INFO]   Arctic Shift returned 196 comments
2026-06-15T15:14:02+0000 [INFO] Processing post 1u4tolv (Arctic Shift): Scotland Predicted Lineup and Latest Team News vs Haiti
2026-06-15T15:14:03+0000 [WARNING]   Could not re-fetch post 1u4tolv from Arctic Shift
2026-06-15T15:14:05+0000 [INFO]   Arctic Shift returned 1 comments
2026-06-15T15:14:05+0000 [INFO] Processing post 1u4tt0n (Arctic Shift): https://youtube.com/shorts/s3neQkEUk9M?si=_hJc6MxHhzdeGZP0
2026-06-15T15:14:06+0000 [WARNING]   Could not re-fetch post 1u4tt0n from Arctic Shift
2026-06-15T15:14:08+0000 [INFO]   Arctic Shift returned 1 comments
2026-06-15T15:14:08+0000 [INFO] Processing post 1u4tv93 (Arctic Shift): Jude Bellingham jokes about Morgan Rogers and Cole Palmer ha
2026-06-15T15:14:09+0000 [WARNING]   Could not re-fetch post 1u4tv93 from Arctic Shift
2026-06-15T15:14:11+0000 [INFO]   Arctic Shift returned 50 comments
2026-06-15T15:14:11+0000 [INFO] Processing post 1u4u558 (Arctic Shift): O'Reilly, Trafford, Livramento and Kane after England's van 
2026-06-15T15:14:12+0000 [WARNING]   Could not re-fetch post 1u4u558 from Arctic Shift
2026-06-15T15:14:14+0000 [INFO]   Arctic Shift returned 33 comments
2026-06-15T15:14:14+0000 [INFO] Processing post 1u4u59i (Arctic Shift): [@ZackCohenFB] Every World Cup official logo since 1970
2026-06-15T15:14:15+0000 [WARNING]   Could not re-fetch post 1u4u59i from Arctic Shift
2026-06-15T15:14:17+0000 [INFO]   Arctic Shift returned 81 comments
2026-06-15T15:14:17+0000 [INFO] Processing post 1u4u590 (Arctic Shift): Kang-in Lee gets his phone taken from him by Manager Hong My
2026-06-15T15:14:18+0000 [WARNING]   Could not re-fetch post 1u4u590 from Arctic Shift
2026-06-15T15:14:20+0000 [INFO]   Arctic Shift returned 66 comments
2026-06-15T15:14:20+0000 [INFO] Processing post 1u4u5zt (Arctic Shift): خرید پروتئین وی 10 کیلویی پگاه گلپایگان
2026-06-15T15:14:21+0000 [WARNING]   Could not re-fetch post 1u4u5zt from Arctic Shift
2026-06-15T15:14:23+0000 [INFO]   Arctic Shift returned 2 comments
2026-06-15T15:14:23+0000 [INFO] Processing post 1u4ub2t (Arctic Shift): [Paul Carr] Last night, the U.S. had 22 successful one-v-one
2026-06-15T15:14:24+0000 [WARNING]   Could not re-fetch post 1u4ub2t from Arctic Shift
2026-06-15T15:14:26+0000 [INFO]   Arctic Shift returned 2 comments
2026-06-15T15:14:26+0000 [INFO] Processing post 1u4ub9s (Arctic Shift): Did valverde and tchouameni really fight?
2026-06-15T15:14:27+0000 [WARNING]   Could not re-fetch post 1u4ub9s from Arctic Shift
2026-06-15T15:14:29+0000 [INFO]   Arctic Shift returned 1 comments
2026-06-15T15:14:29+0000 [INFO] Harvester complete (arctic_shift+rss). 18 posts processed, 0 failed, 486 total comments collected.
2026-06-15T15:18:26+0000 [INFO] Harvester starting. Target time: 2026-06-13T15:18:26.987125+00:00. Mode: arctic_shift+rss
2026-06-15T15:18:26+0000 [INFO] No pending posts for target time 2026-06-13T15. Nothing to do.
2026-06-15T15:23:26+0000 [INFO] Harvester starting. Target time: 2026-06-13T15:23:26.664885+00:00. Mode: arctic_shift+rss
2026-06-15T15:23:26+0000 [INFO] No pending posts for target time 2026-06-13T15. Nothing to do.
2026-06-15T15:28:28+0000 [INFO] Harvester starting. Target time: 2026-06-13T15:28:28.780529+00:00. Mode: arctic_shift+rss
2026-06-15T15:28:28+0000 [INFO] No pending posts for target time 2026-06-13T15. Nothing to do.
2026-06-15T15:34:33+0000 [INFO] Harvester starting. Target time: 2026-06-13T15:34:33.215432+00:00. Mode: arctic_shift+rss
2026-06-15T15:34:33+0000 [INFO] No pending posts for target time 2026-06-13T15. Nothing to do.
2026-06-15T15:38:50+0000 [INFO] Harvester starting. Target time: 2026-06-13T15:38:50.385011+00:00. Mode: arctic_shift+rss
2026-06-15T15:38:50+0000 [INFO] No pending posts for target time 2026-06-13T15. Nothing to do.
2026-06-15T15:43:49+0000 [INFO] Harvester starting. Target time: 2026-06-13T15:43:49.907910+00:00. Mode: arctic_shift+rss
2026-06-15T15:43:49+0000 [INFO] No pending posts for target time 2026-06-13T15. Nothing to do.
