2026-06-14T06:02:42+0000 [INFO] Harvester starting. Target time: 2026-06-12T06:02:42.916674+00:00. Mode: arctic_shift+rss
2026-06-14T06:02:42+0000 [INFO] Found 18 posts to process
2026-06-14T06:02:43+0000 [INFO] Processing post 1u3mztq (Arctic Shift): Persians, are we rooting for or against Iran?
2026-06-14T06:02:43+0000 [WARNING]   Could not re-fetch post 1u3mztq from Arctic Shift
2026-06-14T06:02:45+0000 [INFO]   Arctic Shift returned 1 comments
2026-06-14T06:02:45+0000 [INFO] Processing post 1u3mymn (Arctic Shift): Am I the only one who thinks the new Hydration Breaks are ju
2026-06-14T06:02:46+0000 [WARNING]   Could not re-fetch post 1u3mymn from Arctic Shift
2026-06-14T06:02:48+0000 [INFO]   Arctic Shift returned 1 comments
2026-06-14T06:02:48+0000 [INFO] Processing post 1u3mxjd (Arctic Shift): Fifa World Cup match sees thousands of empty seats after tic
2026-06-14T06:02:49+0000 [WARNING]   Could not re-fetch post 1u3mxjd from Arctic Shift
2026-06-14T06:02:59+0000 [INFO]   Arctic Shift returned 809 comments
2026-06-14T06:02:59+0000 [INFO] Processing post 1u3n08s (Arctic Shift): Djibril Cisse's son, Prince Cisse has signed his first profe
2026-06-14T06:03:00+0000 [WARNING]   Could not re-fetch post 1u3n08s from Arctic Shift
2026-06-14T06:03:02+0000 [INFO]   Arctic Shift returned 24 comments
2026-06-14T06:03:02+0000 [INFO] Processing post 1u3n4g0 (Arctic Shift): There were large sections of empty seats at the Akron Stadiu
2026-06-14T06:03:03+0000 [WARNING]   Could not re-fetch post 1u3n4g0 from Arctic Shift
2026-06-14T06:03:06+0000 [INFO]   Arctic Shift returned 175 comments
2026-06-14T06:03:06+0000 [INFO] Processing post 1u3n4mz (Arctic Shift): Norway Fan Away Jersey Sizing
2026-06-14T06:03:07+0000 [WARNING]   Could not re-fetch post 1u3n4mz from Arctic Shift
2026-06-14T06:03:09+0000 [INFO]   Arctic Shift returned 1 comments
2026-06-14T06:03:09+0000 [INFO] Processing post 1u3n983 (Arctic Shift): ITV delivers feisty start to World Cup coverage – and taunts
2026-06-14T06:03:10+0000 [WARNING]   Could not re-fetch post 1u3n983 from Arctic Shift
2026-06-14T06:03:14+0000 [INFO]   Arctic Shift returned 163 comments
2026-06-14T06:03:14+0000 [INFO] Processing post 1u3n7zq (Arctic Shift): Czech coach Koubek says better team won after defeat by Sout
2026-06-14T06:03:15+0000 [WARNING]   Could not re-fetch post 1u3n7zq from Arctic Shift
2026-06-14T06:03:17+0000 [INFO]   Arctic Shift returned 39 comments
2026-06-14T06:03:17+0000 [INFO] Processing post 1u3nbtd (Arctic Shift): Paraguay not at World Cup to make up the numbers , Says coac
2026-06-14T06:03:18+0000 [WARNING]   Could not re-fetch post 1u3nbtd from Arctic Shift
2026-06-14T06:03:20+0000 [INFO]   Arctic Shift returned 14 comments
2026-06-14T06:03:20+0000 [INFO] Processing post 1u3ngho (Arctic Shift): BeIN Sports pundit Mohamed Aboutrika criticised FIFA and Wor
2026-06-14T06:03:21+0000 [WARNING]   Could not re-fetch post 1u3ngho from Arctic Shift
2026-06-14T06:03:25+0000 [INFO]   Arctic Shift returned 69 comments
2026-06-14T06:03:25+0000 [INFO] Processing post 1u3nhrs (Arctic Shift): I made a World Cup 2026 Fan Anthem blending Afrobeat and Bra
2026-06-14T06:03:26+0000 [WARNING]   Could not re-fetch post 1u3nhrs from Arctic Shift
2026-06-14T06:03:28+0000 [INFO]   Arctic Shift returned 1 comments
2026-06-14T06:03:28+0000 [INFO] Processing post 1u3nmq4 (Arctic Shift): Post Match Thread: Mexico 2 - 0 South Africa | FIFA World Cu
2026-06-14T06:03:29+0000 [WARNING]   Could not re-fetch post 1u3nmq4 from Arctic Shift
2026-06-14T06:03:33+0000 [INFO]   Arctic Shift returned 1 comments
2026-06-14T06:03:33+0000 [INFO] Processing post 1u3nmeu (Arctic Shift): Built a Football Stock market for the Fifa World cup 2026
2026-06-14T06:03:33+0000 [WARNING]   Could not re-fetch post 1u3nmeu from Arctic Shift
2026-06-14T06:03:36+0000 [INFO]   Arctic Shift returned 1 comments
2026-06-14T06:03:36+0000 [INFO] Processing post 1u3nmda (Arctic Shift): Match Schedule
2026-06-14T06:03:37+0000 [WARNING]   Could not re-fetch post 1u3nmda from Arctic Shift
2026-06-14T06:03:39+0000 [INFO]   Arctic Shift returned 1 comments
2026-06-14T06:03:39+0000 [INFO] Processing post 1u3nsds (Arctic Shift): Protesters, police clash outside World Cup opener in Mexico 
2026-06-14T06:03:39+0000 [WARNING]   Could not re-fetch post 1u3nsds from Arctic Shift
2026-06-14T06:03:42+0000 [INFO]   Arctic Shift returned 5 comments
2026-06-14T06:03:42+0000 [INFO] Processing post 1u3nv2n (Arctic Shift): Just starting a new series to talk about football from a fan
2026-06-14T06:03:43+0000 [WARNING]   Could not re-fetch post 1u3nv2n from Arctic Shift
2026-06-14T06:03:45+0000 [INFO]   Arctic Shift returned 1 comments
2026-06-14T06:03:45+0000 [INFO] Processing post 1u3nst7 (Arctic Shift): Koreas world cum campaign for sure would be remember for Oh-
2026-06-14T06:03:46+0000 [WARNING]   Could not re-fetch post 1u3nst7 from Arctic Shift
2026-06-14T06:03:48+0000 [INFO]   Arctic Shift returned 1 comments
2026-06-14T06:03:48+0000 [INFO] Processing post 1u3nu31 (Arctic Shift): Yesterdays game between South Korea and Czech Republic at Es
2026-06-14T06:03:49+0000 [WARNING]   Could not re-fetch post 1u3nu31 from Arctic Shift
2026-06-14T06:03:51+0000 [INFO]   Arctic Shift returned 10 comments
2026-06-14T06:03:51+0000 [INFO] Harvester complete (arctic_shift+rss). 18 posts processed, 0 failed, 1317 total comments collected.
2026-06-14T06:07:28+0000 [INFO] Harvester starting. Target time: 2026-06-12T06:07:28.362856+00:00. Mode: arctic_shift+rss
2026-06-14T06:07:28+0000 [INFO] No pending posts for target time 2026-06-12T06. Nothing to do.
2026-06-14T06:12:21+0000 [INFO] Harvester starting. Target time: 2026-06-12T06:12:21.475657+00:00. Mode: arctic_shift+rss
2026-06-14T06:12:21+0000 [INFO] No pending posts for target time 2026-06-12T06. Nothing to do.
2026-06-14T06:17:34+0000 [INFO] Harvester starting. Target time: 2026-06-12T06:17:34.683435+00:00. Mode: arctic_shift+rss
2026-06-14T06:17:34+0000 [INFO] No pending posts for target time 2026-06-12T06. Nothing to do.
2026-06-14T06:22:20+0000 [INFO] Harvester starting. Target time: 2026-06-12T06:22:20.889315+00:00. Mode: arctic_shift+rss
2026-06-14T06:22:20+0000 [INFO] No pending posts for target time 2026-06-12T06. Nothing to do.
