2026-06-13T20:03:10+0000 [INFO] Harvester starting. Target time: 2026-06-11T20:03:10.701589+00:00. Mode: arctic_shift+rss
2026-06-13T20:03:10+0000 [INFO] Found 40 posts to process
2026-06-13T20:03:10+0000 [INFO] Processing post 1u39qiy (Arctic Shift): It's the end of the first meeting between Mexico and South A
2026-06-13T20:03:11+0000 [WARNING]   Could not re-fetch post 1u39qiy from Arctic Shift
2026-06-13T20:03:12+0000 [INFO]   Arctic Shift returned 1 comments
2026-06-13T20:03:12+0000 [INFO] Processing post 1u39maj (Arctic Shift): Who do you think will win the next FIFA tournament and why?
2026-06-13T20:03:13+0000 [WARNING]   Could not re-fetch post 1u39maj from Arctic Shift
2026-06-13T20:03:16+0000 [INFO]   Arctic Shift returned 1 comments
2026-06-13T20:03:16+0000 [INFO] Processing post 1u39t3d (Arctic Shift): What’s a football opinion that gets you this reaction?
2026-06-13T20:03:17+0000 [WARNING]   Could not re-fetch post 1u39t3d from Arctic Shift
2026-06-13T20:03:19+0000 [INFO]   Arctic Shift returned 1 comments
2026-06-13T20:03:19+0000 [INFO] Processing post 1u39tsp (Arctic Shift): Ronwen Williams nice save vs. Mexico 41’
2026-06-13T20:03:20+0000 [WARNING]   Could not re-fetch post 1u39tsp from Arctic Shift
2026-06-13T20:03:22+0000 [INFO]   Arctic Shift returned 24 comments
2026-06-13T20:03:22+0000 [INFO] Processing post 1u39s77 (Arctic Shift): Gianni Infantino - is he the worst FIFA president ever ?
2026-06-13T20:03:23+0000 [WARNING]   Could not re-fetch post 1u39s77 from Arctic Shift
2026-06-13T20:03:25+0000 [INFO]   Arctic Shift returned 1 comments
2026-06-13T20:03:25+0000 [INFO] Processing post 1u3a0m7 (Arctic Shift): Why are refereeing standards in the Premier League somehow g
2026-06-13T20:03:26+0000 [WARNING]   Could not re-fetch post 1u3a0m7 from Arctic Shift
2026-06-13T20:03:28+0000 [INFO]   Arctic Shift returned 1 comments
2026-06-13T20:03:28+0000 [INFO] Processing post 1u39ylx (Arctic Shift): What is a football opinion you are genuinely willing to die 
2026-06-13T20:03:29+0000 [WARNING]   Could not re-fetch post 1u39ylx from Arctic Shift
2026-06-13T20:03:31+0000 [INFO]   Arctic Shift returned 1 comments
2026-06-13T20:03:31+0000 [INFO] Processing post 1u39w6k (Arctic Shift): Which team in the world cup has the best defence ?
2026-06-13T20:03:31+0000 [WARNING]   Could not re-fetch post 1u39w6k from Arctic Shift
2026-06-13T20:03:34+0000 [INFO]   Arctic Shift returned 2 comments
2026-06-13T20:03:34+0000 [INFO] Processing post 1u39x19 (Arctic Shift): Walmart+ World Cup viewing access
2026-06-13T20:03:35+0000 [WARNING]   Could not re-fetch post 1u39x19 from Arctic Shift
2026-06-13T20:03:37+0000 [INFO]   Arctic Shift returned 2 comments
2026-06-13T20:03:37+0000 [INFO] Processing post 1u3a2uc (Arctic Shift): Premier League matches to stream free on YouTube in Brazil v
2026-06-13T20:03:38+0000 [WARNING]   Could not re-fetch post 1u3a2uc from Arctic Shift
2026-06-13T20:03:39+0000 [INFO]   Arctic Shift returned 66 comments
2026-06-13T20:03:39+0000 [INFO] Processing post 1u3a51a (Arctic Shift): Just found a nice and simple FIFA World Cup 2026 puzzle
2026-06-13T20:03:41+0000 [WARNING]   Could not re-fetch post 1u3a51a from Arctic Shift
2026-06-13T20:03:43+0000 [INFO]   Arctic Shift returned 1 comments
2026-06-13T20:03:43+0000 [INFO] Processing post 1u3a4yi (Arctic Shift): Is anyone doing a live, tactics-focused halftime show?
2026-06-13T20:03:44+0000 [WARNING]   Could not re-fetch post 1u3a4yi from Arctic Shift
2026-06-13T20:03:46+0000 [INFO]   Arctic Shift returned 8 comments
2026-06-13T20:03:46+0000 [INFO] Processing post 1u3a23p (Arctic Shift): Is this a hall of shame worthy season (4.92 xG, 0 goals)
2026-06-13T20:03:47+0000 [WARNING]   Could not re-fetch post 1u3a23p from Arctic Shift
2026-06-13T20:03:49+0000 [INFO]   Arctic Shift returned 1 comments
2026-06-13T20:03:49+0000 [INFO] Processing post 1u3a9ec (Arctic Shift): Mexico chance against South Africa 46'
2026-06-13T20:03:50+0000 [WARNING]   Could not re-fetch post 1u3a9ec from Arctic Shift
2026-06-13T20:03:52+0000 [INFO]   Arctic Shift returned 45 comments
2026-06-13T20:03:52+0000 [INFO] Processing post 1u3a6e7 (Arctic Shift): 3 Minute Water Breaks Each Half Just To Show Commercials
2026-06-13T20:03:53+0000 [WARNING]   Could not re-fetch post 1u3a6e7 from Arctic Shift
2026-06-13T20:03:55+0000 [INFO]   Arctic Shift returned 1 comments
2026-06-13T20:03:55+0000 [INFO] Processing post 1u3a6nm (Arctic Shift): Siphephelo Sithole red card against Mexico 49'
2026-06-13T20:03:55+0000 [WARNING]   Could not re-fetch post 1u3a6nm from Arctic Shift
2026-06-13T20:03:58+0000 [INFO]   Arctic Shift returned 1 comments
2026-06-13T20:03:58+0000 [INFO] Processing post 1u3a6ad (Arctic Shift): Sphephelo Sithole (South Africa) straight red card against M
2026-06-13T20:03:59+0000 [WARNING]   Could not re-fetch post 1u3a6ad from Arctic Shift
2026-06-13T20:04:08+0000 [INFO]   Arctic Shift returned 725 comments
2026-06-13T20:04:08+0000 [INFO] Processing post 1u3a67j (Arctic Shift): Yaya Sithole (South Africa) straight red card against Mexico
2026-06-13T20:04:09+0000 [WARNING]   Could not re-fetch post 1u3a67j from Arctic Shift
2026-06-13T20:04:11+0000 [INFO]   Arctic Shift returned 28 comments
2026-06-13T20:04:11+0000 [INFO] Processing post 1u3ab76 (Arctic Shift): What ‘godfather’ of US football learnt from 1994 World Cup —
2026-06-13T20:04:12+0000 [WARNING]   Could not re-fetch post 1u3ab76 from Arctic Shift
2026-06-13T20:04:13+0000 [INFO]   Arctic Shift returned 2 comments
2026-06-13T20:04:13+0000 [INFO] Processing post 1u3afcr (Arctic Shift): [Athletic] Jose Mourinho and Real Madrid: The inside story o
2026-06-13T20:04:14+0000 [WARNING]   Could not re-fetch post 1u3afcr from Arctic Shift
2026-06-13T20:04:17+0000 [INFO]   Arctic Shift returned 56 comments
2026-06-13T20:04:17+0000 [INFO] Processing post 1u3am9v (Arctic Shift): Mexico [2] - 0 South Africa - Raul Jimenez 67‎'‎
2026-06-13T20:04:18+0000 [WARNING]   Could not re-fetch post 1u3am9v from Arctic Shift
2026-06-13T20:04:20+0000 [INFO]   Arctic Shift returned 61 comments
2026-06-13T20:04:20+0000 [INFO] Processing post 1u3amic (Arctic Shift): [ Removed by moderator ]
2026-06-13T20:04:21+0000 [WARNING]   Could not re-fetch post 1u3amic from Arctic Shift
2026-06-13T20:04:23+0000 [INFO]   Arctic Shift returned 2 comments
2026-06-13T20:04:23+0000 [INFO] Processing post 1u3amkw (Arctic Shift): A Big Ask - looking for discounts on soccer gear
2026-06-13T20:04:24+0000 [WARNING]   Could not re-fetch post 1u3amkw from Arctic Shift
2026-06-13T20:04:26+0000 [INFO]   Arctic Shift returned 1 comments
2026-06-13T20:04:26+0000 [INFO] Processing post 1u3amdz (Arctic Shift): Mexico 2-0 South Africa - Raúl Jiménez 67'
2026-06-13T20:04:27+0000 [WARNING]   Could not re-fetch post 1u3amdz from Arctic Shift
2026-06-13T20:04:29+0000 [INFO]   Arctic Shift returned 1 comments
2026-06-13T20:04:29+0000 [INFO] Processing post 1u3alhm (Arctic Shift): Fox One stream quality | what to expect if you're in the U.S
2026-06-13T20:04:30+0000 [WARNING]   Could not re-fetch post 1u3alhm from Arctic Shift
2026-06-13T20:04:32+0000 [INFO]   Arctic Shift returned 1 comments
2026-06-13T20:04:32+0000 [INFO] Processing post 1u3anmt (Arctic Shift): Mexico [2] - 0 South Africa - Raúl Jiménez 67'
2026-06-13T20:04:33+0000 [WARNING]   Could not re-fetch post 1u3anmt from Arctic Shift
2026-06-13T20:04:38+0000 [INFO]   Arctic Shift returned 302 comments
2026-06-13T20:04:38+0000 [INFO] Processing post 1u3apbj (Arctic Shift): Khuliso Mudau Fallon d'Floor against Mexico
2026-06-13T20:04:39+0000 [WARNING]   Could not re-fetch post 1u3apbj from Arctic Shift
2026-06-13T20:04:41+0000 [INFO]   Arctic Shift returned 60 comments
2026-06-13T20:04:41+0000 [INFO] Processing post 1u3aspp (Arctic Shift): Mexico penalty shout against South Africa 73'
2026-06-13T20:04:42+0000 [WARNING]   Could not re-fetch post 1u3aspp from Arctic Shift
2026-06-13T20:04:45+0000 [INFO]   Arctic Shift returned 111 comments
2026-06-13T20:04:45+0000 [INFO] Processing post 1u3ave8 (Arctic Shift): Butterfly goalies
2026-06-13T20:04:46+0000 [WARNING]   Could not re-fetch post 1u3ave8 from Arctic Shift
2026-06-13T20:04:48+0000 [INFO]   Arctic Shift returned 1 comments
2026-06-13T20:04:48+0000 [INFO] Processing post 1u3aw34 (Arctic Shift): They really added commercials in between goals
2026-06-13T20:04:48+0000 [WARNING]   Could not re-fetch post 1u3aw34 from Arctic Shift
2026-06-13T20:04:51+0000 [INFO]   Arctic Shift returned 1 comments
2026-06-13T20:04:51+0000 [INFO] Processing post 1u3b1xi (Arctic Shift): Korea vs Czechia (WC2026) — the altitude gap nobody's talkin
2026-06-13T20:04:52+0000 [WARNING]   Could not re-fetch post 1u3b1xi from Arctic Shift
2026-06-13T20:04:54+0000 [INFO]   Arctic Shift returned 1 comments
2026-06-13T20:04:54+0000 [INFO] Processing post 1u3b1u0 (Arctic Shift): Themba Zwane red card against Mexico 83'
2026-06-13T20:04:55+0000 [WARNING]   Could not re-fetch post 1u3b1u0 from Arctic Shift
2026-06-13T20:05:06+0000 [INFO]   Arctic Shift returned 940 comments
2026-06-13T20:05:06+0000 [INFO] Processing post 1u3b2dw (Arctic Shift): Themba Zwane (South Africa) straight red card against Mexico
2026-06-13T20:05:07+0000 [WARNING]   Could not re-fetch post 1u3b2dw from Arctic Shift
2026-06-13T20:05:10+0000 [INFO]   Arctic Shift returned 122 comments
2026-06-13T20:05:10+0000 [INFO] Processing post 1u3b2c5 (Arctic Shift): Themba Zwane straight red card against Mexico 84'
2026-06-13T20:05:11+0000 [WARNING]   Could not re-fetch post 1u3b2c5 from Arctic Shift
2026-06-13T20:05:13+0000 [INFO]   Arctic Shift returned 16 comments
2026-06-13T20:05:13+0000 [INFO] Processing post 1u3b5no (Arctic Shift): Second red card?
2026-06-13T20:05:14+0000 [WARNING]   Could not re-fetch post 1u3b5no from Arctic Shift
2026-06-13T20:05:16+0000 [INFO]   Arctic Shift returned 1 comments
2026-06-13T20:05:16+0000 [INFO] Processing post 1u3b6t3 (Arctic Shift): Mexico 1st Goal FIFA WORLD CUP 2026 #mexico #worldcup #goals
2026-06-13T20:05:16+0000 [WARNING]   Could not re-fetch post 1u3b6t3 from Arctic Shift
2026-06-13T20:05:19+0000 [INFO]   Arctic Shift returned 1 comments
2026-06-13T20:05:19+0000 [INFO] Processing post 1u3b2va (Arctic Shift): Is being thrown in the air by soccer fans a new tradition? 😂
2026-06-13T20:05:19+0000 [WARNING]   Could not re-fetch post 1u3b2va from Arctic Shift
2026-06-13T20:05:22+0000 [INFO]   Arctic Shift returned 1 comments
2026-06-13T20:05:22+0000 [INFO] Processing post 1u3b53z (Arctic Shift): Is being thrown in the air by soccer fans a new tradition?
2026-06-13T20:05:23+0000 [WARNING]   Could not re-fetch post 1u3b53z from Arctic Shift
2026-06-13T20:05:25+0000 [INFO]   Arctic Shift returned 1 comments
2026-06-13T20:05:25+0000 [INFO] Processing post 1u3b363 (Arctic Shift): [Squawka] At 17 years and 240 days, Gilberto Mora is the you
2026-06-13T20:05:26+0000 [WARNING]   Could not re-fetch post 1u3b363 from Arctic Shift
2026-06-13T20:05:28+0000 [INFO]   Arctic Shift returned 73 comments
2026-06-13T20:05:28+0000 [INFO] Processing post 1u3b564 (Arctic Shift): South Africa become only the second team to receive two red 
2026-06-13T20:05:29+0000 [WARNING]   Could not re-fetch post 1u3b564 from Arctic Shift
2026-06-13T20:05:31+0000 [INFO]   Arctic Shift returned 99 comments
2026-06-13T20:05:31+0000 [INFO] Harvester complete (arctic_shift+rss). 40 posts processed, 0 failed, 2764 total comments collected.
2026-06-13T20:08:07+0000 [INFO] Harvester starting. Target time: 2026-06-11T20:08:07.400568+00:00. Mode: arctic_shift+rss
2026-06-13T20:08:07+0000 [INFO] No pending posts for target time 2026-06-11T20. Nothing to do.
2026-06-13T20:10:25+0000 [INFO] Harvester starting. Target time: 2026-06-11T20:10:25.345462+00:00. Mode: arctic_shift+rss
2026-06-13T20:10:25+0000 [INFO] No pending posts for target time 2026-06-11T20. Nothing to do.
2026-06-13T20:12:55+0000 [INFO] Harvester starting. Target time: 2026-06-11T20:12:55.040349+00:00. Mode: arctic_shift+rss
2026-06-13T20:12:55+0000 [INFO] No pending posts for target time 2026-06-11T20. Nothing to do.
2026-06-13T20:18:13+0000 [INFO] Harvester starting. Target time: 2026-06-11T20:18:13.093488+00:00. Mode: arctic_shift+rss
2026-06-13T20:18:13+0000 [INFO] No pending posts for target time 2026-06-11T20. Nothing to do.
2026-06-13T20:23:03+0000 [INFO] Harvester starting. Target time: 2026-06-11T20:23:03.335192+00:00. Mode: arctic_shift+rss
2026-06-13T20:23:03+0000 [INFO] No pending posts for target time 2026-06-11T20. Nothing to do.
2026-06-13T20:27:54+0000 [INFO] Harvester starting. Target time: 2026-06-11T20:27:54.148813+00:00. Mode: arctic_shift+rss
2026-06-13T20:27:54+0000 [INFO] No pending posts for target time 2026-06-11T20. Nothing to do.
2026-06-13T20:33:13+0000 [INFO] Harvester starting. Target time: 2026-06-11T20:33:13.478690+00:00. Mode: arctic_shift+rss
2026-06-13T20:33:13+0000 [INFO] No pending posts for target time 2026-06-11T20. Nothing to do.
2026-06-13T20:37:56+0000 [INFO] Harvester starting. Target time: 2026-06-11T20:37:56.903344+00:00. Mode: arctic_shift+rss
2026-06-13T20:37:56+0000 [INFO] No pending posts for target time 2026-06-11T20. Nothing to do.
2026-06-13T20:42:59+0000 [INFO] Harvester starting. Target time: 2026-06-11T20:42:59.918516+00:00. Mode: arctic_shift+rss
2026-06-13T20:42:59+0000 [INFO] No pending posts for target time 2026-06-11T20. Nothing to do.
2026-06-13T20:48:09+0000 [INFO] Harvester starting. Target time: 2026-06-11T20:48:09.915029+00:00. Mode: arctic_shift+rss
2026-06-13T20:48:09+0000 [INFO] No pending posts for target time 2026-06-11T20. Nothing to do.
