2026-06-15T06:03:32+0000 [INFO] Harvester starting. Target time: 2026-06-13T06:03:32.459967+00:00. Mode: arctic_shift+rss
2026-06-15T06:03:32+0000 [INFO] Found 15 posts to process
2026-06-15T06:03:32+0000 [INFO] Processing post 1u4iuqg (Arctic Shift): The FIFA World Cup 2026 is about to break EVERY single footb
2026-06-15T06:03:32+0000 [WARNING]   Could not re-fetch post 1u4iuqg from Arctic Shift
2026-06-15T06:03:39+0000 [INFO]   Arctic Shift returned 1 comments
2026-06-15T06:03:39+0000 [INFO] Processing post 1u4iv4m (Arctic Shift): Deeply Strange Football Video Games
2026-06-15T06:03:40+0000 [WARNING]   Could not re-fetch post 1u4iv4m from Arctic Shift
2026-06-15T06:03:43+0000 [INFO]   Arctic Shift returned 1 comments
2026-06-15T06:03:43+0000 [INFO] Processing post 1u4j0yc (Arctic Shift): Watching the WC live at school hits different 🇰🇷
2026-06-15T06:03:43+0000 [WARNING]   Could not re-fetch post 1u4j0yc from Arctic Shift
2026-06-15T06:03:46+0000 [INFO]   Arctic Shift returned 1 comments
2026-06-15T06:03:46+0000 [INFO] Processing post 1u4j3pj (Arctic Shift): Watching the WC live at school hits different
2026-06-15T06:03:47+0000 [WARNING]   Could not re-fetch post 1u4j3pj from Arctic Shift
2026-06-15T06:03:49+0000 [INFO]   Arctic Shift returned 1 comments
2026-06-15T06:03:49+0000 [INFO] Processing post 1u4j5z9 (Arctic Shift): Do the new Haiti jerseys have cats and dogs on them?
2026-06-15T06:03:50+0000 [WARNING]   Could not re-fetch post 1u4j5z9 from Arctic Shift
2026-06-15T06:03:52+0000 [INFO]   Arctic Shift returned 2 comments
2026-06-15T06:03:52+0000 [INFO] Processing post 1u4j5kj (Arctic Shift): Full World Cup 2026 schedule (printable) – updated daily wit
2026-06-15T06:03:53+0000 [WARNING]   Could not re-fetch post 1u4j5kj from Arctic Shift
2026-06-15T06:03:55+0000 [INFO]   Arctic Shift returned 2 comments
2026-06-15T06:03:55+0000 [INFO] Processing post 1u4jds8 (Arctic Shift): With all 3 host nations not losing their first game, Qatar r
2026-06-15T06:03:56+0000 [WARNING]   Could not re-fetch post 1u4jds8 from Arctic Shift
2026-06-15T06:04:04+0000 [INFO]   Arctic Shift returned 1 comments
2026-06-15T06:04:04+0000 [INFO] Processing post 1u4jfas (Arctic Shift): Did you try this World Cup 2026 App yet for Mac?
2026-06-15T06:04:05+0000 [WARNING]   Could not re-fetch post 1u4jfas from Arctic Shift
2026-06-15T06:04:07+0000 [INFO]   Arctic Shift returned 1 comments
2026-06-15T06:04:07+0000 [INFO] Processing post 1u4jim4 (Arctic Shift): Hydration breaks are something common or new?
2026-06-15T06:04:08+0000 [WARNING]   Could not re-fetch post 1u4jim4 from Arctic Shift
2026-06-15T06:04:10+0000 [INFO]   Arctic Shift returned 2 comments
2026-06-15T06:04:10+0000 [INFO] Processing post 1u4jidz (Arctic Shift): With all 3 host nations not losing their first game, Qatar r
2026-06-15T06:04:11+0000 [WARNING]   Could not re-fetch post 1u4jidz from Arctic Shift
2026-06-15T06:04:14+0000 [INFO]   Arctic Shift returned 188 comments
2026-06-15T06:04:14+0000 [INFO] Processing post 1u4ji42 (Arctic Shift): Dinamo Minsk versus Gomel #shorts #worldcup
2026-06-15T06:04:15+0000 [WARNING]   Could not re-fetch post 1u4ji42 from Arctic Shift
2026-06-15T06:04:17+0000 [INFO]   Arctic Shift returned 2 comments
2026-06-15T06:04:17+0000 [INFO] Processing post 1u4jp61 (Arctic Shift): Luka Modric, close to saying goodbye to football. In a few d
2026-06-15T06:04:18+0000 [WARNING]   Could not re-fetch post 1u4jp61 from Arctic Shift
2026-06-15T06:04:20+0000 [INFO]   Arctic Shift returned 82 comments
2026-06-15T06:04:20+0000 [INFO] Processing post 1u4jqbp (Arctic Shift): Got this video of the final goal tonight
2026-06-15T06:04:21+0000 [WARNING]   Could not re-fetch post 1u4jqbp from Arctic Shift
2026-06-15T06:04:23+0000 [INFO]   Arctic Shift returned 1 comments
2026-06-15T06:04:23+0000 [INFO] Processing post 1u4ju2o (Arctic Shift): "Made a free Spanish-language World Cup 2026 
guide app for 
2026-06-15T06:04:24+0000 [WARNING]   Could not re-fetch post 1u4ju2o from Arctic Shift
2026-06-15T06:04:26+0000 [INFO]   Arctic Shift returned 2 comments
2026-06-15T06:04:26+0000 [INFO] Processing post 1u4juge (Arctic Shift): 40 years ago today - the fastest sending off in WC history, 
2026-06-15T06:04:27+0000 [WARNING]   Could not re-fetch post 1u4juge from Arctic Shift
2026-06-15T06:04:29+0000 [INFO]   Arctic Shift returned 43 comments
2026-06-15T06:04:29+0000 [INFO] Harvester complete (arctic_shift+rss). 15 posts processed, 0 failed, 330 total comments collected.
