2026-06-18T01:03:27+0000 [INFO] Harvester starting. Target time: 2026-06-16T01:03:27.535099+00:00. Mode: arctic_shift+rss
2026-06-18T01:03:27+0000 [INFO] Found 29 posts to process
2026-06-18T01:03:27+0000 [INFO] Processing post 1u6z593 (Arctic Shift): Why the 2026 World Cup Could Change Football Forever
2026-06-18T01:03:28+0000 [WARNING]   Could not re-fetch post 1u6z593 from Arctic Shift
2026-06-18T01:03:30+0000 [INFO]   Arctic Shift returned 2 comments
2026-06-18T01:03:30+0000 [INFO] Processing post 1u6z7xz (Arctic Shift): Guys wake up Tim Payne is on now
2026-06-18T01:03:31+0000 [WARNING]   Could not re-fetch post 1u6z7xz from Arctic Shift
2026-06-18T01:03:32+0000 [INFO]   Arctic Shift returned 4 comments
2026-06-18T01:03:32+0000 [INFO] Processing post 1u6zazm (Arctic Shift): Iran 0 - [1] New Zealand - E. Just 7'
2026-06-18T01:03:34+0000 [WARNING]   Could not re-fetch post 1u6zazm from Arctic Shift
2026-06-18T01:03:38+0000 [INFO]   Arctic Shift returned 208 comments
2026-06-18T01:03:38+0000 [INFO] Processing post 1u6zb0g (Arctic Shift): Iran 0-1 New Zealand - Elijah Just 7'
2026-06-18T01:03:38+0000 [WARNING]   Could not re-fetch post 1u6zb0g from Arctic Shift
2026-06-18T01:03:40+0000 [INFO]   Arctic Shift returned 33 comments
2026-06-18T01:03:40+0000 [INFO] Processing post 1u6zfha (Arctic Shift): Is it V.A.R or Var
2026-06-18T01:03:42+0000 [WARNING]   Could not re-fetch post 1u6zfha from Arctic Shift
2026-06-18T01:03:43+0000 [INFO]   Arctic Shift returned 2 comments
2026-06-18T01:03:43+0000 [INFO] Processing post 1u6zddu (Arctic Shift): [tntsportsbr] When was the first 0-0 on each World Cup this 
2026-06-18T01:03:44+0000 [WARNING]   Could not re-fetch post 1u6zddu from Arctic Shift
2026-06-18T01:03:47+0000 [INFO]   Arctic Shift returned 43 comments
2026-06-18T01:03:47+0000 [INFO] Processing post 1u6zeay (Arctic Shift): Is cupticketcenter a legigament resale site? https://cuptick
2026-06-18T01:03:48+0000 [WARNING]   Could not re-fetch post 1u6zeay from Arctic Shift
2026-06-18T01:03:49+0000 [INFO]   Arctic Shift returned 2 comments
2026-06-18T01:03:49+0000 [INFO] Processing post 1u6zjli (Arctic Shift): 🇸🇪 5-1
2026-06-18T01:03:51+0000 [WARNING]   Could not re-fetch post 1u6zjli from Arctic Shift
2026-06-18T01:03:53+0000 [INFO]   Arctic Shift returned 1 comments
2026-06-18T01:03:53+0000 [INFO] Processing post 1u6znid (Arctic Shift): Commentators pumping the benefits of hydration breaks
2026-06-18T01:03:53+0000 [WARNING]   Could not re-fetch post 1u6znid from Arctic Shift
2026-06-18T01:03:55+0000 [INFO]   Arctic Shift returned 1 comments
2026-06-18T01:03:55+0000 [INFO] Processing post 1u6znh4 (Arctic Shift): Mehdi Taremi (Iran) hits the post against New Zealand 23'
2026-06-18T01:03:56+0000 [WARNING]   Could not re-fetch post 1u6znh4 from Arctic Shift
2026-06-18T01:03:59+0000 [INFO]   Arctic Shift returned 22 comments
2026-06-18T01:03:59+0000 [INFO] Processing post 1u6zrg4 (Arctic Shift): 5-1
2026-06-18T01:03:59+0000 [WARNING]   Could not re-fetch post 1u6zrg4 from Arctic Shift
2026-06-18T01:04:01+0000 [INFO]   Arctic Shift returned 1 comments
2026-06-18T01:04:01+0000 [INFO] Processing post 1u6zpjo (Arctic Shift): iran vs new zealand soccer live stream!
2026-06-18T01:04:03+0000 [WARNING]   Could not re-fetch post 1u6zpjo from Arctic Shift
2026-06-18T01:04:05+0000 [INFO]   Arctic Shift returned 1 comments
2026-06-18T01:04:05+0000 [INFO] Processing post 1u6zqvy (Arctic Shift): Hydration Breaks
2026-06-18T01:04:05+0000 [WARNING]   Could not re-fetch post 1u6zqvy from Arctic Shift
2026-06-18T01:04:07+0000 [INFO]   Arctic Shift returned 1 comments
2026-06-18T01:04:07+0000 [INFO] Processing post 1u6zq9v (Arctic Shift): 😉😉
2026-06-18T01:04:09+0000 [WARNING]   Could not re-fetch post 1u6zq9v from Arctic Shift
2026-06-18T01:04:11+0000 [INFO]   Arctic Shift returned 1 comments
2026-06-18T01:04:11+0000 [INFO] Processing post 1u6zuju (Arctic Shift): Iran [1]-1 New Zealand - Ramin Rezaeian 33'
2026-06-18T01:04:12+0000 [WARNING]   Could not re-fetch post 1u6zuju from Arctic Shift
2026-06-18T01:04:14+0000 [INFO]   Arctic Shift returned 1 comments
2026-06-18T01:04:14+0000 [INFO] Processing post 1u6zufu (Arctic Shift): Iran [1] - 1 New Zealand - R. Rezaeian 32'
2026-06-18T01:04:15+0000 [WARNING]   Could not re-fetch post 1u6zufu from Arctic Shift
2026-06-18T01:04:18+0000 [INFO]   Arctic Shift returned 144 comments
2026-06-18T01:04:18+0000 [INFO] Processing post 1u6zsq4 (Arctic Shift): Alternate angle of Elijah Just's goal against Iran
2026-06-18T01:04:19+0000 [WARNING]   Could not re-fetch post 1u6zsq4 from Arctic Shift
2026-06-18T01:04:21+0000 [INFO]   Arctic Shift returned 2 comments
2026-06-18T01:04:21+0000 [INFO] Processing post 1u6zw2z (Arctic Shift): Restze sur le terrain
2026-06-18T01:04:22+0000 [WARNING]   Could not re-fetch post 1u6zw2z from Arctic Shift
2026-06-18T01:04:24+0000 [INFO]   Arctic Shift returned 2 comments
2026-06-18T01:04:24+0000 [INFO] Processing post 1u700lq (Arctic Shift): Rezaiean goal in 31st. Iran[1] - 1 New Zealand
2026-06-18T01:04:25+0000 [WARNING]   Could not re-fetch post 1u700lq from Arctic Shift
2026-06-18T01:04:27+0000 [INFO]   Arctic Shift returned 1 comments
2026-06-18T01:04:27+0000 [INFO] Processing post 1u700s2 (Arctic Shift): Donald Trump expected to break major FIFA protocol in potent
2026-06-18T01:04:28+0000 [WARNING]   Could not re-fetch post 1u700s2 from Arctic Shift
2026-06-18T01:04:30+0000 [INFO]   Arctic Shift returned 16 comments
2026-06-18T01:04:30+0000 [INFO] Processing post 1u706ia (Arctic Shift): BREAKING: Donald Trump has been given the go ahead to lift t
2026-06-18T01:04:31+0000 [WARNING]   Could not re-fetch post 1u706ia from Arctic Shift
2026-06-18T01:04:33+0000 [INFO]   Arctic Shift returned 1 comments
2026-06-18T01:04:33+0000 [INFO] Processing post 1u705ev (Arctic Shift): I started building a free, interactive football simulator wi
2026-06-18T01:04:34+0000 [WARNING]   Could not re-fetch post 1u705ev from Arctic Shift
2026-06-18T01:04:35+0000 [INFO]   Arctic Shift returned 0 comments
2026-06-18T01:04:35+0000 [INFO] Processing post 1u709tr (Arctic Shift): New Zealand goalkeeper Max Crocombe causes a moment of chaos
2026-06-18T01:04:36+0000 [WARNING]   Could not re-fetch post 1u709tr from Arctic Shift
2026-06-18T01:04:38+0000 [INFO]   Arctic Shift returned 33 comments
2026-06-18T01:04:38+0000 [INFO] Processing post 1u708uo (Arctic Shift): Iran disallowed goal against  New Zealand 45+5'
2026-06-18T01:04:39+0000 [WARNING]   Could not re-fetch post 1u708uo from Arctic Shift
2026-06-18T01:04:41+0000 [INFO]   Arctic Shift returned 23 comments
2026-06-18T01:04:41+0000 [INFO] Processing post 1u707ty (Arctic Shift): Donald Trump has been given the go ahead to lift the World C
2026-06-18T01:04:42+0000 [WARNING]   Could not re-fetch post 1u707ty from Arctic Shift
2026-06-18T01:04:44+0000 [INFO]   Arctic Shift returned 1 comments
2026-06-18T01:04:44+0000 [INFO] Processing post 1u70azo (Arctic Shift): Change/abolish offsides rule to Zone Progression Rule: a leg
2026-06-18T01:04:45+0000 [WARNING]   Could not re-fetch post 1u70azo from Arctic Shift
2026-06-18T01:04:47+0000 [INFO]   Arctic Shift returned 2 comments
2026-06-18T01:04:47+0000 [INFO] Processing post 1u70aaq (Arctic Shift): Iran or New Zealand ?? Who will be great we don't know but F
2026-06-18T01:04:48+0000 [WARNING]   Could not re-fetch post 1u70aaq from Arctic Shift
2026-06-18T01:04:50+0000 [INFO]   Arctic Shift returned 1 comments
2026-06-18T01:04:50+0000 [INFO] Processing post 1u708ho (Arctic Shift): I started building a free, interactive football simulator wi
2026-06-18T01:04:51+0000 [WARNING]   Could not re-fetch post 1u708ho from Arctic Shift
2026-06-18T01:04:53+0000 [INFO]   Arctic Shift returned 13 comments
2026-06-18T01:04:53+0000 [INFO] Processing post 1u70874 (Arctic Shift): Iran [2] - 1 New Zealand - A. Nemati 45+5'
2026-06-18T01:04:54+0000 [WARNING]   Could not re-fetch post 1u70874 from Arctic Shift
2026-06-18T01:04:56+0000 [INFO]   Arctic Shift returned 5 comments
2026-06-18T01:04:56+0000 [INFO] Harvester complete (arctic_shift+rss). 29 posts processed, 0 failed, 567 total comments collected.
