2026-06-17T14:37:43+0000 [INFO] Harvester starting. Target time: 2026-06-15T14:37:43.960561+00:00. Mode: arctic_shift+rss
2026-06-17T14:37:43+0000 [INFO] Found 29 posts to process
2026-06-17T14:37:44+0000 [INFO] Processing post 1u6hgr5 (Arctic Shift): Sweden [6] - 1 Tunisia - Yasin 92'
2026-06-17T14:37:44+0000 [WARNING]   Could not re-fetch post 1u6hgr5 from Arctic Shift
2026-06-17T14:37:46+0000 [INFO]   Arctic Shift returned 2 comments
2026-06-17T14:37:46+0000 [INFO] Processing post 1u6hdgr (Arctic Shift): VAR Ref Disgraceful Hand Gesture
2026-06-17T14:37:47+0000 [WARNING]   Could not re-fetch post 1u6hdgr from Arctic Shift
2026-06-17T14:37:49+0000 [INFO]   Arctic Shift returned 1 comments
2026-06-17T14:37:49+0000 [INFO] Processing post 1u6hn09 (Arctic Shift): Who do you think is winning the World Cup??
2026-06-17T14:37:50+0000 [WARNING]   Could not re-fetch post 1u6hn09 from Arctic Shift
2026-06-17T14:37:52+0000 [INFO]   Arctic Shift returned 2 comments
2026-06-17T14:37:52+0000 [INFO] Processing post 1u6hje1 (Arctic Shift): Sweden 7 - Tunisia 1 - 92
2026-06-17T14:37:53+0000 [WARNING]   Could not re-fetch post 1u6hje1 from Arctic Shift
2026-06-17T14:37:55+0000 [INFO]   Arctic Shift returned 2 comments
2026-06-17T14:37:55+0000 [INFO] Processing post 1u6hk50 (Arctic Shift): [World Cup 2026 Preview] Uruguay: Chaos, Mutiny, and 'El Loc
2026-06-17T14:37:56+0000 [WARNING]   Could not re-fetch post 1u6hk50 from Arctic Shift
2026-06-17T14:37:58+0000 [INFO]   Arctic Shift returned 10 comments
2026-06-17T14:37:58+0000 [INFO] Processing post 1u6hsfv (Arctic Shift): [World Cup 2026 Preview] New Zealand: Flying Kiwis, "Jobs fo
2026-06-17T14:37:59+0000 [WARNING]   Could not re-fetch post 1u6hsfv from Arctic Shift
2026-06-17T14:38:01+0000 [INFO]   Arctic Shift returned 11 comments
2026-06-17T14:38:01+0000 [INFO] Processing post 1u6i7y5 (Arctic Shift): The country with the more bird species has won in most cases
2026-06-17T14:38:02+0000 [WARNING]   Could not re-fetch post 1u6i7y5 from Arctic Shift
2026-06-17T14:38:05+0000 [INFO]   Arctic Shift returned 185 comments
2026-06-17T14:38:05+0000 [INFO] Processing post 1u6i9pz (Arctic Shift): LA ROJA Siempre Pa'lante 🇪🇸 (Spain Anthem for World Cup 2026
2026-06-17T14:38:06+0000 [WARNING]   Could not re-fetch post 1u6i9pz from Arctic Shift
2026-06-17T14:38:08+0000 [INFO]   Arctic Shift returned 1 comments
2026-06-17T14:38:08+0000 [INFO] Processing post 1u6idlm (Arctic Shift): [Martin Charquero on X] "Darwin Núñez returns to Liverpool. 
2026-06-17T14:38:09+0000 [WARNING]   Could not re-fetch post 1u6idlm from Arctic Shift
2026-06-17T14:38:13+0000 [INFO]   Arctic Shift returned 271 comments
2026-06-17T14:38:13+0000 [INFO] Processing post 1u6iaxi (Arctic Shift): LA ROJA Siempre Pa'lante (Spain Anthem for World Cup 2026)
2026-06-17T14:38:14+0000 [WARNING]   Could not re-fetch post 1u6iaxi from Arctic Shift
2026-06-17T14:38:16+0000 [INFO]   Arctic Shift returned 2 comments
2026-06-17T14:38:16+0000 [INFO] Processing post 1u6idq4 (Arctic Shift): [World Cup 2026 Preview] Iran: Chaos, Aging Stars, and the W
2026-06-17T14:38:17+0000 [WARNING]   Could not re-fetch post 1u6idq4 from Arctic Shift
2026-06-17T14:38:19+0000 [INFO]   Arctic Shift returned 3 comments
2026-06-17T14:38:19+0000 [INFO] Processing post 1u6ibo7 (Arctic Shift): How the Andres Cantor, the "World Cup’s Most Famous Voice" g
2026-06-17T14:38:20+0000 [WARNING]   Could not re-fetch post 1u6ibo7 from Arctic Shift
2026-06-17T14:38:22+0000 [INFO]   Arctic Shift returned 5 comments
2026-06-17T14:38:22+0000 [INFO] Processing post 1u6ikas (Arctic Shift): Scottish fans tearing down an English flag
2026-06-17T14:38:23+0000 [WARNING]   Could not re-fetch post 1u6ikas from Arctic Shift
2026-06-17T14:38:25+0000 [INFO]   Arctic Shift returned 6 comments
2026-06-17T14:38:25+0000 [INFO] Processing post 1u6ijjm (Arctic Shift): Spain NT announce World Cup starting XI vs Cabo Verde:
2026-06-17T14:38:26+0000 [WARNING]   Could not re-fetch post 1u6ijjm from Arctic Shift
2026-06-17T14:38:28+0000 [INFO]   Arctic Shift returned 10 comments
2026-06-17T14:38:28+0000 [INFO] Processing post 1u6ikak (Arctic Shift): Ecuador learned why it’s important to learn local culture be
2026-06-17T14:38:29+0000 [WARNING]   Could not re-fetch post 1u6ikak from Arctic Shift
2026-06-17T14:38:31+0000 [INFO]   Arctic Shift returned 1 comments
2026-06-17T14:38:31+0000 [INFO] Processing post 1u6igv2 (Arctic Shift): Tunisia set to fire head coach Sabrina Lamouchi after just o
2026-06-17T14:38:32+0000 [WARNING]   Could not re-fetch post 1u6igv2 from Arctic Shift
2026-06-17T14:38:34+0000 [INFO]   Arctic Shift returned 7 comments
2026-06-17T14:38:34+0000 [INFO] Processing post 1u6iik1 (Arctic Shift): This all seems crazy..White supremacy symbol. First I have h
2026-06-17T14:38:35+0000 [WARNING]   Could not re-fetch post 1u6iik1 from Arctic Shift
2026-06-17T14:38:36+0000 [INFO]   Arctic Shift returned 0 comments
2026-06-17T14:38:36+0000 [INFO] Processing post 1u6ih2i (Arctic Shift): The games gone..Surely this was just a bit of banter by the 
2026-06-17T14:38:37+0000 [WARNING]   Could not re-fetch post 1u6ih2i from Arctic Shift
2026-06-17T14:38:39+0000 [INFO]   Arctic Shift returned 1 comments
2026-06-17T14:38:39+0000 [INFO] Processing post 1u6ij2x (Arctic Shift): Tunisia set to fire head coach Sabri Lamouchi after just one
2026-06-17T14:38:40+0000 [WARNING]   Could not re-fetch post 1u6ij2x from Arctic Shift
2026-06-17T14:38:42+0000 [INFO]   Arctic Shift returned 39 comments
2026-06-17T14:38:42+0000 [INFO] Processing post 1u6ih2e (Arctic Shift): Cabo Verde fans in Atlanta
2026-06-17T14:38:43+0000 [WARNING]   Could not re-fetch post 1u6ih2e from Arctic Shift
2026-06-17T14:38:45+0000 [INFO]   Arctic Shift returned 19 comments
2026-06-17T14:38:45+0000 [INFO] Processing post 1u6io5k (Arctic Shift): I turned World Cup teams into abstract art.
2026-06-17T14:38:46+0000 [WARNING]   Could not re-fetch post 1u6io5k from Arctic Shift
2026-06-17T14:38:48+0000 [INFO]   Arctic Shift returned 2 comments
2026-06-17T14:38:48+0000 [INFO] Processing post 1u6inic (Arctic Shift): Scotland fans take done an English flag at a pub in Boston
2026-06-17T14:38:49+0000 [WARNING]   Could not re-fetch post 1u6inic from Arctic Shift
2026-06-17T14:38:51+0000 [INFO]   Arctic Shift returned 1 comments
2026-06-17T14:38:51+0000 [INFO] Processing post 1u6imm1 (Arctic Shift): I turned World Cup teams into abstract art 🇵🇹🇦🇷🇪🇸🇫🇷
2026-06-17T14:38:52+0000 [WARNING]   Could not re-fetch post 1u6imm1 from Arctic Shift
2026-06-17T14:38:54+0000 [INFO]   Arctic Shift returned 1 comments
2026-06-17T14:38:54+0000 [INFO] Processing post 1u6ilh6 (Arctic Shift): Correct pronunciation of the names of the Portugal national 
2026-06-17T14:38:55+0000 [WARNING]   Could not re-fetch post 1u6ilh6 from Arctic Shift
2026-06-17T14:39:01+0000 [INFO]   Arctic Shift returned 412 comments
2026-06-17T14:39:01+0000 [INFO] Processing post 1u6ism5 (Arctic Shift): Just wondering how Ciracao the place nobody has evee heard o
2026-06-17T14:39:02+0000 [WARNING]   Could not re-fetch post 1u6ism5 from Arctic Shift
2026-06-17T14:39:04+0000 [INFO]   Arctic Shift returned 1 comments
2026-06-17T14:39:04+0000 [INFO] Processing post 1u6it03 (Arctic Shift): I don't get the appeal of soccer
2026-06-17T14:39:05+0000 [WARNING]   Could not re-fetch post 1u6it03 from Arctic Shift
2026-06-17T14:39:07+0000 [INFO]   Arctic Shift returned 2 comments
2026-06-17T14:39:07+0000 [INFO] Processing post 1u6isqn (Arctic Shift): https://www.businessupturn.com/sports/football/fifa-world-cu
2026-06-17T14:39:08+0000 [WARNING]   Could not re-fetch post 1u6isqn from Arctic Shift
2026-06-17T14:39:09+0000 [INFO]   Arctic Shift returned 0 comments
2026-06-17T14:39:09+0000 [INFO] Processing post 1u6is29 (Arctic Shift): Japanese fans stay behind to clean the entire stadium
2026-06-17T14:39:10+0000 [WARNING]   Could not re-fetch post 1u6is29 from Arctic Shift
2026-06-17T14:39:12+0000 [INFO]   Arctic Shift returned 1 comments
2026-06-17T14:39:12+0000 [INFO] Processing post 1u6iyaj (Arctic Shift): Spain Lineup vs Cabo Verde
2026-06-17T14:39:13+0000 [WARNING]   Could not re-fetch post 1u6iyaj from Arctic Shift
2026-06-17T14:39:15+0000 [INFO]   Arctic Shift returned 53 comments
2026-06-17T14:39:15+0000 [INFO] Harvester complete (arctic_shift+rss). 29 posts processed, 0 failed, 1051 total comments collected.
