2026-06-18T12:04:08+0000 [INFO] Harvester starting. Target time: 2026-06-16T12:04:08.096811+00:00. Mode: arctic_shift+rss
2026-06-18T12:04:08+0000 [INFO] Found 19 posts to process
2026-06-18T12:04:08+0000 [INFO] Processing post 1u7bhjg (Arctic Shift): Official: Sevilla FC sign Arouna Sangate from AC Le Havre
2026-06-18T12:04:08+0000 [WARNING]   Could not re-fetch post 1u7bhjg from Arctic Shift
2026-06-18T12:04:10+0000 [INFO]   Arctic Shift returned 3 comments
2026-06-18T12:04:10+0000 [INFO] Processing post 1u7bhla (Arctic Shift): test
2026-06-18T12:04:11+0000 [WARNING]   Could not re-fetch post 1u7bhla from Arctic Shift
2026-06-18T12:04:16+0000 [INFO]   Arctic Shift returned 1 comments
2026-06-18T12:04:16+0000 [INFO] Processing post 1u7bmkn (Arctic Shift): The Greatest World Cup Nations of All Time
2026-06-18T12:04:16+0000 [WARNING]   Could not re-fetch post 1u7bmkn from Arctic Shift
2026-06-18T12:04:20+0000 [INFO]   Arctic Shift returned 1 comments
2026-06-18T12:04:20+0000 [INFO] Processing post 1u7bocq (Arctic Shift): ⚽ World Cup 2026 Polymarket watchlist — 4 markets the algori
2026-06-18T12:04:20+0000 [WARNING]   Could not re-fetch post 1u7bocq from Arctic Shift
2026-06-18T12:04:22+0000 [INFO]   Arctic Shift returned 1 comments
2026-06-18T12:04:22+0000 [INFO] Processing post 1u7blq2 (Arctic Shift): 𝐓𝐇𝐄 𝐆𝐑𝐄𝐀𝐓𝐄𝐒𝐓 𝐖𝐎𝐑𝐋𝐃 𝐂𝐔𝐏 𝐍𝐀𝐓𝐈𝐎𝐍𝐒 𝐎𝐅 𝐀𝐋𝐋 𝐓𝐈𝐌𝐄 🏆
2026-06-18T12:04:23+0000 [WARNING]   Could not re-fetch post 1u7blq2 from Arctic Shift
2026-06-18T12:04:26+0000 [INFO]   Arctic Shift returned 1 comments
2026-06-18T12:04:26+0000 [INFO] Processing post 1u7brua (Arctic Shift): Why do many people get upset if you call it soccer instead o
2026-06-18T12:04:27+0000 [WARNING]   Could not re-fetch post 1u7brua from Arctic Shift
2026-06-18T12:04:29+0000 [INFO]   Arctic Shift returned 2 comments
2026-06-18T12:04:29+0000 [INFO] Processing post 1u7bscf (Arctic Shift): David Ornstein: Tino Livramento to miss World Cup with calf 
2026-06-18T12:04:30+0000 [WARNING]   Could not re-fetch post 1u7bscf from Arctic Shift
2026-06-18T12:04:32+0000 [INFO]   Arctic Shift returned 61 comments
2026-06-18T12:04:32+0000 [INFO] Processing post 1u7bv1t (Arctic Shift): Dan Burn's new "Back of The Neck" sun cream campaign for Boo
2026-06-18T12:04:33+0000 [WARNING]   Could not re-fetch post 1u7bv1t from Arctic Shift
2026-06-18T12:04:35+0000 [INFO]   Arctic Shift returned 5 comments
2026-06-18T12:04:35+0000 [INFO] Processing post 1u7bv9l (Arctic Shift): Fans from Iran and Saudi last night, after the favorable res
2026-06-18T12:04:36+0000 [WARNING]   Could not re-fetch post 1u7bv9l from Arctic Shift
2026-06-18T12:04:38+0000 [INFO]   Arctic Shift returned 1 comments
2026-06-18T12:04:38+0000 [INFO] Processing post 1u7bxy0 (Arctic Shift): Mexico hosted '86 wc with the panini album, any of yall got 
2026-06-18T12:04:39+0000 [WARNING]   Could not re-fetch post 1u7bxy0 from Arctic Shift
2026-06-18T12:04:41+0000 [INFO]   Arctic Shift returned 1 comments
2026-06-18T12:04:41+0000 [INFO] Processing post 1u7bxvp (Arctic Shift): [The Guardian] David Squires on … a thirst for adverts and o
2026-06-18T12:04:42+0000 [WARNING]   Could not re-fetch post 1u7bxvp from Arctic Shift
2026-06-18T12:04:44+0000 [INFO]   Arctic Shift returned 6 comments
2026-06-18T12:04:44+0000 [INFO] Processing post 1u7c9m2 (Arctic Shift): Mexico hosted '70,’86 with the panini album, any of y’all bo
2026-06-18T12:04:45+0000 [WARNING]   Could not re-fetch post 1u7c9m2 from Arctic Shift
2026-06-18T12:04:47+0000 [INFO]   Arctic Shift returned 1 comments
2026-06-18T12:04:47+0000 [INFO] Processing post 1u7cfl6 (Arctic Shift): World Cup 2026: Tino Livramento suffers hamstring injury and
2026-06-18T12:04:48+0000 [WARNING]   Could not re-fetch post 1u7cfl6 from Arctic Shift
2026-06-18T12:04:52+0000 [INFO]   Arctic Shift returned 241 comments
2026-06-18T12:04:52+0000 [INFO] Processing post 1u7cfce (Arctic Shift): FIFA President Gianni Infantino to the Iran players in their
2026-06-18T12:04:53+0000 [WARNING]   Could not re-fetch post 1u7cfce from Arctic Shift
2026-06-18T12:04:58+0000 [INFO]   Arctic Shift returned 337 comments
2026-06-18T12:04:58+0000 [INFO] Processing post 1u7cg12 (Arctic Shift): World Cup 2026 Odds Update: Spain 0-0 Cape Verde, France New
2026-06-18T12:04:59+0000 [WARNING]   Could not re-fetch post 1u7cg12 from Arctic Shift
2026-06-18T12:05:01+0000 [INFO]   Arctic Shift returned 1 comments
2026-06-18T12:05:01+0000 [INFO] Processing post 1u7clr4 (Arctic Shift): Curaçao and Cape Verde team captains play for same club. Iğd
2026-06-18T12:05:02+0000 [WARNING]   Could not re-fetch post 1u7clr4 from Arctic Shift
2026-06-18T12:05:04+0000 [INFO]   Arctic Shift returned 15 comments
2026-06-18T12:05:04+0000 [INFO] Processing post 1u7cr7x (Arctic Shift): Henderson’s Euro 2024 snub was England’s fatal flaw – now hi
2026-06-18T12:05:05+0000 [WARNING]   Could not re-fetch post 1u7cr7x from Arctic Shift
2026-06-18T12:05:07+0000 [INFO]   Arctic Shift returned 43 comments
2026-06-18T12:05:07+0000 [INFO] Processing post 1u7cqez (Arctic Shift): [ Cape Verde GK Vozinha ] Saves Highlights (vs Spain)
2026-06-18T12:05:08+0000 [WARNING]   Could not re-fetch post 1u7cqez from Arctic Shift
2026-06-18T12:05:10+0000 [INFO]   Arctic Shift returned 1 comments
2026-06-18T12:05:10+0000 [INFO] Processing post 1u7ct60 (Arctic Shift): Vozinha - 7M
2026-06-18T12:05:11+0000 [WARNING]   Could not re-fetch post 1u7ct60 from Arctic Shift
2026-06-18T12:05:13+0000 [INFO]   Arctic Shift returned 2 comments
2026-06-18T12:05:13+0000 [INFO] Harvester complete (arctic_shift+rss). 19 posts processed, 0 failed, 724 total comments collected.
2026-06-18T12:08:52+0000 [INFO] Harvester starting. Target time: 2026-06-16T12:08:52.331543+00:00. Mode: arctic_shift+rss
2026-06-18T12:08:52+0000 [INFO] No pending posts for target time 2026-06-16T12. Nothing to do.
2026-06-18T12:13:50+0000 [INFO] Harvester starting. Target time: 2026-06-16T12:13:50.630440+00:00. Mode: arctic_shift+rss
2026-06-18T12:13:50+0000 [INFO] No pending posts for target time 2026-06-16T12. Nothing to do.
2026-06-18T12:18:55+0000 [INFO] Harvester starting. Target time: 2026-06-16T12:18:55.042050+00:00. Mode: arctic_shift+rss
2026-06-18T12:18:55+0000 [INFO] No pending posts for target time 2026-06-16T12. Nothing to do.
2026-06-18T12:24:19+0000 [INFO] Harvester starting. Target time: 2026-06-16T12:24:19.095717+00:00. Mode: arctic_shift+rss
2026-06-18T12:24:19+0000 [INFO] No pending posts for target time 2026-06-16T12. Nothing to do.
2026-06-18T12:29:11+0000 [INFO] Harvester starting. Target time: 2026-06-16T12:29:11.119569+00:00. Mode: arctic_shift+rss
2026-06-18T12:29:11+0000 [INFO] No pending posts for target time 2026-06-16T12. Nothing to do.
2026-06-18T12:34:29+0000 [INFO] Harvester starting. Target time: 2026-06-16T12:34:29.843584+00:00. Mode: arctic_shift+rss
2026-06-18T12:34:29+0000 [INFO] No pending posts for target time 2026-06-16T12. Nothing to do.
2026-06-18T12:39:07+0000 [INFO] Harvester starting. Target time: 2026-06-16T12:39:07.332038+00:00. Mode: arctic_shift+rss
2026-06-18T12:39:07+0000 [INFO] No pending posts for target time 2026-06-16T12. Nothing to do.
2026-06-18T12:43:54+0000 [INFO] Harvester starting. Target time: 2026-06-16T12:43:54.211691+00:00. Mode: arctic_shift+rss
2026-06-18T12:43:54+0000 [INFO] No pending posts for target time 2026-06-16T12. Nothing to do.
2026-06-18T12:48:55+0000 [INFO] Harvester starting. Target time: 2026-06-16T12:48:55.586616+00:00. Mode: arctic_shift+rss
2026-06-18T12:48:55+0000 [INFO] No pending posts for target time 2026-06-16T12. Nothing to do.
2026-06-18T12:54:06+0000 [INFO] Harvester starting. Target time: 2026-06-16T12:54:06.058974+00:00. Mode: arctic_shift+rss
2026-06-18T12:54:06+0000 [INFO] No pending posts for target time 2026-06-16T12. Nothing to do.
