2026-06-16T04:09:02+0000 [INFO] Harvester starting. Target time: 2026-06-14T04:09:02.757823+00:00. Mode: arctic_shift+rss
2026-06-16T04:09:02+0000 [INFO] Found 17 posts to process
2026-06-16T04:09:02+0000 [INFO] Processing post 1u5ars3 (Arctic Shift): Guys what the hell
2026-06-16T04:09:03+0000 [WARNING]   Could not re-fetch post 1u5ars3 from Arctic Shift
2026-06-16T04:09:05+0000 [INFO]   Arctic Shift returned 2 comments
2026-06-16T04:09:05+0000 [INFO] Processing post 1u5aucw (Arctic Shift): What fundamental skill separates good players from great pla
2026-06-16T04:09:06+0000 [WARNING]   Could not re-fetch post 1u5aucw from Arctic Shift
2026-06-16T04:09:08+0000 [INFO]   Arctic Shift returned 2 comments
2026-06-16T04:09:08+0000 [INFO] Processing post 1u5au3h (Arctic Shift): Just how...
2026-06-16T04:09:09+0000 [WARNING]   Could not re-fetch post 1u5au3h from Arctic Shift
2026-06-16T04:09:11+0000 [INFO]   Arctic Shift returned 1 comments
2026-06-16T04:09:11+0000 [INFO] Processing post 1u5b1cz (Arctic Shift): Though this might be a fun thing to do
2026-06-16T04:09:12+0000 [WARNING]   Could not re-fetch post 1u5b1cz from Arctic Shift
2026-06-16T04:09:14+0000 [INFO]   Arctic Shift returned 1 comments
2026-06-16T04:09:14+0000 [INFO] Processing post 1u5b1mn (Arctic Shift): Scottish people in Miami celebrating after the game
2026-06-16T04:09:15+0000 [WARNING]   Could not re-fetch post 1u5b1mn from Arctic Shift
2026-06-16T04:09:17+0000 [INFO]   Arctic Shift returned 1 comments
2026-06-16T04:09:17+0000 [INFO] Processing post 1u5b2u7 (Arctic Shift): Like it up 🙏
2026-06-16T04:09:18+0000 [WARNING]   Could not re-fetch post 1u5b2u7 from Arctic Shift
2026-06-16T04:09:20+0000 [INFO]   Arctic Shift returned 1 comments
2026-06-16T04:09:20+0000 [INFO] Processing post 1u5bfz2 (Arctic Shift): Australia 1-0 Turkey -Irankunda 28' #66 - Forward
2026-06-16T04:09:21+0000 [WARNING]   Could not re-fetch post 1u5bfz2 from Arctic Shift
2026-06-16T04:09:23+0000 [INFO]   Arctic Shift returned 26 comments
2026-06-16T04:09:23+0000 [INFO] Processing post 1u5bd04 (Arctic Shift): Turkish fans boo Australia Socceroos
2026-06-16T04:09:24+0000 [WARNING]   Could not re-fetch post 1u5bd04 from Arctic Shift
2026-06-16T04:09:26+0000 [INFO]   Arctic Shift returned 1 comments
2026-06-16T04:09:26+0000 [INFO] Processing post 1u5bgq5 (Arctic Shift): Australia [1] - 0 Turkey - N. Irankunda 27'
2026-06-16T04:09:27+0000 [WARNING]   Could not re-fetch post 1u5bgq5 from Arctic Shift
2026-06-16T04:09:29+0000 [INFO]   Arctic Shift returned 6 comments
2026-06-16T04:09:29+0000 [INFO] Processing post 1u5bhdv (Arctic Shift): Australia 1 - 0 Turkey - Nestory Irankunda 27'
2026-06-16T04:09:30+0000 [WARNING]   Could not re-fetch post 1u5bhdv from Arctic Shift
2026-06-16T04:09:32+0000 [INFO]   Arctic Shift returned 2 comments
2026-06-16T04:09:32+0000 [INFO] Processing post 1u5bgkp (Arctic Shift): Australia [1] - 0 Turkiye - Nystrom Irankunda 27'
2026-06-16T04:09:33+0000 [WARNING]   Could not re-fetch post 1u5bgkp from Arctic Shift
2026-06-16T04:09:39+0000 [INFO]   Arctic Shift returned 487 comments
2026-06-16T04:09:39+0000 [INFO] Processing post 1u5bh69 (Arctic Shift): Irankunda scores in 27th min. Australia 1-0 Turkey
2026-06-16T04:09:40+0000 [WARNING]   Could not re-fetch post 1u5bh69 from Arctic Shift
2026-06-16T04:09:42+0000 [INFO]   Arctic Shift returned 8 comments
2026-06-16T04:09:42+0000 [INFO] Processing post 1u5blsn (Arctic Shift): Is this a type of soccer, can someone please explain?
2026-06-16T04:09:43+0000 [WARNING]   Could not re-fetch post 1u5blsn from Arctic Shift
2026-06-16T04:09:45+0000 [INFO]   Arctic Shift returned 1 comments
2026-06-16T04:09:45+0000 [INFO] Processing post 1u5bpws (Arctic Shift): WHAT.A. SAVE.
2026-06-16T04:09:46+0000 [WARNING]   Could not re-fetch post 1u5bpws from Arctic Shift
2026-06-16T04:09:48+0000 [INFO]   Arctic Shift returned 1 comments
2026-06-16T04:09:48+0000 [INFO] Processing post 1u5bqe1 (Arctic Shift): Patrick Beach lays all the way out to preserve the Australia
2026-06-16T04:09:49+0000 [WARNING]   Could not re-fetch post 1u5bqe1 from Arctic Shift
2026-06-16T04:09:51+0000 [INFO]   Arctic Shift returned 1 comments
2026-06-16T04:09:51+0000 [INFO] Processing post 1u5br0b (Arctic Shift): Patrick Beach lays all the way out to preserve the Australia
2026-06-16T04:09:52+0000 [WARNING]   Could not re-fetch post 1u5br0b from Arctic Shift
2026-06-16T04:09:54+0000 [INFO]   Arctic Shift returned 1 comments
2026-06-16T04:09:54+0000 [INFO] Processing post 1u5bsme (Arctic Shift): Mexican trade group leader fired after racist gesture during
2026-06-16T04:09:55+0000 [WARNING]   Could not re-fetch post 1u5bsme from Arctic Shift
2026-06-16T04:10:01+0000 [INFO]   Arctic Shift returned 467 comments
2026-06-16T04:10:01+0000 [INFO] Harvester complete (arctic_shift+rss). 17 posts processed, 0 failed, 1009 total comments collected.
2026-06-16T04:15:07+0000 [INFO] Harvester starting. Target time: 2026-06-14T04:15:07.852533+00:00. Mode: arctic_shift+rss
2026-06-16T04:15:07+0000 [INFO] No pending posts for target time 2026-06-14T04. Nothing to do.
2026-06-16T04:19:01+0000 [INFO] Harvester starting. Target time: 2026-06-14T04:19:01.581687+00:00. Mode: arctic_shift+rss
2026-06-16T04:19:01+0000 [INFO] No pending posts for target time 2026-06-14T04. Nothing to do.
