2026-06-18T16:04:36+0000 [INFO] Harvester starting. Target time: 2026-06-16T16:04:36.655881+00:00. Mode: arctic_shift+rss
2026-06-18T16:04:36+0000 [INFO] Found 16 posts to process
2026-06-18T16:04:36+0000 [INFO] Processing post 1u7hto4 (Arctic Shift): why doesn't the playoffs have the same hype as the world cup
2026-06-18T16:04:37+0000 [WARNING]   Could not re-fetch post 1u7hto4 from Arctic Shift
2026-06-18T16:04:38+0000 [INFO]   Arctic Shift returned 0 comments
2026-06-18T16:04:38+0000 [INFO] Processing post 1u7hu1t (Arctic Shift): AC Milan appoints Rúben Amorim as Head Coach of the men's Fi
2026-06-18T16:04:39+0000 [WARNING]   Could not re-fetch post 1u7hu1t from Arctic Shift
2026-06-18T16:04:44+0000 [INFO]   Arctic Shift returned 324 comments
2026-06-18T16:04:44+0000 [INFO] Processing post 1u7hy19 (Arctic Shift): Canada’s biggest soccer nerd is changing the beautiful game
2026-06-18T16:04:45+0000 [WARNING]   Could not re-fetch post 1u7hy19 from Arctic Shift
2026-06-18T16:04:47+0000 [INFO]   Arctic Shift returned 1 comments
2026-06-18T16:04:47+0000 [INFO] Processing post 1u7hwwx (Arctic Shift): Missing flags of several countries
2026-06-18T16:04:48+0000 [WARNING]   Could not re-fetch post 1u7hwwx from Arctic Shift
2026-06-18T16:04:50+0000 [INFO]   Arctic Shift returned 1 comments
2026-06-18T16:04:50+0000 [INFO] Processing post 1u7hxdb (Arctic Shift): [Alex Crook] Roberto Martinez to step down as Portugal manag
2026-06-18T16:04:52+0000 [WARNING]   Could not re-fetch post 1u7hxdb from Arctic Shift
2026-06-18T16:04:55+0000 [INFO]   Arctic Shift returned 278 comments
2026-06-18T16:04:55+0000 [INFO] Processing post 1u7i863 (Arctic Shift): why doesn't the playoffs are as hyped as the world cup even 
2026-06-18T16:04:56+0000 [WARNING]   Could not re-fetch post 1u7i863 from Arctic Shift
2026-06-18T16:04:58+0000 [INFO]   Arctic Shift returned 1 comments
2026-06-18T16:04:58+0000 [INFO] Processing post 1u7i9u1 (Arctic Shift): More than a game: why Cabo Verde's draw was the country's gr
2026-06-18T16:04:59+0000 [WARNING]   Could not re-fetch post 1u7i9u1 from Arctic Shift
2026-06-18T16:05:01+0000 [INFO]   Arctic Shift returned 63 comments
2026-06-18T16:05:01+0000 [INFO] Processing post 1u7icl4 (Arctic Shift): [Luke Edwards] Internally, Newcastle have long considered Ar
2026-06-18T16:05:02+0000 [WARNING]   Could not re-fetch post 1u7icl4 from Arctic Shift
2026-06-18T16:05:04+0000 [INFO]   Arctic Shift returned 4 comments
2026-06-18T16:05:04+0000 [INFO] Processing post 1u7iem5 (Arctic Shift): Messi vs Ronaldo
2026-06-18T16:05:05+0000 [WARNING]   Could not re-fetch post 1u7iem5 from Arctic Shift
2026-06-18T16:05:07+0000 [INFO]   Arctic Shift returned 1 comments
2026-06-18T16:05:07+0000 [INFO] Processing post 1u7if7m (Arctic Shift): UEFA Conference League first qualifying round draw
2026-06-18T16:05:08+0000 [WARNING]   Could not re-fetch post 1u7if7m from Arctic Shift
2026-06-18T16:05:10+0000 [INFO]   Arctic Shift returned 12 comments
2026-06-18T16:05:10+0000 [INFO] Processing post 1u7inz6 (Arctic Shift): A free FIFA World Cup 2026 live scores site — no login, no a
2026-06-18T16:05:11+0000 [WARNING]   Could not re-fetch post 1u7inz6 from Arctic Shift
2026-06-18T16:05:13+0000 [INFO]   Arctic Shift returned 1 comments
2026-06-18T16:05:13+0000 [INFO] Processing post 1u7imzt (Arctic Shift): Haaland's World Cup debut is in a few hours and the AI alrea
2026-06-18T16:05:14+0000 [WARNING]   Could not re-fetch post 1u7imzt from Arctic Shift
2026-06-18T16:05:17+0000 [INFO]   Arctic Shift returned 2 comments
2026-06-18T16:05:17+0000 [INFO] Processing post 1u7j1z2 (Arctic Shift): The message to The Netherlands
2026-06-18T16:05:17+0000 [WARNING]   Could not re-fetch post 1u7j1z2 from Arctic Shift
2026-06-18T16:05:19+0000 [INFO]   Arctic Shift returned 1 comments
2026-06-18T16:05:19+0000 [INFO] Processing post 1u7j0q2 (Arctic Shift): Japan's discipline isn't just on the pitch — their fans show
2026-06-18T16:05:20+0000 [WARNING]   Could not re-fetch post 1u7j0q2 from Arctic Shift
2026-06-18T16:05:22+0000 [INFO]   Arctic Shift returned 1 comments
2026-06-18T16:05:22+0000 [INFO] Processing post 1u7j8w4 (Arctic Shift): What do you actually watch when you're not watching the ball
2026-06-18T16:05:23+0000 [WARNING]   Could not re-fetch post 1u7j8w4 from Arctic Shift
2026-06-18T16:05:25+0000 [INFO]   Arctic Shift returned 1 comments
2026-06-18T16:05:25+0000 [INFO] Processing post 1u7j60y (Arctic Shift): Turkish state broadcaster TRT suspends commentator for confu
2026-06-18T16:05:26+0000 [WARNING]   Could not re-fetch post 1u7j60y from Arctic Shift
2026-06-18T16:05:28+0000 [INFO]   Arctic Shift returned 26 comments
2026-06-18T16:05:28+0000 [INFO] Harvester complete (arctic_shift+rss). 16 posts processed, 0 failed, 717 total comments collected.
2026-06-18T16:14:10+0000 [INFO] Harvester starting. Target time: 2026-06-16T16:14:10.484803+00:00. Mode: arctic_shift+rss
2026-06-18T16:14:10+0000 [INFO] No pending posts for target time 2026-06-16T16. Nothing to do.
2026-06-18T16:24:39+0000 [INFO] Harvester starting. Target time: 2026-06-16T16:24:39.168674+00:00. Mode: arctic_shift+rss
2026-06-18T16:24:39+0000 [INFO] No pending posts for target time 2026-06-16T16. Nothing to do.
2026-06-18T16:30:07+0000 [INFO] Harvester starting. Target time: 2026-06-16T16:30:07.967767+00:00. Mode: arctic_shift+rss
2026-06-18T16:30:07+0000 [INFO] No pending posts for target time 2026-06-16T16. Nothing to do.
2026-06-18T16:34:26+0000 [INFO] Harvester starting. Target time: 2026-06-16T16:34:26.276410+00:00. Mode: arctic_shift+rss
2026-06-18T16:34:26+0000 [INFO] No pending posts for target time 2026-06-16T16. Nothing to do.
2026-06-18T16:44:26+0000 [INFO] Harvester starting. Target time: 2026-06-16T16:44:26.386588+00:00. Mode: arctic_shift+rss
2026-06-18T16:44:26+0000 [INFO] No pending posts for target time 2026-06-16T16. Nothing to do.
