2026-06-14T07:02:35+0000 [INFO] Harvester starting. Target time: 2026-06-12T07:02:35.502379+00:00. Mode: arctic_shift+rss
2026-06-14T07:02:35+0000 [INFO] Found 14 posts to process
2026-06-14T07:02:35+0000 [INFO] Processing post 1u3nxeb (Arctic Shift): FIFA World Cup: Cannabis shops have high expectations
2026-06-14T07:02:36+0000 [WARNING]   Could not re-fetch post 1u3nxeb from Arctic Shift
2026-06-14T07:02:43+0000 [INFO]   Arctic Shift returned 26 comments
2026-06-14T07:02:43+0000 [INFO] Processing post 1u3nwfs (Arctic Shift): Just starting a new series to talk about football from a fan
2026-06-14T07:02:44+0000 [WARNING]   Could not re-fetch post 1u3nwfs from Arctic Shift
2026-06-14T07:02:45+0000 [INFO]   Arctic Shift returned 2 comments
2026-06-14T07:02:45+0000 [INFO] Processing post 1u3nvpx (Arctic Shift): Shakira has more World Cup appearances than Italy since 2006
2026-06-14T07:02:46+0000 [WARNING]   Could not re-fetch post 1u3nvpx from Arctic Shift
2026-06-14T07:02:48+0000 [INFO]   Arctic Shift returned 6 comments
2026-06-14T07:02:48+0000 [INFO] Processing post 1u3o0o7 (Arctic Shift): Crowd at official FIFA Fan Festival Vancouver cheer Canada, 
2026-06-14T07:02:49+0000 [WARNING]   Could not re-fetch post 1u3o0o7 from Arctic Shift
2026-06-14T07:02:51+0000 [INFO]   Arctic Shift returned 2 comments
2026-06-14T07:02:51+0000 [INFO] Processing post 1u3o4u2 (Arctic Shift): South Korea and Beşiktaş striker Oh Hyeon-gyu goes onto the 
2026-06-14T07:02:52+0000 [WARNING]   Could not re-fetch post 1u3o4u2 from Arctic Shift
2026-06-14T07:02:55+0000 [INFO]   Arctic Shift returned 2 comments
2026-06-14T07:02:55+0000 [INFO] Processing post 1u3o45l (Arctic Shift): World Cup legends at the inagural match in Mexico City Stadi
2026-06-14T07:02:55+0000 [WARNING]   Could not re-fetch post 1u3o45l from Arctic Shift
2026-06-14T07:02:58+0000 [INFO]   Arctic Shift returned 70 comments
2026-06-14T07:02:58+0000 [INFO] Processing post 1u3o4ic (Arctic Shift): New to soccer
2026-06-14T07:02:58+0000 [WARNING]   Could not re-fetch post 1u3o4ic from Arctic Shift
2026-06-14T07:03:00+0000 [INFO]   Arctic Shift returned 1 comments
2026-06-14T07:03:00+0000 [INFO] Processing post 1u3o9cs (Arctic Shift): Racist and Islamophobic as always from the US 🙄😒
2026-06-14T07:03:01+0000 [WARNING]   Could not re-fetch post 1u3o9cs from Arctic Shift
2026-06-14T07:03:03+0000 [INFO]   Arctic Shift returned 1 comments
2026-06-14T07:03:03+0000 [INFO] Processing post 1u3oc9e (Arctic Shift): The Velvet Tragedy: A Poetic History of Dutch World Cup Foot
2026-06-14T07:03:04+0000 [WARNING]   Could not re-fetch post 1u3oc9e from Arctic Shift
2026-06-14T07:03:08+0000 [INFO]   Arctic Shift returned 2 comments
2026-06-14T07:03:08+0000 [INFO] Processing post 1u3ofvm (Arctic Shift): 40 years ago today - Brazil beat Northern Ireland 3-0 to sea
2026-06-14T07:03:08+0000 [WARNING]   Could not re-fetch post 1u3ofvm from Arctic Shift
2026-06-14T07:03:11+0000 [INFO]   Arctic Shift returned 17 comments
2026-06-14T07:03:11+0000 [INFO] Processing post 1u3ogm6 (Arctic Shift): Many of the best moments from the World Cup will be shared, 
2026-06-14T07:03:11+0000 [WARNING]   Could not re-fetch post 1u3ogm6 from Arctic Shift
2026-06-14T07:03:16+0000 [INFO]   Arctic Shift returned 1 comments
2026-06-14T07:03:16+0000 [INFO] Processing post 1u3oihu (Arctic Shift): Stumbled onto a World Cup app that I can't stop using — thou
2026-06-14T07:03:17+0000 [WARNING]   Could not re-fetch post 1u3oihu from Arctic Shift
2026-06-14T07:03:19+0000 [INFO]   Arctic Shift returned 2 comments
2026-06-14T07:03:19+0000 [INFO] Processing post 1u3okzm (Arctic Shift): "Estadio Azteca 2026" Photo by Santiago Arau
2026-06-14T07:03:20+0000 [WARNING]   Could not re-fetch post 1u3okzm from Arctic Shift
2026-06-14T07:03:23+0000 [INFO]   Arctic Shift returned 181 comments
2026-06-14T07:03:23+0000 [INFO] Processing post 1u3ots9 (Arctic Shift): Is there a worse season for a striker (5.18xG - 0 goals)
2026-06-14T07:03:24+0000 [WARNING]   Could not re-fetch post 1u3ots9 from Arctic Shift
2026-06-14T07:03:26+0000 [INFO]   Arctic Shift returned 1 comments
2026-06-14T07:03:26+0000 [INFO] Harvester complete (arctic_shift+rss). 14 posts processed, 0 failed, 314 total comments collected.
2026-06-14T07:07:14+0000 [INFO] Harvester starting. Target time: 2026-06-12T07:07:14.709010+00:00. Mode: arctic_shift+rss
2026-06-14T07:07:14+0000 [INFO] No pending posts for target time 2026-06-12T07. Nothing to do.
2026-06-14T07:12:28+0000 [INFO] Harvester starting. Target time: 2026-06-12T07:12:28.294520+00:00. Mode: arctic_shift+rss
2026-06-14T07:12:28+0000 [INFO] No pending posts for target time 2026-06-12T07. Nothing to do.
2026-06-14T07:17:26+0000 [INFO] Harvester starting. Target time: 2026-06-12T07:17:26.221261+00:00. Mode: arctic_shift+rss
2026-06-14T07:17:26+0000 [INFO] No pending posts for target time 2026-06-12T07. Nothing to do.
2026-06-14T07:23:34+0000 [INFO] Harvester starting. Target time: 2026-06-12T07:23:34.099066+00:00. Mode: arctic_shift+rss
2026-06-14T07:23:34+0000 [INFO] No pending posts for target time 2026-06-12T07. Nothing to do.
2026-06-14T07:27:19+0000 [INFO] Harvester starting. Target time: 2026-06-12T07:27:19.044268+00:00. Mode: arctic_shift+rss
2026-06-14T07:27:19+0000 [INFO] No pending posts for target time 2026-06-12T07. Nothing to do.
2026-06-14T07:32:42+0000 [INFO] Harvester starting. Target time: 2026-06-12T07:32:42.759469+00:00. Mode: arctic_shift+rss
2026-06-14T07:32:42+0000 [INFO] No pending posts for target time 2026-06-12T07. Nothing to do.
