2026-06-14T19:03:33+0000 [INFO] Harvester starting. Target time: 2026-06-12T19:03:33.468449+00:00. Mode: arctic_shift+rss
2026-06-14T19:03:33+0000 [INFO] Found 30 posts to process
2026-06-14T19:03:33+0000 [INFO] Processing post 1u44ayt (Arctic Shift): 1XBET ha chiuso il mio conto e si è rifiutata di pagarmi cir
2026-06-14T19:03:34+0000 [WARNING]   Could not re-fetch post 1u44ayt from Arctic Shift
2026-06-14T19:03:35+0000 [INFO]   Arctic Shift returned 2 comments
2026-06-14T19:03:35+0000 [INFO] Processing post 1u44amc (Arctic Shift): England beating USA?
2026-06-14T19:03:36+0000 [WARNING]   Could not re-fetch post 1u44amc from Arctic Shift
2026-06-14T19:03:38+0000 [INFO]   Arctic Shift returned 1 comments
2026-06-14T19:03:39+0000 [INFO] Processing post 1u44k3l (Arctic Shift): With the world cup being on, I thought of a question, can an
2026-06-14T19:03:40+0000 [WARNING]   Could not re-fetch post 1u44k3l from Arctic Shift
2026-06-14T19:03:41+0000 [INFO]   Arctic Shift returned 1 comments
2026-06-14T19:03:41+0000 [INFO] Processing post 1u44jp3 (Arctic Shift): Canada [1] - 0 Bosnia -
2026-06-14T19:03:42+0000 [WARNING]   Could not re-fetch post 1u44jp3 from Arctic Shift
2026-06-14T19:03:44+0000 [INFO]   Arctic Shift returned 1 comments
2026-06-14T19:03:44+0000 [INFO] Processing post 1u44x17 (Arctic Shift): Rank my Arjentina kit !
2026-06-14T19:03:45+0000 [WARNING]   Could not re-fetch post 1u44x17 from Arctic Shift
2026-06-14T19:03:48+0000 [INFO]   Arctic Shift returned 4 comments
2026-06-14T19:03:48+0000 [INFO] Processing post 1u44znr (Arctic Shift): Canada 0 - [1] Bosnia - J. Lukic 21'
2026-06-14T19:03:48+0000 [WARNING]   Could not re-fetch post 1u44znr from Arctic Shift
2026-06-14T19:03:51+0000 [INFO]   Arctic Shift returned 2 comments
2026-06-14T19:03:51+0000 [INFO] Processing post 1u450fq (Arctic Shift): Canada - Bosnia Herzegovina 0:1 - Jovo Lukic 21'
2026-06-14T19:03:52+0000 [WARNING]   Could not re-fetch post 1u450fq from Arctic Shift
2026-06-14T19:03:54+0000 [INFO]   Arctic Shift returned 26 comments
2026-06-14T19:03:54+0000 [INFO] Processing post 1u44ync (Arctic Shift): Jonathan David chance against Bosnia & Herzegovina 17'
2026-06-14T19:03:55+0000 [WARNING]   Could not re-fetch post 1u44ync from Arctic Shift
2026-06-14T19:03:58+0000 [INFO]   Arctic Shift returned 106 comments
2026-06-14T19:03:58+0000 [INFO] Processing post 1u44zl5 (Arctic Shift): Canada 0 - [1] Bosnia & Herzegovina - J. Lukić 21'
2026-06-14T19:03:59+0000 [WARNING]   Could not re-fetch post 1u44zl5 from Arctic Shift
2026-06-14T19:04:04+0000 [INFO]   Arctic Shift returned 345 comments
2026-06-14T19:04:04+0000 [INFO] Processing post 1u44zov (Arctic Shift): Canada 0-1 Bosnia & Herzegovina - Jovo Lukić 21'
2026-06-14T19:04:05+0000 [WARNING]   Could not re-fetch post 1u44zov from Arctic Shift
2026-06-14T19:04:07+0000 [INFO]   Arctic Shift returned 17 comments
2026-06-14T19:04:07+0000 [INFO] Processing post 1u4500k (Arctic Shift): Canada 0-1 Bosnia and Herzegovina - Jovo Lukić 21'
2026-06-14T19:04:07+0000 [WARNING]   Could not re-fetch post 1u4500k from Arctic Shift
2026-06-14T19:04:10+0000 [INFO]   Arctic Shift returned 27 comments
2026-06-14T19:04:10+0000 [INFO] Processing post 1u45690 (Arctic Shift): U.S. President Donald Trump calls their national team before
2026-06-14T19:04:11+0000 [WARNING]   Could not re-fetch post 1u45690 from Arctic Shift
2026-06-14T19:04:21+0000 [INFO]   Arctic Shift returned 857 comments
2026-06-14T19:04:21+0000 [INFO] Processing post 1u453yd (Arctic Shift): Absolutely Fuck These Ad Breaks
2026-06-14T19:04:22+0000 [WARNING]   Could not re-fetch post 1u453yd from Arctic Shift
2026-06-14T19:04:24+0000 [INFO]   Arctic Shift returned 1 comments
2026-06-14T19:04:24+0000 [INFO] Processing post 1u455pe (Arctic Shift): Go Bosnia 🇧🇦 !!
2026-06-14T19:04:25+0000 [WARNING]   Could not re-fetch post 1u455pe from Arctic Shift
2026-06-14T19:04:27+0000 [INFO]   Arctic Shift returned 1 comments
2026-06-14T19:04:27+0000 [INFO] Processing post 1u45460 (Arctic Shift): So Fox Sports runs ads during the hydration break and they d
2026-06-14T19:04:28+0000 [WARNING]   Could not re-fetch post 1u45460 from Arctic Shift
2026-06-14T19:04:30+0000 [INFO]   Arctic Shift returned 1 comments
2026-06-14T19:04:30+0000 [INFO] Processing post 1u45buz (Arctic Shift): Why was today's match between Canada and Bosnia stopped arou
2026-06-14T19:04:31+0000 [WARNING]   Could not re-fetch post 1u45buz from Arctic Shift
2026-06-14T19:04:33+0000 [INFO]   Arctic Shift returned 1 comments
2026-06-14T19:04:33+0000 [INFO] Processing post 1u45ao1 (Arctic Shift): Tanitoluwa Oluwaseyi miss against Bosnia & Herzegovina 32'
2026-06-14T19:04:34+0000 [WARNING]   Could not re-fetch post 1u45ao1 from Arctic Shift
2026-06-14T19:04:36+0000 [INFO]   Arctic Shift returned 10 comments
2026-06-14T19:04:36+0000 [INFO] Processing post 1u458kc (Arctic Shift): Korean woman experiences racism during the Korea vs. Czechia
2026-06-14T19:04:37+0000 [WARNING]   Could not re-fetch post 1u458kc from Arctic Shift
2026-06-14T19:04:50+0000 [INFO]   Arctic Shift returned 1179 comments
2026-06-14T19:04:50+0000 [INFO] Processing post 1u458bq (Arctic Shift): Absolutely Fuck These Ad Breaks
2026-06-14T19:04:51+0000 [WARNING]   Could not re-fetch post 1u458bq from Arctic Shift
2026-06-14T19:04:53+0000 [INFO]   Arctic Shift returned 1 comments
2026-06-14T19:04:53+0000 [INFO] Processing post 1u45be8 (Arctic Shift): Tanitoluwa Oluwaseyi miss against Bosnia & Herzegovina 32'
2026-06-14T19:04:54+0000 [WARNING]   Could not re-fetch post 1u45be8 from Arctic Shift
2026-06-14T19:04:56+0000 [INFO]   Arctic Shift returned 17 comments
2026-06-14T19:04:56+0000 [INFO] Processing post 1u45fg1 (Arctic Shift): Idea for football charity matches
2026-06-14T19:04:57+0000 [WARNING]   Could not re-fetch post 1u45fg1 from Arctic Shift
2026-06-14T19:04:59+0000 [INFO]   Arctic Shift returned 1 comments
2026-06-14T19:04:59+0000 [INFO] Processing post 1u45dmm (Arctic Shift): What’s the most accurate football prediction engine you’ve f
2026-06-14T19:05:00+0000 [WARNING]   Could not re-fetch post 1u45dmm from Arctic Shift
2026-06-14T19:05:02+0000 [INFO]   Arctic Shift returned 7 comments
2026-06-14T19:05:02+0000 [INFO] Processing post 1u45fmz (Arctic Shift): Lukić Breaks the Deadlock! Bosnia Shock Canada with First Go
2026-06-14T19:05:03+0000 [WARNING]   Could not re-fetch post 1u45fmz from Arctic Shift
2026-06-14T19:05:05+0000 [INFO]   Arctic Shift returned 1 comments
2026-06-14T19:05:05+0000 [INFO] Processing post 1u45eq9 (Arctic Shift): JOVO LUKIC OPENS THE SCORING FOR BOSNIA AGAINST CANADA!
2026-06-14T19:05:06+0000 [WARNING]   Could not re-fetch post 1u45eq9 from Arctic Shift
2026-06-14T19:05:08+0000 [INFO]   Arctic Shift returned 1 comments
2026-06-14T19:05:08+0000 [INFO] Processing post 1u45hx2 (Arctic Shift): Section of Bosnia Fans Celebrating Jovo Lukic's Goal
2026-06-14T19:05:09+0000 [WARNING]   Could not re-fetch post 1u45hx2 from Arctic Shift
2026-06-14T19:05:11+0000 [INFO]   Arctic Shift returned 45 comments
2026-06-14T19:05:11+0000 [INFO] Processing post 1u45ied (Arctic Shift): [Sky Sports] Manchester United preparing opening bid for Wes
2026-06-14T19:05:12+0000 [WARNING]   Could not re-fetch post 1u45ied from Arctic Shift
2026-06-14T19:05:15+0000 [INFO]   Arctic Shift returned 104 comments
2026-06-14T19:05:15+0000 [INFO] Processing post 1u45imx (Arctic Shift): My girlfriend has never understood soccer in her life. The W
2026-06-14T19:05:17+0000 [WARNING]   Could not re-fetch post 1u45imx from Arctic Shift
2026-06-14T19:05:19+0000 [INFO]   Arctic Shift returned 1 comments
2026-06-14T19:05:19+0000 [INFO] Processing post 1u45i5q (Arctic Shift): JOVO LUKIC OPENS THE SCORING FOR BOSNIA AGAINST CANADA!
2026-06-14T19:05:19+0000 [WARNING]   Could not re-fetch post 1u45i5q from Arctic Shift
2026-06-14T19:05:22+0000 [INFO]   Arctic Shift returned 1 comments
2026-06-14T19:05:22+0000 [INFO] Processing post 1u45lsp (Arctic Shift): The World Cup scoreboard is good, but it could be better
2026-06-14T19:05:22+0000 [WARNING]   Could not re-fetch post 1u45lsp from Arctic Shift
2026-06-14T19:05:25+0000 [INFO]   Arctic Shift returned 1 comments
2026-06-14T19:05:25+0000 [INFO] Processing post 1u45sen (Arctic Shift): Halftime study
2026-06-14T19:05:26+0000 [WARNING]   Could not re-fetch post 1u45sen from Arctic Shift
2026-06-14T19:05:28+0000 [INFO]   Arctic Shift returned 1 comments
2026-06-14T19:05:28+0000 [INFO] Harvester complete (arctic_shift+rss). 30 posts processed, 0 failed, 2763 total comments collected.
2026-06-14T19:08:18+0000 [INFO] Harvester starting. Target time: 2026-06-12T19:08:18.776267+00:00. Mode: arctic_shift+rss
2026-06-14T19:08:18+0000 [INFO] No pending posts for target time 2026-06-12T19. Nothing to do.
2026-06-14T19:13:32+0000 [INFO] Harvester starting. Target time: 2026-06-12T19:13:32.592230+00:00. Mode: arctic_shift+rss
2026-06-14T19:13:32+0000 [INFO] No pending posts for target time 2026-06-12T19. Nothing to do.
2026-06-14T19:18:20+0000 [INFO] Harvester starting. Target time: 2026-06-12T19:18:20.110814+00:00. Mode: arctic_shift+rss
2026-06-14T19:18:20+0000 [INFO] No pending posts for target time 2026-06-12T19. Nothing to do.
2026-06-14T19:23:27+0000 [INFO] Harvester starting. Target time: 2026-06-12T19:23:27.273625+00:00. Mode: arctic_shift+rss
2026-06-14T19:23:27+0000 [INFO] No pending posts for target time 2026-06-12T19. Nothing to do.
2026-06-14T19:28:24+0000 [INFO] Harvester starting. Target time: 2026-06-12T19:28:24.354754+00:00. Mode: arctic_shift+rss
2026-06-14T19:28:24+0000 [INFO] No pending posts for target time 2026-06-12T19. Nothing to do.
2026-06-14T19:33:31+0000 [INFO] Harvester starting. Target time: 2026-06-12T19:33:31.428276+00:00. Mode: arctic_shift+rss
2026-06-14T19:33:31+0000 [INFO] No pending posts for target time 2026-06-12T19. Nothing to do.
2026-06-14T19:38:20+0000 [INFO] Harvester starting. Target time: 2026-06-12T19:38:20.177423+00:00. Mode: arctic_shift+rss
2026-06-14T19:38:20+0000 [INFO] No pending posts for target time 2026-06-12T19. Nothing to do.
2026-06-14T19:43:25+0000 [INFO] Harvester starting. Target time: 2026-06-12T19:43:25.183288+00:00. Mode: arctic_shift+rss
2026-06-14T19:43:25+0000 [INFO] No pending posts for target time 2026-06-12T19. Nothing to do.
2026-06-14T19:48:32+0000 [INFO] Harvester starting. Target time: 2026-06-12T19:48:32.385491+00:00. Mode: arctic_shift+rss
2026-06-14T19:48:32+0000 [INFO] No pending posts for target time 2026-06-12T19. Nothing to do.
2026-06-14T19:53:33+0000 [INFO] Harvester starting. Target time: 2026-06-12T19:53:33.959183+00:00. Mode: arctic_shift+rss
2026-06-14T19:53:33+0000 [INFO] No pending posts for target time 2026-06-12T19. Nothing to do.
