2026-06-16T11:04:28+0000 [INFO] Harvester starting. Target time: 2026-06-14T11:04:28.245186+00:00. Mode: arctic_shift+rss
2026-06-16T11:04:28+0000 [INFO] Found 13 posts to process
2026-06-16T11:04:28+0000 [INFO] Processing post 1u5i5rb (Arctic Shift): In Turkey, the city set up a giant screen so people could wa
2026-06-16T11:04:28+0000 [WARNING]   Could not re-fetch post 1u5i5rb from Arctic Shift
2026-06-16T11:04:31+0000 [INFO]   Arctic Shift returned 74 comments
2026-06-16T11:04:31+0000 [INFO] Processing post 1u5i4vo (Arctic Shift): In Turkey, the city set up a giant screen so people could wa
2026-06-16T11:04:31+0000 [WARNING]   Could not re-fetch post 1u5i4vo from Arctic Shift
2026-06-16T11:04:33+0000 [INFO]   Arctic Shift returned 1 comments
2026-06-16T11:04:33+0000 [INFO] Processing post 1u5i481 (Arctic Shift): 2 big surprises and two great surprising talents so far
2026-06-16T11:04:34+0000 [WARNING]   Could not re-fetch post 1u5i481 from Arctic Shift
2026-06-16T11:04:36+0000 [INFO]   Arctic Shift returned 2 comments
2026-06-16T11:04:36+0000 [INFO] Processing post 1u5i4zl (Arctic Shift): A Mexican fan sneaked tequila into the stadium in a flask di
2026-06-16T11:04:38+0000 [WARNING]   Could not re-fetch post 1u5i4zl from Arctic Shift
2026-06-16T11:04:40+0000 [INFO]   Arctic Shift returned 130 comments
2026-06-16T11:04:40+0000 [INFO] Processing post 1u5i7uw (Arctic Shift): Let’s look forward to today’s game together.
2026-06-16T11:04:41+0000 [WARNING]   Could not re-fetch post 1u5i7uw from Arctic Shift
2026-06-16T11:04:43+0000 [INFO]   Arctic Shift returned 1 comments
2026-06-16T11:04:43+0000 [INFO] Processing post 1u5imt8 (Arctic Shift): [Fabrizio Romano] BREAKING: Pedro Porro signs new deal at To
2026-06-16T11:04:44+0000 [WARNING]   Could not re-fetch post 1u5imt8 from Arctic Shift
2026-06-16T11:04:47+0000 [INFO]   Arctic Shift returned 105 comments
2026-06-16T11:04:47+0000 [INFO] Processing post 1u5io9l (Arctic Shift): Neymar 🇧🇷 内马尔
2026-06-16T11:04:48+0000 [WARNING]   Could not re-fetch post 1u5io9l from Arctic Shift
2026-06-16T11:04:51+0000 [INFO]   Arctic Shift returned 1 comments
2026-06-16T11:04:51+0000 [INFO] Processing post 1u5ine6 (Arctic Shift): Loch Lomond sung by the Tartan Army before kick off
2026-06-16T11:04:51+0000 [WARNING]   Could not re-fetch post 1u5ine6 from Arctic Shift
2026-06-16T11:04:54+0000 [INFO]   Arctic Shift returned 171 comments
2026-06-16T11:04:54+0000 [INFO] Processing post 1u5in6c (Arctic Shift): FIFA World Cup 2026 fair play stats
2026-06-16T11:04:55+0000 [WARNING]   Could not re-fetch post 1u5in6c from Arctic Shift
2026-06-16T11:04:58+0000 [INFO]   Arctic Shift returned 2 comments
2026-06-16T11:04:58+0000 [INFO] Processing post 1u5ir4f (Arctic Shift): Fair play points
2026-06-16T11:04:58+0000 [WARNING]   Could not re-fetch post 1u5ir4f from Arctic Shift
2026-06-16T11:05:00+0000 [INFO]   Arctic Shift returned 1 comments
2026-06-16T11:05:00+0000 [INFO] Processing post 1u5iv9v (Arctic Shift): Neymar 内马尔
2026-06-16T11:05:01+0000 [WARNING]   Could not re-fetch post 1u5iv9v from Arctic Shift
2026-06-16T11:05:03+0000 [INFO]   Arctic Shift returned 1 comments
2026-06-16T11:05:03+0000 [INFO] Processing post 1u5iuqm (Arctic Shift): Is it me or did Australia play haramball against Turkey?
2026-06-16T11:05:04+0000 [WARNING]   Could not re-fetch post 1u5iuqm from Arctic Shift
2026-06-16T11:05:06+0000 [INFO]   Arctic Shift returned 2 comments
2026-06-16T11:05:06+0000 [INFO] Processing post 1u5j7ns (Arctic Shift): FIFA makes commitment to World Cup referee banned over terro
2026-06-16T11:05:08+0000 [WARNING]   Could not re-fetch post 1u5j7ns from Arctic Shift
2026-06-16T11:05:09+0000 [INFO]   Arctic Shift returned 1 comments
2026-06-16T11:05:09+0000 [INFO] Harvester complete (arctic_shift+rss). 13 posts processed, 0 failed, 492 total comments collected.
2026-06-16T11:09:17+0000 [INFO] Harvester starting. Target time: 2026-06-14T11:09:17.376653+00:00. Mode: arctic_shift+rss
2026-06-16T11:09:17+0000 [INFO] No pending posts for target time 2026-06-14T11. Nothing to do.
