2026-06-15T13:03:48+0000 [INFO] Harvester starting. Target time: 2026-06-13T13:03:48.160089+00:00. Mode: arctic_shift+rss
2026-06-15T13:03:48+0000 [INFO] Found 16 posts to process
2026-06-15T13:03:48+0000 [INFO] Processing post 1u4qbtt (Arctic Shift): Mexican fans show their displeasure for the opponents at the
2026-06-15T13:03:48+0000 [WARNING]   Could not re-fetch post 1u4qbtt from Arctic Shift
2026-06-15T13:03:50+0000 [INFO]   Arctic Shift returned 26 comments
2026-06-15T13:03:50+0000 [INFO] Processing post 1u4qe6l (Arctic Shift): Daily Discussion
2026-06-15T13:03:51+0000 [WARNING]   Could not re-fetch post 1u4qe6l from Arctic Shift
2026-06-15T13:04:11+0000 [INFO]   Arctic Shift returned 1719 comments
2026-06-15T13:04:11+0000 [INFO] Processing post 1u4qcc2 (Arctic Shift): Who do you guys think are the dark horses for this WC?
2026-06-15T13:04:12+0000 [WARNING]   Could not re-fetch post 1u4qcc2 from Arctic Shift
2026-06-15T13:04:14+0000 [INFO]   Arctic Shift returned 1 comments
2026-06-15T13:04:14+0000 [INFO] Processing post 1u4qlog (Arctic Shift): Kylian Mbappe: "When I arrived at Real Madrid, Aurélien was 
2026-06-15T13:04:15+0000 [WARNING]   Could not re-fetch post 1u4qlog from Arctic Shift
2026-06-15T13:04:16+0000 [INFO]   Arctic Shift returned 44 comments
2026-06-15T13:04:16+0000 [INFO] Processing post 1u4qpd1 (Arctic Shift): [Moretto] Negotiations underway for Markus Krösche to become
2026-06-15T13:04:17+0000 [WARNING]   Could not re-fetch post 1u4qpd1 from Arctic Shift
2026-06-15T13:04:20+0000 [INFO]   Arctic Shift returned 38 comments
2026-06-15T13:04:20+0000 [INFO] Processing post 1u4qqtm (Arctic Shift): I am so tired of the anti Americanism in football
2026-06-15T13:04:20+0000 [WARNING]   Could not re-fetch post 1u4qqtm from Arctic Shift
2026-06-15T13:04:23+0000 [INFO]   Arctic Shift returned 1 comments
2026-06-15T13:04:23+0000 [INFO] Processing post 1u4qvv8 (Arctic Shift): Know why soccer players....
2026-06-15T13:04:24+0000 [WARNING]   Could not re-fetch post 1u4qvv8 from Arctic Shift
2026-06-15T13:04:25+0000 [INFO]   Arctic Shift returned 2 comments
2026-06-15T13:04:25+0000 [INFO] Processing post 1u4r0fe (Arctic Shift): I get it, is is so much hotter than Qatar
2026-06-15T13:04:27+0000 [WARNING]   Could not re-fetch post 1u4r0fe from Arctic Shift
2026-06-15T13:04:29+0000 [INFO]   Arctic Shift returned 2 comments
2026-06-15T13:04:29+0000 [INFO] Processing post 1u4r6kg (Arctic Shift): Victor Muñoz's move from Osasuna to Newcastle is imminent. T
2026-06-15T13:04:30+0000 [WARNING]   Could not re-fetch post 1u4r6kg from Arctic Shift
2026-06-15T13:04:31+0000 [INFO]   Arctic Shift returned 60 comments
2026-06-15T13:04:31+0000 [INFO] Processing post 1u4r76u (Arctic Shift): [Reuters] Vinicius vows team-first mentality as Brazil brace
2026-06-15T13:04:33+0000 [WARNING]   Could not re-fetch post 1u4r76u from Arctic Shift
2026-06-15T13:04:33+0000 [INFO]   Arctic Shift returned 0 comments
2026-06-15T13:04:33+0000 [INFO] Processing post 1u4r93k (Arctic Shift): Ronaldo is the GOAT
2026-06-15T13:04:34+0000 [WARNING]   Could not re-fetch post 1u4r93k from Arctic Shift
2026-06-15T13:04:36+0000 [INFO]   Arctic Shift returned 2 comments
2026-06-15T13:04:36+0000 [INFO] Processing post 1u4rkn0 (Arctic Shift): [Official] Yaya Touré is the new head coach of Slovan Bratis
2026-06-15T13:04:37+0000 [WARNING]   Could not re-fetch post 1u4rkn0 from Arctic Shift
2026-06-15T13:04:39+0000 [INFO]   Arctic Shift returned 20 comments
2026-06-15T13:04:39+0000 [INFO] Processing post 1u4rjjr (Arctic Shift): NFL vs Soccer
2026-06-15T13:04:40+0000 [WARNING]   Could not re-fetch post 1u4rjjr from Arctic Shift
2026-06-15T13:04:42+0000 [INFO]   Arctic Shift returned 2 comments
2026-06-15T13:04:42+0000 [INFO] Processing post 1u4rmhy (Arctic Shift): ESPN Gets Folarin Balogun’s Name Wrong In Front Page Headlin
2026-06-15T13:04:43+0000 [WARNING]   Could not re-fetch post 1u4rmhy from Arctic Shift
2026-06-15T13:04:46+0000 [INFO]   Arctic Shift returned 1 comments
2026-06-15T13:04:46+0000 [INFO] Processing post 1u4rlde (Arctic Shift): Amusing little tidbit from Japan
2026-06-15T13:04:46+0000 [WARNING]   Could not re-fetch post 1u4rlde from Arctic Shift
2026-06-15T13:04:48+0000 [INFO]   Arctic Shift returned 17 comments
2026-06-15T13:04:48+0000 [INFO] Processing post 1u4rmmm (Arctic Shift): Am I crazy or does US Soccer feel way more connected/nepotis
2026-06-15T13:04:49+0000 [WARNING]   Could not re-fetch post 1u4rmmm from Arctic Shift
2026-06-15T13:04:51+0000 [INFO]   Arctic Shift returned 1 comments
2026-06-15T13:04:51+0000 [INFO] Harvester complete (arctic_shift+rss). 16 posts processed, 0 failed, 1936 total comments collected.
2026-06-15T13:08:03+0000 [INFO] Harvester starting. Target time: 2026-06-13T13:08:03.722836+00:00. Mode: arctic_shift+rss
2026-06-15T13:08:03+0000 [INFO] No pending posts for target time 2026-06-13T13. Nothing to do.
2026-06-15T13:13:28+0000 [INFO] Harvester starting. Target time: 2026-06-13T13:13:28.320208+00:00. Mode: arctic_shift+rss
2026-06-15T13:13:28+0000 [INFO] No pending posts for target time 2026-06-13T13. Nothing to do.
