2026-06-15T17:03:44+0000 [INFO] Harvester starting. Target time: 2026-06-13T17:03:44.030273+00:00. Mode: arctic_shift+rss
2026-06-15T17:03:44+0000 [INFO] Found 16 posts to process
2026-06-15T17:03:44+0000 [INFO] Processing post 1u4w477 (Arctic Shift): Will Ronaldo’s son be too tall to play football?
2026-06-15T17:03:44+0000 [WARNING]   Could not re-fetch post 1u4w477 from Arctic Shift
2026-06-15T17:03:46+0000 [INFO]   Arctic Shift returned 1 comments
2026-06-15T17:03:46+0000 [INFO] Processing post 1u4w4xk (Arctic Shift): Hey Random Folks! Translate this Post
2026-06-15T17:03:47+0000 [WARNING]   Could not re-fetch post 1u4w4xk from Arctic Shift
2026-06-15T17:03:48+0000 [INFO]   Arctic Shift returned 0 comments
2026-06-15T17:03:48+0000 [INFO] Processing post 1u4w8dx (Arctic Shift): [Alex Crook] Arsenal and Liverpool target Bradley Barcola ha
2026-06-15T17:03:49+0000 [WARNING]   Could not re-fetch post 1u4w8dx from Arctic Shift
2026-06-15T17:03:55+0000 [INFO]   Arctic Shift returned 407 comments
2026-06-15T17:03:55+0000 [INFO] Processing post 1u4wbkc (Arctic Shift): Scottish fans cheering on a Boston police officer doing keep
2026-06-15T17:03:56+0000 [WARNING]   Could not re-fetch post 1u4wbkc from Arctic Shift
2026-06-15T17:03:58+0000 [INFO]   Arctic Shift returned 1 comments
2026-06-15T17:03:58+0000 [INFO] Processing post 1u4we1l (Arctic Shift): 'Why Not Us?': At the World Cup, America Can Start Dreaming 
2026-06-15T17:03:59+0000 [WARNING]   Could not re-fetch post 1u4we1l from Arctic Shift
2026-06-15T17:04:02+0000 [INFO]   Arctic Shift returned 1 comments
2026-06-15T17:04:02+0000 [INFO] Processing post 1u4wb9k (Arctic Shift): Duolingo invites the referee Wilton Pereira Sampaio (from th
2026-06-15T17:04:03+0000 [WARNING]   Could not re-fetch post 1u4wb9k from Arctic Shift
2026-06-15T17:04:05+0000 [INFO]   Arctic Shift returned 1 comments
2026-06-15T17:04:05+0000 [INFO] Processing post 1u4wf0p (Arctic Shift): Scotland fans cheering on a police officer doing keepie ups 
2026-06-15T17:04:06+0000 [WARNING]   Could not re-fetch post 1u4wf0p from Arctic Shift
2026-06-15T17:04:08+0000 [INFO]   Arctic Shift returned 16 comments
2026-06-15T17:04:08+0000 [INFO] Processing post 1u4wfdk (Arctic Shift): Vinicius Jr: "I don't care about individual titles, I'm not 
2026-06-15T17:04:08+0000 [WARNING]   Could not re-fetch post 1u4wfdk from Arctic Shift
2026-06-15T17:04:10+0000 [INFO]   Arctic Shift returned 1 comments
2026-06-15T17:04:10+0000 [INFO] Processing post 1u4wkl6 (Arctic Shift): USMNT vs Paraguay: Is This the Best American Soccer Team Eve
2026-06-15T17:04:12+0000 [WARNING]   Could not re-fetch post 1u4wkl6 from Arctic Shift
2026-06-15T17:04:14+0000 [INFO]   Arctic Shift returned 1 comments
2026-06-15T17:04:14+0000 [INFO] Processing post 1u4wkm4 (Arctic Shift): Spanish journalist is forced to interview Vini in English be
2026-06-15T17:04:15+0000 [WARNING]   Could not re-fetch post 1u4wkm4 from Arctic Shift
2026-06-15T17:04:20+0000 [INFO]   Arctic Shift returned 201 comments
2026-06-15T17:04:20+0000 [INFO] Processing post 1u4x0pe (Arctic Shift): [World Cup 2026 Preview] Australia: New Eras, Grueling Fitne
2026-06-15T17:04:21+0000 [WARNING]   Could not re-fetch post 1u4x0pe from Arctic Shift
2026-06-15T17:04:24+0000 [INFO]   Arctic Shift returned 30 comments
2026-06-15T17:04:24+0000 [INFO] Processing post 1u4x8bt (Arctic Shift): One Last Mission..
2026-06-15T17:04:25+0000 [WARNING]   Could not re-fetch post 1u4x8bt from Arctic Shift
2026-06-15T17:04:27+0000 [INFO]   Arctic Shift returned 1 comments
2026-06-15T17:04:27+0000 [INFO] Processing post 1u4xb8w (Arctic Shift): This is why we love football
2026-06-15T17:04:27+0000 [WARNING]   Could not re-fetch post 1u4xb8w from Arctic Shift
2026-06-15T17:04:29+0000 [INFO]   Arctic Shift returned 1 comments
2026-06-15T17:04:29+0000 [INFO] Processing post 1u4xe4s (Arctic Shift): Follow the soccer worldcup on the map ! Tonight QATAR - SWIT
2026-06-15T17:04:31+0000 [WARNING]   Could not re-fetch post 1u4xe4s from Arctic Shift
2026-06-15T17:04:34+0000 [INFO]   Arctic Shift returned 1 comments
2026-06-15T17:04:34+0000 [INFO] Processing post 1u4xhsh (Arctic Shift): Rangnick extends with Austria until 2028
2026-06-15T17:04:35+0000 [WARNING]   Could not re-fetch post 1u4xhsh from Arctic Shift
2026-06-15T17:04:37+0000 [INFO]   Arctic Shift returned 1 comments
2026-06-15T17:04:37+0000 [INFO] Processing post 1u4xfoe (Arctic Shift): Qatar Switzerland - empty - one hour before match
2026-06-15T17:04:37+0000 [WARNING]   Could not re-fetch post 1u4xfoe from Arctic Shift
2026-06-15T17:04:40+0000 [INFO]   Arctic Shift returned 1 comments
2026-06-15T17:04:40+0000 [INFO] Harvester complete (arctic_shift+rss). 16 posts processed, 0 failed, 665 total comments collected.
2026-06-15T17:13:48+0000 [INFO] Harvester starting. Target time: 2026-06-13T17:13:48.599447+00:00. Mode: arctic_shift+rss
2026-06-15T17:13:48+0000 [INFO] No pending posts for target time 2026-06-13T17. Nothing to do.
2026-06-15T17:18:30+0000 [INFO] Harvester starting. Target time: 2026-06-13T17:18:30.434159+00:00. Mode: arctic_shift+rss
2026-06-15T17:18:30+0000 [INFO] No pending posts for target time 2026-06-13T17. Nothing to do.
2026-06-15T17:23:36+0000 [INFO] Harvester starting. Target time: 2026-06-13T17:23:36.282953+00:00. Mode: arctic_shift+rss
2026-06-15T17:23:36+0000 [INFO] No pending posts for target time 2026-06-13T17. Nothing to do.
2026-06-15T17:28:47+0000 [INFO] Harvester starting. Target time: 2026-06-13T17:28:47.080646+00:00. Mode: arctic_shift+rss
2026-06-15T17:28:47+0000 [INFO] No pending posts for target time 2026-06-13T17. Nothing to do.
