2026-06-19T05:19:39+0000 [INFO] Harvester starting. Target time: 2026-06-17T05:19:39.751801+00:00. Mode: arctic_shift+rss
2026-06-19T05:19:39+0000 [INFO] Found 12 posts to process
2026-06-19T05:19:39+0000 [INFO] Processing post 1u80qms (Arctic Shift): Which young players from this World Cup are you planning to 
2026-06-19T05:19:40+0000 [WARNING]   Could not re-fetch post 1u80qms from Arctic Shift
2026-06-19T05:19:42+0000 [INFO]   Arctic Shift returned 1 comments
2026-06-19T05:19:42+0000 [INFO] Processing post 1u80ocl (Arctic Shift): Don't complain about kickoff times for your country, welcome
2026-06-19T05:19:43+0000 [WARNING]   Could not re-fetch post 1u80ocl from Arctic Shift
2026-06-19T05:19:45+0000 [INFO]   Arctic Shift returned 2 comments
2026-06-19T05:19:45+0000 [INFO] Processing post 1u80s18 (Arctic Shift): University students in Bangladesh celebrating Messi's first 
2026-06-19T05:19:46+0000 [WARNING]   Could not re-fetch post 1u80s18 from Arctic Shift
2026-06-19T05:19:53+0000 [INFO]   Arctic Shift returned 501 comments
2026-06-19T05:19:53+0000 [INFO] Processing post 1u810pr (Arctic Shift): Austria 1 - [1] Jordan - Ali Olwan  50'
2026-06-19T05:19:54+0000 [WARNING]   Could not re-fetch post 1u810pr from Arctic Shift
2026-06-19T05:19:57+0000 [INFO]   Arctic Shift returned 158 comments
2026-06-19T05:19:57+0000 [INFO] Processing post 1u80yik (Arctic Shift): England fans attend a rodeo in Dallas
2026-06-19T05:19:58+0000 [WARNING]   Could not re-fetch post 1u80yik from Arctic Shift
2026-06-19T05:20:01+0000 [INFO]   Arctic Shift returned 122 comments
2026-06-19T05:20:01+0000 [INFO] Processing post 1u80uk3 (Arctic Shift): Unidentified individuals fled after attempting to spy on Sou
2026-06-19T05:20:02+0000 [WARNING]   Could not re-fetch post 1u80uk3 from Arctic Shift
2026-06-19T05:20:04+0000 [INFO]   Arctic Shift returned 68 comments
2026-06-19T05:20:04+0000 [INFO] Processing post 1u8137b (Arctic Shift): Chaos erupts among Senegal fans
2026-06-19T05:20:05+0000 [WARNING]   Could not re-fetch post 1u8137b from Arctic Shift
2026-06-19T05:20:08+0000 [INFO]   Arctic Shift returned 118 comments
2026-06-19T05:20:08+0000 [INFO] Processing post 1u812yz (Arctic Shift): First World Cup where it feels like most managers are actual
2026-06-19T05:20:09+0000 [WARNING]   Could not re-fetch post 1u812yz from Arctic Shift
2026-06-19T05:20:11+0000 [INFO]   Arctic Shift returned 1 comments
2026-06-19T05:20:11+0000 [INFO] Processing post 1u81c8t (Arctic Shift): Austria [2] - 1 Jordan - Marko Arnautovic  68'
2026-06-19T05:20:12+0000 [WARNING]   Could not re-fetch post 1u81c8t from Arctic Shift
2026-06-19T05:20:14+0000 [INFO]   Arctic Shift returned 71 comments
2026-06-19T05:20:14+0000 [INFO] Processing post 1u81ia0 (Arctic Shift): Austria [2] - 1 Jordan - Marko Arnautovic 77'
2026-06-19T05:20:15+0000 [WARNING]   Could not re-fetch post 1u81ia0 from Arctic Shift
2026-06-19T05:20:17+0000 [INFO]   Arctic Shift returned 99 comments
2026-06-19T05:20:17+0000 [INFO] Processing post 1u81gv1 (Arctic Shift): Marko Arnautovic's goal disallowed due to handball after rev
2026-06-19T05:20:18+0000 [WARNING]   Could not re-fetch post 1u81gv1 from Arctic Shift
2026-06-19T05:20:20+0000 [INFO]   Arctic Shift returned 66 comments
2026-06-19T05:20:20+0000 [INFO] Processing post 1u81hf7 (Arctic Shift): England flags could be confiscated from supporters attending
2026-06-19T05:20:21+0000 [WARNING]   Could not re-fetch post 1u81hf7 from Arctic Shift
2026-06-19T05:20:23+0000 [INFO]   Arctic Shift returned 36 comments
2026-06-19T05:20:23+0000 [INFO] Harvester complete (arctic_shift+rss). 12 posts processed, 0 failed, 1243 total comments collected.
2026-06-19T05:24:39+0000 [INFO] Harvester starting. Target time: 2026-06-17T05:24:39.495988+00:00. Mode: arctic_shift+rss
2026-06-19T05:24:39+0000 [INFO] No pending posts for target time 2026-06-17T05. Nothing to do.
2026-06-19T05:29:42+0000 [INFO] Harvester starting. Target time: 2026-06-17T05:29:42.717126+00:00. Mode: arctic_shift+rss
2026-06-19T05:29:42+0000 [INFO] No pending posts for target time 2026-06-17T05. Nothing to do.
2026-06-19T05:34:51+0000 [INFO] Harvester starting. Target time: 2026-06-17T05:34:51.018741+00:00. Mode: arctic_shift+rss
2026-06-19T05:34:51+0000 [INFO] No pending posts for target time 2026-06-17T05. Nothing to do.
2026-06-19T05:40:07+0000 [INFO] Harvester starting. Target time: 2026-06-17T05:40:07.800598+00:00. Mode: arctic_shift+rss
2026-06-19T05:40:07+0000 [INFO] No pending posts for target time 2026-06-17T05. Nothing to do.
2026-06-19T05:44:36+0000 [INFO] Harvester starting. Target time: 2026-06-17T05:44:36.432434+00:00. Mode: arctic_shift+rss
2026-06-19T05:44:36+0000 [INFO] No pending posts for target time 2026-06-17T05. Nothing to do.
2026-06-19T05:55:07+0000 [INFO] Harvester starting. Target time: 2026-06-17T05:55:07.590074+00:00. Mode: arctic_shift+rss
2026-06-19T05:55:07+0000 [INFO] No pending posts for target time 2026-06-17T05. Nothing to do.
