2026-06-19T06:04:32+0000 [INFO] Harvester starting. Target time: 2026-06-17T06:04:32.673431+00:00. Mode: arctic_shift+rss
2026-06-19T06:04:32+0000 [INFO] Found 14 posts to process
2026-06-19T06:04:32+0000 [INFO] Processing post 1u81wq7 (Arctic Shift): A group of English fans try out line dancing with a few loca
2026-06-19T06:04:33+0000 [WARNING]   Could not re-fetch post 1u81wq7 from Arctic Shift
2026-06-19T06:04:35+0000 [INFO]   Arctic Shift returned 62 comments
2026-06-19T06:04:35+0000 [INFO] Processing post 1u81x8v (Arctic Shift): Messi deserves more
2026-06-19T06:04:36+0000 [WARNING]   Could not re-fetch post 1u81x8v from Arctic Shift
2026-06-19T06:04:38+0000 [INFO]   Arctic Shift returned 2 comments
2026-06-19T06:04:38+0000 [INFO] Processing post 1u820k5 (Arctic Shift): Arsenal vs. Inter Milan FC 26
2026-06-19T06:04:39+0000 [WARNING]   Could not re-fetch post 1u820k5 from Arctic Shift
2026-06-19T06:04:40+0000 [INFO]   Arctic Shift returned 1 comments
2026-06-19T06:04:41+0000 [INFO] Processing post 1u81zyl (Arctic Shift): Post Match Thread: Austria 3 - 1 Jordan | FIFA World Cup 202
2026-06-19T06:04:42+0000 [WARNING]   Could not re-fetch post 1u81zyl from Arctic Shift
2026-06-19T06:04:46+0000 [INFO]   Arctic Shift returned 299 comments
2026-06-19T06:04:46+0000 [INFO] Processing post 1u820om (Arctic Shift): Austria [3] - 1 Jordan - Marko Arnautovic 101'
2026-06-19T06:04:47+0000 [WARNING]   Could not re-fetch post 1u820om from Arctic Shift
2026-06-19T06:04:49+0000 [INFO]   Arctic Shift returned 1 comments
2026-06-19T06:04:49+0000 [INFO] Processing post 1u828kt (Arctic Shift): Legend.
2026-06-19T06:04:49+0000 [WARNING]   Could not re-fetch post 1u828kt from Arctic Shift
2026-06-19T06:04:51+0000 [INFO]   Arctic Shift returned 0 comments
2026-06-19T06:04:51+0000 [INFO] Processing post 1u822pq (Arctic Shift): Austria [3] - 1 Jordan - Marko Arnautovic Penalty 90+12'
2026-06-19T06:04:52+0000 [WARNING]   Could not re-fetch post 1u822pq from Arctic Shift
2026-06-19T06:04:54+0000 [INFO]   Arctic Shift returned 54 comments
2026-06-19T06:04:54+0000 [INFO] Processing post 1u82exl (Arctic Shift): Thoughts on this questionable take🤔
2026-06-19T06:04:55+0000 [WARNING]   Could not re-fetch post 1u82exl from Arctic Shift
2026-06-19T06:04:56+0000 [INFO]   Arctic Shift returned 0 comments
2026-06-19T06:04:56+0000 [INFO] Processing post 1u82ccv (Arctic Shift): DR Congo Arrive at 2026 World Cup in Custom Leopard-Themed S
2026-06-19T06:04:57+0000 [WARNING]   Could not re-fetch post 1u82ccv from Arctic Shift
2026-06-19T06:04:58+0000 [INFO]   Arctic Shift returned 0 comments
2026-06-19T06:04:58+0000 [INFO] Processing post 1u82d1h (Arctic Shift): DR Congo Arrive at 2026 World Cup in Custom Leopard-Themed S
2026-06-19T06:04:59+0000 [WARNING]   Could not re-fetch post 1u82d1h from Arctic Shift
2026-06-19T06:05:04+0000 [INFO]   Arctic Shift returned 23 comments
2026-06-19T06:05:04+0000 [INFO] Processing post 1u82kgw (Arctic Shift): Lionel Messi's heatmap (Position: CF) against Algeria
2026-06-19T06:05:04+0000 [WARNING]   Could not re-fetch post 1u82kgw from Arctic Shift
2026-06-19T06:05:07+0000 [INFO]   Arctic Shift returned 140 comments
2026-06-19T06:05:07+0000 [INFO] Processing post 1u82p2b (Arctic Shift): Md Marup Ahmed on Instagram: "Just 50 days until the greates
2026-06-19T06:05:08+0000 [WARNING]   Could not re-fetch post 1u82p2b from Arctic Shift
2026-06-19T06:05:10+0000 [INFO]   Arctic Shift returned 1 comments
2026-06-19T06:05:10+0000 [INFO] Processing post 1u82quj (Arctic Shift): Now you know what it's like...
2026-06-19T06:05:11+0000 [WARNING]   Could not re-fetch post 1u82quj from Arctic Shift
2026-06-19T06:05:13+0000 [INFO]   Arctic Shift returned 2 comments
2026-06-19T06:05:13+0000 [INFO] Processing post 1u82soz (Arctic Shift): Was this a red?
2026-06-19T06:05:14+0000 [WARNING]   Could not re-fetch post 1u82soz from Arctic Shift
2026-06-19T06:05:16+0000 [INFO]   Arctic Shift returned 2 comments
2026-06-19T06:05:16+0000 [INFO] Harvester complete (arctic_shift+rss). 14 posts processed, 0 failed, 587 total comments collected.
2026-06-19T06:09:44+0000 [INFO] Harvester starting. Target time: 2026-06-17T06:09:44.682245+00:00. Mode: arctic_shift+rss
2026-06-19T06:09:44+0000 [INFO] No pending posts for target time 2026-06-17T06. Nothing to do.
2026-06-19T06:14:59+0000 [INFO] Harvester starting. Target time: 2026-06-17T06:14:59.121852+00:00. Mode: arctic_shift+rss
2026-06-19T06:14:59+0000 [INFO] No pending posts for target time 2026-06-17T06. Nothing to do.
2026-06-19T06:24:47+0000 [INFO] Harvester starting. Target time: 2026-06-17T06:24:47.068975+00:00. Mode: arctic_shift+rss
2026-06-19T06:24:47+0000 [INFO] No pending posts for target time 2026-06-17T06. Nothing to do.
2026-06-19T06:35:15+0000 [INFO] Harvester starting. Target time: 2026-06-17T06:35:15.651753+00:00. Mode: arctic_shift+rss
2026-06-19T06:35:15+0000 [INFO] No pending posts for target time 2026-06-17T06. Nothing to do.
2026-06-19T06:44:51+0000 [INFO] Harvester starting. Target time: 2026-06-17T06:44:51.291907+00:00. Mode: arctic_shift+rss
2026-06-19T06:44:51+0000 [INFO] No pending posts for target time 2026-06-17T06. Nothing to do.
2026-06-19T06:50:06+0000 [INFO] Harvester starting. Target time: 2026-06-17T06:50:06.321552+00:00. Mode: arctic_shift+rss
2026-06-19T06:50:06+0000 [INFO] No pending posts for target time 2026-06-17T06. Nothing to do.
