2026-06-14T15:02:59+0000 [INFO] Harvester starting. Target time: 2026-06-12T15:02:59.014006+00:00. Mode: arctic_shift+rss
2026-06-14T15:02:59+0000 [INFO] Found 35 posts to process
2026-06-14T15:02:59+0000 [INFO] Processing post 1u3xqas (Arctic Shift): Infantino: "Maybe with a 64-team World Cup Italy would manag
2026-06-14T15:02:59+0000 [WARNING]   Could not re-fetch post 1u3xqas from Arctic Shift
2026-06-14T15:03:05+0000 [INFO]   Arctic Shift returned 497 comments
2026-06-14T15:03:05+0000 [INFO] Processing post 1u3xnkh (Arctic Shift): World Cup 2026 fan site World Cup 2026 fan site - no login, 
2026-06-14T15:03:06+0000 [WARNING]   Could not re-fetch post 1u3xnkh from Arctic Shift
2026-06-14T15:03:08+0000 [INFO]   Arctic Shift returned 1 comments
2026-06-14T15:03:08+0000 [INFO] Processing post 1u3xo3c (Arctic Shift): Mexican fans are just getting started. Currently Topping the
2026-06-14T15:03:09+0000 [WARNING]   Could not re-fetch post 1u3xo3c from Arctic Shift
2026-06-14T15:03:11+0000 [INFO]   Arctic Shift returned 11 comments
2026-06-14T15:03:11+0000 [INFO] Processing post 1u3xqf7 (Arctic Shift): Thoughts?
2026-06-14T15:03:12+0000 [WARNING]   Could not re-fetch post 1u3xqf7 from Arctic Shift
2026-06-14T15:03:14+0000 [INFO]   Arctic Shift returned 1 comments
2026-06-14T15:03:14+0000 [INFO] Processing post 1u3xx6q (Arctic Shift): All World Cup logos since 1930
2026-06-14T15:03:15+0000 [WARNING]   Could not re-fetch post 1u3xx6q from Arctic Shift
2026-06-14T15:03:19+0000 [INFO]   Arctic Shift returned 254 comments
2026-06-14T15:03:19+0000 [INFO] Processing post 1u3y0wq (Arctic Shift): Photos from the opening of the 2026 World Cup l'est gooooo
2026-06-14T15:03:20+0000 [WARNING]   Could not re-fetch post 1u3y0wq from Arctic Shift
2026-06-14T15:03:21+0000 [INFO]   Arctic Shift returned 0 comments
2026-06-14T15:03:21+0000 [INFO] Processing post 1u3y2uy (Arctic Shift): Changes Needed to Soccer to Make it More Watchable
2026-06-14T15:03:22+0000 [WARNING]   Could not re-fetch post 1u3y2uy from Arctic Shift
2026-06-14T15:03:24+0000 [INFO]   Arctic Shift returned 1 comments
2026-06-14T15:03:24+0000 [INFO] Processing post 1u3y6yi (Arctic Shift): [Mark Pirie] Napoli join the race for Celtic midfielder Arne
2026-06-14T15:03:25+0000 [WARNING]   Could not re-fetch post 1u3y6yi from Arctic Shift
2026-06-14T15:03:27+0000 [INFO]   Arctic Shift returned 11 comments
2026-06-14T15:03:27+0000 [INFO] Processing post 1u3y60q (Arctic Shift): Tony D'Amico to be appointed as AS Roma’s new Sporting Direc
2026-06-14T15:03:28+0000 [WARNING]   Could not re-fetch post 1u3y60q from Arctic Shift
2026-06-14T15:03:30+0000 [INFO]   Arctic Shift returned 4 comments
2026-06-14T15:03:30+0000 [INFO] Processing post 1u3y8dz (Arctic Shift): Los verdaderos fans van a estar compitiendo.
2026-06-14T15:03:31+0000 [WARNING]   Could not re-fetch post 1u3y8dz from Arctic Shift
2026-06-14T15:03:33+0000 [INFO]   Arctic Shift returned 1 comments
2026-06-14T15:03:33+0000 [INFO] Processing post 1u3yejm (Arctic Shift): Bắc Ninh FC have been promoted from Vietnam First Division a
2026-06-14T15:03:34+0000 [WARNING]   Could not re-fetch post 1u3yejm from Arctic Shift
2026-06-14T15:03:36+0000 [INFO]   Arctic Shift returned 5 comments
2026-06-14T15:03:36+0000 [INFO] Processing post 1u3ycbe (Arctic Shift): [BBC] Republic of Ireland v Israel: FAI confirms home game t
2026-06-14T15:03:37+0000 [WARNING]   Could not re-fetch post 1u3ycbe from Arctic Shift
2026-06-14T15:03:39+0000 [INFO]   Arctic Shift returned 10 comments
2026-06-14T15:03:39+0000 [INFO] Processing post 1u3yf9p (Arctic Shift): [Fabrizio Romano] Real Madrid will NOT activate the buy back
2026-06-14T15:03:40+0000 [WARNING]   Could not re-fetch post 1u3yf9p from Arctic Shift
2026-06-14T15:03:42+0000 [INFO]   Arctic Shift returned 2 comments
2026-06-14T15:03:42+0000 [INFO] Processing post 1u3ybz4 (Arctic Shift): World Cup Atmosphere from the Commentators Desk
2026-06-14T15:03:43+0000 [WARNING]   Could not re-fetch post 1u3ybz4 from Arctic Shift
2026-06-14T15:03:45+0000 [INFO]   Arctic Shift returned 22 comments
2026-06-14T15:03:45+0000 [INFO] Processing post 1u3yjc2 (Arctic Shift): [@F_edits] World Cup stadiums that are closest to a McDonald
2026-06-14T15:03:46+0000 [WARNING]   Could not re-fetch post 1u3yjc2 from Arctic Shift
2026-06-14T15:03:49+0000 [INFO]   Arctic Shift returned 115 comments
2026-06-14T15:03:49+0000 [INFO] Processing post 1u3yixe (Arctic Shift): Bellingham & Rogers Talk Squad Quality & Team Bromances! | E
2026-06-14T15:03:50+0000 [WARNING]   Could not re-fetch post 1u3yixe from Arctic Shift
2026-06-14T15:03:52+0000 [INFO]   Arctic Shift returned 6 comments
2026-06-14T15:03:52+0000 [INFO] Processing post 1u3yjcs (Arctic Shift): [Eurosport] Gianni Infantino, His Mysterious Ties to the Uni
2026-06-14T15:03:53+0000 [WARNING]   Could not re-fetch post 1u3yjcs from Arctic Shift
2026-06-14T15:03:55+0000 [INFO]   Arctic Shift returned 15 comments
2026-06-14T15:03:55+0000 [INFO] Processing post 1u3ymwv (Arctic Shift): Final standing of Vleague 2025-2026 . Becamex Ho Chi Minh an
2026-06-14T15:03:56+0000 [WARNING]   Could not re-fetch post 1u3ymwv from Arctic Shift
2026-06-14T15:03:58+0000 [INFO]   Arctic Shift returned 23 comments
2026-06-14T15:03:58+0000 [INFO] Processing post 1u3yo1r (Arctic Shift): AI slop in soccer strategy by DeepMind
2026-06-14T15:03:59+0000 [WARNING]   Could not re-fetch post 1u3yo1r from Arctic Shift
2026-06-14T15:04:01+0000 [INFO]   Arctic Shift returned 1 comments
2026-06-14T15:04:01+0000 [INFO] Processing post 1u3yl7t (Arctic Shift): Which World Cup 2026 Stadium Would You Most Like to Visit?
2026-06-14T15:04:02+0000 [WARNING]   Could not re-fetch post 1u3yl7t from Arctic Shift
2026-06-14T15:04:04+0000 [INFO]   Arctic Shift returned 1 comments
2026-06-14T15:04:04+0000 [INFO] Processing post 1u3ys9j (Arctic Shift): Is Ederson the Right Signing for Manchester United?
2026-06-14T15:04:05+0000 [WARNING]   Could not re-fetch post 1u3ys9j from Arctic Shift
2026-06-14T15:04:07+0000 [INFO]   Arctic Shift returned 1 comments
2026-06-14T15:04:07+0000 [INFO] Processing post 1u3yt8p (Arctic Shift): [Official] Ruud Nijstad is set to sign a new contract with F
2026-06-14T15:04:08+0000 [WARNING]   Could not re-fetch post 1u3yt8p from Arctic Shift
2026-06-14T15:04:10+0000 [INFO]   Arctic Shift returned 2 comments
2026-06-14T15:04:10+0000 [INFO] Processing post 1u3ysyg (Arctic Shift): Premier League to relax red cards for hair pulling
2026-06-14T15:04:11+0000 [WARNING]   Could not re-fetch post 1u3ysyg from Arctic Shift
2026-06-14T15:04:14+0000 [INFO]   Arctic Shift returned 108 comments
2026-06-14T15:04:14+0000 [INFO] Processing post 1u3yprp (Arctic Shift): I just found out this ball shows up when I was watching the 
2026-06-14T15:04:15+0000 [WARNING]   Could not re-fetch post 1u3yprp from Arctic Shift
2026-06-14T15:04:17+0000 [INFO]   Arctic Shift returned 1 comments
2026-06-14T15:04:17+0000 [INFO] Processing post 1u3yuxe (Arctic Shift): Anyone else find punk rock goes perfectly with World Cup hig
2026-06-14T15:04:18+0000 [WARNING]   Could not re-fetch post 1u3yuxe from Arctic Shift
2026-06-14T15:04:20+0000 [INFO]   Arctic Shift returned 1 comments
2026-06-14T15:04:20+0000 [INFO] Processing post 1u3yvwt (Arctic Shift): [VI] Go Ahead Eagles have rejected Groningen’s bid for capta
2026-06-14T15:04:21+0000 [WARNING]   Could not re-fetch post 1u3yvwt from Arctic Shift
2026-06-14T15:04:23+0000 [INFO]   Arctic Shift returned 3 comments
2026-06-14T15:04:23+0000 [INFO] Processing post 1u3yxow (Arctic Shift): [433] Bernardo Silva will be the first Portuguese player at 
2026-06-14T15:04:24+0000 [WARNING]   Could not re-fetch post 1u3yxow from Arctic Shift
2026-06-14T15:04:26+0000 [INFO]   Arctic Shift returned 11 comments
2026-06-14T15:04:26+0000 [INFO] Processing post 1u3z23o (Arctic Shift): [De Telegraaf] Perr Schuurs has passed his medical and is se
2026-06-14T15:04:27+0000 [WARNING]   Could not re-fetch post 1u3z23o from Arctic Shift
2026-06-14T15:04:29+0000 [INFO]   Arctic Shift returned 14 comments
2026-06-14T15:04:29+0000 [INFO] Processing post 1u3z0q8 (Arctic Shift): [FC Barcelona] informs that today the mandatory demand for c
2026-06-14T15:04:30+0000 [WARNING]   Could not re-fetch post 1u3z0q8 from Arctic Shift
2026-06-14T15:04:34+0000 [INFO]   Arctic Shift returned 266 comments
2026-06-14T15:04:34+0000 [INFO] Processing post 1u3z2vp (Arctic Shift): What's the most iconic World Cup song from your country?
2026-06-14T15:04:35+0000 [WARNING]   Could not re-fetch post 1u3z2vp from Arctic Shift
2026-06-14T15:04:37+0000 [INFO]   Arctic Shift returned 1 comments
2026-06-14T15:04:37+0000 [INFO] Processing post 1u3z9mb (Arctic Shift): Cat 1 ticket ×1 June 13 new York
2026-06-14T15:04:38+0000 [WARNING]   Could not re-fetch post 1u3z9mb from Arctic Shift
2026-06-14T15:04:40+0000 [INFO]   Arctic Shift returned 2 comments
2026-06-14T15:04:40+0000 [INFO] Processing post 1u3zcck (Arctic Shift): Bosnian fans in Toronto before their game against Canada tod
2026-06-14T15:04:41+0000 [WARNING]   Could not re-fetch post 1u3zcck from Arctic Shift
2026-06-14T15:04:47+0000 [INFO]   Arctic Shift returned 443 comments
2026-06-14T15:04:47+0000 [INFO] Processing post 1u3zbrk (Arctic Shift): UCL Draft
2026-06-14T15:04:48+0000 [WARNING]   Could not re-fetch post 1u3zbrk from Arctic Shift
2026-06-14T15:04:50+0000 [INFO]   Arctic Shift returned 1 comments
2026-06-14T15:04:50+0000 [INFO] Processing post 1u3zc1u (Arctic Shift): Mexican being racist to Koreans in World Cup 2026
2026-06-14T15:04:51+0000 [WARNING]   Could not re-fetch post 1u3zc1u from Arctic Shift
2026-06-14T15:04:53+0000 [INFO]   Arctic Shift returned 1 comments
2026-06-14T15:04:53+0000 [INFO] Processing post 1u3zal3 (Arctic Shift): Halaand and the Norwegian NT having a blast at the Stanley C
2026-06-14T15:04:54+0000 [WARNING]   Could not re-fetch post 1u3zal3 from Arctic Shift
2026-06-14T15:04:56+0000 [INFO]   Arctic Shift returned 31 comments
2026-06-14T15:04:56+0000 [INFO] Harvester complete (arctic_shift+rss). 35 posts processed, 0 failed, 1867 total comments collected.
2026-06-14T15:07:55+0000 [INFO] Harvester starting. Target time: 2026-06-12T15:07:55.632287+00:00. Mode: arctic_shift+rss
2026-06-14T15:07:55+0000 [INFO] No pending posts for target time 2026-06-12T15. Nothing to do.
2026-06-14T15:12:58+0000 [INFO] Harvester starting. Target time: 2026-06-12T15:12:58.337948+00:00. Mode: arctic_shift+rss
2026-06-14T15:12:58+0000 [INFO] No pending posts for target time 2026-06-12T15. Nothing to do.
2026-06-14T15:17:56+0000 [INFO] Harvester starting. Target time: 2026-06-12T15:17:56.142270+00:00. Mode: arctic_shift+rss
2026-06-14T15:17:56+0000 [INFO] No pending posts for target time 2026-06-12T15. Nothing to do.
2026-06-14T15:23:02+0000 [INFO] Harvester starting. Target time: 2026-06-12T15:23:02.929070+00:00. Mode: arctic_shift+rss
2026-06-14T15:23:02+0000 [INFO] No pending posts for target time 2026-06-12T15. Nothing to do.
2026-06-14T15:27:57+0000 [INFO] Harvester starting. Target time: 2026-06-12T15:27:57.551006+00:00. Mode: arctic_shift+rss
2026-06-14T15:27:57+0000 [INFO] No pending posts for target time 2026-06-12T15. Nothing to do.
2026-06-14T15:33:18+0000 [INFO] Harvester starting. Target time: 2026-06-12T15:33:18.115286+00:00. Mode: arctic_shift+rss
2026-06-14T15:33:18+0000 [INFO] No pending posts for target time 2026-06-12T15. Nothing to do.
2026-06-14T15:37:57+0000 [INFO] Harvester starting. Target time: 2026-06-12T15:37:57.179315+00:00. Mode: arctic_shift+rss
2026-06-14T15:37:57+0000 [INFO] No pending posts for target time 2026-06-12T15. Nothing to do.
2026-06-14T15:43:03+0000 [INFO] Harvester starting. Target time: 2026-06-12T15:43:03.529133+00:00. Mode: arctic_shift+rss
2026-06-14T15:43:03+0000 [INFO] No pending posts for target time 2026-06-12T15. Nothing to do.
2026-06-14T15:47:52+0000 [INFO] Harvester starting. Target time: 2026-06-12T15:47:52.684770+00:00. Mode: arctic_shift+rss
2026-06-14T15:47:52+0000 [INFO] No pending posts for target time 2026-06-12T15. Nothing to do.
2026-06-14T15:52:59+0000 [INFO] Harvester starting. Target time: 2026-06-12T15:52:59.436409+00:00. Mode: arctic_shift+rss
2026-06-14T15:52:59+0000 [INFO] No pending posts for target time 2026-06-12T15. Nothing to do.
