2026-06-18T04:03:22+0000 [INFO] Harvester starting. Target time: 2026-06-16T04:03:22.758730+00:00. Mode: arctic_shift+rss
2026-06-18T04:03:22+0000 [INFO] Found 8 posts to process
2026-06-18T04:03:22+0000 [INFO] Processing post 1u72x7z (Arctic Shift): Finally Got Messi🔥
2026-06-18T04:03:23+0000 [WARNING]   Could not re-fetch post 1u72x7z from Arctic Shift
2026-06-18T04:03:24+0000 [INFO]   Arctic Shift returned 1 comments
2026-06-18T04:03:24+0000 [INFO] Processing post 1u72xpv (Arctic Shift): Finally got messi!
2026-06-18T04:03:26+0000 [WARNING]   Could not re-fetch post 1u72xpv from Arctic Shift
2026-06-18T04:03:27+0000 [INFO]   Arctic Shift returned 1 comments
2026-06-18T04:03:27+0000 [INFO] Processing post 1u72x9k (Arctic Shift): All 6 FIFA Confederations have now played in the World Cup G
2026-06-18T04:03:29+0000 [WARNING]   Could not re-fetch post 1u72x9k from Arctic Shift
2026-06-18T04:03:33+0000 [INFO]   Arctic Shift returned 210 comments
2026-06-18T04:03:33+0000 [INFO] Processing post 1u734jy (Arctic Shift): 🇺🇸 vs 🇦🇺 Who wins this huge World Cup 2026 clash?
2026-06-18T04:03:33+0000 [WARNING]   Could not re-fetch post 1u734jy from Arctic Shift
2026-06-18T04:03:36+0000 [INFO]   Arctic Shift returned 1 comments
2026-06-18T04:03:36+0000 [INFO] Processing post 1u73duv (Arctic Shift): Iran Vs New Zealand World Cup Game 1 disallowed ‘2nd goal’ F
2026-06-18T04:03:36+0000 [WARNING]   Could not re-fetch post 1u73duv from Arctic Shift
2026-06-18T04:03:39+0000 [INFO]   Arctic Shift returned 14 comments
2026-06-18T04:03:39+0000 [INFO] Processing post 1u73ktw (Arctic Shift): WTS
2026-06-18T04:03:40+0000 [WARNING]   Could not re-fetch post 1u73ktw from Arctic Shift
2026-06-18T04:03:42+0000 [INFO]   Arctic Shift returned 1 comments
2026-06-18T04:03:42+0000 [INFO] Processing post 1u73n1d (Arctic Shift): 61:34 Belgium vs Egypt Belgium kicks it out
2026-06-18T04:03:42+0000 [WARNING]   Could not re-fetch post 1u73n1d from Arctic Shift
2026-06-18T04:03:45+0000 [INFO]   Arctic Shift returned 2 comments
2026-06-18T04:03:45+0000 [INFO] Processing post 1u73x6h (Arctic Shift): Video Slider on Fox Sports Highlights on YouTube is a Soccer
2026-06-18T04:03:45+0000 [WARNING]   Could not re-fetch post 1u73x6h from Arctic Shift
2026-06-18T04:03:48+0000 [INFO]   Arctic Shift returned 12 comments
2026-06-18T04:03:48+0000 [INFO] Harvester complete (arctic_shift+rss). 8 posts processed, 0 failed, 242 total comments collected.
2026-06-18T04:08:17+0000 [INFO] Harvester starting. Target time: 2026-06-16T04:08:17.684145+00:00. Mode: arctic_shift+rss
2026-06-18T04:08:17+0000 [INFO] No pending posts for target time 2026-06-16T04. Nothing to do.
2026-06-18T04:13:18+0000 [INFO] Harvester starting. Target time: 2026-06-16T04:13:18.473422+00:00. Mode: arctic_shift+rss
2026-06-18T04:13:18+0000 [INFO] No pending posts for target time 2026-06-16T04. Nothing to do.
2026-06-18T04:18:48+0000 [INFO] Harvester starting. Target time: 2026-06-16T04:18:48.504382+00:00. Mode: arctic_shift+rss
2026-06-18T04:18:48+0000 [INFO] No pending posts for target time 2026-06-16T04. Nothing to do.
