2026-06-15T04:03:05+0000 [INFO] Harvester starting. Target time: 2026-06-13T04:03:05.522144+00:00. Mode: arctic_shift+rss
2026-06-15T04:03:05+0000 [INFO] Found 20 posts to process
2026-06-15T04:03:05+0000 [INFO] Processing post 1u4gofj (Arctic Shift): [World Cup 2026 Preview] Haiti: Exile, eSIMs, and the Spirit
2026-06-15T04:03:06+0000 [WARNING]   Could not re-fetch post 1u4gofj from Arctic Shift
2026-06-15T04:03:08+0000 [INFO]   Arctic Shift returned 14 comments
2026-06-15T04:03:08+0000 [INFO] Processing post 1u4glg3 (Arctic Shift): Fuck infantino
2026-06-15T04:03:09+0000 [WARNING]   Could not re-fetch post 1u4glg3 from Arctic Shift
2026-06-15T04:03:11+0000 [INFO]   Arctic Shift returned 2 comments
2026-06-15T04:03:11+0000 [INFO] Processing post 1u4gli4 (Arctic Shift): Well.. i grt must be a botch up, but at such a grand stage?
2026-06-15T04:03:12+0000 [WARNING]   Could not re-fetch post 1u4gli4 from Arctic Shift
2026-06-15T04:03:14+0000 [INFO]   Arctic Shift returned 1 comments
2026-06-15T04:03:14+0000 [INFO] Processing post 1u4gsj7 (Arctic Shift): Selling 2 x Verizon Super Rewards Tickets for SAU v URU - 6/
2026-06-15T04:03:15+0000 [WARNING]   Could not re-fetch post 1u4gsj7 from Arctic Shift
2026-06-15T04:03:17+0000 [INFO]   Arctic Shift returned 2 comments
2026-06-15T04:03:17+0000 [INFO] Processing post 1u4gwal (Arctic Shift): Telemundo broadcast for AUS-TUR… WTF?
2026-06-15T04:03:18+0000 [WARNING]   Could not re-fetch post 1u4gwal from Arctic Shift
2026-06-15T04:03:20+0000 [INFO]   Arctic Shift returned 1 comments
2026-06-15T04:03:20+0000 [INFO] Processing post 1u4gvie (Arctic Shift): New to football
2026-06-15T04:03:21+0000 [WARNING]   Could not re-fetch post 1u4gvie from Arctic Shift
2026-06-15T04:03:23+0000 [INFO]   Arctic Shift returned 2 comments
2026-06-15T04:03:23+0000 [INFO] Processing post 1u4gyox (Arctic Shift): [World Cup 2026 Preview] Scotland: Back at the World Cup, Ch
2026-06-15T04:03:24+0000 [WARNING]   Could not re-fetch post 1u4gyox from Arctic Shift
2026-06-15T04:03:25+0000 [INFO]   Arctic Shift returned 20 comments
2026-06-15T04:03:25+0000 [INFO] Processing post 1u4h10p (Arctic Shift): Heartbreaking: Worst person you know just made a great joke
2026-06-15T04:03:27+0000 [WARNING]   Could not re-fetch post 1u4h10p from Arctic Shift
2026-06-15T04:03:29+0000 [INFO]   Arctic Shift returned 3 comments
2026-06-15T04:03:29+0000 [INFO] Processing post 1u4h3se (Arctic Shift): Rrr
2026-06-15T04:03:29+0000 [WARNING]   Could not re-fetch post 1u4h3se from Arctic Shift
2026-06-15T04:03:32+0000 [INFO]   Arctic Shift returned 1 comments
2026-06-15T04:03:32+0000 [INFO] Processing post 1u4h9u9 (Arctic Shift): Balogun makes it 2-0 USA vs Paraguay
2026-06-15T04:03:33+0000 [WARNING]   Could not re-fetch post 1u4h9u9 from Arctic Shift
2026-06-15T04:03:35+0000 [INFO]   Arctic Shift returned 1 comments
2026-06-15T04:03:35+0000 [INFO] Processing post 1u4h94n (Arctic Shift): Power temporarily went out at the tavern running the block p
2026-06-15T04:03:36+0000 [WARNING]   Could not re-fetch post 1u4h94n from Arctic Shift
2026-06-15T04:03:38+0000 [INFO]   Arctic Shift returned 15 comments
2026-06-15T04:03:38+0000 [INFO] Processing post 1u4h8ik (Arctic Shift): USA sends a strong message to the rest of the World Cup with
2026-06-15T04:03:39+0000 [WARNING]   Could not re-fetch post 1u4h8ik from Arctic Shift
2026-06-15T04:03:41+0000 [INFO]   Arctic Shift returned 1 comments
2026-06-15T04:03:41+0000 [INFO] Processing post 1u4hbug (Arctic Shift): [ Removed by moderator ]
2026-06-15T04:03:42+0000 [WARNING]   Could not re-fetch post 1u4hbug from Arctic Shift
2026-06-15T04:03:44+0000 [INFO]   Arctic Shift returned 1 comments
2026-06-15T04:03:44+0000 [INFO] Processing post 1u4hdyv (Arctic Shift): New VAR
2026-06-15T04:03:45+0000 [WARNING]   Could not re-fetch post 1u4hdyv from Arctic Shift
2026-06-15T04:03:47+0000 [INFO]   Arctic Shift returned 1 comments
2026-06-15T04:03:47+0000 [INFO] Processing post 1u4hdpa (Arctic Shift): USA are cooking 🔥 Balogun makes it 2-0 vs Paraguay — World C
2026-06-15T04:03:48+0000 [WARNING]   Could not re-fetch post 1u4hdpa from Arctic Shift
2026-06-15T04:03:50+0000 [INFO]   Arctic Shift returned 1 comments
2026-06-15T04:03:50+0000 [INFO] Processing post 1u4hdpm (Arctic Shift): I don't think Brazil is going to win the World Cup this time
2026-06-15T04:03:50+0000 [WARNING]   Could not re-fetch post 1u4hdpm from Arctic Shift
2026-06-15T04:03:53+0000 [INFO]   Arctic Shift returned 1 comments
2026-06-15T04:03:53+0000 [INFO] Processing post 1u4he6s (Arctic Shift): Balogun makes it 2-0 vs Paraguay
2026-06-15T04:03:54+0000 [WARNING]   Could not re-fetch post 1u4he6s from Arctic Shift
2026-06-15T04:03:56+0000 [INFO]   Arctic Shift returned 1 comments
2026-06-15T04:03:56+0000 [INFO] Processing post 1u4hgp3 (Arctic Shift): Chat, is Portugal winning the world cup?
2026-06-15T04:03:57+0000 [WARNING]   Could not re-fetch post 1u4hgp3 from Arctic Shift
2026-06-15T04:03:58+0000 [INFO]   Arctic Shift returned 1 comments
2026-06-15T04:03:58+0000 [INFO] Processing post 1u4hken (Arctic Shift): England World Cup gear stolen from team van in Kansas City
2026-06-15T04:04:00+0000 [WARNING]   Could not re-fetch post 1u4hken from Arctic Shift
2026-06-15T04:04:01+0000 [INFO]   Arctic Shift returned 2 comments
2026-06-15T04:04:01+0000 [INFO] Processing post 1u4hokm (Arctic Shift): Is this a nice jersey for the Iraq & Norway game? I don't ha
2026-06-15T04:04:03+0000 [WARNING]   Could not re-fetch post 1u4hokm from Arctic Shift
2026-06-15T04:04:05+0000 [INFO]   Arctic Shift returned 1 comments
2026-06-15T04:04:05+0000 [INFO] Harvester complete (arctic_shift+rss). 20 posts processed, 0 failed, 72 total comments collected.
2026-06-15T04:07:48+0000 [INFO] Harvester starting. Target time: 2026-06-13T04:07:48.529719+00:00. Mode: arctic_shift+rss
2026-06-15T04:07:48+0000 [INFO] No pending posts for target time 2026-06-13T04. Nothing to do.
2026-06-15T04:12:37+0000 [INFO] Harvester starting. Target time: 2026-06-13T04:12:37.003885+00:00. Mode: arctic_shift+rss
2026-06-15T04:12:37+0000 [INFO] No pending posts for target time 2026-06-13T04. Nothing to do.
2026-06-15T04:17:43+0000 [INFO] Harvester starting. Target time: 2026-06-13T04:17:43.439697+00:00. Mode: arctic_shift+rss
2026-06-15T04:17:43+0000 [INFO] No pending posts for target time 2026-06-13T04. Nothing to do.
2026-06-15T04:22:57+0000 [INFO] Harvester starting. Target time: 2026-06-13T04:22:57.488562+00:00. Mode: arctic_shift+rss
2026-06-15T04:22:57+0000 [INFO] No pending posts for target time 2026-06-13T04. Nothing to do.
2026-06-15T04:32:44+0000 [INFO] Harvester starting. Target time: 2026-06-13T04:32:44.568318+00:00. Mode: arctic_shift+rss
2026-06-15T04:32:44+0000 [INFO] No pending posts for target time 2026-06-13T04. Nothing to do.
2026-06-15T04:38:02+0000 [INFO] Harvester starting. Target time: 2026-06-13T04:38:02.033618+00:00. Mode: arctic_shift+rss
2026-06-15T04:38:02+0000 [INFO] No pending posts for target time 2026-06-13T04. Nothing to do.
2026-06-15T04:42:50+0000 [INFO] Harvester starting. Target time: 2026-06-13T04:42:50.380086+00:00. Mode: arctic_shift+rss
2026-06-15T04:42:50+0000 [INFO] No pending posts for target time 2026-06-13T04. Nothing to do.
2026-06-15T04:47:42+0000 [INFO] Harvester starting. Target time: 2026-06-13T04:47:42.921676+00:00. Mode: arctic_shift+rss
2026-06-15T04:47:42+0000 [INFO] No pending posts for target time 2026-06-13T04. Nothing to do.
2026-06-15T04:52:51+0000 [INFO] Harvester starting. Target time: 2026-06-13T04:52:51.540618+00:00. Mode: arctic_shift+rss
2026-06-15T04:52:51+0000 [INFO] No pending posts for target time 2026-06-13T04. Nothing to do.
2026-06-15T04:55:17+0000 [INFO] Harvester starting. Target time: 2026-06-13T04:55:17.304298+00:00. Mode: arctic_shift+rss
2026-06-15T04:55:17+0000 [INFO] No pending posts for target time 2026-06-13T04. Nothing to do.
