2026-06-13T17:02:58+0000 [INFO] Harvester starting. Target time: 2026-06-11T17:02:58.604118+00:00. Mode: arctic_shift+rss
2026-06-13T17:02:58+0000 [INFO] Found 26 posts to process
2026-06-13T17:02:58+0000 [INFO] Processing post 1u34t9s (Arctic Shift): 🔥🔥🎤 The rapture of the church will take place guys,👏👏 please
2026-06-13T17:02:59+0000 [WARNING]   Could not re-fetch post 1u34t9s from Arctic Shift
2026-06-13T17:03:01+0000 [INFO]   Arctic Shift returned 1 comments
2026-06-13T17:03:01+0000 [INFO] Processing post 1u34wy1 (Arctic Shift): The most epic sports ad campaign ever
2026-06-13T17:03:01+0000 [WARNING]   Could not re-fetch post 1u34wy1 from Arctic Shift
2026-06-13T17:03:04+0000 [INFO]   Arctic Shift returned 1 comments
2026-06-13T17:03:04+0000 [INFO] Processing post 1u354j0 (Arctic Shift): Michael Olise Doesn’t Say Anything He Doesn’t Mean
2026-06-13T17:03:04+0000 [WARNING]   Could not re-fetch post 1u354j0 from Arctic Shift
2026-06-13T17:03:06+0000 [INFO]   Arctic Shift returned 38 comments
2026-06-13T17:03:06+0000 [INFO] Processing post 1u35bqb (Arctic Shift): Guess the World Cup stadium, share your results below
2026-06-13T17:03:07+0000 [WARNING]   Could not re-fetch post 1u35bqb from Arctic Shift
2026-06-13T17:03:09+0000 [INFO]   Arctic Shift returned 1 comments
2026-06-13T17:03:09+0000 [INFO] Processing post 1u35b2o (Arctic Shift): World Cup 2026 -- USA MEX CAN -- Opening Ceremony Live Megat
2026-06-13T17:03:10+0000 [WARNING]   Could not re-fetch post 1u35b2o from Arctic Shift
2026-06-13T17:03:13+0000 [INFO]   Arctic Shift returned 1 comments
2026-06-13T17:03:13+0000 [INFO] Processing post 1u35c6q (Arctic Shift): Every four years, billions of people unite to watch the FIFA
2026-06-13T17:03:13+0000 [WARNING]   Could not re-fetch post 1u35c6q from Arctic Shift
2026-06-13T17:03:15+0000 [INFO]   Arctic Shift returned 1 comments
2026-06-13T17:03:15+0000 [INFO] Processing post 1u35fn7 (Arctic Shift): Every World Cup team explained in 15 seconds or less
2026-06-13T17:03:16+0000 [WARNING]   Could not re-fetch post 1u35fn7 from Arctic Shift
2026-06-13T17:03:18+0000 [INFO]   Arctic Shift returned 1 comments
2026-06-13T17:03:18+0000 [INFO] Processing post 1u35e4h (Arctic Shift): World Cup Preview: Egypt
2026-06-13T17:03:19+0000 [WARNING]   Could not re-fetch post 1u35e4h from Arctic Shift
2026-06-13T17:03:21+0000 [INFO]   Arctic Shift returned 2 comments
2026-06-13T17:03:21+0000 [INFO] Processing post 1u35gqc (Arctic Shift): Who will Win this world cup ? Let me know your team
2026-06-13T17:03:23+0000 [WARNING]   Could not re-fetch post 1u35gqc from Arctic Shift
2026-06-13T17:03:24+0000 [INFO]   Arctic Shift returned 2 comments
2026-06-13T17:03:24+0000 [INFO] Processing post 1u35cj3 (Arctic Shift): USA Chant McDonald's Advert on TikTok what a bunch of Clowns
2026-06-13T17:03:25+0000 [WARNING]   Could not re-fetch post 1u35cj3 from Arctic Shift
2026-06-13T17:03:28+0000 [INFO]   Arctic Shift returned 1 comments
2026-06-13T17:03:28+0000 [INFO] Processing post 1u35m63 (Arctic Shift): I build a world cup prediction game
2026-06-13T17:03:29+0000 [WARNING]   Could not re-fetch post 1u35m63 from Arctic Shift
2026-06-13T17:03:30+0000 [INFO]   Arctic Shift returned 1 comments
2026-06-13T17:03:30+0000 [INFO] Processing post 1u35lv6 (Arctic Shift): World Cup 2026 prediction game with friends! Predict scores 
2026-06-13T17:03:31+0000 [WARNING]   Could not re-fetch post 1u35lv6 from Arctic Shift
2026-06-13T17:03:33+0000 [INFO]   Arctic Shift returned 1 comments
2026-06-13T17:03:33+0000 [INFO] Processing post 1u35ojt (Arctic Shift): Trump says US will hit World Cup participant, Iran 'very har
2026-06-13T17:03:34+0000 [WARNING]   Could not re-fetch post 1u35ojt from Arctic Shift
2026-06-13T17:03:37+0000 [INFO]   Arctic Shift returned 16 comments
2026-06-13T17:03:37+0000 [INFO] Processing post 1u35on9 (Arctic Shift): World Cup 2026 Opening Ceremony Thread
2026-06-13T17:03:37+0000 [WARNING]   Could not re-fetch post 1u35on9 from Arctic Shift
2026-06-13T17:04:04+0000 [INFO]   Arctic Shift returned 2415 comments
2026-06-13T17:04:04+0000 [INFO] Processing post 1u35mrb (Arctic Shift): World Cup 2026 Opening Ceremony Thread
2026-06-13T17:04:05+0000 [WARNING]   Could not re-fetch post 1u35mrb from Arctic Shift
2026-06-13T17:04:07+0000 [INFO]   Arctic Shift returned 1 comments
2026-06-13T17:04:07+0000 [INFO] Processing post 1u35uo3 (Arctic Shift): is Messi and Ronaldo retired?
2026-06-13T17:04:08+0000 [WARNING]   Could not re-fetch post 1u35uo3 from Arctic Shift
2026-06-13T17:04:10+0000 [INFO]   Arctic Shift returned 1 comments
2026-06-13T17:04:10+0000 [INFO] Processing post 1u35sjd (Arctic Shift): Football is dead
2026-06-13T17:04:11+0000 [WARNING]   Could not re-fetch post 1u35sjd from Arctic Shift
2026-06-13T17:04:13+0000 [INFO]   Arctic Shift returned 1 comments
2026-06-13T17:04:13+0000 [INFO] Processing post 1u35ulr (Arctic Shift): Small group of intelligent peoples!!
2026-06-13T17:04:14+0000 [WARNING]   Could not re-fetch post 1u35ulr from Arctic Shift
2026-06-13T17:04:16+0000 [INFO]   Arctic Shift returned 1 comments
2026-06-13T17:04:16+0000 [INFO] Processing post 1u35yby (Arctic Shift): is Messi and Ronaldo retired?
2026-06-13T17:04:17+0000 [WARNING]   Could not re-fetch post 1u35yby from Arctic Shift
2026-06-13T17:04:19+0000 [INFO]   Arctic Shift returned 2 comments
2026-06-13T17:04:19+0000 [INFO] Processing post 1u35z2i (Arctic Shift): The World Cup Starts today!
2026-06-13T17:04:20+0000 [WARNING]   Could not re-fetch post 1u35z2i from Arctic Shift
2026-06-13T17:04:22+0000 [INFO]   Arctic Shift returned 1 comments
2026-06-13T17:04:22+0000 [INFO] Processing post 1u35xlx (Arctic Shift): FIFA rejects Haiti's new kit design at the last minute for b
2026-06-13T17:04:23+0000 [WARNING]   Could not re-fetch post 1u35xlx from Arctic Shift
2026-06-13T17:04:25+0000 [INFO]   Arctic Shift returned 1 comments
2026-06-13T17:04:25+0000 [INFO] Processing post 1u35yya (Arctic Shift): South Africa arriving for their opening World Cup match agai
2026-06-13T17:04:26+0000 [WARNING]   Could not re-fetch post 1u35yya from Arctic Shift
2026-06-13T17:04:29+0000 [INFO]   Arctic Shift returned 200 comments
2026-06-13T17:04:29+0000 [INFO] Processing post 1u36467 (Arctic Shift): Ai predicted world cup 2026 winner team
2026-06-13T17:04:30+0000 [WARNING]   Could not re-fetch post 1u36467 from Arctic Shift
2026-06-13T17:04:32+0000 [INFO]   Arctic Shift returned 1 comments
2026-06-13T17:04:32+0000 [INFO] Processing post 1u367qt (Arctic Shift): Why the 2026 World Cup Ball Has Deeper Seams [OC]
2026-06-13T17:04:33+0000 [WARNING]   Could not re-fetch post 1u367qt from Arctic Shift
2026-06-13T17:04:35+0000 [INFO]   Arctic Shift returned 1 comments
2026-06-13T17:04:35+0000 [INFO] Processing post 1u368gy (Arctic Shift): Donaldo - Pass the ball to Trump (The Official 2026 FIFA Tru
2026-06-13T17:04:36+0000 [WARNING]   Could not re-fetch post 1u368gy from Arctic Shift
2026-06-13T17:04:38+0000 [INFO]   Arctic Shift returned 1 comments
2026-06-13T17:04:38+0000 [INFO] Processing post 1u368yn (Arctic Shift): I launched a World Cup app that lets you follow matches thro
2026-06-13T17:04:39+0000 [WARNING]   Could not re-fetch post 1u368yn from Arctic Shift
2026-06-13T17:04:41+0000 [INFO]   Arctic Shift returned 1 comments
2026-06-13T17:04:41+0000 [INFO] Harvester complete (arctic_shift+rss). 26 posts processed, 0 failed, 2694 total comments collected.
2026-06-13T17:07:57+0000 [INFO] Harvester starting. Target time: 2026-06-11T17:07:57.463887+00:00. Mode: arctic_shift+rss
2026-06-13T17:07:57+0000 [INFO] No pending posts for target time 2026-06-11T17. Nothing to do.
2026-06-13T17:13:00+0000 [INFO] Harvester starting. Target time: 2026-06-11T17:13:00.572005+00:00. Mode: arctic_shift+rss
2026-06-13T17:13:00+0000 [INFO] No pending posts for target time 2026-06-11T17. Nothing to do.
2026-06-13T17:18:02+0000 [INFO] Harvester starting. Target time: 2026-06-11T17:18:02.489164+00:00. Mode: arctic_shift+rss
2026-06-13T17:18:02+0000 [INFO] No pending posts for target time 2026-06-11T17. Nothing to do.
2026-06-13T17:22:50+0000 [INFO] Harvester starting. Target time: 2026-06-11T17:22:50.788460+00:00. Mode: arctic_shift+rss
2026-06-13T17:22:50+0000 [INFO] No pending posts for target time 2026-06-11T17. Nothing to do.
2026-06-13T17:25:28+0000 [INFO] Harvester starting. Target time: 2026-06-11T17:25:28.663777+00:00. Mode: arctic_shift+rss
2026-06-13T17:25:28+0000 [INFO] No pending posts for target time 2026-06-11T17. Nothing to do.
2026-06-13T17:27:59+0000 [INFO] Harvester starting. Target time: 2026-06-11T17:27:59.356132+00:00. Mode: arctic_shift+rss
2026-06-13T17:27:59+0000 [INFO] No pending posts for target time 2026-06-11T17. Nothing to do.
2026-06-13T17:32:58+0000 [INFO] Harvester starting. Target time: 2026-06-11T17:32:58.987350+00:00. Mode: arctic_shift+rss
2026-06-13T17:32:58+0000 [INFO] No pending posts for target time 2026-06-11T17. Nothing to do.
