2026-06-15T07:02:54+0000 [INFO] Harvester starting. Target time: 2026-06-13T07:02:54.754226+00:00. Mode: arctic_shift+rss
2026-06-15T07:02:54+0000 [INFO] Found 11 posts to process
2026-06-15T07:02:54+0000 [INFO] Processing post 1u4jypo (Arctic Shift): For all those wondering why Americans aren’t more into footb
2026-06-15T07:02:55+0000 [WARNING]   Could not re-fetch post 1u4jypo from Arctic Shift
2026-06-15T07:02:57+0000 [INFO]   Arctic Shift returned 12 comments
2026-06-15T07:02:57+0000 [INFO] Processing post 1u4k30i (Arctic Shift): USA bulldoze Paraguay as co-hosts romp to victory in World C
2026-06-15T07:02:58+0000 [WARNING]   Could not re-fetch post 1u4k30i from Arctic Shift
2026-06-15T07:02:59+0000 [INFO]   Arctic Shift returned 0 comments
2026-06-15T07:02:59+0000 [INFO] Processing post 1u4k8ca (Arctic Shift): Which country has the least objective football fans in the w
2026-06-15T07:03:00+0000 [WARNING]   Could not re-fetch post 1u4k8ca from Arctic Shift
2026-06-15T07:03:02+0000 [INFO]   Arctic Shift returned 2 comments
2026-06-15T07:03:02+0000 [INFO] Processing post 1u4kitb (Arctic Shift): England’s World Cup boots stolen before first training sessi
2026-06-15T07:03:03+0000 [WARNING]   Could not re-fetch post 1u4kitb from Arctic Shift
2026-06-15T07:03:05+0000 [INFO]   Arctic Shift returned 1 comments
2026-06-15T07:03:05+0000 [INFO] Processing post 1u4kg9j (Arctic Shift): [WC2026 Matchday 2] All Goals with Scoring Nation Commentary
2026-06-15T07:03:06+0000 [WARNING]   Could not re-fetch post 1u4kg9j from Arctic Shift
2026-06-15T07:03:09+0000 [INFO]   Arctic Shift returned 172 comments
2026-06-15T07:03:09+0000 [INFO] Processing post 1u4kiex (Arctic Shift): Lowly USA scored 4 more goals yesterday than Italia has in l
2026-06-15T07:03:10+0000 [WARNING]   Could not re-fetch post 1u4kiex from Arctic Shift
2026-06-15T07:03:12+0000 [INFO]   Arctic Shift returned 1 comments
2026-06-15T07:03:12+0000 [INFO] Processing post 1u4kjkh (Arctic Shift): https://www.theguardian.com/football/2026/jun/13/england-wor
2026-06-15T07:03:13+0000 [WARNING]   Could not re-fetch post 1u4kjkh from Arctic Shift
2026-06-15T07:03:15+0000 [INFO]   Arctic Shift returned 1 comments
2026-06-15T07:03:15+0000 [INFO] Processing post 1u4kobf (Arctic Shift): [The Independent] England team hit by theft of boots and bal
2026-06-15T07:03:16+0000 [WARNING]   Could not re-fetch post 1u4kobf from Arctic Shift
2026-06-15T07:03:18+0000 [INFO]   Arctic Shift returned 51 comments
2026-06-15T07:03:18+0000 [INFO] Processing post 1u4ksl8 (Arctic Shift): England were victims of a theft of their training equipment 
2026-06-15T07:03:19+0000 [WARNING]   Could not re-fetch post 1u4ksl8 from Arctic Shift
2026-06-15T07:03:21+0000 [INFO]   Arctic Shift returned 1 comments
2026-06-15T07:03:21+0000 [INFO] Processing post 1u4ktz7 (Arctic Shift): Made a casual football manager for people who don’t have 500
2026-06-15T07:03:22+0000 [WARNING]   Could not re-fetch post 1u4ktz7 from Arctic Shift
2026-06-15T07:03:24+0000 [INFO]   Arctic Shift returned 2 comments
2026-06-15T07:03:24+0000 [INFO] Processing post 1u4kv5g (Arctic Shift): World Cup 2026: England have training equipment stolen
2026-06-15T07:03:25+0000 [WARNING]   Could not re-fetch post 1u4kv5g from Arctic Shift
2026-06-15T07:03:27+0000 [INFO]   Arctic Shift returned 90 comments
2026-06-15T07:03:27+0000 [INFO] Harvester complete (arctic_shift+rss). 11 posts processed, 0 failed, 333 total comments collected.
2026-06-15T07:08:20+0000 [INFO] Harvester starting. Target time: 2026-06-13T07:08:20.139967+00:00. Mode: arctic_shift+rss
2026-06-15T07:08:20+0000 [INFO] No pending posts for target time 2026-06-13T07. Nothing to do.
2026-06-15T07:14:46+0000 [INFO] Harvester starting. Target time: 2026-06-13T07:14:46.700165+00:00. Mode: arctic_shift+rss
2026-06-15T07:14:46+0000 [INFO] No pending posts for target time 2026-06-13T07. Nothing to do.
2026-06-15T07:18:39+0000 [INFO] Harvester starting. Target time: 2026-06-13T07:18:39.624287+00:00. Mode: arctic_shift+rss
2026-06-15T07:18:39+0000 [INFO] No pending posts for target time 2026-06-13T07. Nothing to do.
2026-06-15T07:22:54+0000 [INFO] Harvester starting. Target time: 2026-06-13T07:22:54.843369+00:00. Mode: arctic_shift+rss
2026-06-15T07:22:54+0000 [INFO] No pending posts for target time 2026-06-13T07. Nothing to do.
