2026-06-18T02:03:30+0000 [INFO] Harvester starting. Target time: 2026-06-16T02:03:30.206808+00:00. Mode: arctic_shift+rss
2026-06-18T02:03:30+0000 [INFO] Found 19 posts to process
2026-06-18T02:03:30+0000 [INFO] Processing post 1u70bzw (Arctic Shift): I mapped all World Cup 2026 host cities and was surprised by
2026-06-18T02:03:30+0000 [WARNING]   Could not re-fetch post 1u70bzw from Arctic Shift
2026-06-18T02:03:32+0000 [INFO]   Arctic Shift returned 1 comments
2026-06-18T02:03:32+0000 [INFO] Processing post 1u70ekl (Arctic Shift): Change/abolish offsides rule in soccer/football
2026-06-18T02:03:33+0000 [WARNING]   Could not re-fetch post 1u70ekl from Arctic Shift
2026-06-18T02:03:35+0000 [INFO]   Arctic Shift returned 1 comments
2026-06-18T02:03:35+0000 [INFO] Processing post 1u70gqo (Arctic Shift): [Ben Jacobs] Donald Trump will be allowed to lift the World 
2026-06-18T02:03:36+0000 [WARNING]   Could not re-fetch post 1u70gqo from Arctic Shift
2026-06-18T02:03:38+0000 [INFO]   Arctic Shift returned 1 comments
2026-06-18T02:03:38+0000 [INFO] Processing post 1u70hly (Arctic Shift): Iran v Tim Payne TV ad (Argentina)
2026-06-18T02:03:39+0000 [WARNING]   Could not re-fetch post 1u70hly from Arctic Shift
2026-06-18T02:03:41+0000 [INFO]   Arctic Shift returned 12 comments
2026-06-18T02:03:41+0000 [INFO] Processing post 1u70hxz (Arctic Shift): [Ben Jacobs] Donald Trump will be allowed to lift the World 
2026-06-18T02:03:42+0000 [WARNING]   Could not re-fetch post 1u70hxz from Arctic Shift
2026-06-18T02:03:51+0000 [INFO]   Arctic Shift returned 737 comments
2026-06-18T02:03:51+0000 [INFO] Processing post 1u70lto (Arctic Shift): Brazilian TV with a really interesting advertisement timing 
2026-06-18T02:03:52+0000 [WARNING]   Could not re-fetch post 1u70lto from Arctic Shift
2026-06-18T02:03:54+0000 [INFO]   Arctic Shift returned 24 comments
2026-06-18T02:03:54+0000 [INFO] Processing post 1u70o26 (Arctic Shift): This is just too good
2026-06-18T02:03:55+0000 [WARNING]   Could not re-fetch post 1u70o26 from Arctic Shift
2026-06-18T02:03:57+0000 [INFO]   Arctic Shift returned 1 comments
2026-06-18T02:03:57+0000 [INFO] Processing post 1u70v7i (Arctic Shift): Iran 1 - [2] New Zealand - Elijah Just 55'
2026-06-18T02:03:58+0000 [WARNING]   Could not re-fetch post 1u70v7i from Arctic Shift
2026-06-18T02:04:00+0000 [INFO]   Arctic Shift returned 39 comments
2026-06-18T02:04:00+0000 [INFO] Processing post 1u70uot (Arctic Shift): Iran 1-[2] New Zealand - Elijah Just 55'
2026-06-18T02:04:01+0000 [WARNING]   Could not re-fetch post 1u70uot from Arctic Shift
2026-06-18T02:04:05+0000 [INFO]   Arctic Shift returned 180 comments
2026-06-18T02:04:05+0000 [INFO] Processing post 1u711n7 (Arctic Shift): Iran [2]-2 New Zealand - Mehdi Taremi 64'
2026-06-18T02:04:05+0000 [WARNING]   Could not re-fetch post 1u711n7 from Arctic Shift
2026-06-18T02:04:07+0000 [INFO]   Arctic Shift returned 13 comments
2026-06-18T02:04:07+0000 [INFO] Processing post 1u711an (Arctic Shift): Elijah Just becomes first man to score two goals for New Zea
2026-06-18T02:04:08+0000 [WARNING]   Could not re-fetch post 1u711an from Arctic Shift
2026-06-18T02:04:10+0000 [INFO]   Arctic Shift returned 2 comments
2026-06-18T02:04:10+0000 [INFO] Processing post 1u711ob (Arctic Shift): Ticks on the side and goal line of the pitch
2026-06-18T02:04:11+0000 [WARNING]   Could not re-fetch post 1u711ob from Arctic Shift
2026-06-18T02:04:13+0000 [INFO]   Arctic Shift returned 2 comments
2026-06-18T02:04:13+0000 [INFO] Processing post 1u712f0 (Arctic Shift): Iran [2]-2 New Zealand - Mohammad Mohebi 64'
2026-06-18T02:04:14+0000 [WARNING]   Could not re-fetch post 1u712f0 from Arctic Shift
2026-06-18T02:04:16+0000 [INFO]   Arctic Shift returned 1 comments
2026-06-18T02:04:16+0000 [INFO] Processing post 1u71295 (Arctic Shift): Iran [2] - 2 New Zealand  - Mohebi 64'
2026-06-18T02:04:17+0000 [WARNING]   Could not re-fetch post 1u71295 from Arctic Shift
2026-06-18T02:04:21+0000 [INFO]   Arctic Shift returned 262 comments
2026-06-18T02:04:21+0000 [INFO] Processing post 1u718rd (Arctic Shift): Japan's coach uses a mini whiteboard to tell the team which 
2026-06-18T02:04:22+0000 [WARNING]   Could not re-fetch post 1u718rd from Arctic Shift
2026-06-18T02:04:24+0000 [INFO]   Arctic Shift returned 16 comments
2026-06-18T02:04:24+0000 [INFO] Processing post 1u718ni (Arctic Shift): Please tell me the hydration break will not be a thing after
2026-06-18T02:04:25+0000 [WARNING]   Could not re-fetch post 1u718ni from Arctic Shift
2026-06-18T02:04:27+0000 [INFO]   Arctic Shift returned 1 comments
2026-06-18T02:04:27+0000 [INFO] Processing post 1u71auk (Arctic Shift): Fox Sports Stream
2026-06-18T02:04:28+0000 [WARNING]   Could not re-fetch post 1u71auk from Arctic Shift
2026-06-18T02:04:30+0000 [INFO]   Arctic Shift returned 1 comments
2026-06-18T02:04:30+0000 [INFO] Processing post 1u71iqx (Arctic Shift): Fox likely making upwards of $250M on hydration break ads du
2026-06-18T02:04:31+0000 [WARNING]   Could not re-fetch post 1u71iqx from Arctic Shift
2026-06-18T02:04:36+0000 [INFO]   Arctic Shift returned 372 comments
2026-06-18T02:04:36+0000 [INFO] Processing post 1u71jz0 (Arctic Shift): Why are people annoyed Moroccans living abroad end up repres
2026-06-18T02:04:37+0000 [WARNING]   Could not re-fetch post 1u71jz0 from Arctic Shift
2026-06-18T02:04:39+0000 [INFO]   Arctic Shift returned 1 comments
2026-06-18T02:04:39+0000 [INFO] Harvester complete (arctic_shift+rss). 19 posts processed, 0 failed, 1667 total comments collected.
2026-06-18T02:08:19+0000 [INFO] Harvester starting. Target time: 2026-06-16T02:08:19.772105+00:00. Mode: arctic_shift+rss
2026-06-18T02:08:19+0000 [INFO] No pending posts for target time 2026-06-16T02. Nothing to do.
2026-06-18T02:13:28+0000 [INFO] Harvester starting. Target time: 2026-06-16T02:13:28.449087+00:00. Mode: arctic_shift+rss
2026-06-18T02:13:28+0000 [INFO] No pending posts for target time 2026-06-16T02. Nothing to do.
2026-06-18T02:18:23+0000 [INFO] Harvester starting. Target time: 2026-06-16T02:18:23.628285+00:00. Mode: arctic_shift+rss
2026-06-18T02:18:23+0000 [INFO] No pending posts for target time 2026-06-16T02. Nothing to do.
2026-06-18T02:23:01+0000 [INFO] Harvester starting. Target time: 2026-06-16T02:23:01.989803+00:00. Mode: arctic_shift+rss
2026-06-18T02:23:01+0000 [INFO] No pending posts for target time 2026-06-16T02. Nothing to do.
2026-06-18T02:28:06+0000 [INFO] Harvester starting. Target time: 2026-06-16T02:28:06.483515+00:00. Mode: arctic_shift+rss
2026-06-18T02:28:06+0000 [INFO] No pending posts for target time 2026-06-16T02. Nothing to do.
2026-06-18T02:33:03+0000 [INFO] Harvester starting. Target time: 2026-06-16T02:33:03.088234+00:00. Mode: arctic_shift+rss
2026-06-18T02:33:03+0000 [INFO] No pending posts for target time 2026-06-16T02. Nothing to do.
2026-06-18T02:38:14+0000 [INFO] Harvester starting. Target time: 2026-06-16T02:38:14.751289+00:00. Mode: arctic_shift+rss
2026-06-18T02:38:14+0000 [INFO] No pending posts for target time 2026-06-16T02. Nothing to do.
2026-06-18T02:43:03+0000 [INFO] Harvester starting. Target time: 2026-06-16T02:43:03.318322+00:00. Mode: arctic_shift+rss
2026-06-18T02:43:03+0000 [INFO] No pending posts for target time 2026-06-16T02. Nothing to do.
2026-06-18T02:48:06+0000 [INFO] Harvester starting. Target time: 2026-06-16T02:48:06.530884+00:00. Mode: arctic_shift+rss
2026-06-18T02:48:06+0000 [INFO] No pending posts for target time 2026-06-16T02. Nothing to do.
2026-06-18T02:53:01+0000 [INFO] Harvester starting. Target time: 2026-06-16T02:53:01.280406+00:00. Mode: arctic_shift+rss
2026-06-18T02:53:01+0000 [INFO] No pending posts for target time 2026-06-16T02. Nothing to do.
