2026-06-15T03:12:46+0000 [INFO] Harvester starting. Target time: 2026-06-13T03:12:46.270958+00:00. Mode: arctic_shift+rss
2026-06-15T03:12:46+0000 [INFO] Found 38 posts to process
2026-06-15T03:12:46+0000 [INFO] Processing post 1u4fiox (Arctic Shift): [Official] United States defeat Paraguay 3-1 in their World 
2026-06-15T03:12:46+0000 [WARNING]   Could not re-fetch post 1u4fiox from Arctic Shift
2026-06-15T03:12:48+0000 [INFO]   Arctic Shift returned 22 comments
2026-06-15T03:12:48+0000 [INFO] Processing post 1u4ffuj (Arctic Shift): How do you stop the crazy flopping?
2026-06-15T03:12:49+0000 [WARNING]   Could not re-fetch post 1u4ffuj from Arctic Shift
2026-06-15T03:12:51+0000 [INFO]   Arctic Shift returned 2 comments
2026-06-15T03:12:51+0000 [INFO] Processing post 1u4fk0h (Arctic Shift): [Official] USA defeat Paraguay 4-1 in their 2026 World Cup o
2026-06-15T03:12:52+0000 [WARNING]   Could not re-fetch post 1u4fk0h from Arctic Shift
2026-06-15T03:12:57+0000 [INFO]   Arctic Shift returned 369 comments
2026-06-15T03:12:57+0000 [INFO] Processing post 1u4flfu (Arctic Shift): Post Match Thread: United States 4 - 1 Paraguay | FIFA World
2026-06-15T03:12:58+0000 [WARNING]   Could not re-fetch post 1u4flfu from Arctic Shift
2026-06-15T03:13:18+0000 [INFO]   Arctic Shift returned 1849 comments
2026-06-15T03:13:18+0000 [INFO] Processing post 1u4fm4w (Arctic Shift): USA is looking sharp - excited to see what's next!
2026-06-15T03:13:19+0000 [WARNING]   Could not re-fetch post 1u4fm4w from Arctic Shift
2026-06-15T03:13:21+0000 [INFO]   Arctic Shift returned 1 comments
2026-06-15T03:13:21+0000 [INFO] Processing post 1u4fjao (Arctic Shift): USA [4] - 1 Paraguay - G. Reyna 90+8'
2026-06-15T03:13:22+0000 [WARNING]   Could not re-fetch post 1u4fjao from Arctic Shift
2026-06-15T03:13:35+0000 [INFO]   Arctic Shift returned 1139 comments
2026-06-15T03:13:35+0000 [INFO] Processing post 1u4flgo (Arctic Shift): [ Removed by moderator ]
2026-06-15T03:13:36+0000 [WARNING]   Could not re-fetch post 1u4flgo from Arctic Shift
2026-06-15T03:13:38+0000 [INFO]   Arctic Shift returned 3 comments
2026-06-15T03:13:38+0000 [INFO] Processing post 1u4fkkd (Arctic Shift): Found this piece from February that correctly predicted the 
2026-06-15T03:13:39+0000 [WARNING]   Could not re-fetch post 1u4fkkd from Arctic Shift
2026-06-15T03:13:41+0000 [INFO]   Arctic Shift returned 1 comments
2026-06-15T03:13:41+0000 [INFO] Processing post 1u4fjdy (Arctic Shift): USA [4]-1 Paraguay - Giovanni Reyna 90+7'
2026-06-15T03:13:42+0000 [WARNING]   Could not re-fetch post 1u4fjdy from Arctic Shift
2026-06-15T03:13:44+0000 [INFO]   Arctic Shift returned 54 comments
2026-06-15T03:13:44+0000 [INFO] Processing post 1u4fmrn (Arctic Shift): Usa 4 - Paraguay 1
2026-06-15T03:13:45+0000 [WARNING]   Could not re-fetch post 1u4fmrn from Arctic Shift
2026-06-15T03:13:47+0000 [INFO]   Arctic Shift returned 1 comments
2026-06-15T03:13:47+0000 [INFO] Processing post 1u4fnpb (Arctic Shift): Found this piece from February that correctly predicted the 
2026-06-15T03:13:48+0000 [WARNING]   Could not re-fetch post 1u4fnpb from Arctic Shift
2026-06-15T03:13:50+0000 [INFO]   Arctic Shift returned 1 comments
2026-06-15T03:13:50+0000 [INFO] Processing post 1u4fmo9 (Arctic Shift): Someone has bet $1.8m on the USA losing their game tonight, 
2026-06-15T03:13:51+0000 [WARNING]   Could not re-fetch post 1u4fmo9 from Arctic Shift
2026-06-15T03:13:53+0000 [INFO]   Arctic Shift returned 1 comments
2026-06-15T03:13:53+0000 [INFO] Processing post 1u4fphd (Arctic Shift): Alternate angles of Giovanni Reyna's goal against Paraguay
2026-06-15T03:13:54+0000 [WARNING]   Could not re-fetch post 1u4fphd from Arctic Shift
2026-06-15T03:14:00+0000 [INFO]   Arctic Shift returned 489 comments
2026-06-15T03:14:00+0000 [INFO] Processing post 1u4fplu (Arctic Shift): Found this piece from February that correctly predicted the 
2026-06-15T03:14:01+0000 [WARNING]   Could not re-fetch post 1u4fplu from Arctic Shift
2026-06-15T03:14:03+0000 [INFO]   Arctic Shift returned 1 comments
2026-06-15T03:14:03+0000 [INFO] Processing post 1u4fnt5 (Arctic Shift): Giovanni Reyna FINISHES OFF OPENING GAME W/ A GOAL - USA 4-1
2026-06-15T03:14:04+0000 [WARNING]   Could not re-fetch post 1u4fnt5 from Arctic Shift
2026-06-15T03:14:06+0000 [INFO]   Arctic Shift returned 15 comments
2026-06-15T03:14:06+0000 [INFO] Processing post 1u4fsqg (Arctic Shift): Found this piece from February that correctly predicted the 
2026-06-15T03:14:07+0000 [WARNING]   Could not re-fetch post 1u4fsqg from Arctic Shift
2026-06-15T03:14:09+0000 [INFO]   Arctic Shift returned 3 comments
2026-06-15T03:14:09+0000 [INFO] Processing post 1u4ftb6 (Arctic Shift): [⚽🏆] La FIFA ha confirmado modificaciones importantes en el 
2026-06-15T03:14:10+0000 [WARNING]   Could not re-fetch post 1u4ftb6 from Arctic Shift
2026-06-15T03:14:12+0000 [INFO]   Arctic Shift returned 1 comments
2026-06-15T03:14:12+0000 [INFO] Processing post 1u4frm1 (Arctic Shift): Alexi Lalas called James Corden a "wanker" on live TV and th
2026-06-15T03:14:13+0000 [WARNING]   Could not re-fetch post 1u4frm1 from Arctic Shift
2026-06-15T03:14:22+0000 [INFO]   Arctic Shift returned 792 comments
2026-06-15T03:14:22+0000 [INFO] Processing post 1u4fto5 (Arctic Shift): What is the Strongest Group and Weakest Group in the 2026 Wo
2026-06-15T03:14:23+0000 [WARNING]   Could not re-fetch post 1u4fto5 from Arctic Shift
2026-06-15T03:14:25+0000 [INFO]   Arctic Shift returned 2 comments
2026-06-15T03:14:25+0000 [INFO] Processing post 1u4ftr8 (Arctic Shift): USA is looking so sharp from start to finish this game was c
2026-06-15T03:14:26+0000 [WARNING]   Could not re-fetch post 1u4ftr8 from Arctic Shift
2026-06-15T03:14:28+0000 [INFO]   Arctic Shift returned 1 comments
2026-06-15T03:14:28+0000 [INFO] Processing post 1u4fu8z (Arctic Shift): USA is looking so sharp from start to finish this game was c
2026-06-15T03:14:29+0000 [WARNING]   Could not re-fetch post 1u4fu8z from Arctic Shift
2026-06-15T03:14:31+0000 [INFO]   Arctic Shift returned 2 comments
2026-06-15T03:14:31+0000 [INFO] Processing post 1u4fusm (Arctic Shift): What is the Strongest Group and Weakest Group in the 2026 Wo
2026-06-15T03:14:32+0000 [WARNING]   Could not re-fetch post 1u4fusm from Arctic Shift
2026-06-15T03:14:34+0000 [INFO]   Arctic Shift returned 2 comments
2026-06-15T03:14:34+0000 [INFO] Processing post 1u4fz6c (Arctic Shift): Coupe du Monde à Montréal
2026-06-15T03:14:35+0000 [WARNING]   Could not re-fetch post 1u4fz6c from Arctic Shift
2026-06-15T03:14:37+0000 [INFO]   Arctic Shift returned 2 comments
2026-06-15T03:14:37+0000 [INFO] Processing post 1u4g0fq (Arctic Shift): World Cup draft
2026-06-15T03:14:38+0000 [WARNING]   Could not re-fetch post 1u4g0fq from Arctic Shift
2026-06-15T03:14:40+0000 [INFO]   Arctic Shift returned 1 comments
2026-06-15T03:14:40+0000 [INFO] Processing post 1u4fypr (Arctic Shift): This one really hurt 🤕🤕🤕....
2026-06-15T03:14:41+0000 [WARNING]   Could not re-fetch post 1u4fypr from Arctic Shift
2026-06-15T03:14:42+0000 [INFO]   Arctic Shift returned 0 comments
2026-06-15T03:14:42+0000 [INFO] Processing post 1u4g0my (Arctic Shift): Tonight was the first time Team USA ever scored 4 goals at a
2026-06-15T03:14:43+0000 [WARNING]   Could not re-fetch post 1u4g0my from Arctic Shift
2026-06-15T03:14:45+0000 [INFO]   Arctic Shift returned 54 comments
2026-06-15T03:14:45+0000 [INFO] Processing post 1u4g3by (Arctic Shift): Americans soaking in the lead in Minneapolis
2026-06-15T03:14:46+0000 [WARNING]   Could not re-fetch post 1u4g3by from Arctic Shift
2026-06-15T03:14:50+0000 [INFO]   Arctic Shift returned 287 comments
2026-06-15T03:14:50+0000 [INFO] Processing post 1u4g18l (Arctic Shift): Folarin Balogun is the first USMNT player to score multiple 
2026-06-15T03:14:51+0000 [WARNING]   Could not re-fetch post 1u4g18l from Arctic Shift
2026-06-15T03:14:54+0000 [INFO]   Arctic Shift returned 67 comments
2026-06-15T03:14:54+0000 [INFO] Processing post 1u4g6oy (Arctic Shift): “I think Qatar should win the next match. What do you think?
2026-06-15T03:14:55+0000 [WARNING]   Could not re-fetch post 1u4g6oy from Arctic Shift
2026-06-15T03:14:57+0000 [INFO]   Arctic Shift returned 1 comments
2026-06-15T03:14:57+0000 [INFO] Processing post 1u4g6d2 (Arctic Shift): What makes a particular soccer match epic?
2026-06-15T03:14:58+0000 [WARNING]   Could not re-fetch post 1u4g6d2 from Arctic Shift
2026-06-15T03:15:00+0000 [INFO]   Arctic Shift returned 2 comments
2026-06-15T03:15:00+0000 [INFO] Processing post 1u4g58r (Arctic Shift): Tonight was the first time Team USA won a World Cup game by 
2026-06-15T03:15:01+0000 [WARNING]   Could not re-fetch post 1u4g58r from Arctic Shift
2026-06-15T03:15:02+0000 [INFO]   Arctic Shift returned 41 comments
2026-06-15T03:15:02+0000 [INFO] Processing post 1u4gaap (Arctic Shift): Christian Pulisic shares an update on his injury 🇺🇸 “I just 
2026-06-15T03:15:04+0000 [WARNING]   Could not re-fetch post 1u4gaap from Arctic Shift
2026-06-15T03:15:06+0000 [INFO]   Arctic Shift returned 1 comments
2026-06-15T03:15:06+0000 [INFO] Processing post 1u4gas6 (Arctic Shift): Christian Pulisic shares an update on his injury “I just got
2026-06-15T03:15:07+0000 [WARNING]   Could not re-fetch post 1u4gas6 from Arctic Shift
2026-06-15T03:15:10+0000 [INFO]   Arctic Shift returned 124 comments
2026-06-15T03:15:10+0000 [INFO] Processing post 1u4gbds (Arctic Shift): [World Cup 2026 Preview] Switzerland: The Masters of Consist
2026-06-15T03:15:11+0000 [WARNING]   Could not re-fetch post 1u4gbds from Arctic Shift
2026-06-15T03:15:13+0000 [INFO]   Arctic Shift returned 11 comments
2026-06-15T03:15:13+0000 [INFO] Processing post 1u4gbtk (Arctic Shift): Beckham trying not to laugh at Tom Cruise’s spangly bangle r
2026-06-15T03:15:14+0000 [WARNING]   Could not re-fetch post 1u4gbtk from Arctic Shift
2026-06-15T03:15:16+0000 [INFO]   Arctic Shift returned 1 comments
2026-06-15T03:15:16+0000 [INFO] Processing post 1u4gdkt (Arctic Shift): Limbs at the Atlanta FIFA Fest for the USMNT
2026-06-15T03:15:17+0000 [WARNING]   Could not re-fetch post 1u4gdkt from Arctic Shift
2026-06-15T03:15:20+0000 [INFO]   Arctic Shift returned 119 comments
2026-06-15T03:15:20+0000 [INFO] Processing post 1u4gf67 (Arctic Shift): #fifa #
2026-06-15T03:15:21+0000 [WARNING]   Could not re-fetch post 1u4gf67 from Arctic Shift
2026-06-15T03:15:23+0000 [INFO]   Arctic Shift returned 1 comments
2026-06-15T03:15:23+0000 [INFO] Processing post 1u4gign (Arctic Shift): I built a free, open-source World Cup 2026 live score tracke
2026-06-15T03:15:24+0000 [WARNING]   Could not re-fetch post 1u4gign from Arctic Shift
2026-06-15T03:15:26+0000 [INFO]   Arctic Shift returned 1 comments
2026-06-15T03:15:26+0000 [INFO] Harvester complete (arctic_shift+rss). 38 posts processed, 0 failed, 5464 total comments collected.
2026-06-15T03:17:52+0000 [INFO] Harvester starting. Target time: 2026-06-13T03:17:52.085616+00:00. Mode: arctic_shift+rss
2026-06-15T03:17:52+0000 [INFO] No pending posts for target time 2026-06-13T03. Nothing to do.
