2026-06-14T23:02:27+0000 [INFO] Harvester starting. Target time: 2026-06-12T23:02:27.598264+00:00. Mode: arctic_shift+rss
2026-06-14T23:02:27+0000 [INFO] Found 16 posts to process
2026-06-14T23:02:27+0000 [INFO] Processing post 1u4aguh (Arctic Shift): Some scammer made a soccer app, I made a real one
2026-06-14T23:02:28+0000 [WARNING]   Could not re-fetch post 1u4aguh from Arctic Shift
2026-06-14T23:02:29+0000 [INFO]   Arctic Shift returned 1 comments
2026-06-14T23:02:29+0000 [INFO] Processing post 1u4ai9j (Arctic Shift): What's with the only playing 2 games a day to start the tour
2026-06-14T23:02:30+0000 [WARNING]   Could not re-fetch post 1u4ai9j from Arctic Shift
2026-06-14T23:02:32+0000 [INFO]   Arctic Shift returned 1 comments
2026-06-14T23:02:32+0000 [INFO] Processing post 1u4aqcr (Arctic Shift): Austria Lustenau brings home Danilo Soares. The 34-year-old 
2026-06-14T23:02:34+0000 [WARNING]   Could not re-fetch post 1u4aqcr from Arctic Shift
2026-06-14T23:02:35+0000 [INFO]   Arctic Shift returned 3 comments
2026-06-14T23:02:35+0000 [INFO] Processing post 1u4aqtb (Arctic Shift): “We know the opponent we are facing tomorrow, we know their 
2026-06-14T23:02:36+0000 [WARNING]   Could not re-fetch post 1u4aqtb from Arctic Shift
2026-06-14T23:02:40+0000 [INFO]   Arctic Shift returned 155 comments
2026-06-14T23:02:40+0000 [INFO] Processing post 1u4aym8 (Arctic Shift): Germany Gatherings NYC
2026-06-14T23:02:40+0000 [WARNING]   Could not re-fetch post 1u4aym8 from Arctic Shift
2026-06-14T23:02:42+0000 [INFO]   Arctic Shift returned 1 comments
2026-06-14T23:02:42+0000 [INFO] Processing post 1u4b1ao (Arctic Shift): Matheus Nunes stepped off the plane with Diogo Jota’s book i
2026-06-14T23:02:43+0000 [WARNING]   Could not re-fetch post 1u4b1ao from Arctic Shift
2026-06-14T23:02:46+0000 [INFO]   Arctic Shift returned 2 comments
2026-06-14T23:02:46+0000 [INFO] Processing post 1u4bbac (Arctic Shift): Brazil vs Morocco: Strategy to Defeat the Lion #soccer #foot
2026-06-14T23:02:46+0000 [WARNING]   Could not re-fetch post 1u4bbac from Arctic Shift
2026-06-14T23:02:48+0000 [INFO]   Arctic Shift returned 1 comments
2026-06-14T23:02:48+0000 [INFO] Processing post 1u4bbcn (Arctic Shift): Where to find World Cup game day half and half scarfs?
2026-06-14T23:02:49+0000 [WARNING]   Could not re-fetch post 1u4bbcn from Arctic Shift
2026-06-14T23:02:51+0000 [INFO]   Arctic Shift returned 1 comments
2026-06-14T23:02:51+0000 [INFO] Processing post 1u4bgd2 (Arctic Shift): World Cup 2026: BBC pundits disagree on potential red card i
2026-06-14T23:02:52+0000 [WARNING]   Could not re-fetch post 1u4bgd2 from Arctic Shift
2026-06-14T23:02:54+0000 [INFO]   Arctic Shift returned 90 comments
2026-06-14T23:02:54+0000 [INFO] Processing post 1u4bcvi (Arctic Shift): [Trabzonspor] Public Announcement: 
A three-year contract ha
2026-06-14T23:02:55+0000 [WARNING]   Could not re-fetch post 1u4bcvi from Arctic Shift
2026-06-14T23:02:58+0000 [INFO]   Arctic Shift returned 9 comments
2026-06-14T23:02:58+0000 [INFO] Processing post 1u4bclb (Arctic Shift): People behind Fourth Official
2026-06-14T23:02:58+0000 [WARNING]   Could not re-fetch post 1u4bclb from Arctic Shift
2026-06-14T23:03:00+0000 [INFO]   Arctic Shift returned 1 comments
2026-06-14T23:03:00+0000 [INFO] Processing post 1u4bhu5 (Arctic Shift): Will be hate watching Usa in one hour🙂
2026-06-14T23:03:02+0000 [WARNING]   Could not re-fetch post 1u4bhu5 from Arctic Shift
2026-06-14T23:03:03+0000 [INFO]   Arctic Shift returned 1 comments
2026-06-14T23:03:03+0000 [INFO] Processing post 1u4bj0u (Arctic Shift): Gil Vicente FC informs that the player Ricardo Esgaio is a r
2026-06-14T23:03:04+0000 [WARNING]   Could not re-fetch post 1u4bj0u from Arctic Shift
2026-06-14T23:03:06+0000 [INFO]   Arctic Shift returned 2 comments
2026-06-14T23:03:06+0000 [INFO] Processing post 1u4bhj5 (Arctic Shift): Liverpool RELEGATED!!!!
2026-06-14T23:03:07+0000 [WARNING]   Could not re-fetch post 1u4bhj5 from Arctic Shift
2026-06-14T23:03:10+0000 [INFO]   Arctic Shift returned 2 comments
2026-06-14T23:03:10+0000 [INFO] Processing post 1u4bm76 (Arctic Shift): USA Opening Ceremony thread?
2026-06-14T23:03:11+0000 [WARNING]   Could not re-fetch post 1u4bm76 from Arctic Shift
2026-06-14T23:03:13+0000 [INFO]   Arctic Shift returned 110 comments
2026-06-14T23:03:13+0000 [INFO] Processing post 1u4bl55 (Arctic Shift): Telemundo TV commentator: "We are one of the only networks i
2026-06-14T23:03:15+0000 [WARNING]   Could not re-fetch post 1u4bl55 from Arctic Shift
2026-06-14T23:03:23+0000 [INFO]   Arctic Shift returned 631 comments
2026-06-14T23:03:23+0000 [INFO] Harvester complete (arctic_shift+rss). 16 posts processed, 0 failed, 1011 total comments collected.
2026-06-14T23:07:22+0000 [INFO] Harvester starting. Target time: 2026-06-12T23:07:22.147216+00:00. Mode: arctic_shift+rss
2026-06-14T23:07:22+0000 [INFO] No pending posts for target time 2026-06-12T23. Nothing to do.
2026-06-14T23:12:27+0000 [INFO] Harvester starting. Target time: 2026-06-12T23:12:27.772572+00:00. Mode: arctic_shift+rss
2026-06-14T23:12:27+0000 [INFO] No pending posts for target time 2026-06-12T23. Nothing to do.
2026-06-14T23:17:22+0000 [INFO] Harvester starting. Target time: 2026-06-12T23:17:22.700284+00:00. Mode: arctic_shift+rss
2026-06-14T23:17:22+0000 [INFO] No pending posts for target time 2026-06-12T23. Nothing to do.
2026-06-14T23:22:47+0000 [INFO] Harvester starting. Target time: 2026-06-12T23:22:47.106080+00:00. Mode: arctic_shift+rss
2026-06-14T23:22:47+0000 [INFO] No pending posts for target time 2026-06-12T23. Nothing to do.
