2026-06-16T06:08:58+0000 [INFO] Harvester starting. Target time: 2026-06-14T06:08:58.327066+00:00. Mode: arctic_shift+rss
2026-06-16T06:08:58+0000 [INFO] Found 22 posts to process
2026-06-16T06:08:58+0000 [INFO] Processing post 1u5d1hn (Arctic Shift): Turkey captain Hakan Çalhanoğlu’s prediction that they would
2026-06-16T06:08:58+0000 [WARNING]   Could not re-fetch post 1u5d1hn from Arctic Shift
2026-06-16T06:09:00+0000 [INFO]   Arctic Shift returned 36 comments
2026-06-16T06:09:00+0000 [INFO] Processing post 1u5d1ks (Arctic Shift): Through five matches, European teams have registered one vic
2026-06-16T06:09:01+0000 [WARNING]   Could not re-fetch post 1u5d1ks from Arctic Shift
2026-06-16T06:09:10+0000 [INFO]   Arctic Shift returned 688 comments
2026-06-16T06:09:10+0000 [INFO] Processing post 1u5d0u7 (Arctic Shift): World Cup Extra time.
2026-06-16T06:09:11+0000 [WARNING]   Could not re-fetch post 1u5d0u7 from Arctic Shift
2026-06-16T06:09:13+0000 [INFO]   Arctic Shift returned 2 comments
2026-06-16T06:09:13+0000 [INFO] Processing post 1u5d1tl (Arctic Shift): the man the myth the legend of Australia
2026-06-16T06:09:14+0000 [WARNING]   Could not re-fetch post 1u5d1tl from Arctic Shift
2026-06-16T06:09:16+0000 [INFO]   Arctic Shift returned 2 comments
2026-06-16T06:09:16+0000 [INFO] Processing post 1u5d25h (Arctic Shift): Post Match Thread: Australia 2 - 0 Türkiye | FIFA World Cup 
2026-06-16T06:09:17+0000 [WARNING]   Could not re-fetch post 1u5d25h from Arctic Shift
2026-06-16T06:09:34+0000 [INFO]   Arctic Shift returned 1547 comments
2026-06-16T06:09:34+0000 [INFO] Processing post 1u5d9im (Arctic Shift): England World Cup training camp in Kansas City hit by tornad
2026-06-16T06:09:35+0000 [WARNING]   Could not re-fetch post 1u5d9im from Arctic Shift
2026-06-16T06:09:37+0000 [INFO]   Arctic Shift returned 81 comments
2026-06-16T06:09:37+0000 [INFO] Processing post 1u5d8ph (Arctic Shift): Serious (Tactical) Post Match Thread: Australia 2 - 0 Türkiy
2026-06-16T06:09:38+0000 [WARNING]   Could not re-fetch post 1u5d8ph from Arctic Shift
2026-06-16T06:09:40+0000 [INFO]   Arctic Shift returned 24 comments
2026-06-16T06:09:40+0000 [INFO] Processing post 1u5d96j (Arctic Shift): Australia 2 - 0 Turkiye
2026-06-16T06:09:41+0000 [WARNING]   Could not re-fetch post 1u5d96j from Arctic Shift
2026-06-16T06:09:43+0000 [INFO]   Arctic Shift returned 6 comments
2026-06-16T06:09:43+0000 [INFO] Processing post 1u5d7gn (Arctic Shift): The socceroos were a wall
2026-06-16T06:09:44+0000 [WARNING]   Could not re-fetch post 1u5d7gn from Arctic Shift
2026-06-16T06:09:46+0000 [INFO]   Arctic Shift returned 1 comments
2026-06-16T06:09:46+0000 [INFO] Processing post 1u5dbf0 (Arctic Shift): Sorry Turkiye, we’re closed
2026-06-16T06:09:47+0000 [WARNING]   Could not re-fetch post 1u5dbf0 from Arctic Shift
2026-06-16T06:09:49+0000 [INFO]   Arctic Shift returned 1 comments
2026-06-16T06:09:49+0000 [INFO] Processing post 1u5dd9r (Arctic Shift): Serious Post Match Thread: Australia 2 - 0 Türkiye | FIFA Wo
2026-06-16T06:09:50+0000 [WARNING]   Could not re-fetch post 1u5dd9r from Arctic Shift
2026-06-16T06:09:54+0000 [INFO]   Arctic Shift returned 285 comments
2026-06-16T06:09:54+0000 [INFO] Processing post 1u5dddo (Arctic Shift): Turkish Forward and Australian Defenders.
2026-06-16T06:09:55+0000 [WARNING]   Could not re-fetch post 1u5dddo from Arctic Shift
2026-06-16T06:09:57+0000 [INFO]   Arctic Shift returned 1 comments
2026-06-16T06:09:57+0000 [INFO] Processing post 1u5db81 (Arctic Shift): With their victory over Turkiye, Australia are now Unofficia
2026-06-16T06:09:58+0000 [WARNING]   Could not re-fetch post 1u5db81 from Arctic Shift
2026-06-16T06:10:01+0000 [INFO]   Arctic Shift returned 193 comments
2026-06-16T06:10:01+0000 [INFO] Processing post 1u5dgpx (Arctic Shift): [Opta Analyst] Türkiye attempted 30 shots against Australia,
2026-06-16T06:10:02+0000 [WARNING]   Could not re-fetch post 1u5dgpx from Arctic Shift
2026-06-16T06:10:04+0000 [INFO]   Arctic Shift returned 1 comments
2026-06-16T06:10:04+0000 [INFO] Processing post 1u5dgog (Arctic Shift): Scottish players name pronunciations
2026-06-16T06:10:05+0000 [WARNING]   Could not re-fetch post 1u5dgog from Arctic Shift
2026-06-16T06:10:07+0000 [INFO]   Arctic Shift returned 39 comments
2026-06-16T06:10:07+0000 [INFO] Processing post 1u5dhq2 (Arctic Shift): [football.meets.data] Europe struggling so far! After first 
2026-06-16T06:10:08+0000 [WARNING]   Could not re-fetch post 1u5dhq2 from Arctic Shift
2026-06-16T06:10:10+0000 [INFO]   Arctic Shift returned 19 comments
2026-06-16T06:10:10+0000 [INFO] Processing post 1u5did3 (Arctic Shift): Ummm ok but that is not Ronaldo
2026-06-16T06:10:11+0000 [WARNING]   Could not re-fetch post 1u5did3 from Arctic Shift
2026-06-16T06:10:13+0000 [INFO]   Arctic Shift returned 1 comments
2026-06-16T06:10:13+0000 [INFO] Processing post 1u5dm8t (Arctic Shift): Ayyoub Bouaddi applauding passes before he’s even touched it
2026-06-16T06:10:14+0000 [WARNING]   Could not re-fetch post 1u5dm8t from Arctic Shift
2026-06-16T06:10:16+0000 [INFO]   Arctic Shift returned 10 comments
2026-06-16T06:10:16+0000 [INFO] Processing post 1u5dp31 (Arctic Shift): Worst World Cup ever?
2026-06-16T06:10:17+0000 [WARNING]   Could not re-fetch post 1u5dp31 from Arctic Shift
2026-06-16T06:10:19+0000 [INFO]   Arctic Shift returned 1 comments
2026-06-16T06:10:19+0000 [INFO] Processing post 1u5dqh3 (Arctic Shift): Trying to calculate table of group stage on excel
2026-06-16T06:10:20+0000 [WARNING]   Could not re-fetch post 1u5dqh3 from Arctic Shift
2026-06-16T06:10:22+0000 [INFO]   Arctic Shift returned 1 comments
2026-06-16T06:10:22+0000 [INFO] Processing post 1u5e2z8 (Arctic Shift): Ancelotti: "I'm not disappointed, but I'm not satisfied, eit
2026-06-16T06:10:23+0000 [WARNING]   Could not re-fetch post 1u5e2z8 from Arctic Shift
2026-06-16T06:10:26+0000 [INFO]   Arctic Shift returned 163 comments
2026-06-16T06:10:26+0000 [INFO] Processing post 1u5e23q (Arctic Shift): World Cup 2026 — Confederation League Table (after 4 rounds 
2026-06-16T06:10:27+0000 [WARNING]   Could not re-fetch post 1u5e23q from Arctic Shift
2026-06-16T06:10:29+0000 [INFO]   Arctic Shift returned 1 comments
2026-06-16T06:10:29+0000 [INFO] Harvester complete (arctic_shift+rss). 22 posts processed, 0 failed, 3103 total comments collected.
2026-06-16T06:14:01+0000 [INFO] Harvester starting. Target time: 2026-06-14T06:14:01.684289+00:00. Mode: arctic_shift+rss
2026-06-16T06:14:01+0000 [INFO] No pending posts for target time 2026-06-14T06. Nothing to do.
2026-06-16T06:19:36+0000 [INFO] Harvester starting. Target time: 2026-06-14T06:19:36.511838+00:00. Mode: arctic_shift+rss
2026-06-16T06:19:36+0000 [INFO] No pending posts for target time 2026-06-14T06. Nothing to do.
2026-06-16T06:24:03+0000 [INFO] Harvester starting. Target time: 2026-06-14T06:24:03.612639+00:00. Mode: arctic_shift+rss
2026-06-16T06:24:03+0000 [INFO] No pending posts for target time 2026-06-14T06. Nothing to do.
2026-06-16T06:30:15+0000 [INFO] Harvester starting. Target time: 2026-06-14T06:30:15.455607+00:00. Mode: arctic_shift+rss
2026-06-16T06:30:15+0000 [INFO] No pending posts for target time 2026-06-14T06. Nothing to do.
