2026-06-16T14:09:49+0000 [INFO] Harvester starting. Target time: 2026-06-14T14:09:49.696956+00:00. Mode: arctic_shift+rss
2026-06-16T14:09:49+0000 [INFO] Found 11 posts to process
2026-06-16T14:09:49+0000 [INFO] Processing post 1u5lu9e (Arctic Shift): Kaká asks Speed to take a photo so he can send it to his dau
2026-06-16T14:09:50+0000 [WARNING]   Could not re-fetch post 1u5lu9e from Arctic Shift
2026-06-16T14:09:52+0000 [INFO]   Arctic Shift returned 3 comments
2026-06-16T14:09:52+0000 [INFO] Processing post 1u5m0md (Arctic Shift): Streaming
2026-06-16T14:09:53+0000 [WARNING]   Could not re-fetch post 1u5m0md from Arctic Shift
2026-06-16T14:09:55+0000 [INFO]   Arctic Shift returned 1 comments
2026-06-16T14:09:55+0000 [INFO] Processing post 1u5mb2p (Arctic Shift): Morocco had 11 foreign born players enter the pitch against 
2026-06-16T14:09:56+0000 [WARNING]   Could not re-fetch post 1u5mb2p from Arctic Shift
2026-06-16T14:10:02+0000 [INFO]   Arctic Shift returned 423 comments
2026-06-16T14:10:02+0000 [INFO] Processing post 1u5m8kt (Arctic Shift): World Cup calls for bet slips, I answered - What do you thin
2026-06-16T14:10:03+0000 [WARNING]   Could not re-fetch post 1u5m8kt from Arctic Shift
2026-06-16T14:10:05+0000 [INFO]   Arctic Shift returned 2 comments
2026-06-16T14:10:05+0000 [INFO] Processing post 1u5mi1w (Arctic Shift): 36 Years of Waiting: Scotland Are Back
2026-06-16T14:10:06+0000 [WARNING]   Could not re-fetch post 1u5mi1w from Arctic Shift
2026-06-16T14:10:08+0000 [INFO]   Arctic Shift returned 1 comments
2026-06-16T14:10:08+0000 [INFO] Processing post 1u5mo9p (Arctic Shift): DRC coeur de l'afrique
2026-06-16T14:10:09+0000 [WARNING]   Could not re-fetch post 1u5mo9p from Arctic Shift
2026-06-16T14:10:11+0000 [INFO]   Arctic Shift returned 2 comments
2026-06-16T14:10:11+0000 [INFO] Processing post 1u5mkjx (Arctic Shift): Brazil v Morocco game
2026-06-16T14:10:12+0000 [WARNING]   Could not re-fetch post 1u5mkjx from Arctic Shift
2026-06-16T14:10:14+0000 [INFO]   Arctic Shift returned 1 comments
2026-06-16T14:10:14+0000 [INFO] Processing post 1u5mmqt (Arctic Shift): MUSIALA: SI FALLA, ALEMANIA LO VA A PAGAR CARÍSIMO. JAMAL vs
2026-06-16T14:10:15+0000 [WARNING]   Could not re-fetch post 1u5mmqt from Arctic Shift
2026-06-16T14:10:17+0000 [INFO]   Arctic Shift returned 1 comments
2026-06-16T14:10:17+0000 [INFO] Processing post 1u5msvb (Arctic Shift): All of Portugal’s players are wearing a special bracelet eng
2026-06-16T14:10:18+0000 [WARNING]   Could not re-fetch post 1u5msvb from Arctic Shift
2026-06-16T14:10:20+0000 [INFO]   Arctic Shift returned 49 comments
2026-06-16T14:10:20+0000 [INFO] Processing post 1u5mv5t (Arctic Shift): Whats wrong with the Turkey team?
2026-06-16T14:10:21+0000 [WARNING]   Could not re-fetch post 1u5mv5t from Arctic Shift
2026-06-16T14:10:23+0000 [INFO]   Arctic Shift returned 1 comments
2026-06-16T14:10:23+0000 [INFO] Processing post 1u5n94l (Arctic Shift): The next match
2026-06-16T14:10:24+0000 [WARNING]   Could not re-fetch post 1u5n94l from Arctic Shift
2026-06-16T14:10:25+0000 [INFO]   Arctic Shift returned 0 comments
2026-06-16T14:10:25+0000 [INFO] Harvester complete (arctic_shift+rss). 11 posts processed, 0 failed, 484 total comments collected.
