2026-06-16T08:04:22+0000 [INFO] Harvester starting. Target time: 2026-06-14T08:04:22.606404+00:00. Mode: arctic_shift+rss
2026-06-16T08:04:22+0000 [INFO] Found 15 posts to process
2026-06-16T08:04:22+0000 [INFO] Processing post 1u5f6qr (Arctic Shift): Sports Bar Sunday
2026-06-16T08:04:23+0000 [WARNING]   Could not re-fetch post 1u5f6qr from Arctic Shift
2026-06-16T08:04:24+0000 [INFO]   Arctic Shift returned 12 comments
2026-06-16T08:04:24+0000 [INFO] Processing post 1u5f79t (Arctic Shift): This X user has picked his biggest wasted talents of the 21s
2026-06-16T08:04:25+0000 [WARNING]   Could not re-fetch post 1u5f79t from Arctic Shift
2026-06-16T08:04:28+0000 [INFO]   Arctic Shift returned 1 comments
2026-06-16T08:04:28+0000 [INFO] Processing post 1u5f844 (Arctic Shift): [World Cup 2026 Preview] Germany: A Team in Transition That 
2026-06-16T08:04:28+0000 [WARNING]   Could not re-fetch post 1u5f844 from Arctic Shift
2026-06-16T08:04:31+0000 [INFO]   Arctic Shift returned 149 comments
2026-06-16T08:04:31+0000 [INFO] Processing post 1u5fapq (Arctic Shift): I built a free live WC2026 tracker – scores, goals by minute
2026-06-16T08:04:33+0000 [WARNING]   Could not re-fetch post 1u5fapq from Arctic Shift
2026-06-16T08:04:35+0000 [INFO]   Arctic Shift returned 2 comments
2026-06-16T08:04:35+0000 [INFO] Processing post 1u5fd7n (Arctic Shift): #worldcup#Football #fussball#predict
2026-06-16T08:04:35+0000 [WARNING]   Could not re-fetch post 1u5fd7n from Arctic Shift
2026-06-16T08:04:37+0000 [INFO]   Arctic Shift returned 1 comments
2026-06-16T08:04:37+0000 [INFO] Processing post 1u5fid6 (Arctic Shift): #worldcup#Football
2026-06-16T08:04:38+0000 [WARNING]   Could not re-fetch post 1u5fid6 from Arctic Shift
2026-06-16T08:04:41+0000 [INFO]   Arctic Shift returned 1 comments
2026-06-16T08:04:41+0000 [INFO] Processing post 1u5fka1 (Arctic Shift): Scenes in Melbourne after Nestory Irankunda scores against T
2026-06-16T08:04:42+0000 [WARNING]   Could not re-fetch post 1u5fka1 from Arctic Shift
2026-06-16T08:04:43+0000 [INFO]   Arctic Shift returned 1 comments
2026-06-16T08:04:43+0000 [INFO] Processing post 1u5foaf (Arctic Shift): [World Cup 2026 Preview] Curaçao: The Ultimate Diaspora Drea
2026-06-16T08:04:44+0000 [WARNING]   Could not re-fetch post 1u5foaf from Arctic Shift
2026-06-16T08:04:47+0000 [INFO]   Arctic Shift returned 36 comments
2026-06-16T08:04:47+0000 [INFO] Processing post 1u5fr89 (Arctic Shift): Meet the Soccer Power 26: Out LGBTQ people making a differen
2026-06-16T08:04:47+0000 [WARNING]   Could not re-fetch post 1u5fr89 from Arctic Shift
2026-06-16T08:04:49+0000 [INFO]   Arctic Shift returned 1 comments
2026-06-16T08:04:49+0000 [INFO] Processing post 1u5fshs (Arctic Shift): Virgil Van Dijk to retire from International Football after 
2026-06-16T08:04:51+0000 [WARNING]   Could not re-fetch post 1u5fshs from Arctic Shift
2026-06-16T08:04:53+0000 [INFO]   Arctic Shift returned 1 comments
2026-06-16T08:04:53+0000 [INFO] Processing post 1u5ftr4 (Arctic Shift): Virgil Van Dijk set to retire from International Football af
2026-06-16T08:04:54+0000 [WARNING]   Could not re-fetch post 1u5ftr4 from Arctic Shift
2026-06-16T08:04:56+0000 [INFO]   Arctic Shift returned 28 comments
2026-06-16T08:04:56+0000 [INFO] Processing post 1u5fuog (Arctic Shift): STAT: If Brazil doesn't win this wc, Brazil would have won a
2026-06-16T08:04:57+0000 [WARNING]   Could not re-fetch post 1u5fuog from Arctic Shift
2026-06-16T08:04:58+0000 [INFO]   Arctic Shift returned 0 comments
2026-06-16T08:04:58+0000 [INFO] Processing post 1u5fw5d (Arctic Shift): What To Watch This Week (15-21 June)
2026-06-16T08:04:58+0000 [WARNING]   Could not re-fetch post 1u5fw5d from Arctic Shift
2026-06-16T08:05:01+0000 [INFO]   Arctic Shift returned 3 comments
2026-06-16T08:05:01+0000 [INFO] Processing post 1u5g0rk (Arctic Shift): [World Cup 2026 Preview]  Japan: Overcoming the Round of 16 
2026-06-16T08:05:02+0000 [WARNING]   Could not re-fetch post 1u5g0rk from Arctic Shift
2026-06-16T08:05:04+0000 [INFO]   Arctic Shift returned 3 comments
2026-06-16T08:05:04+0000 [INFO] Processing post 1u5g0ko (Arctic Shift): Melbourne erupts as Australia go 1-0 up vs Turkey
2026-06-16T08:05:05+0000 [WARNING]   Could not re-fetch post 1u5g0ko from Arctic Shift
2026-06-16T08:05:08+0000 [INFO]   Arctic Shift returned 193 comments
2026-06-16T08:05:08+0000 [INFO] Harvester complete (arctic_shift+rss). 15 posts processed, 0 failed, 432 total comments collected.
2026-06-16T08:09:18+0000 [INFO] Harvester starting. Target time: 2026-06-14T08:09:18.076996+00:00. Mode: arctic_shift+rss
2026-06-16T08:09:18+0000 [INFO] No pending posts for target time 2026-06-14T08. Nothing to do.
2026-06-16T08:20:27+0000 [INFO] Harvester starting. Target time: 2026-06-14T08:20:27.056410+00:00. Mode: arctic_shift+rss
2026-06-16T08:20:27+0000 [INFO] No pending posts for target time 2026-06-14T08. Nothing to do.
2026-06-16T08:24:18+0000 [INFO] Harvester starting. Target time: 2026-06-14T08:24:18.678208+00:00. Mode: arctic_shift+rss
2026-06-16T08:24:18+0000 [INFO] No pending posts for target time 2026-06-14T08. Nothing to do.
2026-06-16T08:29:12+0000 [INFO] Harvester starting. Target time: 2026-06-14T08:29:12.192939+00:00. Mode: arctic_shift+rss
2026-06-16T08:29:12+0000 [INFO] No pending posts for target time 2026-06-14T08. Nothing to do.
