2026-06-15T11:03:26+0000 [INFO] Harvester starting. Target time: 2026-06-13T11:03:26.126064+00:00. Mode: arctic_shift+rss
2026-06-15T11:03:26+0000 [INFO] Found 20 posts to process
2026-06-15T11:03:26+0000 [INFO] Processing post 1u4nxug (Arctic Shift): 25 years ago today - FC Barcelona (with Xavi, Zenden, Luis E
2026-06-15T11:03:26+0000 [WARNING]   Could not re-fetch post 1u4nxug from Arctic Shift
2026-06-15T11:03:28+0000 [INFO]   Arctic Shift returned 9 comments
2026-06-15T11:03:28+0000 [INFO] Processing post 1u4o1u5 (Arctic Shift): [World Cup 2026] Morocco: A Brutal Injury Crisis, a Tactical
2026-06-15T11:03:29+0000 [WARNING]   Could not re-fetch post 1u4o1u5 from Arctic Shift
2026-06-15T11:03:31+0000 [INFO]   Arctic Shift returned 51 comments
2026-06-15T11:03:31+0000 [INFO] Processing post 1u4o4pa (Arctic Shift): Tim Ream is World Cup’s first player to benefit from VAR ‘mi
2026-06-15T11:03:32+0000 [WARNING]   Could not re-fetch post 1u4o4pa from Arctic Shift
2026-06-15T11:03:36+0000 [INFO]   Arctic Shift returned 242 comments
2026-06-15T11:03:36+0000 [INFO] Processing post 1u4o66t (Arctic Shift): trrtrtrt
2026-06-15T11:03:37+0000 [WARNING]   Could not re-fetch post 1u4o66t from Arctic Shift
2026-06-15T11:03:39+0000 [INFO]   Arctic Shift returned 1 comments
2026-06-15T11:03:39+0000 [INFO] Processing post 1u4o8qf (Arctic Shift): Where can i watch FIFA Highlights WITHOUT SPOILERS either on
2026-06-15T11:03:40+0000 [WARNING]   Could not re-fetch post 1u4o8qf from Arctic Shift
2026-06-15T11:03:42+0000 [INFO]   Arctic Shift returned 2 comments
2026-06-15T11:03:42+0000 [INFO] Processing post 1u4oct6 (Arctic Shift): [Fulham FC] Olly Sanderson has signed for Stevenage on a per
2026-06-15T11:03:43+0000 [WARNING]   Could not re-fetch post 1u4oct6 from Arctic Shift
2026-06-15T11:03:45+0000 [INFO]   Arctic Shift returned 8 comments
2026-06-15T11:03:45+0000 [INFO] Processing post 1u4oeyz (Arctic Shift): Match Report Hub: FIFA World Cup 2026™
2026-06-15T11:03:46+0000 [WARNING]   Could not re-fetch post 1u4oeyz from Arctic Shift
2026-06-15T11:03:48+0000 [INFO]   Arctic Shift returned 1 comments
2026-06-15T11:03:48+0000 [INFO] Processing post 1u4ohaq (Arctic Shift): [AS] Mexican authorities have discovered a decomposing BODY 
2026-06-15T11:03:49+0000 [WARNING]   Could not re-fetch post 1u4ohaq from Arctic Shift
2026-06-15T11:03:51+0000 [INFO]   Arctic Shift returned 1 comments
2026-06-15T11:03:51+0000 [INFO] Processing post 1u4oivc (Arctic Shift): Brasil vs Morocco predictions
2026-06-15T11:03:52+0000 [WARNING]   Could not re-fetch post 1u4oivc from Arctic Shift
2026-06-15T11:03:54+0000 [INFO]   Arctic Shift returned 1 comments
2026-06-15T11:03:54+0000 [INFO] Processing post 1u4omdf (Arctic Shift): I have created a daily football quiz
2026-06-15T11:03:55+0000 [WARNING]   Could not re-fetch post 1u4omdf from Arctic Shift
2026-06-15T11:03:57+0000 [INFO]   Arctic Shift returned 3 comments
2026-06-15T11:03:57+0000 [INFO] Processing post 1u4oni3 (Arctic Shift): Daniel Kretinsky, owner of Royal Mail, will increase his sha
2026-06-15T11:03:58+0000 [WARNING]   Could not re-fetch post 1u4oni3 from Arctic Shift
2026-06-15T11:04:00+0000 [INFO]   Arctic Shift returned 60 comments
2026-06-15T11:04:00+0000 [INFO] Processing post 1u4onko (Arctic Shift): Real Madrid Legends [1]-1 Inter Legends - Pepe 70'
2026-06-15T11:04:01+0000 [WARNING]   Could not re-fetch post 1u4onko from Arctic Shift
2026-06-15T11:04:03+0000 [INFO]   Arctic Shift returned 14 comments
2026-06-15T11:04:03+0000 [INFO] Processing post 1u4op5l (Arctic Shift): I have created a daily football quiz
2026-06-15T11:04:04+0000 [WARNING]   Could not re-fetch post 1u4op5l from Arctic Shift
2026-06-15T11:04:06+0000 [INFO]   Arctic Shift returned 3 comments
2026-06-15T11:04:06+0000 [INFO] Processing post 1u4oqp7 (Arctic Shift): Shalychev V. 86'Poznyak A. 86'
2026-06-15T11:04:07+0000 [WARNING]   Could not re-fetch post 1u4oqp7 from Arctic Shift
2026-06-15T11:04:09+0000 [INFO]   Arctic Shift returned 1 comments
2026-06-15T11:04:09+0000 [INFO] Processing post 1u4oobl (Arctic Shift): Real Madrid Legends [1] - 1 Inter Milan Legends | Pepe 70'
2026-06-15T11:04:10+0000 [WARNING]   Could not re-fetch post 1u4oobl from Arctic Shift
2026-06-15T11:04:12+0000 [INFO]   Arctic Shift returned 1 comments
2026-06-15T11:04:12+0000 [INFO] Processing post 1u4osz6 (Arctic Shift): Real Madrid Legends [2]-1 Inter Legends - Barral 75'
2026-06-15T11:04:13+0000 [WARNING]   Could not re-fetch post 1u4osz6 from Arctic Shift
2026-06-15T11:04:15+0000 [INFO]   Arctic Shift returned 10 comments
2026-06-15T11:04:15+0000 [INFO] Processing post 1u4otp6 (Arctic Shift): This has to be the best sport in the world, blind and deaf m
2026-06-15T11:04:16+0000 [WARNING]   Could not re-fetch post 1u4otp6 from Arctic Shift
2026-06-15T11:04:18+0000 [INFO]   Arctic Shift returned 1 comments
2026-06-15T11:04:18+0000 [INFO] Processing post 1u4ow3x (Arctic Shift): Here comes the Dutch!
2026-06-15T11:04:19+0000 [WARNING]   Could not re-fetch post 1u4ow3x from Arctic Shift
2026-06-15T11:04:21+0000 [INFO]   Arctic Shift returned 2 comments
2026-06-15T11:04:21+0000 [INFO] Processing post 1u4owmi (Arctic Shift): Where Can Fans Watch FIFA World Cup 2026 Matches Live Online
2026-06-15T11:04:22+0000 [WARNING]   Could not re-fetch post 1u4owmi from Arctic Shift
2026-06-15T11:04:24+0000 [INFO]   Arctic Shift returned 2 comments
2026-06-15T11:04:24+0000 [INFO] Processing post 1u4ovat (Arctic Shift): What’s the best XI of England-eligible players who chose ano
2026-06-15T11:04:25+0000 [WARNING]   Could not re-fetch post 1u4ovat from Arctic Shift
2026-06-15T11:04:27+0000 [INFO]   Arctic Shift returned 1 comments
2026-06-15T11:04:27+0000 [INFO] Harvester complete (arctic_shift+rss). 20 posts processed, 0 failed, 414 total comments collected.
2026-06-15T11:08:10+0000 [INFO] Harvester starting. Target time: 2026-06-13T11:08:10.077546+00:00. Mode: arctic_shift+rss
2026-06-15T11:08:10+0000 [INFO] No pending posts for target time 2026-06-13T11. Nothing to do.
2026-06-15T11:13:12+0000 [INFO] Harvester starting. Target time: 2026-06-13T11:13:12.207119+00:00. Mode: arctic_shift+rss
2026-06-15T11:13:12+0000 [INFO] No pending posts for target time 2026-06-13T11. Nothing to do.
2026-06-15T11:18:04+0000 [INFO] Harvester starting. Target time: 2026-06-13T11:18:04.933924+00:00. Mode: arctic_shift+rss
2026-06-15T11:18:04+0000 [INFO] No pending posts for target time 2026-06-13T11. Nothing to do.
2026-06-15T11:23:05+0000 [INFO] Harvester starting. Target time: 2026-06-13T11:23:05.511239+00:00. Mode: arctic_shift+rss
2026-06-15T11:23:05+0000 [INFO] No pending posts for target time 2026-06-13T11. Nothing to do.
2026-06-15T11:27:54+0000 [INFO] Harvester starting. Target time: 2026-06-13T11:27:54.828317+00:00. Mode: arctic_shift+rss
2026-06-15T11:27:54+0000 [INFO] No pending posts for target time 2026-06-13T11. Nothing to do.
2026-06-15T11:33:48+0000 [INFO] Harvester starting. Target time: 2026-06-13T11:33:48.564849+00:00. Mode: arctic_shift+rss
2026-06-15T11:33:48+0000 [INFO] No pending posts for target time 2026-06-13T11. Nothing to do.
2026-06-15T11:37:57+0000 [INFO] Harvester starting. Target time: 2026-06-13T11:37:57.614482+00:00. Mode: arctic_shift+rss
2026-06-15T11:37:57+0000 [INFO] No pending posts for target time 2026-06-13T11. Nothing to do.
