2026-06-16T13:29:13+0000 [INFO] Harvester starting. Target time: 2026-06-14T13:29:13.171271+00:00. Mode: arctic_shift+rss
2026-06-16T13:29:13+0000 [INFO] Found 20 posts to process
2026-06-16T13:29:13+0000 [INFO] Processing post 1u5kh0k (Arctic Shift): Soccer
2026-06-16T13:29:13+0000 [WARNING]   Could not re-fetch post 1u5kh0k from Arctic Shift
2026-06-16T13:29:15+0000 [INFO]   Arctic Shift returned 1 comments
2026-06-16T13:29:15+0000 [INFO] Processing post 1u5kkak (Arctic Shift): [CBS Boston] More on and comments from Sgt. Connor Hardy of 
2026-06-16T13:29:16+0000 [WARNING]   Could not re-fetch post 1u5kkak from Arctic Shift
2026-06-16T13:29:18+0000 [INFO]   Arctic Shift returned 8 comments
2026-06-16T13:29:18+0000 [INFO] Processing post 1u5kks9 (Arctic Shift): Under a FIFA mandate, even condiment and sauce bottles in th
2026-06-16T13:29:19+0000 [WARNING]   Could not re-fetch post 1u5kks9 from Arctic Shift
2026-06-16T13:29:22+0000 [INFO]   Arctic Shift returned 142 comments
2026-06-16T13:29:22+0000 [INFO] Processing post 1u5kmwd (Arctic Shift): Brazil 1-1 Morocco — Tactical breakdown of both lineups
2026-06-16T13:29:23+0000 [WARNING]   Could not re-fetch post 1u5kmwd from Arctic Shift
2026-06-16T13:29:25+0000 [INFO]   Arctic Shift returned 1 comments
2026-06-16T13:29:25+0000 [INFO] Processing post 1u5kn78 (Arctic Shift): [GFFN, Plettenberg] Dino Toppmoller to be named Pierre Sage’
2026-06-16T13:29:26+0000 [WARNING]   Could not re-fetch post 1u5kn78 from Arctic Shift
2026-06-16T13:29:28+0000 [INFO]   Arctic Shift returned 7 comments
2026-06-16T13:29:28+0000 [INFO] Processing post 1u5koh3 (Arctic Shift): The warning to Swedish fans leaving their Dallas base: Never
2026-06-16T13:29:29+0000 [WARNING]   Could not re-fetch post 1u5koh3 from Arctic Shift
2026-06-16T13:29:31+0000 [INFO]   Arctic Shift returned 88 comments
2026-06-16T13:29:31+0000 [INFO] Processing post 1u5ksyj (Arctic Shift): خرید وی 60 درصد گلپایگان 650 گرمی
2026-06-16T13:29:32+0000 [WARNING]   Could not re-fetch post 1u5ksyj from Arctic Shift
2026-06-16T13:29:34+0000 [INFO]   Arctic Shift returned 2 comments
2026-06-16T13:29:34+0000 [INFO] Processing post 1u5kv5r (Arctic Shift): Correct pronunciation of the names of the France national te
2026-06-16T13:29:35+0000 [WARNING]   Could not re-fetch post 1u5kv5r from Arctic Shift
2026-06-16T13:29:38+0000 [INFO]   Arctic Shift returned 184 comments
2026-06-16T13:29:38+0000 [INFO] Processing post 1u5kygb (Arctic Shift): Have fun predicting World Cup Matches
2026-06-16T13:29:39+0000 [WARNING]   Could not re-fetch post 1u5kygb from Arctic Shift
2026-06-16T13:29:41+0000 [INFO]   Arctic Shift returned 2 comments
2026-06-16T13:29:41+0000 [INFO] Processing post 1u5l2ag (Arctic Shift): ⚽ Every friend group has that one person who thinks they’re 
2026-06-16T13:29:42+0000 [WARNING]   Could not re-fetch post 1u5l2ag from Arctic Shift
2026-06-16T13:29:44+0000 [INFO]   Arctic Shift returned 2 comments
2026-06-16T13:29:44+0000 [INFO] Processing post 1u5l37s (Arctic Shift): Every friend group has that one person who thinks they’re a 
2026-06-16T13:29:45+0000 [WARNING]   Could not re-fetch post 1u5l37s from Arctic Shift
2026-06-16T13:29:47+0000 [INFO]   Arctic Shift returned 3 comments
2026-06-16T13:29:47+0000 [INFO] Processing post 1u5l1yo (Arctic Shift): I think the best World Cup match so far has been Brazil vs M
2026-06-16T13:29:48+0000 [WARNING]   Could not re-fetch post 1u5l1yo from Arctic Shift
2026-06-16T13:29:49+0000 [INFO]   Arctic Shift returned 0 comments
2026-06-16T13:29:49+0000 [INFO] Processing post 1u5l91b (Arctic Shift): Australia vs Turkey 2-0 Highlights | All Goals & Extended Hi
2026-06-16T13:29:50+0000 [WARNING]   Could not re-fetch post 1u5l91b from Arctic Shift
2026-06-16T13:29:52+0000 [INFO]   Arctic Shift returned 1 comments
2026-06-16T13:29:52+0000 [INFO] Processing post 1u5la5e (Arctic Shift): How soccer won over America and became part of U.S. sports c
2026-06-16T13:29:53+0000 [WARNING]   Could not re-fetch post 1u5la5e from Arctic Shift
2026-06-16T13:29:55+0000 [INFO]   Arctic Shift returned 2 comments
2026-06-16T13:29:55+0000 [INFO] Processing post 1u5lhij (Arctic Shift): I built a fake football stock market and accidentally discov
2026-06-16T13:29:56+0000 [WARNING]   Could not re-fetch post 1u5lhij from Arctic Shift
2026-06-16T13:29:58+0000 [INFO]   Arctic Shift returned 2 comments
2026-06-16T13:29:58+0000 [INFO] Processing post 1u5lj0e (Arctic Shift): World Cup results based on Instagram followers
2026-06-16T13:29:59+0000 [WARNING]   Could not re-fetch post 1u5lj0e from Arctic Shift
2026-06-16T13:30:01+0000 [INFO]   Arctic Shift returned 6 comments
2026-06-16T13:30:01+0000 [INFO] Processing post 1u5llnk (Arctic Shift): You can play soccer with the gibs of enemies in BRAZILIAN DR
2026-06-16T13:30:02+0000 [WARNING]   Could not re-fetch post 1u5llnk from Arctic Shift
2026-06-16T13:30:04+0000 [INFO]   Arctic Shift returned 1 comments
2026-06-16T13:30:04+0000 [INFO] Processing post 1u5ltt7 (Arctic Shift): Craze of Argentina fever in Bangladesh
2026-06-16T13:30:05+0000 [WARNING]   Could not re-fetch post 1u5ltt7 from Arctic Shift
2026-06-16T13:30:07+0000 [INFO]   Arctic Shift returned 1 comments
2026-06-16T13:30:07+0000 [INFO] Processing post 1u5lt38 (Arctic Shift): England WC squad
2026-06-16T13:30:09+0000 [WARNING]   Could not re-fetch post 1u5lt38 from Arctic Shift
2026-06-16T13:30:11+0000 [INFO]   Arctic Shift returned 2 comments
2026-06-16T13:30:11+0000 [INFO] Processing post 1u5lrga (Arctic Shift): My surprised perspective on Paraguay
2026-06-16T13:30:11+0000 [WARNING]   Could not re-fetch post 1u5lrga from Arctic Shift
2026-06-16T13:30:14+0000 [INFO]   Arctic Shift returned 1 comments
2026-06-16T13:30:14+0000 [INFO] Harvester complete (arctic_shift+rss). 20 posts processed, 0 failed, 456 total comments collected.
2026-06-16T13:34:34+0000 [INFO] Harvester starting. Target time: 2026-06-14T13:34:34.753724+00:00. Mode: arctic_shift+rss
2026-06-16T13:34:34+0000 [INFO] No pending posts for target time 2026-06-14T13. Nothing to do.
2026-06-16T13:39:56+0000 [INFO] Harvester starting. Target time: 2026-06-14T13:39:56.014102+00:00. Mode: arctic_shift+rss
2026-06-16T13:39:56+0000 [INFO] No pending posts for target time 2026-06-14T13. Nothing to do.
2026-06-16T13:45:36+0000 [INFO] Harvester starting. Target time: 2026-06-14T13:45:36.068603+00:00. Mode: arctic_shift+rss
2026-06-16T13:45:36+0000 [INFO] No pending posts for target time 2026-06-14T13. Nothing to do.
2026-06-16T13:49:31+0000 [INFO] Harvester starting. Target time: 2026-06-14T13:49:31.483742+00:00. Mode: arctic_shift+rss
2026-06-16T13:49:31+0000 [INFO] No pending posts for target time 2026-06-14T13. Nothing to do.
