2026-06-13T19:03:15+0000 [INFO] Harvester starting. Target time: 2026-06-11T19:03:15.983739+00:00. Mode: arctic_shift+rss
2026-06-13T19:03:15+0000 [INFO] Found 46 posts to process
2026-06-13T19:03:16+0000 [INFO] Processing post 1u382hj (Arctic Shift): World Cup 2026 winner
2026-06-13T19:03:16+0000 [WARNING]   Could not re-fetch post 1u382hj from Arctic Shift
2026-06-13T19:03:18+0000 [INFO]   Arctic Shift returned 1 comments
2026-06-13T19:03:18+0000 [INFO] Processing post 1u382uw (Arctic Shift): By starting on the bench today, Guillerrmo Ochoa becomes the
2026-06-13T19:03:19+0000 [WARNING]   Could not re-fetch post 1u382uw from Arctic Shift
2026-06-13T19:03:21+0000 [INFO]   Arctic Shift returned 52 comments
2026-06-13T19:03:21+0000 [INFO] Processing post 1u381gm (Arctic Shift): Fuck Alexi Lalas
2026-06-13T19:03:22+0000 [WARNING]   Could not re-fetch post 1u381gm from Arctic Shift
2026-06-13T19:03:24+0000 [INFO]   Arctic Shift returned 1 comments
2026-06-13T19:03:24+0000 [INFO] Processing post 1u381or (Arctic Shift): [Cortegana] While José Mourinho is officially back at Real M
2026-06-13T19:03:25+0000 [WARNING]   Could not re-fetch post 1u381or from Arctic Shift
2026-06-13T19:03:27+0000 [INFO]   Arctic Shift returned 87 comments
2026-06-13T19:03:27+0000 [INFO] Processing post 1u385li (Arctic Shift): Legally Watch the WC 2026 free
2026-06-13T19:03:28+0000 [WARNING]   Could not re-fetch post 1u385li from Arctic Shift
2026-06-13T19:03:30+0000 [INFO]   Arctic Shift returned 1 comments
2026-06-13T19:03:30+0000 [INFO] Processing post 1u388wh (Arctic Shift): world cup 2026
2026-06-13T19:03:31+0000 [WARNING]   Could not re-fetch post 1u388wh from Arctic Shift
2026-06-13T19:03:33+0000 [INFO]   Arctic Shift returned 1 comments
2026-06-13T19:03:33+0000 [INFO] Processing post 1u38a5c (Arctic Shift): Wearing this tee for the opening World Cup match today
2026-06-13T19:03:34+0000 [WARNING]   Could not re-fetch post 1u38a5c from Arctic Shift
2026-06-13T19:03:35+0000 [INFO]   Arctic Shift returned 0 comments
2026-06-13T19:03:35+0000 [INFO] Processing post 1u385lh (Arctic Shift): Any Good bars in LA to watch the Mexico vs Korea game?
2026-06-13T19:03:36+0000 [WARNING]   Could not re-fetch post 1u385lh from Arctic Shift
2026-06-13T19:03:38+0000 [INFO]   Arctic Shift returned 1 comments
2026-06-13T19:03:38+0000 [INFO] Processing post 1u38cn1 (Arctic Shift): HAPPY WORLD CUP, EVERYONE !
2026-06-13T19:03:39+0000 [WARNING]   Could not re-fetch post 1u38cn1 from Arctic Shift
2026-06-13T19:03:41+0000 [INFO]   Arctic Shift returned 1 comments
2026-06-13T19:03:41+0000 [INFO] Processing post 1u38j6i (Arctic Shift): A Letter to the Children of Bosnia by Edin Džeko | The Playe
2026-06-13T19:03:42+0000 [WARNING]   Could not re-fetch post 1u38j6i from Arctic Shift
2026-06-13T19:03:44+0000 [INFO]   Arctic Shift returned 84 comments
2026-06-13T19:03:44+0000 [INFO] Processing post 1u38ioz (Arctic Shift): Tyla singing the South African National Anthem at the 2026 W
2026-06-13T19:03:45+0000 [WARNING]   Could not re-fetch post 1u38ioz from Arctic Shift
2026-06-13T19:03:47+0000 [INFO]   Arctic Shift returned 1 comments
2026-06-13T19:03:47+0000 [INFO] Processing post 1u38hep (Arctic Shift): Mexico 2 - 1 South Africa
2026-06-13T19:03:48+0000 [WARNING]   Could not re-fetch post 1u38hep from Arctic Shift
2026-06-13T19:03:50+0000 [INFO]   Arctic Shift returned 8 comments
2026-06-13T19:03:50+0000 [INFO] Processing post 1u38i7v (Arctic Shift): World Cup 2026 biggest upsets
2026-06-13T19:03:51+0000 [WARNING]   Could not re-fetch post 1u38i7v from Arctic Shift
2026-06-13T19:03:53+0000 [INFO]   Arctic Shift returned 1 comments
2026-06-13T19:03:53+0000 [INFO] Processing post 1u38ii8 (Arctic Shift): Mexico 1-0 South Africa - Julián Quiñones 9'
2026-06-13T19:03:54+0000 [WARNING]   Could not re-fetch post 1u38ii8 from Arctic Shift
2026-06-13T19:04:03+0000 [INFO]   Arctic Shift returned 731 comments
2026-06-13T19:04:03+0000 [INFO] Processing post 1u38jdg (Arctic Shift): Marcos Senesi has been finally called up by Argentina to rep
2026-06-13T19:04:04+0000 [WARNING]   Could not re-fetch post 1u38jdg from Arctic Shift
2026-06-13T19:04:06+0000 [INFO]   Arctic Shift returned 1 comments
2026-06-13T19:04:06+0000 [INFO] Processing post 1u38p2u (Arctic Shift): Garven Metusala Gets Last-Gasp World Cup Call-Up for Haiti a
2026-06-13T19:04:07+0000 [WARNING]   Could not re-fetch post 1u38p2u from Arctic Shift
2026-06-13T19:04:09+0000 [INFO]   Arctic Shift returned 9 comments
2026-06-13T19:04:09+0000 [INFO] Processing post 1u38vpp (Arctic Shift): Italy. FIFA World Cup 2026. Third time watching from the cou
2026-06-13T19:04:10+0000 [WARNING]   Could not re-fetch post 1u38vpp from Arctic Shift
2026-06-13T19:04:12+0000 [INFO]   Arctic Shift returned 1 comments
2026-06-13T19:04:12+0000 [INFO] Processing post 1u38x7o (Arctic Shift): Italy. FIFA World Cup 2026. Third time watching from the cou
2026-06-13T19:04:13+0000 [WARNING]   Could not re-fetch post 1u38x7o from Arctic Shift
2026-06-13T19:04:15+0000 [INFO]   Arctic Shift returned 1 comments
2026-06-13T19:04:15+0000 [INFO] Processing post 1u38xfx (Arctic Shift): Mexico's first goal"
2026-06-13T19:04:16+0000 [WARNING]   Could not re-fetch post 1u38xfx from Arctic Shift
2026-06-13T19:04:18+0000 [INFO]   Arctic Shift returned 1 comments
2026-06-13T19:04:18+0000 [INFO] Processing post 1u38uvf (Arctic Shift): Brazil cazetv
2026-06-13T19:04:19+0000 [WARNING]   Could not re-fetch post 1u38uvf from Arctic Shift
2026-06-13T19:04:20+0000 [INFO]   Arctic Shift returned 0 comments
2026-06-13T19:04:20+0000 [INFO] Processing post 1u38sw5 (Arctic Shift): How is everyone feeling about the World Cup?
2026-06-13T19:04:21+0000 [WARNING]   Could not re-fetch post 1u38sw5 from Arctic Shift
2026-06-13T19:04:23+0000 [INFO]   Arctic Shift returned 1 comments
2026-06-13T19:04:23+0000 [INFO] Processing post 1u38zpa (Arctic Shift): Semi-pro players at the world cup
2026-06-13T19:04:24+0000 [WARNING]   Could not re-fetch post 1u38zpa from Arctic Shift
2026-06-13T19:04:26+0000 [INFO]   Arctic Shift returned 1 comments
2026-06-13T19:04:26+0000 [INFO] Processing post 1u391s5 (Arctic Shift): The first goal for Mexico
2026-06-13T19:04:27+0000 [WARNING]   Could not re-fetch post 1u391s5 from Arctic Shift
2026-06-13T19:04:29+0000 [INFO]   Arctic Shift returned 1 comments
2026-06-13T19:04:29+0000 [INFO] Processing post 1u38zrf (Arctic Shift): Julián Quiñones celebrating 2026 FIFA World Cup's opening go
2026-06-13T19:04:30+0000 [WARNING]   Could not re-fetch post 1u38zrf from Arctic Shift
2026-06-13T19:04:33+0000 [INFO]   Arctic Shift returned 16 comments
2026-06-13T19:04:33+0000 [INFO] Processing post 1u390f0 (Arctic Shift): Hydration break at the WC
2026-06-13T19:04:33+0000 [WARNING]   Could not re-fetch post 1u390f0 from Arctic Shift
2026-06-13T19:04:35+0000 [INFO]   Arctic Shift returned 1 comments
2026-06-13T19:04:35+0000 [INFO] Processing post 1u395ac (Arctic Shift): Fixing the Penalty kicks should/shootout advantage
2026-06-13T19:04:36+0000 [WARNING]   Could not re-fetch post 1u395ac from Arctic Shift
2026-06-13T19:04:38+0000 [INFO]   Arctic Shift returned 1 comments
2026-06-13T19:04:38+0000 [INFO] Processing post 1u394cc (Arctic Shift): The first goal for Mexico
2026-06-13T19:04:39+0000 [WARNING]   Could not re-fetch post 1u394cc from Arctic Shift
2026-06-13T19:04:41+0000 [INFO]   Arctic Shift returned 1 comments
2026-06-13T19:04:41+0000 [INFO] Processing post 1u393xr (Arctic Shift): Refreshing timeout
2026-06-13T19:04:42+0000 [WARNING]   Could not re-fetch post 1u393xr from Arctic Shift
2026-06-13T19:04:44+0000 [INFO]   Arctic Shift returned 1 comments
2026-06-13T19:04:44+0000 [INFO] Processing post 1u393v0 (Arctic Shift): “Water break” 27 minutes into the first half…
2026-06-13T19:04:45+0000 [WARNING]   Could not re-fetch post 1u393v0 from Arctic Shift
2026-06-13T19:04:47+0000 [INFO]   Arctic Shift returned 1 comments
2026-06-13T19:04:47+0000 [INFO] Processing post 1u39beo (Arctic Shift): Scotland returns after 28 years dark horses or dreamers?
2026-06-13T19:04:48+0000 [WARNING]   Could not re-fetch post 1u39beo from Arctic Shift
2026-06-13T19:04:50+0000 [INFO]   Arctic Shift returned 1 comments
2026-06-13T19:04:50+0000 [INFO] Processing post 1u39cni (Arctic Shift): [Di Marzio] Lazio close to signing Jonathan Asp Jensen, the 
2026-06-13T19:04:51+0000 [WARNING]   Could not re-fetch post 1u39cni from Arctic Shift
2026-06-13T19:04:53+0000 [INFO]   Arctic Shift returned 6 comments
2026-06-13T19:04:53+0000 [INFO] Processing post 1u398xt (Arctic Shift): These water breaks feel like nothing more than an excuse to 
2026-06-13T19:04:54+0000 [WARNING]   Could not re-fetch post 1u398xt from Arctic Shift
2026-06-13T19:04:56+0000 [INFO]   Arctic Shift returned 1 comments
2026-06-13T19:04:56+0000 [INFO] Processing post 1u399ar (Arctic Shift): Dark horses, underdogs, or future champions? Scotland is bac
2026-06-13T19:04:57+0000 [WARNING]   Could not re-fetch post 1u399ar from Arctic Shift
2026-06-13T19:04:59+0000 [INFO]   Arctic Shift returned 1 comments
2026-06-13T19:04:59+0000 [INFO] Processing post 1u39ew7 (Arctic Shift): Mexico vs South Africa feels like the perfect way to open fo
2026-06-13T19:05:00+0000 [WARNING]   Could not re-fetch post 1u39ew7 from Arctic Shift
2026-06-13T19:05:02+0000 [INFO]   Arctic Shift returned 1 comments
2026-06-13T19:05:02+0000 [INFO] Processing post 1u39gk3 (Arctic Shift): Infantino pitching hydration breaks for commercial revenue
2026-06-13T19:05:03+0000 [WARNING]   Could not re-fetch post 1u39gk3 from Arctic Shift
2026-06-13T19:05:05+0000 [INFO]   Arctic Shift returned 1 comments
2026-06-13T19:05:05+0000 [INFO] Processing post 1u39eyj (Arctic Shift): Mexico 1-0 South Africa !
2026-06-13T19:05:06+0000 [WARNING]   Could not re-fetch post 1u39eyj from Arctic Shift
2026-06-13T19:05:08+0000 [INFO]   Arctic Shift returned 1 comments
2026-06-13T19:05:08+0000 [INFO] Processing post 1u39dam (Arctic Shift): [Squawka] Julián Quiñones strike after nine minutes is the e
2026-06-13T19:05:09+0000 [WARNING]   Could not re-fetch post 1u39dam from Arctic Shift
2026-06-13T19:05:11+0000 [INFO]   Arctic Shift returned 1 comments
2026-06-13T19:05:11+0000 [INFO] Processing post 1u39eec (Arctic Shift): [Squawka] Julián Quiñones strike after nine minutes is the e
2026-06-13T19:05:12+0000 [WARNING]   Could not re-fetch post 1u39eec from Arctic Shift
2026-06-13T19:05:14+0000 [INFO]   Arctic Shift returned 40 comments
2026-06-13T19:05:14+0000 [INFO] Processing post 1u39dz9 (Arctic Shift): Mexican fans booed the entrance flags of Argentina an United
2026-06-13T19:05:15+0000 [WARNING]   Could not re-fetch post 1u39dz9 from Arctic Shift
2026-06-13T19:05:17+0000 [INFO]   Arctic Shift returned 1 comments
2026-06-13T19:05:17+0000 [INFO] Processing post 1u39gl1 (Arctic Shift): Julian Quinones hits the post against South Africa 42'
2026-06-13T19:05:18+0000 [WARNING]   Could not re-fetch post 1u39gl1 from Arctic Shift
2026-06-13T19:05:20+0000 [INFO]   Arctic Shift returned 95 comments
2026-06-13T19:05:20+0000 [INFO] Processing post 1u39d4a (Arctic Shift): Fixing the Penalty kicks should/shootout advantage
2026-06-13T19:05:21+0000 [WARNING]   Could not re-fetch post 1u39d4a from Arctic Shift
2026-06-13T19:05:23+0000 [INFO]   Arctic Shift returned 1 comments
2026-06-13T19:05:23+0000 [INFO] Processing post 1u39hva (Arctic Shift): Brian Gutierrez should be in a top 5 league
2026-06-13T19:05:24+0000 [WARNING]   Could not re-fetch post 1u39hva from Arctic Shift
2026-06-13T19:05:26+0000 [INFO]   Arctic Shift returned 1 comments
2026-06-13T19:05:26+0000 [INFO] Processing post 1u39khz (Arctic Shift): Underdogs
2026-06-13T19:05:27+0000 [WARNING]   Could not re-fetch post 1u39khz from Arctic Shift
2026-06-13T19:05:29+0000 [INFO]   Arctic Shift returned 1 comments
2026-06-13T19:05:29+0000 [INFO] Processing post 1u39iih (Arctic Shift): Why does the FIFA website show mexico already won the match?
2026-06-13T19:05:30+0000 [WARNING]   Could not re-fetch post 1u39iih from Arctic Shift
2026-06-13T19:05:32+0000 [INFO]   Arctic Shift returned 1 comments
2026-06-13T19:05:32+0000 [INFO] Processing post 1u39lwu (Arctic Shift): Is this the commentary we have to bear all tournament as a u
2026-06-13T19:05:33+0000 [WARNING]   Could not re-fetch post 1u39lwu from Arctic Shift
2026-06-13T19:05:35+0000 [INFO]   Arctic Shift returned 2 comments
2026-06-13T19:05:35+0000 [INFO] Processing post 1u39j1n (Arctic Shift): Fixed?
2026-06-13T19:05:36+0000 [WARNING]   Could not re-fetch post 1u39j1n from Arctic Shift
2026-06-13T19:05:38+0000 [INFO]   Arctic Shift returned 1 comments
2026-06-13T19:05:38+0000 [INFO] Harvester complete (arctic_shift+rss). 46 posts processed, 0 failed, 1163 total comments collected.
2026-06-13T19:08:01+0000 [INFO] Harvester starting. Target time: 2026-06-11T19:08:01.620080+00:00. Mode: arctic_shift+rss
2026-06-13T19:08:01+0000 [INFO] No pending posts for target time 2026-06-11T19. Nothing to do.
2026-06-13T19:13:02+0000 [INFO] Harvester starting. Target time: 2026-06-11T19:13:02.659456+00:00. Mode: arctic_shift+rss
2026-06-13T19:13:02+0000 [INFO] No pending posts for target time 2026-06-11T19. Nothing to do.
2026-06-13T19:18:09+0000 [INFO] Harvester starting. Target time: 2026-06-11T19:18:09.101006+00:00. Mode: arctic_shift+rss
2026-06-13T19:18:09+0000 [INFO] No pending posts for target time 2026-06-11T19. Nothing to do.
2026-06-13T19:22:53+0000 [INFO] Harvester starting. Target time: 2026-06-11T19:22:53.342033+00:00. Mode: arctic_shift+rss
2026-06-13T19:22:53+0000 [INFO] No pending posts for target time 2026-06-11T19. Nothing to do.
2026-06-13T19:27:53+0000 [INFO] Harvester starting. Target time: 2026-06-11T19:27:53.892243+00:00. Mode: arctic_shift+rss
2026-06-13T19:27:53+0000 [INFO] No pending posts for target time 2026-06-11T19. Nothing to do.
2026-06-13T19:33:20+0000 [INFO] Harvester starting. Target time: 2026-06-11T19:33:20.338906+00:00. Mode: arctic_shift+rss
2026-06-13T19:33:20+0000 [INFO] No pending posts for target time 2026-06-11T19. Nothing to do.
2026-06-13T19:38:04+0000 [INFO] Harvester starting. Target time: 2026-06-11T19:38:04.219134+00:00. Mode: arctic_shift+rss
2026-06-13T19:38:04+0000 [INFO] No pending posts for target time 2026-06-11T19. Nothing to do.
2026-06-13T19:42:57+0000 [INFO] Harvester starting. Target time: 2026-06-11T19:42:57.801551+00:00. Mode: arctic_shift+rss
2026-06-13T19:42:57+0000 [INFO] No pending posts for target time 2026-06-11T19. Nothing to do.
2026-06-13T19:47:57+0000 [INFO] Harvester starting. Target time: 2026-06-11T19:47:57.121052+00:00. Mode: arctic_shift+rss
2026-06-13T19:47:57+0000 [INFO] No pending posts for target time 2026-06-11T19. Nothing to do.
