2026-06-19T07:04:45+0000 [INFO] Harvester starting. Target time: 2026-06-17T07:04:45.688896+00:00. Mode: arctic_shift+rss
2026-06-19T07:04:45+0000 [INFO] Found 12 posts to process
2026-06-19T07:04:45+0000 [INFO] Processing post 1u834xa (Arctic Shift): Lionel Scaloni on Messi: “What Leo did is difficult to expla
2026-06-19T07:04:46+0000 [WARNING]   Could not re-fetch post 1u834xa from Arctic Shift
2026-06-19T07:04:50+0000 [INFO]   Arctic Shift returned 249 comments
2026-06-19T07:04:50+0000 [INFO] Processing post 1u82xvp (Arctic Shift): Will Kylian Mbappe become the World Cup’s greatest player?
2026-06-19T07:04:51+0000 [WARNING]   Could not re-fetch post 1u82xvp from Arctic Shift
2026-06-19T07:04:54+0000 [INFO]   Arctic Shift returned 183 comments
2026-06-19T07:04:54+0000 [INFO] Processing post 1u83evg (Arctic Shift): Rate the bracket
2026-06-19T07:04:55+0000 [WARNING]   Could not re-fetch post 1u83evg from Arctic Shift
2026-06-19T07:04:57+0000 [INFO]   Arctic Shift returned 1 comments
2026-06-19T07:04:57+0000 [INFO] Processing post 1u83api (Arctic Shift): Leo Messi: "I can't ask for anything more, God gave me too m
2026-06-19T07:04:58+0000 [WARNING]   Could not re-fetch post 1u83api from Arctic Shift
2026-06-19T07:05:02+0000 [INFO]   Arctic Shift returned 294 comments
2026-06-19T07:05:02+0000 [INFO] Processing post 1u83dx4 (Arctic Shift): The great atmosphere created by Senegal’s supporters in Time
2026-06-19T07:05:03+0000 [WARNING]   Could not re-fetch post 1u83dx4 from Arctic Shift
2026-06-19T07:05:05+0000 [INFO]   Arctic Shift returned 5 comments
2026-06-19T07:05:05+0000 [INFO] Processing post 1u83jhx (Arctic Shift): [OC] I made an interactive map of the birthplaces of all pla
2026-06-19T07:05:06+0000 [WARNING]   Could not re-fetch post 1u83jhx from Arctic Shift
2026-06-19T07:05:08+0000 [INFO]   Arctic Shift returned 46 comments
2026-06-19T07:05:08+0000 [INFO] Processing post 1u83kpy (Arctic Shift): Why is nobody talking about DR Congo being the dark horse th
2026-06-19T07:05:09+0000 [WARNING]   Could not re-fetch post 1u83kpy from Arctic Shift
2026-06-19T07:05:11+0000 [INFO]   Arctic Shift returned 1 comments
2026-06-19T07:05:11+0000 [INFO] Processing post 1u83jvq (Arctic Shift): Flair
2026-06-19T07:05:12+0000 [WARNING]   Could not re-fetch post 1u83jvq from Arctic Shift
2026-06-19T07:05:14+0000 [INFO]   Arctic Shift returned 1 comments
2026-06-19T07:05:14+0000 [INFO] Processing post 1u83rl0 (Arctic Shift): why did the internet chose Tim Payne
2026-06-19T07:05:15+0000 [WARNING]   Could not re-fetch post 1u83rl0 from Arctic Shift
2026-06-19T07:05:17+0000 [INFO]   Arctic Shift returned 1 comments
2026-06-19T07:05:17+0000 [INFO] Processing post 1u83pl6 (Arctic Shift): Spain vs Cape verde be like... What a hero Vozinha!
2026-06-19T07:05:18+0000 [WARNING]   Could not re-fetch post 1u83pl6 from Arctic Shift
2026-06-19T07:05:20+0000 [INFO]   Arctic Shift returned 2 comments
2026-06-19T07:05:20+0000 [INFO] Processing post 1u83pww (Arctic Shift): World Cup fans claim tournament is rigged as Messi avoids re
2026-06-19T07:05:21+0000 [WARNING]   Could not re-fetch post 1u83pww from Arctic Shift
2026-06-19T07:05:22+0000 [INFO]   Arctic Shift returned 1 comments
2026-06-19T07:05:22+0000 [INFO] Processing post 1u83p44 (Arctic Shift): Messi's performance against Algeria today and people's react
2026-06-19T07:05:23+0000 [WARNING]   Could not re-fetch post 1u83p44 from Arctic Shift
2026-06-19T07:05:26+0000 [INFO]   Arctic Shift returned 1 comments
2026-06-19T07:05:26+0000 [INFO] Harvester complete (arctic_shift+rss). 12 posts processed, 0 failed, 785 total comments collected.
2026-06-19T07:14:37+0000 [INFO] Harvester starting. Target time: 2026-06-17T07:14:37.350594+00:00. Mode: arctic_shift+rss
2026-06-19T07:14:37+0000 [INFO] No pending posts for target time 2026-06-17T07. Nothing to do.
