2026-06-13T22:03:15+0000 [INFO] Harvester starting. Target time: 2026-06-11T22:03:15.819259+00:00. Mode: arctic_shift+rss
2026-06-13T22:03:15+0000 [INFO] Found 24 posts to process
2026-06-13T22:03:15+0000 [INFO] Processing post 1u3ctc0 (Arctic Shift): [Bogert] All it took was literally the second hydration brea
2026-06-13T22:03:16+0000 [WARNING]   Could not re-fetch post 1u3ctc0 from Arctic Shift
2026-06-13T22:03:18+0000 [INFO]   Arctic Shift returned 5 comments
2026-06-13T22:03:18+0000 [INFO] Processing post 1u3cvgg (Arctic Shift): Mexico vs. South Africa World Cup Opener Makes History With 
2026-06-13T22:03:19+0000 [WARNING]   Could not re-fetch post 1u3cvgg from Arctic Shift
2026-06-13T22:03:21+0000 [INFO]   Arctic Shift returned 2 comments
2026-06-13T22:03:21+0000 [INFO] Processing post 1u3cuvs (Arctic Shift): (@FabrizioRomano): 🚨 Bernardo Silva to Real Madrid, HERE WE 
2026-06-13T22:03:22+0000 [WARNING]   Could not re-fetch post 1u3cuvs from Arctic Shift
2026-06-13T22:03:24+0000 [INFO]   Arctic Shift returned 1 comments
2026-06-13T22:03:24+0000 [INFO] Processing post 1u3cw6s (Arctic Shift): [Romano] Bernardo Silva to Real Madrid, HERE WE GO!
2026-06-13T22:03:25+0000 [WARNING]   Could not re-fetch post 1u3cw6s from Arctic Shift
2026-06-13T22:03:27+0000 [INFO]   Arctic Shift returned 12 comments
2026-06-13T22:03:27+0000 [INFO] Processing post 1u3cznq (Arctic Shift): In Thursday’s opener, Fox cut to full-screen commercials dur
2026-06-13T22:03:28+0000 [WARNING]   Could not re-fetch post 1u3cznq from Arctic Shift
2026-06-13T22:03:33+0000 [INFO]   Arctic Shift returned 372 comments
2026-06-13T22:03:33+0000 [INFO] Processing post 1u3cw1q (Arctic Shift): (@FabrizioRomano) - Bernardo Silva to Real Madrid, HERE WE G
2026-06-13T22:03:34+0000 [WARNING]   Could not re-fetch post 1u3cw1q from Arctic Shift
2026-06-13T22:03:36+0000 [INFO]   Arctic Shift returned 1 comments
2026-06-13T22:03:36+0000 [INFO] Processing post 1u3cwyx (Arctic Shift): Go Home Coupon？
2026-06-13T22:03:37+0000 [WARNING]   Could not re-fetch post 1u3cwyx from Arctic Shift
2026-06-13T22:03:39+0000 [INFO]   Arctic Shift returned 1 comments
2026-06-13T22:03:39+0000 [INFO] Processing post 1u3d3z8 (Arctic Shift): Thoughts please
2026-06-13T22:03:40+0000 [WARNING]   Could not re-fetch post 1u3d3z8 from Arctic Shift
2026-06-13T22:03:41+0000 [INFO]   Arctic Shift returned 0 comments
2026-06-13T22:03:41+0000 [INFO] Processing post 1u3d2b9 (Arctic Shift): Two Mexican fans filming themselves in the crowd during Mexi
2026-06-13T22:03:42+0000 [WARNING]   Could not re-fetch post 1u3d2b9 from Arctic Shift
2026-06-13T22:03:45+0000 [INFO]   Arctic Shift returned 161 comments
2026-06-13T22:03:45+0000 [INFO] Processing post 1u3d1wl (Arctic Shift): The walkout for the 2026 FIFA World Cup opening match betwee
2026-06-13T22:03:46+0000 [WARNING]   Could not re-fetch post 1u3d1wl from Arctic Shift
2026-06-13T22:03:48+0000 [INFO]   Arctic Shift returned 16 comments
2026-06-13T22:03:48+0000 [INFO] Processing post 1u3d17f (Arctic Shift): The entire 2022 World Cup had 1 straight red. One match in 2
2026-06-13T22:03:49+0000 [WARNING]   Could not re-fetch post 1u3d17f from Arctic Shift
2026-06-13T22:03:51+0000 [INFO]   Arctic Shift returned 31 comments
2026-06-13T22:03:51+0000 [INFO] Processing post 1u3d5qz (Arctic Shift): Olympiacos Faces Leeds United, Brighton Competition for Azze
2026-06-13T22:03:52+0000 [WARNING]   Could not re-fetch post 1u3d5qz from Arctic Shift
2026-06-13T22:03:54+0000 [INFO]   Arctic Shift returned 1 comments
2026-06-13T22:03:54+0000 [INFO] Processing post 1u3d6qy (Arctic Shift): South Africa's coach, Hugo Broos - 'My team played a good ga
2026-06-13T22:03:55+0000 [WARNING]   Could not re-fetch post 1u3d6qy from Arctic Shift
2026-06-13T22:03:57+0000 [INFO]   Arctic Shift returned 89 comments
2026-06-13T22:03:57+0000 [INFO] Processing post 1u3db40 (Arctic Shift): Mexico World Cup opener violence as  mob attacks armed polic
2026-06-13T22:03:58+0000 [WARNING]   Could not re-fetch post 1u3db40 from Arctic Shift
2026-06-13T22:04:00+0000 [INFO]   Arctic Shift returned 1 comments
2026-06-13T22:04:00+0000 [INFO] Processing post 1u3dh4k (Arctic Shift): US Attorney Dropped FIFA Bribery Case at Trump Official’s Be
2026-06-13T22:04:01+0000 [WARNING]   Could not re-fetch post 1u3dh4k from Arctic Shift
2026-06-13T22:04:03+0000 [INFO]   Arctic Shift returned 1 comments
2026-06-13T22:04:03+0000 [INFO] Processing post 1u3dg1b (Arctic Shift): U.S flag booed during World Cup opening ceremony
2026-06-13T22:04:04+0000 [WARNING]   Could not re-fetch post 1u3dg1b from Arctic Shift
2026-06-13T22:04:07+0000 [INFO]   Arctic Shift returned 189 comments
2026-06-13T22:04:07+0000 [INFO] Processing post 1u3dj0c (Arctic Shift): Thoughts on the World Cup preparations and expectations?
2026-06-13T22:04:08+0000 [WARNING]   Could not re-fetch post 1u3dj0c from Arctic Shift
2026-06-13T22:04:10+0000 [INFO]   Arctic Shift returned 1 comments
2026-06-13T22:04:10+0000 [INFO] Processing post 1u3dml8 (Arctic Shift): Football Zionism. A good video focusing on the F** mess of F
2026-06-13T22:04:11+0000 [WARNING]   Could not re-fetch post 1u3dml8 from Arctic Shift
2026-06-13T22:04:13+0000 [INFO]   Arctic Shift returned 1 comments
2026-06-13T22:04:13+0000 [INFO] Processing post 1u3dq7b (Arctic Shift): Canada star Alphonso Davies ruled out of World Cup opener ag
2026-06-13T22:04:14+0000 [WARNING]   Could not re-fetch post 1u3dq7b from Arctic Shift
2026-06-13T22:04:16+0000 [INFO]   Arctic Shift returned 77 comments
2026-06-13T22:04:16+0000 [INFO] Processing post 1u3dri3 (Arctic Shift): Another angle of Themba Zwane's red card against Mexico
2026-06-13T22:04:17+0000 [WARNING]   Could not re-fetch post 1u3dri3 from Arctic Shift
2026-06-13T22:04:20+0000 [INFO]   Arctic Shift returned 142 comments
2026-06-13T22:04:20+0000 [INFO] Processing post 1u3e1hj (Arctic Shift): AI predicted the first match result exactly on point.
2026-06-13T22:04:21+0000 [WARNING]   Could not re-fetch post 1u3e1hj from Arctic Shift
2026-06-13T22:04:23+0000 [INFO]   Arctic Shift returned 1 comments
2026-06-13T22:04:23+0000 [INFO] Processing post 1u3e3sn (Arctic Shift): Julian Quiñones hitting the bafana bafana celebration
2026-06-13T22:04:24+0000 [WARNING]   Could not re-fetch post 1u3e3sn from Arctic Shift
2026-06-13T22:04:26+0000 [INFO]   Arctic Shift returned 89 comments
2026-06-13T22:04:26+0000 [INFO] Processing post 1u3e351 (Arctic Shift): According to The Athletic, FOX didn't just annoy fans but al
2026-06-13T22:04:27+0000 [WARNING]   Could not re-fetch post 1u3e351 from Arctic Shift
2026-06-13T22:04:34+0000 [INFO]   Arctic Shift returned 588 comments
2026-06-13T22:04:34+0000 [INFO] Processing post 1u3e6kx (Arctic Shift): These are the best breaks, even Qatar didn't need so many br
2026-06-13T22:04:35+0000 [WARNING]   Could not re-fetch post 1u3e6kx from Arctic Shift
2026-06-13T22:04:37+0000 [INFO]   Arctic Shift returned 2 comments
2026-06-13T22:04:37+0000 [INFO] Harvester complete (arctic_shift+rss). 24 posts processed, 0 failed, 1784 total comments collected.
2026-06-13T22:08:05+0000 [INFO] Harvester starting. Target time: 2026-06-11T22:08:05.371118+00:00. Mode: arctic_shift+rss
2026-06-13T22:08:05+0000 [INFO] No pending posts for target time 2026-06-11T22. Nothing to do.
