2026-06-15T23:24:14+0000 [INFO] Harvester starting. Target time: 2026-06-13T23:24:14.472899+00:00. Mode: arctic_shift+rss
2026-06-15T23:24:14+0000 [INFO] Found 25 posts to process
2026-06-15T23:24:14+0000 [INFO] Processing post 1u54r0e (Arctic Shift): Alternate angles of Vinicius Junior's goal against Morocco 3
2026-06-15T23:24:15+0000 [WARNING]   Could not re-fetch post 1u54r0e from Arctic Shift
2026-06-15T23:24:16+0000 [INFO]   Arctic Shift returned 37 comments
2026-06-15T23:24:16+0000 [INFO] Processing post 1u54rtm (Arctic Shift): English National team gear was stolen from Kansas City team 
2026-06-15T23:24:17+0000 [WARNING]   Could not re-fetch post 1u54rtm from Arctic Shift
2026-06-15T23:24:18+0000 [INFO]   Arctic Shift returned 0 comments
2026-06-15T23:24:18+0000 [INFO] Processing post 1u54ykh (Arctic Shift): Arabic commentary of Qatar's injury time goal
2026-06-15T23:24:19+0000 [WARNING]   Could not re-fetch post 1u54ykh from Arctic Shift
2026-06-15T23:24:21+0000 [INFO]   Arctic Shift returned 83 comments
2026-06-15T23:24:21+0000 [INFO] Processing post 1u54x4i (Arctic Shift): Vinícius Jr.'s goal from the stands
2026-06-15T23:24:22+0000 [WARNING]   Could not re-fetch post 1u54x4i from Arctic Shift
2026-06-15T23:24:24+0000 [INFO]   Arctic Shift returned 10 comments
2026-06-15T23:24:24+0000 [INFO] Processing post 1u55004 (Arctic Shift): Why are reporters trying to interview players at half time?
2026-06-15T23:24:25+0000 [WARNING]   Could not re-fetch post 1u55004 from Arctic Shift
2026-06-15T23:24:27+0000 [INFO]   Arctic Shift returned 1 comments
2026-06-15T23:24:27+0000 [INFO] Processing post 1u5531e (Arctic Shift): Bruno Guimaraes challenge on Hakimi
2026-06-15T23:24:28+0000 [WARNING]   Could not re-fetch post 1u5531e from Arctic Shift
2026-06-15T23:24:30+0000 [INFO]   Arctic Shift returned 72 comments
2026-06-15T23:24:30+0000 [INFO] Processing post 1u556tf (Arctic Shift): Tom Sermanni: From Scotland to Building the Matildas
2026-06-15T23:24:31+0000 [WARNING]   Could not re-fetch post 1u556tf from Arctic Shift
2026-06-15T23:24:33+0000 [INFO]   Arctic Shift returned 2 comments
2026-06-15T23:24:33+0000 [INFO] Processing post 1u554z3 (Arctic Shift): Vini’s Goal against Morocco from my seats
2026-06-15T23:24:34+0000 [WARNING]   Could not re-fetch post 1u554z3 from Arctic Shift
2026-06-15T23:24:36+0000 [INFO]   Arctic Shift returned 1 comments
2026-06-15T23:24:36+0000 [INFO] Processing post 1u55aie (Arctic Shift): PlayCall — a free phone companion for watching football
2026-06-15T23:24:37+0000 [WARNING]   Could not re-fetch post 1u55aie from Arctic Shift
2026-06-15T23:24:39+0000 [INFO]   Arctic Shift returned 1 comments
2026-06-15T23:24:39+0000 [INFO] Processing post 1u55c8w (Arctic Shift): 🤯 𝐐𝐀𝐓𝐀𝐑 𝐀𝐍𝐃 𝐒𝐖𝐈𝐓𝐙𝐄𝐑𝐋𝐀𝐍𝐃 𝐒𝐇𝐀𝐑𝐄 𝐏𝐎𝐈𝐍𝐓𝐒 𝐖𝐈𝐓𝐇 𝐋𝐀𝐓𝐄 𝐆𝐎𝐀𝐋 𝐎𝐍 𝐓𝐇𝐄𝐈𝐑
2026-06-15T23:24:40+0000 [WARNING]   Could not re-fetch post 1u55c8w from Arctic Shift
2026-06-15T23:24:42+0000 [INFO]   Arctic Shift returned 1 comments
2026-06-15T23:24:42+0000 [INFO] Processing post 1u55eal (Arctic Shift): Qatar and Switzerland shared points for goals in the opening
2026-06-15T23:24:43+0000 [WARNING]   Could not re-fetch post 1u55eal from Arctic Shift
2026-06-15T23:24:45+0000 [INFO]   Arctic Shift returned 1 comments
2026-06-15T23:24:45+0000 [INFO] Processing post 1u55chp (Arctic Shift): Who, exactly, is this World Cup for?
2026-06-15T23:24:46+0000 [WARNING]   Could not re-fetch post 1u55chp from Arctic Shift
2026-06-15T23:24:47+0000 [INFO]   Arctic Shift returned 0 comments
2026-06-15T23:24:47+0000 [INFO] Processing post 1u55b6h (Arctic Shift): Plane flies over stadium during Qatar - Switzerland game.
2026-06-15T23:24:48+0000 [WARNING]   Could not re-fetch post 1u55b6h from Arctic Shift
2026-06-15T23:24:50+0000 [INFO]   Arctic Shift returned 6 comments
2026-06-15T23:24:50+0000 [INFO] Processing post 1u55dkf (Arctic Shift): 🤯 Qatar and Switzerland shared points for goals in the openi
2026-06-15T23:24:51+0000 [WARNING]   Could not re-fetch post 1u55dkf from Arctic Shift
2026-06-15T23:24:53+0000 [INFO]   Arctic Shift returned 1 comments
2026-06-15T23:24:53+0000 [INFO] Processing post 1u55gpp (Arctic Shift): Watching from SeaTac. Free Coke too! Winning
2026-06-15T23:24:54+0000 [WARNING]   Could not re-fetch post 1u55gpp from Arctic Shift
2026-06-15T23:24:56+0000 [INFO]   Arctic Shift returned 1 comments
2026-06-15T23:24:56+0000 [INFO] Processing post 1u55hmx (Arctic Shift): 'Bad smell' leads to discovery of rotting body near Iran tea
2026-06-15T23:24:57+0000 [WARNING]   Could not re-fetch post 1u55hmx from Arctic Shift
2026-06-15T23:25:03+0000 [INFO]   Arctic Shift returned 418 comments
2026-06-15T23:25:03+0000 [INFO] Processing post 1u55fzm (Arctic Shift): Iran issued visas for World Cup but warned not to ‘sneak ter
2026-06-15T23:25:05+0000 [WARNING]   Could not re-fetch post 1u55fzm from Arctic Shift
2026-06-15T23:25:07+0000 [INFO]   Arctic Shift returned 117 comments
2026-06-15T23:25:07+0000 [INFO] Processing post 1u55lvc (Arctic Shift): Why do they keep saying “The YouTube Generation” on the Fox 
2026-06-15T23:25:08+0000 [WARNING]   Could not re-fetch post 1u55lvc from Arctic Shift
2026-06-15T23:25:11+0000 [INFO]   Arctic Shift returned 1 comments
2026-06-15T23:25:11+0000 [INFO] Processing post 1u55q99 (Arctic Shift): Ismael Saibari nutmegs Santos
2026-06-15T23:25:11+0000 [WARNING]   Could not re-fetch post 1u55q99 from Arctic Shift
2026-06-15T23:25:14+0000 [INFO]   Arctic Shift returned 29 comments
2026-06-15T23:25:14+0000 [INFO] Processing post 1u55pbt (Arctic Shift): PDB DANCE / WM SONG 2026
2026-06-15T23:25:14+0000 [WARNING]   Could not re-fetch post 1u55pbt from Arctic Shift
2026-06-15T23:25:16+0000 [INFO]   Arctic Shift returned 1 comments
2026-06-15T23:25:16+0000 [INFO] Processing post 1u55sn8 (Arctic Shift): yeee go USA
2026-06-15T23:25:17+0000 [WARNING]   Could not re-fetch post 1u55sn8 from Arctic Shift
2026-06-15T23:25:19+0000 [INFO]   Arctic Shift returned 1 comments
2026-06-15T23:25:19+0000 [INFO] Processing post 1u55s3d (Arctic Shift): Yassine Bounou clearance against Brazil 83'
2026-06-15T23:25:20+0000 [WARNING]   Could not re-fetch post 1u55s3d from Arctic Shift
2026-06-15T23:25:22+0000 [INFO]   Arctic Shift returned 57 comments
2026-06-15T23:25:22+0000 [INFO] Processing post 1u55x48 (Arctic Shift): Uhm Guys
2026-06-15T23:25:23+0000 [WARNING]   Could not re-fetch post 1u55x48 from Arctic Shift
2026-06-15T23:25:25+0000 [INFO]   Arctic Shift returned 16 comments
2026-06-15T23:25:25+0000 [INFO] Processing post 1u55vai (Arctic Shift): FIFA Fan Fest today
2026-06-15T23:25:26+0000 [WARNING]   Could not re-fetch post 1u55vai from Arctic Shift
2026-06-15T23:25:28+0000 [INFO]   Arctic Shift returned 1 comments
2026-06-15T23:25:28+0000 [INFO] Processing post 1u55u41 (Arctic Shift): Iranian team wears #168 pins for victims of school strike: W
2026-06-15T23:25:29+0000 [WARNING]   Could not re-fetch post 1u55u41 from Arctic Shift
2026-06-15T23:25:31+0000 [INFO]   Arctic Shift returned 55 comments
2026-06-15T23:25:31+0000 [INFO] Harvester complete (arctic_shift+rss). 25 posts processed, 0 failed, 913 total comments collected.
2026-06-15T23:29:11+0000 [INFO] Harvester starting. Target time: 2026-06-13T23:29:11.265908+00:00. Mode: arctic_shift+rss
2026-06-15T23:29:11+0000 [INFO] No pending posts for target time 2026-06-13T23. Nothing to do.
2026-06-15T23:34:20+0000 [INFO] Harvester starting. Target time: 2026-06-13T23:34:20.224991+00:00. Mode: arctic_shift+rss
2026-06-15T23:34:20+0000 [INFO] No pending posts for target time 2026-06-13T23. Nothing to do.
2026-06-15T23:38:50+0000 [INFO] Harvester starting. Target time: 2026-06-13T23:38:50.763831+00:00. Mode: arctic_shift+rss
2026-06-15T23:38:50+0000 [INFO] No pending posts for target time 2026-06-13T23. Nothing to do.
2026-06-15T23:43:49+0000 [INFO] Harvester starting. Target time: 2026-06-13T23:43:49.972892+00:00. Mode: arctic_shift+rss
2026-06-15T23:43:49+0000 [INFO] No pending posts for target time 2026-06-13T23. Nothing to do.
