2026-06-15T02:02:48+0000 [INFO] Harvester starting. Target time: 2026-06-13T02:02:48.242396+00:00. Mode: arctic_shift+rss
2026-06-15T02:02:48+0000 [INFO] Found 34 posts to process
2026-06-15T02:02:48+0000 [INFO] Processing post 1u4e9ej (Arctic Shift): The FIFA website already has the USA as winners of tonight’s
2026-06-15T02:02:48+0000 [WARNING]   Could not re-fetch post 1u4e9ej from Arctic Shift
2026-06-15T02:02:50+0000 [INFO]   Arctic Shift returned 1 comments
2026-06-15T02:02:50+0000 [INFO] Processing post 1u4e8qj (Arctic Shift): Hale End wonderkid Folarin Balogun is on fire 🔥
2026-06-15T02:02:51+0000 [WARNING]   Could not re-fetch post 1u4e8qj from Arctic Shift
2026-06-15T02:02:53+0000 [INFO]   Arctic Shift returned 1 comments
2026-06-15T02:02:53+0000 [INFO] Processing post 1u4e9vv (Arctic Shift): Hale End wonderkid Folarin Balogun is on fire
2026-06-15T02:02:54+0000 [WARNING]   Could not re-fetch post 1u4e9vv from Arctic Shift
2026-06-15T02:02:56+0000 [INFO]   Arctic Shift returned 1 comments
2026-06-15T02:02:56+0000 [INFO] Processing post 1u4e926 (Arctic Shift): In just the first half, the USA have already scored as many 
2026-06-15T02:02:57+0000 [WARNING]   Could not re-fetch post 1u4e926 from Arctic Shift
2026-06-15T02:03:02+0000 [INFO]   Arctic Shift returned 342 comments
2026-06-15T02:03:02+0000 [INFO] Processing post 1u4eba5 (Arctic Shift): [BBC] Jude Bellingham is expected to start England's World C
2026-06-15T02:03:03+0000 [WARNING]   Could not re-fetch post 1u4eba5 from Arctic Shift
2026-06-15T02:03:07+0000 [INFO]   Arctic Shift returned 177 comments
2026-06-15T02:03:07+0000 [INFO] Processing post 1u4eefi (Arctic Shift): Falorin Balogun Stunning Goal - USA vs Paraguay (3-0)
2026-06-15T02:03:07+0000 [WARNING]   Could not re-fetch post 1u4eefi from Arctic Shift
2026-06-15T02:03:09+0000 [INFO]   Arctic Shift returned 1 comments
2026-06-15T02:03:09+0000 [INFO] Processing post 1u4edns (Arctic Shift): yeah it sucks to be him rn LMAO
2026-06-15T02:03:10+0000 [WARNING]   Could not re-fetch post 1u4edns from Arctic Shift
2026-06-15T02:03:12+0000 [INFO]   Arctic Shift returned 1 comments
2026-06-15T02:03:12+0000 [INFO] Processing post 1u4ec4j (Arctic Shift): Could Last Season’s Manchester City Team Win Against the Cur
2026-06-15T02:03:13+0000 [WARNING]   Could not re-fetch post 1u4ec4j from Arctic Shift
2026-06-15T02:03:15+0000 [INFO]   Arctic Shift returned 1 comments
2026-06-15T02:03:15+0000 [INFO] Processing post 1u4ed4q (Arctic Shift): Alternate angle of Balogun's goal against Paraguay 45+5'
2026-06-15T02:03:16+0000 [WARNING]   Could not re-fetch post 1u4ed4q from Arctic Shift
2026-06-15T02:03:20+0000 [INFO]   Arctic Shift returned 238 comments
2026-06-15T02:03:20+0000 [INFO] Processing post 1u4eh61 (Arctic Shift): Falorin Balogun Stunning Goal - USA vs Paraguay (3-0)
2026-06-15T02:03:21+0000 [WARNING]   Could not re-fetch post 1u4eh61 from Arctic Shift
2026-06-15T02:03:23+0000 [INFO]   Arctic Shift returned 1 comments
2026-06-15T02:03:23+0000 [INFO] Processing post 1u4ejb5 (Arctic Shift): Falorin Balogun Stunning Goal at Half - USA 3-0 vs Paraguay
2026-06-15T02:03:24+0000 [WARNING]   Could not re-fetch post 1u4ejb5 from Arctic Shift
2026-06-15T02:03:26+0000 [INFO]   Arctic Shift returned 1 comments
2026-06-15T02:03:26+0000 [INFO] Processing post 1u4emix (Arctic Shift): Miguel Almiron yellow card (div) against USA 53'
2026-06-15T02:03:27+0000 [WARNING]   Could not re-fetch post 1u4emix from Arctic Shift
2026-06-15T02:03:36+0000 [INFO]   Arctic Shift returned 646 comments
2026-06-15T02:03:36+0000 [INFO] Processing post 1u4eq8v (Arctic Shift): United States’ Folarin Balogun scores goal, extending lead o
2026-06-15T02:03:37+0000 [WARNING]   Could not re-fetch post 1u4eq8v from Arctic Shift
2026-06-15T02:03:39+0000 [INFO]   Arctic Shift returned 2 comments
2026-06-15T02:03:39+0000 [INFO] Processing post 1u4esoz (Arctic Shift): I love that Henry, Ibra, and Lowe clearly do not vibe with L
2026-06-15T02:03:40+0000 [WARNING]   Could not re-fetch post 1u4esoz from Arctic Shift
2026-06-15T02:03:42+0000 [INFO]   Arctic Shift returned 1 comments
2026-06-15T02:03:42+0000 [INFO] Processing post 1u4epro (Arctic Shift): Falorin Balogun Goal!!
2026-06-15T02:03:43+0000 [WARNING]   Could not re-fetch post 1u4epro from Arctic Shift
2026-06-15T02:03:45+0000 [INFO]   Arctic Shift returned 1 comments
2026-06-15T02:03:45+0000 [INFO] Processing post 1u4es06 (Arctic Shift): Free World Cup assistant with live notifications
2026-06-15T02:03:46+0000 [WARNING]   Could not re-fetch post 1u4es06 from Arctic Shift
2026-06-15T02:03:48+0000 [INFO]   Arctic Shift returned 1 comments
2026-06-15T02:03:48+0000 [INFO] Processing post 1u4eu38 (Arctic Shift): Mistaken identity reviewable when a player is shown a yellow
2026-06-15T02:03:49+0000 [WARNING]   Could not re-fetch post 1u4eu38 from Arctic Shift
2026-06-15T02:03:51+0000 [INFO]   Arctic Shift returned 1 comments
2026-06-15T02:03:51+0000 [INFO] Processing post 1u4ey91 (Arctic Shift): A world cup assistant in messages
2026-06-15T02:03:52+0000 [WARNING]   Could not re-fetch post 1u4ey91 from Arctic Shift
2026-06-15T02:03:54+0000 [INFO]   Arctic Shift returned 1 comments
2026-06-15T02:03:54+0000 [INFO] Processing post 1u4ex4n (Arctic Shift): 🦅🇺🇸⚽ The USA just got their World Cup anthem — generated by 
2026-06-15T02:03:55+0000 [WARNING]   Could not re-fetch post 1u4ex4n from Arctic Shift
2026-06-15T02:03:57+0000 [INFO]   Arctic Shift returned 1 comments
2026-06-15T02:03:57+0000 [INFO] Processing post 1u4ex4s (Arctic Shift): bunch of fish
2026-06-15T02:03:58+0000 [WARNING]   Could not re-fetch post 1u4ex4s from Arctic Shift
2026-06-15T02:04:00+0000 [INFO]   Arctic Shift returned 2 comments
2026-06-15T02:04:00+0000 [INFO] Processing post 1u4extn (Arctic Shift): [FR - WW] Exchange French Flag - Everthing World Cup Flag
2026-06-15T02:04:02+0000 [WARNING]   Could not re-fetch post 1u4extn from Arctic Shift
2026-06-15T02:04:03+0000 [INFO]   Arctic Shift returned 1 comments
2026-06-15T02:04:03+0000 [INFO] Processing post 1u4f11h (Arctic Shift): Leg to Leg Contact
2026-06-15T02:04:04+0000 [WARNING]   Could not re-fetch post 1u4f11h from Arctic Shift
2026-06-15T02:04:06+0000 [INFO]   Arctic Shift returned 1 comments
2026-06-15T02:04:06+0000 [INFO] Processing post 1u4f1ds (Arctic Shift): USA 3 - [1] Paraguay - Mauricio 73'
2026-06-15T02:04:07+0000 [WARNING]   Could not re-fetch post 1u4f1ds from Arctic Shift
2026-06-15T02:04:09+0000 [INFO]   Arctic Shift returned 94 comments
2026-06-15T02:04:09+0000 [INFO] Processing post 1u4f3rg (Arctic Shift): Malik Tillman chance against Paraguay 75'
2026-06-15T02:04:10+0000 [WARNING]   Could not re-fetch post 1u4f3rg from Arctic Shift
2026-06-15T02:04:12+0000 [INFO]   Arctic Shift returned 25 comments
2026-06-15T02:04:12+0000 [INFO] Processing post 1u4f1iu (Arctic Shift): USA 3-[1] Paraguay - Mauricio 73'
2026-06-15T02:04:13+0000 [WARNING]   Could not re-fetch post 1u4f1iu from Arctic Shift
2026-06-15T02:04:15+0000 [INFO]   Arctic Shift returned 1 comments
2026-06-15T02:04:15+0000 [INFO] Processing post 1u4f33j (Arctic Shift): Malik Tillman chance against Paraguay 75'
2026-06-15T02:04:16+0000 [WARNING]   Could not re-fetch post 1u4f33j from Arctic Shift
2026-06-15T02:04:18+0000 [INFO]   Arctic Shift returned 18 comments
2026-06-15T02:04:18+0000 [INFO] Processing post 1u4f44m (Arctic Shift): Alternate angle of Mauricio's goal against USA 73'
2026-06-15T02:04:19+0000 [WARNING]   Could not re-fetch post 1u4f44m from Arctic Shift
2026-06-15T02:04:21+0000 [INFO]   Arctic Shift returned 4 comments
2026-06-15T02:04:21+0000 [INFO] Processing post 1u4f5dr (Arctic Shift): Goalies in USA v Paraguay
2026-06-15T02:04:22+0000 [WARNING]   Could not re-fetch post 1u4f5dr from Arctic Shift
2026-06-15T02:04:24+0000 [INFO]   Arctic Shift returned 1 comments
2026-06-15T02:04:24+0000 [INFO] Processing post 1u4f75m (Arctic Shift): English referee Michael Oliver replaced for first World Cup 
2026-06-15T02:04:25+0000 [WARNING]   Could not re-fetch post 1u4f75m from Arctic Shift
2026-06-15T02:04:27+0000 [INFO]   Arctic Shift returned 89 comments
2026-06-15T02:04:27+0000 [INFO] Processing post 1u4f4k3 (Arctic Shift): Muaricio (Paraguay) Slips in Goal - USA 3-1 vs Paraguay
2026-06-15T02:04:28+0000 [WARNING]   Could not re-fetch post 1u4f4k3 from Arctic Shift
2026-06-15T02:04:30+0000 [INFO]   Arctic Shift returned 5 comments
2026-06-15T02:04:30+0000 [INFO] Processing post 1u4f3zp (Arctic Shift): IShowSpeed was PAID $25 MILLION by the FIFA President to go 
2026-06-15T02:04:31+0000 [WARNING]   Could not re-fetch post 1u4f3zp from Arctic Shift
2026-06-15T02:04:33+0000 [INFO]   Arctic Shift returned 1 comments
2026-06-15T02:04:33+0000 [INFO] Processing post 1u4f85x (Arctic Shift): Ref cam
2026-06-15T02:04:34+0000 [WARNING]   Could not re-fetch post 1u4f85x from Arctic Shift
2026-06-15T02:04:36+0000 [INFO]   Arctic Shift returned 1 comments
2026-06-15T02:04:36+0000 [INFO] Processing post 1u4ff58 (Arctic Shift): Pepi miss agianst Paraguay 89'
2026-06-15T02:04:37+0000 [WARNING]   Could not re-fetch post 1u4ff58 from Arctic Shift
2026-06-15T02:04:39+0000 [INFO]   Arctic Shift returned 27 comments
2026-06-15T02:04:39+0000 [INFO] Processing post 1u4fck4 (Arctic Shift): USA wins
2026-06-15T02:04:40+0000 [WARNING]   Could not re-fetch post 1u4fck4 from Arctic Shift
2026-06-15T02:04:42+0000 [INFO]   Arctic Shift returned 2 comments
2026-06-15T02:04:42+0000 [INFO] Harvester complete (arctic_shift+rss). 34 posts processed, 0 failed, 1691 total comments collected.
2026-06-15T02:07:34+0000 [INFO] Harvester starting. Target time: 2026-06-13T02:07:34.151994+00:00. Mode: arctic_shift+rss
2026-06-15T02:07:34+0000 [INFO] No pending posts for target time 2026-06-13T02. Nothing to do.
2026-06-15T02:12:47+0000 [INFO] Harvester starting. Target time: 2026-06-13T02:12:47.684470+00:00. Mode: arctic_shift+rss
2026-06-15T02:12:47+0000 [INFO] No pending posts for target time 2026-06-13T02. Nothing to do.
2026-06-15T02:17:37+0000 [INFO] Harvester starting. Target time: 2026-06-13T02:17:37.392593+00:00. Mode: arctic_shift+rss
2026-06-15T02:17:37+0000 [INFO] No pending posts for target time 2026-06-13T02. Nothing to do.
2026-06-15T02:22:33+0000 [INFO] Harvester starting. Target time: 2026-06-13T02:22:33.442513+00:00. Mode: arctic_shift+rss
2026-06-15T02:22:33+0000 [INFO] No pending posts for target time 2026-06-13T02. Nothing to do.
