2026-06-18T17:24:14+0000 [INFO] Harvester starting. Target time: 2026-06-16T17:24:14.004530+00:00. Mode: arctic_shift+rss
2026-06-18T17:24:14+0000 [INFO] Found 21 posts to process
2026-06-18T17:24:14+0000 [INFO] Processing post 1u7jeio (Arctic Shift): Found in Nike store
2026-06-18T17:24:14+0000 [WARNING]   Could not re-fetch post 1u7jeio from Arctic Shift
2026-06-18T17:24:16+0000 [INFO]   Arctic Shift returned 1 comments
2026-06-18T17:24:16+0000 [INFO] Processing post 1u7jj22 (Arctic Shift): I turned Dominik Szoboszlai into a custom football collectib
2026-06-18T17:24:17+0000 [WARNING]   Could not re-fetch post 1u7jj22 from Arctic Shift
2026-06-18T17:24:19+0000 [INFO]   Arctic Shift returned 1 comments
2026-06-18T17:24:19+0000 [INFO] Processing post 1u7jtlf (Arctic Shift): VI: Tottenham and Brighton have reached a agreement for the 
2026-06-18T17:24:20+0000 [WARNING]   Could not re-fetch post 1u7jtlf from Arctic Shift
2026-06-18T17:24:21+0000 [INFO]   Arctic Shift returned 0 comments
2026-06-18T17:24:21+0000 [INFO] Processing post 1u7jsbm (Arctic Shift): Tottenham agree £52million Jan Paul van Hecke transfer with 
2026-06-18T17:24:22+0000 [WARNING]   Could not re-fetch post 1u7jsbm from Arctic Shift
2026-06-18T17:24:29+0000 [INFO]   Arctic Shift returned 571 comments
2026-06-18T17:24:29+0000 [INFO] Processing post 1u7js5k (Arctic Shift): TIL Gelson Fernandes, the player who scored against Spain in
2026-06-18T17:24:30+0000 [WARNING]   Could not re-fetch post 1u7js5k from Arctic Shift
2026-06-18T17:24:32+0000 [INFO]   Arctic Shift returned 1 comments
2026-06-18T17:24:32+0000 [INFO] Processing post 1u7jtlm (Arctic Shift): [David Ornstein] Tottenham agree £52million Jan Paul van Hec
2026-06-18T17:24:33+0000 [WARNING]   Could not re-fetch post 1u7jtlm from Arctic Shift
2026-06-18T17:24:35+0000 [INFO]   Arctic Shift returned 69 comments
2026-06-18T17:24:35+0000 [INFO] Processing post 1u7jkoj (Arctic Shift): [Flashscore] Spain have only won three games at the World Cu
2026-06-18T17:24:36+0000 [WARNING]   Could not re-fetch post 1u7jkoj from Arctic Shift
2026-06-18T17:24:39+0000 [INFO]   Arctic Shift returned 150 comments
2026-06-18T17:24:39+0000 [INFO] Processing post 1u7jvzb (Arctic Shift): Harry Maguire on receiving the news he'd been left out of th
2026-06-18T17:24:40+0000 [WARNING]   Could not re-fetch post 1u7jvzb from Arctic Shift
2026-06-18T17:24:43+0000 [INFO]   Arctic Shift returned 152 comments
2026-06-18T17:24:43+0000 [INFO] Processing post 1u7jvzp (Arctic Shift): Lech Poznań sign Mateusz Lis from Göztepe
2026-06-18T17:24:44+0000 [WARNING]   Could not re-fetch post 1u7jvzp from Arctic Shift
2026-06-18T17:24:46+0000 [INFO]   Arctic Shift returned 1 comments
2026-06-18T17:24:46+0000 [INFO] Processing post 1u7jzq7 (Arctic Shift): German national team players encounter a venomous snake whil
2026-06-18T17:24:47+0000 [WARNING]   Could not re-fetch post 1u7jzq7 from Arctic Shift
2026-06-18T17:24:49+0000 [INFO]   Arctic Shift returned 1 comments
2026-06-18T17:24:49+0000 [INFO] Processing post 1u7jzxt (Arctic Shift): Cute or too cute — would you wear this soccer bear tee?
2026-06-18T17:24:50+0000 [WARNING]   Could not re-fetch post 1u7jzxt from Arctic Shift
2026-06-18T17:24:51+0000 [INFO]   Arctic Shift returned 0 comments
2026-06-18T17:24:51+0000 [INFO] Processing post 1u7k0og (Arctic Shift): It's the best time of the year!
2026-06-18T17:24:52+0000 [WARNING]   Could not re-fetch post 1u7k0og from Arctic Shift
2026-06-18T17:24:55+0000 [INFO]   Arctic Shift returned 1 comments
2026-06-18T17:24:55+0000 [INFO] Processing post 1u7k13x (Arctic Shift): German national team players encounted a venomous snake whil
2026-06-18T17:24:55+0000 [WARNING]   Could not re-fetch post 1u7k13x from Arctic Shift
2026-06-18T17:24:59+0000 [INFO]   Arctic Shift returned 149 comments
2026-06-18T17:24:59+0000 [INFO] Processing post 1u7k60s (Arctic Shift): Free printable World Cup 2026 score tracker for all 48 teams
2026-06-18T17:24:59+0000 [WARNING]   Could not re-fetch post 1u7k60s from Arctic Shift
2026-06-18T17:25:02+0000 [INFO]   Arctic Shift returned 1 comments
2026-06-18T17:25:02+0000 [INFO] Processing post 1u7k7ov (Arctic Shift): Newcastle in talks to sign Spain winger Munoz
2026-06-18T17:25:03+0000 [WARNING]   Could not re-fetch post 1u7k7ov from Arctic Shift
2026-06-18T17:25:04+0000 [INFO]   Arctic Shift returned 1 comments
2026-06-18T17:25:04+0000 [INFO] Processing post 1u7keu2 (Arctic Shift): During Saudi Arabia vs Uruguay, a Brasil channel used Tchoua
2026-06-18T17:25:06+0000 [WARNING]   Could not re-fetch post 1u7keu2 from Arctic Shift
2026-06-18T17:25:08+0000 [INFO]   Arctic Shift returned 24 comments
2026-06-18T17:25:08+0000 [INFO] Processing post 1u7kubt (Arctic Shift): The Crown is Theirs
2026-06-18T17:25:09+0000 [WARNING]   Could not re-fetch post 1u7kubt from Arctic Shift
2026-06-18T17:25:11+0000 [INFO]   Arctic Shift returned 2 comments
2026-06-18T17:25:11+0000 [INFO] Processing post 1u7kt59 (Arctic Shift): Algeria fans in Kansas City ahead of their World Cup opener 
2026-06-18T17:25:11+0000 [WARNING]   Could not re-fetch post 1u7kt59 from Arctic Shift
2026-06-18T17:25:14+0000 [INFO]   Arctic Shift returned 48 comments
2026-06-18T17:25:14+0000 [INFO] Processing post 1u7ku06 (Arctic Shift): [HOA] Morgan Rogers has given preference to joining Arsenal 
2026-06-18T17:25:15+0000 [WARNING]   Could not re-fetch post 1u7ku06 from Arctic Shift
2026-06-18T17:25:19+0000 [INFO]   Arctic Shift returned 104 comments
2026-06-18T17:25:19+0000 [INFO] Processing post 1u7ksan (Arctic Shift): 'Everything is like disaster' - Iran Captain Taremi criticis
2026-06-18T17:25:19+0000 [WARNING]   Could not re-fetch post 1u7ksan from Arctic Shift
2026-06-18T17:25:21+0000 [INFO]   Arctic Shift returned 1 comments
2026-06-18T17:25:21+0000 [INFO] Processing post 1u7kysg (Arctic Shift): The hydration breaks [oc]
2026-06-18T17:25:22+0000 [WARNING]   Could not re-fetch post 1u7kysg from Arctic Shift
2026-06-18T17:25:24+0000 [INFO]   Arctic Shift returned 1 comments
2026-06-18T17:25:24+0000 [INFO] Harvester complete (arctic_shift+rss). 21 posts processed, 0 failed, 1279 total comments collected.
2026-06-18T17:34:20+0000 [INFO] Harvester starting. Target time: 2026-06-16T17:34:20.729901+00:00. Mode: arctic_shift+rss
2026-06-18T17:34:20+0000 [INFO] No pending posts for target time 2026-06-16T17. Nothing to do.
2026-06-18T17:44:50+0000 [INFO] Harvester starting. Target time: 2026-06-16T17:44:50.574857+00:00. Mode: arctic_shift+rss
2026-06-18T17:44:50+0000 [INFO] No pending posts for target time 2026-06-16T17. Nothing to do.
2026-06-18T17:54:19+0000 [INFO] Harvester starting. Target time: 2026-06-16T17:54:19.862554+00:00. Mode: arctic_shift+rss
2026-06-18T17:54:19+0000 [INFO] No pending posts for target time 2026-06-16T17. Nothing to do.
