2026-06-15T10:03:21+0000 [INFO] Harvester starting. Target time: 2026-06-13T10:03:21.669925+00:00. Mode: arctic_shift+rss
2026-06-15T10:03:21+0000 [INFO] Found 12 posts to process
2026-06-15T10:03:21+0000 [INFO] Processing post 1u4mxe9 (Arctic Shift): What a terrifying performance from the US team. I was in sho
2026-06-15T10:03:22+0000 [WARNING]   Could not re-fetch post 1u4mxe9 from Arctic Shift
2026-06-15T10:03:24+0000 [INFO]   Arctic Shift returned 1 comments
2026-06-15T10:03:24+0000 [INFO] Processing post 1u4mxwb (Arctic Shift): With Bono at their back, Morocco aim for yet more FIFA World
2026-06-15T10:03:25+0000 [WARNING]   Could not re-fetch post 1u4mxwb from Arctic Shift
2026-06-15T10:03:27+0000 [INFO]   Arctic Shift returned 1 comments
2026-06-15T10:03:27+0000 [INFO] Processing post 1u4n4gl (Arctic Shift): Sead Kolasinac loses throw-in as new 5-second rule is used f
2026-06-15T10:03:28+0000 [WARNING]   Could not re-fetch post 1u4n4gl from Arctic Shift
2026-06-15T10:03:30+0000 [INFO]   Arctic Shift returned 66 comments
2026-06-15T10:03:30+0000 [INFO] Processing post 1u4n2ff (Arctic Shift): Shakira has more World Cup appearances than Italy since 2006
2026-06-15T10:03:31+0000 [WARNING]   Could not re-fetch post 1u4n2ff from Arctic Shift
2026-06-15T10:03:33+0000 [INFO]   Arctic Shift returned 1 comments
2026-06-15T10:03:33+0000 [INFO] Processing post 1u4n42i (Arctic Shift): 2 German men arrested at Toronto FIFA match for allegedly th
2026-06-15T10:03:34+0000 [WARNING]   Could not re-fetch post 1u4n42i from Arctic Shift
2026-06-15T10:03:36+0000 [INFO]   Arctic Shift returned 37 comments
2026-06-15T10:03:36+0000 [INFO] Processing post 1u4n5pa (Arctic Shift): Kang-in Lee gets his phone taken from him by Manager Hong My
2026-06-15T10:03:37+0000 [WARNING]   Could not re-fetch post 1u4n5pa from Arctic Shift
2026-06-15T10:03:39+0000 [INFO]   Arctic Shift returned 13 comments
2026-06-15T10:03:39+0000 [INFO] Processing post 1u4n64v (Arctic Shift): Made a World Cup 2026 Prediction Bracket. No Sign Up Needed.
2026-06-15T10:03:40+0000 [WARNING]   Could not re-fetch post 1u4n64v from Arctic Shift
2026-06-15T10:03:42+0000 [INFO]   Arctic Shift returned 2 comments
2026-06-15T10:03:42+0000 [INFO] Processing post 1u4nbro (Arctic Shift): The entire USMNT squad and staff joined in for the postgame 
2026-06-15T10:03:43+0000 [WARNING]   Could not re-fetch post 1u4nbro from Arctic Shift
2026-06-15T10:03:45+0000 [INFO]   Arctic Shift returned 35 comments
2026-06-15T10:03:45+0000 [INFO] Processing post 1u4nbwt (Arctic Shift): Hey everyone
2026-06-15T10:03:46+0000 [WARNING]   Could not re-fetch post 1u4nbwt from Arctic Shift
2026-06-15T10:03:47+0000 [INFO]   Arctic Shift returned 0 comments
2026-06-15T10:03:47+0000 [INFO] Processing post 1u4ngg9 (Arctic Shift): Someone bet 1.8 million dollars for the U.S to lose their ma
2026-06-15T10:03:48+0000 [WARNING]   Could not re-fetch post 1u4ngg9 from Arctic Shift
2026-06-15T10:03:50+0000 [INFO]   Arctic Shift returned 1 comments
2026-06-15T10:03:50+0000 [INFO] Processing post 1u4nnsd (Arctic Shift): The nutrition gap between players and fans watching them is 
2026-06-15T10:03:51+0000 [WARNING]   Could not re-fetch post 1u4nnsd from Arctic Shift
2026-06-15T10:03:53+0000 [INFO]   Arctic Shift returned 1 comments
2026-06-15T10:03:53+0000 [INFO] Processing post 1u4nssm (Arctic Shift): [World Cup 2026 Preview] Brazil: Ancelotti, Pressure, and th
2026-06-15T10:03:54+0000 [WARNING]   Could not re-fetch post 1u4nssm from Arctic Shift
2026-06-15T10:03:56+0000 [INFO]   Arctic Shift returned 40 comments
2026-06-15T10:03:56+0000 [INFO] Harvester complete (arctic_shift+rss). 12 posts processed, 0 failed, 198 total comments collected.
2026-06-15T10:08:30+0000 [INFO] Harvester starting. Target time: 2026-06-13T10:08:30.651344+00:00. Mode: arctic_shift+rss
2026-06-15T10:08:30+0000 [INFO] No pending posts for target time 2026-06-13T10. Nothing to do.
2026-06-15T10:13:17+0000 [INFO] Harvester starting. Target time: 2026-06-13T10:13:17.644227+00:00. Mode: arctic_shift+rss
2026-06-15T10:13:17+0000 [INFO] No pending posts for target time 2026-06-13T10. Nothing to do.
2026-06-15T10:18:02+0000 [INFO] Harvester starting. Target time: 2026-06-13T10:18:02.355703+00:00. Mode: arctic_shift+rss
2026-06-15T10:18:02+0000 [INFO] No pending posts for target time 2026-06-13T10. Nothing to do.
2026-06-15T10:22:58+0000 [INFO] Harvester starting. Target time: 2026-06-13T10:22:58.845669+00:00. Mode: arctic_shift+rss
2026-06-15T10:22:58+0000 [INFO] No pending posts for target time 2026-06-13T10. Nothing to do.
