2026-06-18T06:03:22+0000 [INFO] Harvester starting. Target time: 2026-06-16T06:03:22.128249+00:00. Mode: arctic_shift+rss
2026-06-18T06:03:22+0000 [INFO] Found 18 posts to process
2026-06-18T06:03:22+0000 [INFO] Processing post 1u754gv (Arctic Shift): Who's going to tell them?
2026-06-18T06:03:22+0000 [WARNING]   Could not re-fetch post 1u754gv from Arctic Shift
2026-06-18T06:03:24+0000 [INFO]   Arctic Shift returned 1 comments
2026-06-18T06:03:24+0000 [INFO] Processing post 1u7563r (Arctic Shift): Thomas Partey will appear before a court in Canada Today
2026-06-18T06:03:25+0000 [WARNING]   Could not re-fetch post 1u7563r from Arctic Shift
2026-06-18T06:03:27+0000 [INFO]   Arctic Shift returned 1 comments
2026-06-18T06:03:27+0000 [INFO] Processing post 1u7582t (Arctic Shift): Thomas Partey to Appear before a Court Today in Canada over 
2026-06-18T06:03:28+0000 [WARNING]   Could not re-fetch post 1u7582t from Arctic Shift
2026-06-18T06:03:30+0000 [INFO]   Arctic Shift returned 1 comments
2026-06-18T06:03:30+0000 [INFO] Processing post 1u759n1 (Arctic Shift): World Cup 2026: Shaun Evans says gesture was 'involuntary, s
2026-06-18T06:03:31+0000 [WARNING]   Could not re-fetch post 1u759n1 from Arctic Shift
2026-06-18T06:03:33+0000 [INFO]   Arctic Shift returned 1 comments
2026-06-18T06:03:33+0000 [INFO] Processing post 1u75c2d (Arctic Shift): That Feeling When the Net Ripples 🥅⚽"
2026-06-18T06:03:34+0000 [WARNING]   Could not re-fetch post 1u75c2d from Arctic Shift
2026-06-18T06:03:36+0000 [INFO]   Arctic Shift returned 1 comments
2026-06-18T06:03:36+0000 [INFO] Processing post 1u75ac7 (Arctic Shift): Luka Modric 2006.-2026.(198 appearances for his country Croa
2026-06-18T06:03:37+0000 [WARNING]   Could not re-fetch post 1u75ac7 from Arctic Shift
2026-06-18T06:03:39+0000 [INFO]   Arctic Shift returned 1 comments
2026-06-18T06:03:39+0000 [INFO] Processing post 1u75frc (Arctic Shift): Iran World Cup team coach says it was booted from U.S. right
2026-06-18T06:03:40+0000 [WARNING]   Could not re-fetch post 1u75frc from Arctic Shift
2026-06-18T06:03:42+0000 [INFO]   Arctic Shift returned 1 comments
2026-06-18T06:03:42+0000 [INFO] Processing post 1u75h8g (Arctic Shift): Found a football AI that actually has live tournament data, 
2026-06-18T06:03:43+0000 [WARNING]   Could not re-fetch post 1u75h8g from Arctic Shift
2026-06-18T06:03:45+0000 [INFO]   Arctic Shift returned 1 comments
2026-06-18T06:03:45+0000 [INFO] Processing post 1u75m2q (Arctic Shift): World Cup Of Haramball
2026-06-18T06:03:46+0000 [WARNING]   Could not re-fetch post 1u75m2q from Arctic Shift
2026-06-18T06:03:48+0000 [INFO]   Arctic Shift returned 2 comments
2026-06-18T06:03:48+0000 [INFO] Processing post 1u75npn (Arctic Shift): Observations on Morocco’s defensive transitions and wide-tra
2026-06-18T06:03:49+0000 [WARNING]   Could not re-fetch post 1u75npn from Arctic Shift
2026-06-18T06:03:51+0000 [INFO]   Arctic Shift returned 1 comments
2026-06-18T06:03:51+0000 [INFO] Processing post 1u75osl (Arctic Shift): World Cup Of Haramball
2026-06-18T06:03:52+0000 [WARNING]   Could not re-fetch post 1u75osl from Arctic Shift
2026-06-18T06:03:54+0000 [INFO]   Arctic Shift returned 2 comments
2026-06-18T06:03:54+0000 [INFO] Processing post 1u75nmg (Arctic Shift): Iran forced to leave US immediately after World Cup draw wit
2026-06-18T06:03:55+0000 [WARNING]   Could not re-fetch post 1u75nmg from Arctic Shift
2026-06-18T06:04:06+0000 [INFO]   Arctic Shift returned 955 comments
2026-06-18T06:04:06+0000 [INFO] Processing post 1u75nw7 (Arctic Shift): Cooling breaks are a good thing and would be a good addition
2026-06-18T06:04:07+0000 [WARNING]   Could not re-fetch post 1u75nw7 from Arctic Shift
2026-06-18T06:04:09+0000 [INFO]   Arctic Shift returned 2 comments
2026-06-18T06:04:09+0000 [INFO] Processing post 1u75xg0 (Arctic Shift): [AD] Top 10 outgoing Eredivisie transfers, Saibari to Bayern
2026-06-18T06:04:10+0000 [WARNING]   Could not re-fetch post 1u75xg0 from Arctic Shift
2026-06-18T06:04:11+0000 [INFO]   Arctic Shift returned 0 comments
2026-06-18T06:04:11+0000 [INFO] Processing post 1u76035 (Arctic Shift): [Ben Jacobs] In a surprise move, the Tunisian Football Feder
2026-06-18T06:04:12+0000 [WARNING]   Could not re-fetch post 1u76035 from Arctic Shift
2026-06-18T06:04:14+0000 [INFO]   Arctic Shift returned 20 comments
2026-06-18T06:04:14+0000 [INFO] Processing post 1u760qf (Arctic Shift): [L'Equipe] Champion or culprit, adored or damned: Kylian Mba
2026-06-18T06:04:15+0000 [WARNING]   Could not re-fetch post 1u760qf from Arctic Shift
2026-06-18T06:04:17+0000 [INFO]   Arctic Shift returned 2 comments
2026-06-18T06:04:17+0000 [INFO] Processing post 1u75y94 (Arctic Shift): [AD] Top 5 outgoing Eredivisie transfers. Saibari to Bayern 
2026-06-18T06:04:18+0000 [WARNING]   Could not re-fetch post 1u75y94 from Arctic Shift
2026-06-18T06:04:20+0000 [INFO]   Arctic Shift returned 59 comments
2026-06-18T06:04:20+0000 [INFO] Processing post 1u760rf (Arctic Shift): [Reuters] Tunisia replace coach Sabri Lamouchi with Herve Re
2026-06-18T06:04:21+0000 [WARNING]   Could not re-fetch post 1u760rf from Arctic Shift
2026-06-18T06:04:22+0000 [INFO]   Arctic Shift returned 0 comments
2026-06-18T06:04:22+0000 [INFO] Harvester complete (arctic_shift+rss). 18 posts processed, 0 failed, 1051 total comments collected.
2026-06-18T06:08:26+0000 [INFO] Harvester starting. Target time: 2026-06-16T06:08:26.791371+00:00. Mode: arctic_shift+rss
2026-06-18T06:08:26+0000 [INFO] No pending posts for target time 2026-06-16T06. Nothing to do.
2026-06-18T06:13:30+0000 [INFO] Harvester starting. Target time: 2026-06-16T06:13:30.516104+00:00. Mode: arctic_shift+rss
2026-06-18T06:13:30+0000 [INFO] No pending posts for target time 2026-06-16T06. Nothing to do.
2026-06-18T06:18:33+0000 [INFO] Harvester starting. Target time: 2026-06-16T06:18:33.573686+00:00. Mode: arctic_shift+rss
2026-06-18T06:18:33+0000 [INFO] No pending posts for target time 2026-06-16T06. Nothing to do.
2026-06-18T06:23:28+0000 [INFO] Harvester starting. Target time: 2026-06-16T06:23:28.251888+00:00. Mode: arctic_shift+rss
2026-06-18T06:23:28+0000 [INFO] No pending posts for target time 2026-06-16T06. Nothing to do.
2026-06-18T06:27:04+0000 [INFO] Harvester starting. Target time: 2026-06-16T06:27:04.864259+00:00. Mode: arctic_shift+rss
2026-06-18T06:27:04+0000 [INFO] No pending posts for target time 2026-06-16T06. Nothing to do.
2026-06-18T06:33:28+0000 [INFO] Harvester starting. Target time: 2026-06-16T06:33:28.536128+00:00. Mode: arctic_shift+rss
2026-06-18T06:33:28+0000 [INFO] No pending posts for target time 2026-06-16T06. Nothing to do.
