2026-06-21T01:46:21+0000 [INFO] Harvester starting. Target time: 2026-06-19T01:46:21.068642+00:00. Mode: arctic_shift+rss
2026-06-21T01:46:21+0000 [INFO] Found 13 posts to process
2026-06-21T01:46:21+0000 [INFO] Processing post 1u9o03q (Arctic Shift): Police officers receive Uruguayan emblems
2026-06-21T01:46:21+0000 [WARNING]   Could not re-fetch post 1u9o03q from Arctic Shift
2026-06-21T01:46:23+0000 [INFO]   Arctic Shift returned 18 comments
2026-06-21T01:46:23+0000 [INFO] Processing post 1u9nya3 (Arctic Shift): Brazil supporters demand a better performance from Raphinha 
2026-06-21T01:46:24+0000 [WARNING]   Could not re-fetch post 1u9nya3 from Arctic Shift
2026-06-21T01:46:27+0000 [INFO]   Arctic Shift returned 110 comments
2026-06-21T01:46:27+0000 [INFO] Processing post 1u9ny6i (Arctic Shift): Lopetegui and Marsch having a quarrel
2026-06-21T01:46:28+0000 [WARNING]   Could not re-fetch post 1u9ny6i from Arctic Shift
2026-06-21T01:46:36+0000 [INFO]   Arctic Shift returned 640 comments
2026-06-21T01:46:36+0000 [INFO] Processing post 1u9o7go (Arctic Shift): Son Heung-Min big chance against Mexico 16'
2026-06-21T01:46:37+0000 [WARNING]   Could not re-fetch post 1u9o7go from Arctic Shift
2026-06-21T01:46:39+0000 [INFO]   Arctic Shift returned 29 comments
2026-06-21T01:46:39+0000 [INFO] Processing post 1u9o3j3 (Arctic Shift): What is this stat TCS?
2026-06-21T01:46:40+0000 [WARNING]   Could not re-fetch post 1u9o3j3 from Arctic Shift
2026-06-21T01:46:42+0000 [INFO]   Arctic Shift returned 1 comments
2026-06-21T01:46:42+0000 [INFO] Processing post 1u9ocwm (Arctic Shift): Your country’s national team nicknames and supporters group 
2026-06-21T01:46:43+0000 [WARNING]   Could not re-fetch post 1u9ocwm from Arctic Shift
2026-06-21T01:46:45+0000 [INFO]   Arctic Shift returned 1 comments
2026-06-21T01:46:45+0000 [INFO] Processing post 1u9ocxe (Arctic Shift): As a mexican , i dont care who wins i just wanna party with 
2026-06-21T01:46:46+0000 [WARNING]   Could not re-fetch post 1u9ocxe from Arctic Shift
2026-06-21T01:46:48+0000 [INFO]   Arctic Shift returned 1 comments
2026-06-21T01:46:48+0000 [INFO] Processing post 1u9ob8u (Arctic Shift): Edson Alvarez goal line clearance against South Korea
2026-06-21T01:46:49+0000 [WARNING]   Could not re-fetch post 1u9ob8u from Arctic Shift
2026-06-21T01:46:51+0000 [INFO]   Arctic Shift returned 38 comments
2026-06-21T01:46:51+0000 [INFO] Processing post 1u9oap7 (Arctic Shift): Why do side judges let a clearly offside play continue?
2026-06-21T01:46:52+0000 [WARNING]   Could not re-fetch post 1u9oap7 from Arctic Shift
2026-06-21T01:46:54+0000 [INFO]   Arctic Shift returned 1 comments
2026-06-21T01:46:54+0000 [INFO] Processing post 1u9on3c (Arctic Shift): Downtown Vancouver after Canada's 6-0 win over Qatar
2026-06-21T01:46:55+0000 [WARNING]   Could not re-fetch post 1u9on3c from Arctic Shift
2026-06-21T01:46:57+0000 [INFO]   Arctic Shift returned 8 comments
2026-06-21T01:46:57+0000 [INFO] Processing post 1u9osit (Arctic Shift): Question
2026-06-21T01:46:58+0000 [WARNING]   Could not re-fetch post 1u9osit from Arctic Shift
2026-06-21T01:47:00+0000 [INFO]   Arctic Shift returned 2 comments
2026-06-21T01:47:00+0000 [INFO] Processing post 1u9p12x (Arctic Shift): The structural irony of Japanese football: Global praise for
2026-06-21T01:47:01+0000 [WARNING]   Could not re-fetch post 1u9p12x from Arctic Shift
2026-06-21T01:47:03+0000 [INFO]   Arctic Shift returned 2 comments
2026-06-21T01:47:03+0000 [INFO] Processing post 1u9oyin (Arctic Shift): [Fabrizio Romano] Understand Canada midfielder Ismael Koné h
2026-06-21T01:47:04+0000 [WARNING]   Could not re-fetch post 1u9oyin from Arctic Shift
2026-06-21T01:47:06+0000 [INFO]   Arctic Shift returned 94 comments
2026-06-21T01:47:06+0000 [INFO] Harvester complete (arctic_shift+rss). 13 posts processed, 0 failed, 945 total comments collected.
