2026-06-15T01:02:47+0000 [INFO] Harvester starting. Target time: 2026-06-13T01:02:47.931502+00:00. Mode: arctic_shift+rss
2026-06-15T01:02:47+0000 [INFO] Found 37 posts to process
2026-06-15T01:02:48+0000 [INFO] Processing post 1u4d7ww (Arctic Shift): I built a website that turns your selfie into a WorldCup foo
2026-06-15T01:02:48+0000 [WARNING]   Could not re-fetch post 1u4d7ww from Arctic Shift
2026-06-15T01:02:50+0000 [INFO]   Arctic Shift returned 1 comments
2026-06-15T01:02:50+0000 [INFO] Processing post 1u4d97g (Arctic Shift): US vs Paraguay match today 13th June 2026. Go Paraguay
2026-06-15T01:02:51+0000 [WARNING]   Could not re-fetch post 1u4d97g from Arctic Shift
2026-06-15T01:02:53+0000 [INFO]   Arctic Shift returned 3 comments
2026-06-15T01:02:53+0000 [INFO] Processing post 1u4d7ya (Arctic Shift): USA vs Paraguay Prediction ⚽ Who Wins This FIFA World Cup 20
2026-06-15T01:02:54+0000 [WARNING]   Could not re-fetch post 1u4d7ya from Arctic Shift
2026-06-15T01:02:56+0000 [INFO]   Arctic Shift returned 1 comments
2026-06-15T01:02:56+0000 [INFO] Processing post 1u4d9cc (Arctic Shift): United States [1] vs 0 Paraguay - Damián Bobadilla OG
2026-06-15T01:02:57+0000 [WARNING]   Could not re-fetch post 1u4d9cc from Arctic Shift
2026-06-15T01:02:59+0000 [INFO]   Arctic Shift returned 16 comments
2026-06-15T01:02:59+0000 [INFO] Processing post 1u4d977 (Arctic Shift): USA 1-0 Paraguay - Damián Bobadilla own goal 7'
2026-06-15T01:03:00+0000 [WARNING]   Could not re-fetch post 1u4d977 from Arctic Shift
2026-06-15T01:03:05+0000 [INFO]   Arctic Shift returned 319 comments
2026-06-15T01:03:05+0000 [INFO] Processing post 1u4dbv5 (Arctic Shift): Estados Unidos (1) - Paraguai 0 Bobadilla Auto Golo (7)
2026-06-15T01:03:06+0000 [WARNING]   Could not re-fetch post 1u4dbv5 from Arctic Shift
2026-06-15T01:03:08+0000 [INFO]   Arctic Shift returned 6 comments
2026-06-15T01:03:08+0000 [INFO] Processing post 1u4dapw (Arctic Shift): USA 1-0 Paraguay -Damian Bobadilla 8' (OG)
2026-06-15T01:03:09+0000 [WARNING]   Could not re-fetch post 1u4dapw from Arctic Shift
2026-06-15T01:03:11+0000 [INFO]   Arctic Shift returned 35 comments
2026-06-15T01:03:11+0000 [INFO] Processing post 1u4dd9c (Arctic Shift): I built a website that turns your selfie into a WorldCup foo
2026-06-15T01:03:12+0000 [WARNING]   Could not re-fetch post 1u4dd9c from Arctic Shift
2026-06-15T01:03:14+0000 [INFO]   Arctic Shift returned 1 comments
2026-06-15T01:03:14+0000 [INFO] Processing post 1u4dgl0 (Arctic Shift): Sergino Dest chance against Paraguay 17'
2026-06-15T01:03:15+0000 [WARNING]   Could not re-fetch post 1u4dgl0 from Arctic Shift
2026-06-15T01:03:17+0000 [INFO]   Arctic Shift returned 33 comments
2026-06-15T01:03:17+0000 [INFO] Processing post 1u4dhcd (Arctic Shift): Balogun chance agaisnt Paraguay 17'
2026-06-15T01:03:18+0000 [WARNING]   Could not re-fetch post 1u4dhcd from Arctic Shift
2026-06-15T01:03:20+0000 [INFO]   Arctic Shift returned 3 comments
2026-06-15T01:03:20+0000 [INFO] Processing post 1u4ddwn (Arctic Shift): Which National Teams to Support at the World Cup for the Bes
2026-06-15T01:03:21+0000 [WARNING]   Could not re-fetch post 1u4ddwn from Arctic Shift
2026-06-15T01:03:23+0000 [INFO]   Arctic Shift returned 2 comments
2026-06-15T01:03:23+0000 [INFO] Processing post 1u4dg3l (Arctic Shift): Sergino Dest chance against Paraguay 17'
2026-06-15T01:03:24+0000 [WARNING]   Could not re-fetch post 1u4dg3l from Arctic Shift
2026-06-15T01:03:26+0000 [INFO]   Arctic Shift returned 8 comments
2026-06-15T01:03:26+0000 [INFO] Processing post 1u4dksx (Arctic Shift): Ref’s name on the back of the shirt?
2026-06-15T01:03:27+0000 [WARNING]   Could not re-fetch post 1u4dksx from Arctic Shift
2026-06-15T01:03:29+0000 [INFO]   Arctic Shift returned 1 comments
2026-06-15T01:03:29+0000 [INFO] Processing post 1u4dojf (Arctic Shift): USA 2 - 0 Paraguay - F. Balogun 27'
2026-06-15T01:03:30+0000 [WARNING]   Could not re-fetch post 1u4dojf from Arctic Shift
2026-06-15T01:03:32+0000 [INFO]   Arctic Shift returned 16 comments
2026-06-15T01:03:32+0000 [INFO] Processing post 1u4doqa (Arctic Shift): Fox commentator actually said "this is the end of the first 
2026-06-15T01:03:33+0000 [WARNING]   Could not re-fetch post 1u4doqa from Arctic Shift
2026-06-15T01:03:35+0000 [INFO]   Arctic Shift returned 14 comments
2026-06-15T01:03:35+0000 [INFO] Processing post 1u4dnea (Arctic Shift): These World Cup hydration breaks are actually due to capital
2026-06-15T01:03:36+0000 [WARNING]   Could not re-fetch post 1u4dnea from Arctic Shift
2026-06-15T01:03:38+0000 [INFO]   Arctic Shift returned 1 comments
2026-06-15T01:03:38+0000 [INFO] Processing post 1u4do7p (Arctic Shift): United States [2] vs 0 Paraguay - Folarin Balogun goal
2026-06-15T01:03:39+0000 [WARNING]   Could not re-fetch post 1u4do7p from Arctic Shift
2026-06-15T01:03:41+0000 [INFO]   Arctic Shift returned 1 comments
2026-06-15T01:03:41+0000 [INFO] Processing post 1u4dnd8 (Arctic Shift): Fox commentator actually said "this is the end of the first 
2026-06-15T01:03:42+0000 [WARNING]   Could not re-fetch post 1u4dnd8 from Arctic Shift
2026-06-15T01:03:44+0000 [INFO]   Arctic Shift returned 1 comments
2026-06-15T01:03:44+0000 [INFO] Processing post 1u4dl3d (Arctic Shift): What do we have to do to get Fox
2026-06-15T01:03:45+0000 [WARNING]   Could not re-fetch post 1u4dl3d from Arctic Shift
2026-06-15T01:03:47+0000 [INFO]   Arctic Shift returned 1 comments
2026-06-15T01:03:47+0000 [INFO] Processing post 1u4do51 (Arctic Shift): USA 2-0 Paraguay - Balogun 28'
2026-06-15T01:03:48+0000 [WARNING]   Could not re-fetch post 1u4do51 from Arctic Shift
2026-06-15T01:03:50+0000 [INFO]   Arctic Shift returned 2 comments
2026-06-15T01:03:50+0000 [INFO] Processing post 1u4dq4w (Arctic Shift): USA 2-0 Paraguay - Folarin Balogun 31'
2026-06-15T01:03:51+0000 [WARNING]   Could not re-fetch post 1u4dq4w from Arctic Shift
2026-06-15T01:03:58+0000 [INFO]   Arctic Shift returned 513 comments
2026-06-15T01:03:58+0000 [INFO] Processing post 1u4dp8h (Arctic Shift): Balogun disallowed goal against Paraguay 27'
2026-06-15T01:03:59+0000 [WARNING]   Could not re-fetch post 1u4dp8h from Arctic Shift
2026-06-15T01:04:01+0000 [INFO]   Arctic Shift returned 52 comments
2026-06-15T01:04:01+0000 [INFO] Processing post 1u4dpfh (Arctic Shift): USA disallowed goal against Paraguay 28'
2026-06-15T01:04:02+0000 [WARNING]   Could not re-fetch post 1u4dpfh from Arctic Shift
2026-06-15T01:04:04+0000 [INFO]   Arctic Shift returned 5 comments
2026-06-15T01:04:04+0000 [INFO] Processing post 1u4dsay (Arctic Shift): Alternate angles of Folarin Balogun's goal  31'
2026-06-15T01:04:05+0000 [WARNING]   Could not re-fetch post 1u4dsay from Arctic Shift
2026-06-15T01:04:07+0000 [INFO]   Arctic Shift returned 7 comments
2026-06-15T01:04:07+0000 [INFO] Processing post 1u4dqwo (Arctic Shift): Hydration break is just a ploy to play ads
2026-06-15T01:04:08+0000 [WARNING]   Could not re-fetch post 1u4dqwo from Arctic Shift
2026-06-15T01:04:10+0000 [INFO]   Arctic Shift returned 1 comments
2026-06-15T01:04:10+0000 [INFO] Processing post 1u4drzl (Arctic Shift): 7.4% of South Korea’s population was watching Korea vs Czech
2026-06-15T01:04:11+0000 [WARNING]   Could not re-fetch post 1u4drzl from Arctic Shift
2026-06-15T01:04:13+0000 [INFO]   Arctic Shift returned 1 comments
2026-06-15T01:04:13+0000 [INFO] Processing post 1u4dtjo (Arctic Shift): England’s World Cup training equipment reportedly stolen en 
2026-06-15T01:04:14+0000 [WARNING]   Could not re-fetch post 1u4dtjo from Arctic Shift
2026-06-15T01:04:18+0000 [INFO]   Arctic Shift returned 225 comments
2026-06-15T01:04:18+0000 [INFO] Processing post 1u4dt7x (Arctic Shift): might just be the most expensive goal in history
2026-06-15T01:04:19+0000 [WARNING]   Could not re-fetch post 1u4dt7x from Arctic Shift
2026-06-15T01:04:21+0000 [INFO]   Arctic Shift returned 1 comments
2026-06-15T01:04:21+0000 [INFO] Processing post 1u4dxtr (Arctic Shift): Brazil vs Morocco. The whole of Africa tomorrow:
2026-06-15T01:04:22+0000 [WARNING]   Could not re-fetch post 1u4dxtr from Arctic Shift
2026-06-15T01:04:24+0000 [INFO]   Arctic Shift returned 1 comments
2026-06-15T01:04:24+0000 [INFO] Processing post 1u4dwdu (Arctic Shift): 🇧🇷Brazil vs Morocco🇲🇦 The whole of Africa tomorrow;
2026-06-15T01:04:25+0000 [WARNING]   Could not re-fetch post 1u4dwdu from Arctic Shift
2026-06-15T01:04:27+0000 [INFO]   Arctic Shift returned 1 comments
2026-06-15T01:04:27+0000 [INFO] Processing post 1u4dx7o (Arctic Shift): Brazil vs Morocco. The whole of Africa tomorrow:
2026-06-15T01:04:28+0000 [WARNING]   Could not re-fetch post 1u4dx7o from Arctic Shift
2026-06-15T01:04:30+0000 [INFO]   Arctic Shift returned 2 comments
2026-06-15T01:04:30+0000 [INFO] Processing post 1u4dzkf (Arctic Shift): USA big chance against Paraguay 44'
2026-06-15T01:04:31+0000 [WARNING]   Could not re-fetch post 1u4dzkf from Arctic Shift
2026-06-15T01:04:33+0000 [INFO]   Arctic Shift returned 48 comments
2026-06-15T01:04:33+0000 [INFO] Processing post 1u4e19x (Arctic Shift): Every player who gets "hurt" in a tackle reacts the same way
2026-06-15T01:04:34+0000 [WARNING]   Could not re-fetch post 1u4e19x from Arctic Shift
2026-06-15T01:04:36+0000 [INFO]   Arctic Shift returned 1 comments
2026-06-15T01:04:36+0000 [INFO] Processing post 1u4e4z3 (Arctic Shift): Every player that gets "hurt" in a tackle reacts the same wa
2026-06-15T01:04:37+0000 [WARNING]   Could not re-fetch post 1u4e4z3 from Arctic Shift
2026-06-15T01:04:39+0000 [INFO]   Arctic Shift returned 1 comments
2026-06-15T01:04:39+0000 [INFO] Processing post 1u4e6d6 (Arctic Shift): Alternate angles of Folarin Balogun's goal 45+5'
2026-06-15T01:04:40+0000 [WARNING]   Could not re-fetch post 1u4e6d6 from Arctic Shift
2026-06-15T01:04:42+0000 [INFO]   Arctic Shift returned 66 comments
2026-06-15T01:04:42+0000 [INFO] Processing post 1u4e3sg (Arctic Shift): USA [3] - 0 Paraguay - F. Balogun 45+5'
2026-06-15T01:04:43+0000 [WARNING]   Could not re-fetch post 1u4e3sg from Arctic Shift
2026-06-15T01:04:46+0000 [INFO]   Arctic Shift returned 119 comments
2026-06-15T01:04:46+0000 [INFO] Processing post 1u4e3qu (Arctic Shift): USA 3-0 Paraguay - Folarin Balogun 45+5'
2026-06-15T01:04:47+0000 [WARNING]   Could not re-fetch post 1u4e3qu from Arctic Shift
2026-06-15T01:05:00+0000 [INFO]   Arctic Shift returned 1115 comments
2026-06-15T01:05:00+0000 [INFO] Harvester complete (arctic_shift+rss). 37 posts processed, 0 failed, 2624 total comments collected.
