2026-06-14T14:02:53+0000 [INFO] Harvester starting. Target time: 2026-06-12T14:02:53.888551+00:00. Mode: arctic_shift+rss
2026-06-14T14:02:53+0000 [INFO] Found 17 posts to process
2026-06-14T14:02:53+0000 [INFO] Processing post 1u3w3h7 (Arctic Shift): My top 10 midfielders
2026-06-14T14:02:54+0000 [WARNING]   Could not re-fetch post 1u3w3h7 from Arctic Shift
2026-06-14T14:02:56+0000 [INFO]   Arctic Shift returned 1 comments
2026-06-14T14:02:56+0000 [INFO] Processing post 1u3w13g (Arctic Shift): FIFA2026 World Cup Group Reviews
2026-06-14T14:02:57+0000 [WARNING]   Could not re-fetch post 1u3w13g from Arctic Shift
2026-06-14T14:02:59+0000 [INFO]   Arctic Shift returned 1 comments
2026-06-14T14:02:59+0000 [INFO] Processing post 1u3vzh7 (Arctic Shift): [RTP] Helena Costa recalls the experience of being the first
2026-06-14T14:03:00+0000 [WARNING]   Could not re-fetch post 1u3vzh7 from Arctic Shift
2026-06-14T14:03:02+0000 [INFO]   Arctic Shift returned 1 comments
2026-06-14T14:03:02+0000 [INFO] Processing post 1u3w53x (Arctic Shift): My top 10 midfielders of all time
2026-06-14T14:03:03+0000 [WARNING]   Could not re-fetch post 1u3w53x from Arctic Shift
2026-06-14T14:03:05+0000 [INFO]   Arctic Shift returned 2 comments
2026-06-14T14:03:05+0000 [INFO] Processing post 1u3w4xb (Arctic Shift): Daily Discussion
2026-06-14T14:03:06+0000 [WARNING]   Could not re-fetch post 1u3w4xb from Arctic Shift
2026-06-14T14:03:25+0000 [INFO]   Arctic Shift returned 1763 comments
2026-06-14T14:03:25+0000 [INFO] Processing post 1u3w4pd (Arctic Shift): Who will win the World Cup? Mark Followill & Hernan Castillo
2026-06-14T14:03:26+0000 [WARNING]   Could not re-fetch post 1u3w4pd from Arctic Shift
2026-06-14T14:03:28+0000 [INFO]   Arctic Shift returned 1 comments
2026-06-14T14:03:28+0000 [INFO] Processing post 1u3wq6k (Arctic Shift): Locals in Kansas, USA are fully embracing Algeria's national
2026-06-14T14:03:29+0000 [WARNING]   Could not re-fetch post 1u3wq6k from Arctic Shift
2026-06-14T14:03:31+0000 [INFO]   Arctic Shift returned 3 comments
2026-06-14T14:03:31+0000 [INFO] Processing post 1u3wtg5 (Arctic Shift): Why Timothy Weah is the new Pelé (by one definition)
2026-06-14T14:03:32+0000 [WARNING]   Could not re-fetch post 1u3wtg5 from Arctic Shift
2026-06-14T14:03:34+0000 [INFO]   Arctic Shift returned 39 comments
2026-06-14T14:03:34+0000 [INFO] Processing post 1u3wxdv (Arctic Shift): Empty seats on World Cup's opening day renew ticket price co
2026-06-14T14:03:35+0000 [WARNING]   Could not re-fetch post 1u3wxdv from Arctic Shift
2026-06-14T14:03:37+0000 [INFO]   Arctic Shift returned 0 comments
2026-06-14T14:03:37+0000 [INFO] Processing post 1u3wzt8 (Arctic Shift): Kansas youth in the USA supporting the Algerian national tea
2026-06-14T14:03:37+0000 [WARNING]   Could not re-fetch post 1u3wzt8 from Arctic Shift
2026-06-14T14:03:39+0000 [INFO]   Arctic Shift returned 42 comments
2026-06-14T14:03:39+0000 [INFO] Processing post 1u3x6go (Arctic Shift): “Where should we host the 2026 World Cup?”
2026-06-14T14:03:40+0000 [WARNING]   Could not re-fetch post 1u3x6go from Arctic Shift
2026-06-14T14:03:42+0000 [INFO]   Arctic Shift returned 1 comments
2026-06-14T14:03:42+0000 [INFO] Processing post 1u3x3qo (Arctic Shift): Does America deserve soccer?
2026-06-14T14:03:43+0000 [WARNING]   Could not re-fetch post 1u3x3qo from Arctic Shift
2026-06-14T14:03:45+0000 [INFO]   Arctic Shift returned 2 comments
2026-06-14T14:03:45+0000 [INFO] Processing post 1u3x4sv (Arctic Shift): South Korean High school students' reaction to the second go
2026-06-14T14:03:46+0000 [WARNING]   Could not re-fetch post 1u3x4sv from Arctic Shift
2026-06-14T14:03:49+0000 [INFO]   Arctic Shift returned 182 comments
2026-06-14T14:03:49+0000 [INFO] Processing post 1u3x7vo (Arctic Shift): Bosnia and Herzegovina: The Dragons Return to the World Cup
2026-06-14T14:03:50+0000 [WARNING]   Could not re-fetch post 1u3x7vo from Arctic Shift
2026-06-14T14:03:52+0000 [INFO]   Arctic Shift returned 1 comments
2026-06-14T14:03:52+0000 [INFO] Processing post 1u3xfva (Arctic Shift): [RB Salzburg] have signed LB Dominik Schmid from FC Basel
2026-06-14T14:03:53+0000 [WARNING]   Could not re-fetch post 1u3xfva from Arctic Shift
2026-06-14T14:03:54+0000 [INFO]   Arctic Shift returned 0 comments
2026-06-14T14:03:54+0000 [INFO] Processing post 1u3xixh (Arctic Shift): BYDFi World Cup event made me think about how exchanges use 
2026-06-14T14:03:55+0000 [WARNING]   Could not re-fetch post 1u3xixh from Arctic Shift
2026-06-14T14:03:57+0000 [INFO]   Arctic Shift returned 2 comments
2026-06-14T14:03:57+0000 [INFO] Processing post 1u3xkvt (Arctic Shift): [Jimmy Kimmel Live]Zlatan being Zlatan
2026-06-14T14:03:58+0000 [WARNING]   Could not re-fetch post 1u3xkvt from Arctic Shift
2026-06-14T14:04:00+0000 [INFO]   Arctic Shift returned 3 comments
2026-06-14T14:04:00+0000 [INFO] Harvester complete (arctic_shift+rss). 17 posts processed, 0 failed, 2044 total comments collected.
2026-06-14T14:08:03+0000 [INFO] Harvester starting. Target time: 2026-06-12T14:08:03.421518+00:00. Mode: arctic_shift+rss
2026-06-14T14:08:03+0000 [INFO] No pending posts for target time 2026-06-12T14. Nothing to do.
2026-06-14T14:13:11+0000 [INFO] Harvester starting. Target time: 2026-06-12T14:13:11.185167+00:00. Mode: arctic_shift+rss
2026-06-14T14:13:11+0000 [INFO] No pending posts for target time 2026-06-12T14. Nothing to do.
2026-06-14T14:17:52+0000 [INFO] Harvester starting. Target time: 2026-06-12T14:17:52.931070+00:00. Mode: arctic_shift+rss
2026-06-14T14:17:52+0000 [INFO] No pending posts for target time 2026-06-12T14. Nothing to do.
2026-06-14T14:22:44+0000 [INFO] Harvester starting. Target time: 2026-06-12T14:22:44.672236+00:00. Mode: arctic_shift+rss
2026-06-14T14:22:44+0000 [INFO] No pending posts for target time 2026-06-12T14. Nothing to do.
2026-06-14T14:27:49+0000 [INFO] Harvester starting. Target time: 2026-06-12T14:27:49.335656+00:00. Mode: arctic_shift+rss
2026-06-14T14:27:49+0000 [INFO] No pending posts for target time 2026-06-12T14. Nothing to do.
2026-06-14T14:32:57+0000 [INFO] Harvester starting. Target time: 2026-06-12T14:32:57.399867+00:00. Mode: arctic_shift+rss
2026-06-14T14:32:57+0000 [INFO] No pending posts for target time 2026-06-12T14. Nothing to do.
2026-06-14T14:35:51+0000 [INFO] Harvester starting. Target time: 2026-06-12T14:35:51.674853+00:00. Mode: arctic_shift+rss
2026-06-14T14:35:51+0000 [INFO] No pending posts for target time 2026-06-12T14. Nothing to do.
2026-06-14T14:37:52+0000 [INFO] Harvester starting. Target time: 2026-06-12T14:37:52.703973+00:00. Mode: arctic_shift+rss
2026-06-14T14:37:52+0000 [INFO] No pending posts for target time 2026-06-12T14. Nothing to do.
