2026-06-18T08:03:44+0000 [INFO] Harvester starting. Target time: 2026-06-16T08:03:44.326850+00:00. Mode: arctic_shift+rss
2026-06-18T08:03:44+0000 [INFO] Found 26 posts to process
2026-06-18T08:03:44+0000 [INFO] Processing post 1u7773w (Arctic Shift): Tired of WhatsApp prediction chaos with my friends, built th
2026-06-18T08:03:44+0000 [WARNING]   Could not re-fetch post 1u7773w from Arctic Shift
2026-06-18T08:03:48+0000 [INFO]   Arctic Shift returned 1 comments
2026-06-18T08:03:48+0000 [INFO] Processing post 1u77657 (Arctic Shift): Immediate Post Match Interview with Cape Verde's GK Vozinha
2026-06-18T08:03:49+0000 [WARNING]   Could not re-fetch post 1u77657 from Arctic Shift
2026-06-18T08:03:51+0000 [INFO]   Arctic Shift returned 1 comments
2026-06-18T08:03:51+0000 [INFO] Processing post 1u776sw (Arctic Shift): Sami Khedira close to Real Madrid return on Jose Mourinho’s 
2026-06-18T08:03:52+0000 [WARNING]   Could not re-fetch post 1u776sw from Arctic Shift
2026-06-18T08:03:54+0000 [INFO]   Arctic Shift returned 25 comments
2026-06-18T08:03:54+0000 [INFO] Processing post 1u7785w (Arctic Shift): [James Pearce] Liverpool are expected to buy at least two at
2026-06-18T08:03:55+0000 [WARNING]   Could not re-fetch post 1u7785w from Arctic Shift
2026-06-18T08:03:57+0000 [INFO]   Arctic Shift returned 19 comments
2026-06-18T08:03:57+0000 [INFO] Processing post 1u774su (Arctic Shift): Kubo: First ‘Cube’ to Reach 3 World Cups
2026-06-18T08:03:58+0000 [WARNING]   Could not re-fetch post 1u774su from Arctic Shift
2026-06-18T08:04:00+0000 [INFO]   Arctic Shift returned 1 comments
2026-06-18T08:04:00+0000 [INFO] Processing post 1u77883 (Arctic Shift): 20 years ago today, Argentina demolished Serbia & Montenegro
2026-06-18T08:04:01+0000 [WARNING]   Could not re-fetch post 1u77883 from Arctic Shift
2026-06-18T08:04:03+0000 [INFO]   Arctic Shift returned 44 comments
2026-06-18T08:04:03+0000 [INFO] Processing post 1u779c3 (Arctic Shift): [David Ornstein] Manchester United paying serious attention 
2026-06-18T08:04:04+0000 [WARNING]   Could not re-fetch post 1u779c3 from Arctic Shift
2026-06-18T08:04:07+0000 [INFO]   Arctic Shift returned 105 comments
2026-06-18T08:04:07+0000 [INFO] Processing post 1u77cna (Arctic Shift): [Emerse Faé] "When we were in France, during the preparation
2026-06-18T08:04:08+0000 [WARNING]   Could not re-fetch post 1u77cna from Arctic Shift
2026-06-18T08:04:10+0000 [INFO]   Arctic Shift returned 27 comments
2026-06-18T08:04:10+0000 [INFO] Processing post 1u77dv1 (Arctic Shift): [WC2026 Day 5] All Goals with Scoring Nation Commentary
2026-06-18T08:04:11+0000 [WARNING]   Could not re-fetch post 1u77dv1 from Arctic Shift
2026-06-18T08:04:13+0000 [INFO]   Arctic Shift returned 33 comments
2026-06-18T08:04:13+0000 [INFO] Processing post 1u77dt7 (Arctic Shift): African teams at the World Cup?
2026-06-18T08:04:14+0000 [WARNING]   Could not re-fetch post 1u77dt7 from Arctic Shift
2026-06-18T08:04:16+0000 [INFO]   Arctic Shift returned 1 comments
2026-06-18T08:04:16+0000 [INFO] Processing post 1u77emi (Arctic Shift): Self Promo : Waiting for the Messiah: How Brazil forgot to w
2026-06-18T08:04:17+0000 [WARNING]   Could not re-fetch post 1u77emi from Arctic Shift
2026-06-18T08:04:19+0000 [INFO]   Arctic Shift returned 1 comments
2026-06-18T08:04:19+0000 [INFO] Processing post 1u77ms4 (Arctic Shift): [Ornstein] EXCL: Crysencio Summerville high among candidates
2026-06-18T08:04:20+0000 [WARNING]   Could not re-fetch post 1u77ms4 from Arctic Shift
2026-06-18T08:04:22+0000 [INFO]   Arctic Shift returned 23 comments
2026-06-18T08:04:22+0000 [INFO] Processing post 1u77pzw (Arctic Shift): Spain have only won three World Cup games since the 2010 fin
2026-06-18T08:04:23+0000 [WARNING]   Could not re-fetch post 1u77pzw from Arctic Shift
2026-06-18T08:04:25+0000 [INFO]   Arctic Shift returned 1 comments
2026-06-18T08:04:25+0000 [INFO] Processing post 1u77n3w (Arctic Shift): Chinese World Cup fans robbed at gunpoint soon after arrival
2026-06-18T08:04:26+0000 [WARNING]   Could not re-fetch post 1u77n3w from Arctic Shift
2026-06-18T08:04:28+0000 [INFO]   Arctic Shift returned 4 comments
2026-06-18T08:04:28+0000 [INFO] Processing post 1u77qdh (Arctic Shift): Two of the most marginalized communities in Middle East, Ass
2026-06-18T08:04:29+0000 [WARNING]   Could not re-fetch post 1u77qdh from Arctic Shift
2026-06-18T08:04:33+0000 [INFO]   Arctic Shift returned 280 comments
2026-06-18T08:04:33+0000 [INFO] Processing post 1u77rbq (Arctic Shift): How do you make sure you don't miss matches?
2026-06-18T08:04:34+0000 [WARNING]   Could not re-fetch post 1u77rbq from Arctic Shift
2026-06-18T08:04:36+0000 [INFO]   Arctic Shift returned 2 comments
2026-06-18T08:04:36+0000 [INFO] Processing post 1u77u9k (Arctic Shift): Respectfully, what happened to the Ayari vs Hannibal discuss
2026-06-18T08:04:37+0000 [WARNING]   Could not re-fetch post 1u77u9k from Arctic Shift
2026-06-18T08:04:39+0000 [INFO]   Arctic Shift returned 1 comments
2026-06-18T08:04:39+0000 [INFO] Processing post 1u77uo2 (Arctic Shift): WC winners ,Finally!?
2026-06-18T08:04:40+0000 [WARNING]   Could not re-fetch post 1u77uo2 from Arctic Shift
2026-06-18T08:04:53+0000 [INFO]   Arctic Shift returned 1 comments
2026-06-18T08:04:53+0000 [INFO] Processing post 1u77tfb (Arctic Shift): Unprecedented World Cup rift: South Korea squad boycotts dom
2026-06-18T08:04:54+0000 [WARNING]   Could not re-fetch post 1u77tfb from Arctic Shift
2026-06-18T08:04:57+0000 [INFO]   Arctic Shift returned 198 comments
2026-06-18T08:04:57+0000 [INFO] Processing post 1u77ssk (Arctic Shift): WC winners finally!?
2026-06-18T08:04:58+0000 [WARNING]   Could not re-fetch post 1u77ssk from Arctic Shift
2026-06-18T08:05:06+0000 [INFO]   Arctic Shift returned 1 comments
2026-06-18T08:05:06+0000 [INFO] Processing post 1u77ufs (Arctic Shift): Maguire was told his World Cup dream was over on a FaceTime 
2026-06-18T08:05:07+0000 [WARNING]   Could not re-fetch post 1u77ufs from Arctic Shift
2026-06-18T08:05:13+0000 [INFO]   Arctic Shift returned 491 comments
2026-06-18T08:05:13+0000 [INFO] Processing post 1u780z0 (Arctic Shift): Breaking News: Hervé Renard named Tunisia coach
2026-06-18T08:05:13+0000 [WARNING]   Could not re-fetch post 1u780z0 from Arctic Shift
2026-06-18T08:05:16+0000 [INFO]   Arctic Shift returned 1 comments
2026-06-18T08:05:16+0000 [INFO] Processing post 1u782dq (Arctic Shift): Hervé Renard coach of Tunisia for the remaining 2 games of t
2026-06-18T08:05:17+0000 [WARNING]   Could not re-fetch post 1u782dq from Arctic Shift
2026-06-18T08:05:20+0000 [INFO]   Arctic Shift returned 101 comments
2026-06-18T08:05:20+0000 [INFO] Processing post 1u7841q (Arctic Shift): Back at a World Cup! Hervé Renard is Tunisia's new boss
2026-06-18T08:05:21+0000 [WARNING]   Could not re-fetch post 1u7841q from Arctic Shift
2026-06-18T08:05:22+0000 [INFO]   Arctic Shift returned 17 comments
2026-06-18T08:05:22+0000 [INFO] Processing post 1u782ir (Arctic Shift): I feel soo bad for Thomas Partey and Canada and this whole w
2026-06-18T08:05:24+0000 [WARNING]   Could not re-fetch post 1u782ir from Arctic Shift
2026-06-18T08:05:26+0000 [INFO]   Arctic Shift returned 2 comments
2026-06-18T08:05:26+0000 [INFO] Processing post 1u783bc (Arctic Shift): I feel bad for Thomas Partey and he should be allowed to pla
2026-06-18T08:05:26+0000 [WARNING]   Could not re-fetch post 1u783bc from Arctic Shift
2026-06-18T08:05:29+0000 [INFO]   Arctic Shift returned 2 comments
2026-06-18T08:05:29+0000 [INFO] Harvester complete (arctic_shift+rss). 26 posts processed, 0 failed, 1383 total comments collected.
2026-06-18T08:08:49+0000 [INFO] Harvester starting. Target time: 2026-06-16T08:08:49.237518+00:00. Mode: arctic_shift+rss
2026-06-18T08:08:49+0000 [INFO] No pending posts for target time 2026-06-16T08. Nothing to do.
2026-06-18T08:13:57+0000 [INFO] Harvester starting. Target time: 2026-06-16T08:13:57.501421+00:00. Mode: arctic_shift+rss
2026-06-18T08:13:57+0000 [INFO] No pending posts for target time 2026-06-16T08. Nothing to do.
2026-06-18T08:19:46+0000 [INFO] Harvester starting. Target time: 2026-06-16T08:19:46.663870+00:00. Mode: arctic_shift+rss
2026-06-18T08:19:46+0000 [INFO] No pending posts for target time 2026-06-16T08. Nothing to do.
2026-06-18T08:23:52+0000 [INFO] Harvester starting. Target time: 2026-06-16T08:23:52.018021+00:00. Mode: arctic_shift+rss
2026-06-18T08:23:52+0000 [INFO] No pending posts for target time 2026-06-16T08. Nothing to do.
2026-06-18T08:29:16+0000 [INFO] Harvester starting. Target time: 2026-06-16T08:29:16.630508+00:00. Mode: arctic_shift+rss
2026-06-18T08:29:16+0000 [INFO] No pending posts for target time 2026-06-16T08. Nothing to do.
2026-06-18T08:34:36+0000 [INFO] Harvester starting. Target time: 2026-06-16T08:34:36.754451+00:00. Mode: arctic_shift+rss
2026-06-18T08:34:36+0000 [INFO] No pending posts for target time 2026-06-16T08. Nothing to do.
2026-06-18T08:39:04+0000 [INFO] Harvester starting. Target time: 2026-06-16T08:39:04.966264+00:00. Mode: arctic_shift+rss
2026-06-18T08:39:04+0000 [INFO] No pending posts for target time 2026-06-16T08. Nothing to do.
2026-06-18T08:43:51+0000 [INFO] Harvester starting. Target time: 2026-06-16T08:43:51.956230+00:00. Mode: arctic_shift+rss
2026-06-18T08:43:51+0000 [INFO] No pending posts for target time 2026-06-16T08. Nothing to do.
2026-06-18T08:48:43+0000 [INFO] Harvester starting. Target time: 2026-06-16T08:48:43.600868+00:00. Mode: arctic_shift+rss
2026-06-18T08:48:43+0000 [INFO] No pending posts for target time 2026-06-16T08. Nothing to do.
2026-06-18T08:54:11+0000 [INFO] Harvester starting. Target time: 2026-06-16T08:54:11.799248+00:00. Mode: arctic_shift+rss
2026-06-18T08:54:11+0000 [INFO] No pending posts for target time 2026-06-16T08. Nothing to do.
2026-06-18T08:58:42+0000 [INFO] Harvester starting. Target time: 2026-06-16T08:58:42.341597+00:00. Mode: arctic_shift+rss
2026-06-18T08:58:42+0000 [INFO] No pending posts for target time 2026-06-16T08. Nothing to do.
