2026-06-14T08:02:44+0000 [INFO] Harvester starting. Target time: 2026-06-12T08:02:44.753118+00:00. Mode: arctic_shift+rss
2026-06-14T08:02:44+0000 [INFO] Found 14 posts to process
2026-06-14T08:02:44+0000 [INFO] Processing post 1u3oxsy (Arctic Shift): World Cup of the 1%
2026-06-14T08:02:45+0000 [WARNING]   Could not re-fetch post 1u3oxsy from Arctic Shift
2026-06-14T08:02:47+0000 [INFO]   Arctic Shift returned 1 comments
2026-06-14T08:02:47+0000 [INFO] Processing post 1u3oxk1 (Arctic Shift): Hot take: the host nations are the most overrated teams at t
2026-06-14T08:02:48+0000 [WARNING]   Could not re-fetch post 1u3oxk1 from Arctic Shift
2026-06-14T08:02:50+0000 [INFO]   Arctic Shift returned 1 comments
2026-06-14T08:02:50+0000 [INFO] Processing post 1u3p216 (Arctic Shift): What up with the fans and narrative
2026-06-14T08:02:51+0000 [WARNING]   Could not re-fetch post 1u3p216 from Arctic Shift
2026-06-14T08:02:53+0000 [INFO]   Arctic Shift returned 1 comments
2026-06-14T08:02:53+0000 [INFO] Processing post 1u3p3df (Arctic Shift): Bernardo Silva broke the agreement he had with Atlético on T
2026-06-14T08:02:54+0000 [WARNING]   Could not re-fetch post 1u3p3df from Arctic Shift
2026-06-14T08:03:00+0000 [INFO]   Arctic Shift returned 491 comments
2026-06-14T08:03:00+0000 [INFO] Processing post 1u3pawz (Arctic Shift): Belarussian Visa Row Threatened Scotlands World Cup Hopes
2026-06-14T08:03:01+0000 [WARNING]   Could not re-fetch post 1u3pawz from Arctic Shift
2026-06-14T08:03:03+0000 [INFO]   Arctic Shift returned 1 comments
2026-06-14T08:03:03+0000 [INFO] Processing post 1u3p9aw (Arctic Shift): Real Madrid signed Denzel Dumfries, Ibrahima Konate and Bern
2026-06-14T08:03:04+0000 [WARNING]   Could not re-fetch post 1u3p9aw from Arctic Shift
2026-06-14T08:03:13+0000 [INFO]   Arctic Shift returned 705 comments
2026-06-14T08:03:13+0000 [INFO] Processing post 1u3p88q (Arctic Shift): Whats up with the narrative
2026-06-14T08:03:14+0000 [WARNING]   Could not re-fetch post 1u3p88q from Arctic Shift
2026-06-14T08:03:16+0000 [INFO]   Arctic Shift returned 1 comments
2026-06-14T08:03:16+0000 [INFO] Processing post 1u3pes1 (Arctic Shift): Jose Mourinho & Carlo Ancelotti's stats at Real Madrid. Mour
2026-06-14T08:03:17+0000 [WARNING]   Could not re-fetch post 1u3pes1 from Arctic Shift
2026-06-14T08:03:19+0000 [INFO]   Arctic Shift returned 8 comments
2026-06-14T08:03:19+0000 [INFO] Processing post 1u3pfzm (Arctic Shift): Trabzonspor President: "I think Andre Onana will stay with t
2026-06-14T08:03:20+0000 [WARNING]   Could not re-fetch post 1u3pfzm from Arctic Shift
2026-06-14T08:03:22+0000 [INFO]   Arctic Shift returned 34 comments
2026-06-14T08:03:22+0000 [INFO] Processing post 1u3pjmk (Arctic Shift): Ecuador to Cut Beer Prices 20% in World Cup Show of ‘Support
2026-06-14T08:03:23+0000 [WARNING]   Could not re-fetch post 1u3pjmk from Arctic Shift
2026-06-14T08:03:25+0000 [INFO]   Arctic Shift returned 9 comments
2026-06-14T08:03:25+0000 [INFO] Processing post 1u3povg (Arctic Shift): Home team jersey price in Guadalajara is 120 MXN. Tell me th
2026-06-14T08:03:26+0000 [WARNING]   Could not re-fetch post 1u3povg from Arctic Shift
2026-06-14T08:03:28+0000 [INFO]   Arctic Shift returned 1 comments
2026-06-14T08:03:28+0000 [INFO] Processing post 1u3psio (Arctic Shift): What a start of this year fifa world cup
2026-06-14T08:03:29+0000 [WARNING]   Could not re-fetch post 1u3psio from Arctic Shift
2026-06-14T08:03:31+0000 [INFO]   Arctic Shift returned 1 comments
2026-06-14T08:03:31+0000 [INFO] Processing post 1u3ps5d (Arctic Shift): Josko Gvardiol puts Man City renewal talks on hold. The play
2026-06-14T08:03:32+0000 [WARNING]   Could not re-fetch post 1u3ps5d from Arctic Shift
2026-06-14T08:03:35+0000 [INFO]   Arctic Shift returned 109 comments
2026-06-14T08:03:35+0000 [INFO] Processing post 1u3pudv (Arctic Shift): [Sky Sports] Jose Mourinho is a big fan of Nico Schlotterbec
2026-06-14T08:03:36+0000 [WARNING]   Could not re-fetch post 1u3pudv from Arctic Shift
2026-06-14T08:03:38+0000 [INFO]   Arctic Shift returned 92 comments
2026-06-14T08:03:38+0000 [INFO] Harvester complete (arctic_shift+rss). 14 posts processed, 0 failed, 1455 total comments collected.
2026-06-14T08:07:37+0000 [INFO] Harvester starting. Target time: 2026-06-12T08:07:37.334845+00:00. Mode: arctic_shift+rss
2026-06-14T08:07:37+0000 [INFO] No pending posts for target time 2026-06-12T08. Nothing to do.
2026-06-14T08:12:33+0000 [INFO] Harvester starting. Target time: 2026-06-12T08:12:33.109763+00:00. Mode: arctic_shift+rss
2026-06-14T08:12:33+0000 [INFO] No pending posts for target time 2026-06-12T08. Nothing to do.
