2026-06-13T23:03:17+0000 [INFO] Harvester starting. Target time: 2026-06-11T23:03:17.838065+00:00. Mode: arctic_shift+rss
2026-06-13T23:03:17+0000 [INFO] Found 12 posts to process
2026-06-13T23:03:17+0000 [INFO] Processing post 1u3ea9q (Arctic Shift): World Cup pool
2026-06-13T23:03:18+0000 [WARNING]   Could not re-fetch post 1u3ea9q from Arctic Shift
2026-06-13T23:03:19+0000 [INFO]   Arctic Shift returned 0 comments
2026-06-13T23:03:19+0000 [INFO] Processing post 1u3e8ha (Arctic Shift): [Sky Sports] Kieran Trippier could cancel Molineux move afte
2026-06-13T23:03:20+0000 [WARNING]   Could not re-fetch post 1u3e8ha from Arctic Shift
2026-06-13T23:03:22+0000 [INFO]   Arctic Shift returned 66 comments
2026-06-13T23:03:22+0000 [INFO] Processing post 1u3ee67 (Arctic Shift): Mandatory Water Breaks
2026-06-13T23:03:24+0000 [WARNING]   Could not re-fetch post 1u3ee67 from Arctic Shift
2026-06-13T23:03:27+0000 [INFO]   Arctic Shift returned 1 comments
2026-06-13T23:03:27+0000 [INFO] Processing post 1u3egaa (Arctic Shift): Flag Cookies made ahead of game tomorrow
2026-06-13T23:03:28+0000 [WARNING]   Could not re-fetch post 1u3egaa from Arctic Shift
2026-06-13T23:03:33+0000 [INFO]   Arctic Shift returned 1 comments
2026-06-13T23:03:33+0000 [INFO] Processing post 1u3ehop (Arctic Shift): Mandatory Water Breaks ruining the game
2026-06-13T23:03:33+0000 [WARNING]   Could not re-fetch post 1u3ehop from Arctic Shift
2026-06-13T23:03:35+0000 [INFO]   Arctic Shift returned 1 comments
2026-06-13T23:03:35+0000 [INFO] Processing post 1u3egeh (Arctic Shift): World Cup in Paris June 12-13
2026-06-13T23:03:36+0000 [WARNING]   Could not re-fetch post 1u3egeh from Arctic Shift
2026-06-13T23:03:39+0000 [INFO]   Arctic Shift returned 1 comments
2026-06-13T23:03:39+0000 [INFO] Processing post 1u3ezon (Arctic Shift): Some insight on Estadio Azteca and its history
2026-06-13T23:03:39+0000 [WARNING]   Could not re-fetch post 1u3ezon from Arctic Shift
2026-06-13T23:03:56+0000 [INFO]   Arctic Shift returned 10 comments
2026-06-13T23:03:56+0000 [INFO] Processing post 1u3f2v8 (Arctic Shift): [LINEUPS] South Korea vs Czechia: Starting XI & Bench Confir
2026-06-13T23:03:57+0000 [WARNING]   Could not re-fetch post 1u3f2v8 from Arctic Shift
2026-06-13T23:03:58+0000 [INFO]   Arctic Shift returned 1 comments
2026-06-13T23:03:58+0000 [INFO] Processing post 1u3f0as (Arctic Shift): Built a free tool to add every FIFA World Cup 2026 match to 
2026-06-13T23:04:00+0000 [WARNING]   Could not re-fetch post 1u3f0as from Arctic Shift
2026-06-13T23:04:01+0000 [INFO]   Arctic Shift returned 1 comments
2026-06-13T23:04:01+0000 [INFO] Processing post 1u3fb7r (Arctic Shift): How do players get into their opponents head?
2026-06-13T23:04:03+0000 [WARNING]   Could not re-fetch post 1u3fb7r from Arctic Shift
2026-06-13T23:04:05+0000 [INFO]   Arctic Shift returned 1 comments
2026-06-13T23:04:05+0000 [INFO] Processing post 1u3f97d (Arctic Shift): Drawing the flags of every remaining World Cup team on my wh
2026-06-13T23:04:06+0000 [WARNING]   Could not re-fetch post 1u3f97d from Arctic Shift
2026-06-13T23:04:08+0000 [INFO]   Arctic Shift returned 1 comments
2026-06-13T23:04:08+0000 [INFO] Processing post 1u3fgo5 (Arctic Shift): Mexico lead 2:0 #mexico #southafrica #worldcup #jimenez
2026-06-13T23:04:09+0000 [WARNING]   Could not re-fetch post 1u3fgo5 from Arctic Shift
2026-06-13T23:04:12+0000 [INFO]   Arctic Shift returned 1 comments
2026-06-13T23:04:12+0000 [INFO] Harvester complete (arctic_shift+rss). 12 posts processed, 0 failed, 85 total comments collected.
2026-06-13T23:08:18+0000 [INFO] Harvester starting. Target time: 2026-06-11T23:08:18.891376+00:00. Mode: arctic_shift+rss
2026-06-13T23:08:18+0000 [INFO] No pending posts for target time 2026-06-11T23. Nothing to do.
2026-06-13T23:13:20+0000 [INFO] Harvester starting. Target time: 2026-06-11T23:13:20.655758+00:00. Mode: arctic_shift+rss
2026-06-13T23:13:20+0000 [INFO] No pending posts for target time 2026-06-11T23. Nothing to do.
2026-06-13T23:18:14+0000 [INFO] Harvester starting. Target time: 2026-06-11T23:18:14.509493+00:00. Mode: arctic_shift+rss
2026-06-13T23:18:14+0000 [INFO] No pending posts for target time 2026-06-11T23. Nothing to do.
