2026-06-14T01:03:26+0000 [INFO] Harvester starting. Target time: 2026-06-12T01:03:26.115217+00:00. Mode: arctic_shift+rss
2026-06-14T01:03:26+0000 [INFO] Found 8 posts to process
2026-06-14T01:03:26+0000 [INFO] Processing post 1u3h5mo (Arctic Shift): Cristiano Ronaldo will have played in more than a quarter of
2026-06-14T01:03:26+0000 [WARNING]   Could not re-fetch post 1u3h5mo from Arctic Shift
2026-06-14T01:03:28+0000 [INFO]   Arctic Shift returned 1 comments
2026-06-14T01:03:28+0000 [INFO] Processing post 1u3h5pw (Arctic Shift): Norwegian national team enjoying the Stanley Cup Finals in R
2026-06-14T01:03:29+0000 [WARNING]   Could not re-fetch post 1u3h5pw from Arctic Shift
2026-06-14T01:03:31+0000 [INFO]   Arctic Shift returned 1 comments
2026-06-14T01:03:31+0000 [INFO] Processing post 1u3h3ou (Arctic Shift): Hull City owner Acun Ilıcalı: "We have a transfer budget of 
2026-06-14T01:03:32+0000 [WARNING]   Could not re-fetch post 1u3h3ou from Arctic Shift
2026-06-14T01:03:34+0000 [INFO]   Arctic Shift returned 49 comments
2026-06-14T01:03:34+0000 [INFO] Processing post 1u3has2 (Arctic Shift): Javier Aguirre and the Mexico players celebrate the first go
2026-06-14T01:03:35+0000 [WARNING]   Could not re-fetch post 1u3has2 from Arctic Shift
2026-06-14T01:03:37+0000 [INFO]   Arctic Shift returned 2 comments
2026-06-14T01:03:37+0000 [INFO] Processing post 1u3hl9d (Arctic Shift): Match Thread: South Korea vs Czechia | FIFA World Cup 2026 |
2026-06-14T01:03:38+0000 [WARNING]   Could not re-fetch post 1u3hl9d from Arctic Shift
2026-06-14T01:05:21+0000 [INFO]   Arctic Shift returned 8088 comments
2026-06-14T01:05:21+0000 [WARNING]   Post 1u3hl9d truncated at 2500 comments
2026-06-14T01:05:22+0000 [INFO] Processing post 1u3hwb9 (Arctic Shift): Ticket prices on resale sites have declined for 0 of the 104
2026-06-14T01:05:22+0000 [WARNING]   Could not re-fetch post 1u3hwb9 from Arctic Shift
2026-06-14T01:05:25+0000 [INFO]   Arctic Shift returned 32 comments
2026-06-14T01:05:25+0000 [INFO] Processing post 1u3hxj6 (Arctic Shift): South Korea are appearing at their 12th FIFA World Cup, the 
2026-06-14T01:05:25+0000 [WARNING]   Could not re-fetch post 1u3hxj6 from Arctic Shift
2026-06-14T01:05:27+0000 [INFO]   Arctic Shift returned 53 comments
2026-06-14T01:05:27+0000 [INFO] Processing post 1u3i0ow (Arctic Shift): Mexico vs South Africa
2026-06-14T01:05:28+0000 [WARNING]   Could not re-fetch post 1u3i0ow from Arctic Shift
2026-06-14T01:05:30+0000 [INFO]   Arctic Shift returned 1 comments
2026-06-14T01:05:30+0000 [INFO] Harvester complete (arctic_shift+rss). 8 posts processed, 0 failed, 2639 total comments collected.
2026-06-14T01:08:15+0000 [INFO] Harvester starting. Target time: 2026-06-12T01:08:15.410068+00:00. Mode: arctic_shift+rss
2026-06-14T01:08:15+0000 [INFO] No pending posts for target time 2026-06-12T01. Nothing to do.
2026-06-14T01:13:17+0000 [INFO] Harvester starting. Target time: 2026-06-12T01:13:17.473938+00:00. Mode: arctic_shift+rss
2026-06-14T01:13:17+0000 [INFO] No pending posts for target time 2026-06-12T01. Nothing to do.
2026-06-14T01:18:15+0000 [INFO] Harvester starting. Target time: 2026-06-12T01:18:15.763760+00:00. Mode: arctic_shift+rss
2026-06-14T01:18:15+0000 [INFO] No pending posts for target time 2026-06-12T01. Nothing to do.
2026-06-14T01:23:19+0000 [INFO] Harvester starting. Target time: 2026-06-12T01:23:19.236843+00:00. Mode: arctic_shift+rss
2026-06-14T01:23:19+0000 [INFO] No pending posts for target time 2026-06-12T01. Nothing to do.
2026-06-14T01:28:24+0000 [INFO] Harvester starting. Target time: 2026-06-12T01:28:24.580415+00:00. Mode: arctic_shift+rss
2026-06-14T01:28:24+0000 [INFO] No pending posts for target time 2026-06-12T01. Nothing to do.
2026-06-14T01:33:23+0000 [INFO] Harvester starting. Target time: 2026-06-12T01:33:23.991686+00:00. Mode: arctic_shift+rss
2026-06-14T01:33:23+0000 [INFO] No pending posts for target time 2026-06-12T01. Nothing to do.
2026-06-14T01:38:14+0000 [INFO] Harvester starting. Target time: 2026-06-12T01:38:14.313231+00:00. Mode: arctic_shift+rss
2026-06-14T01:38:14+0000 [INFO] No pending posts for target time 2026-06-12T01. Nothing to do.
2026-06-14T01:43:25+0000 [INFO] Harvester starting. Target time: 2026-06-12T01:43:25.398861+00:00. Mode: arctic_shift+rss
2026-06-14T01:43:25+0000 [INFO] No pending posts for target time 2026-06-12T01. Nothing to do.
