2026-06-14T09:03:34+0000 [INFO] Harvester starting. Target time: 2026-06-12T09:03:34.144975+00:00. Mode: arctic_shift+rss
2026-06-14T09:03:34+0000 [INFO] Found 23 posts to process
2026-06-14T09:03:34+0000 [INFO] Processing post 1u3pyh1 (Arctic Shift): Free Talk Friday
2026-06-14T09:03:34+0000 [WARNING]   Could not re-fetch post 1u3pyh1 from Arctic Shift
2026-06-14T09:03:43+0000 [INFO]   Arctic Shift returned 748 comments
2026-06-14T09:03:43+0000 [INFO] Processing post 1u3pxmx (Arctic Shift): FIFA World Cup 2026 results: South Korea defeats Czechia aft
2026-06-14T09:03:44+0000 [WARNING]   Could not re-fetch post 1u3pxmx from Arctic Shift
2026-06-14T09:03:45+0000 [INFO]   Arctic Shift returned 0 comments
2026-06-14T09:03:45+0000 [INFO] Processing post 1u3q60u (Arctic Shift): DR Congo national football team arrive in Houston for the Wo
2026-06-14T09:03:46+0000 [WARNING]   Could not re-fetch post 1u3q60u from Arctic Shift
2026-06-14T09:03:48+0000 [INFO]   Arctic Shift returned 1 comments
2026-06-14T09:03:48+0000 [INFO] Processing post 1u3q7ou (Arctic Shift): Brentford appoint Damien Duff as first-team assistant coach
2026-06-14T09:03:49+0000 [WARNING]   Could not re-fetch post 1u3q7ou from Arctic Shift
2026-06-14T09:03:51+0000 [INFO]   Arctic Shift returned 22 comments
2026-06-14T09:03:51+0000 [INFO] Processing post 1u3qa6f (Arctic Shift): DR Congo national soccer team arrive in Houston USA for the 
2026-06-14T09:03:52+0000 [WARNING]   Could not re-fetch post 1u3qa6f from Arctic Shift
2026-06-14T09:03:54+0000 [INFO]   Arctic Shift returned 1 comments
2026-06-14T09:03:54+0000 [INFO] Processing post 1u3qe31 (Arctic Shift): Why rescue donkeys are wearing donated socks from a pro socc
2026-06-14T09:03:55+0000 [WARNING]   Could not re-fetch post 1u3qe31 from Arctic Shift
2026-06-14T09:03:57+0000 [INFO]   Arctic Shift returned 9 comments
2026-06-14T09:03:57+0000 [INFO] Processing post 1u3qgf5 (Arctic Shift): [OC] Brazil vs Germany: Who Has Won the MOST World Cups? (Ra
2026-06-14T09:03:58+0000 [WARNING]   Could not re-fetch post 1u3qgf5 from Arctic Shift
2026-06-14T09:04:00+0000 [INFO]   Arctic Shift returned 2 comments
2026-06-14T09:04:00+0000 [INFO] Processing post 1u3qh2v (Arctic Shift): César Montes straight red card is absolutely diabolical…
2026-06-14T09:04:01+0000 [WARNING]   Could not re-fetch post 1u3qh2v from Arctic Shift
2026-06-14T09:04:03+0000 [INFO]   Arctic Shift returned 1 comments
2026-06-14T09:04:03+0000 [INFO] Processing post 1u3qgoc (Arctic Shift): Water-gate: Fifa’s lucrative World Cup breaks are ruining th
2026-06-14T09:04:04+0000 [WARNING]   Could not re-fetch post 1u3qgoc from Arctic Shift
2026-06-14T09:04:07+0000 [INFO]   Arctic Shift returned 164 comments
2026-06-14T09:04:07+0000 [INFO] Processing post 1u3qgbi (Arctic Shift): I built a football live scores app — looking for feedback fr
2026-06-14T09:04:08+0000 [WARNING]   Could not re-fetch post 1u3qgbi from Arctic Shift
2026-06-14T09:04:10+0000 [INFO]   Arctic Shift returned 1 comments
2026-06-14T09:04:10+0000 [INFO] Processing post 1u3qjtn (Arctic Shift): César Montes straight red card is absolutely diabolical…
2026-06-14T09:04:11+0000 [WARNING]   Could not re-fetch post 1u3qjtn from Arctic Shift
2026-06-14T09:04:13+0000 [INFO]   Arctic Shift returned 1 comments
2026-06-14T09:04:13+0000 [INFO] Processing post 1u3qieo (Arctic Shift): [Ornstein] Brighton & Hove Albion make £30m offer for Totten
2026-06-14T09:04:14+0000 [WARNING]   Could not re-fetch post 1u3qieo from Arctic Shift
2026-06-14T09:04:16+0000 [INFO]   Arctic Shift returned 1 comments
2026-06-14T09:04:16+0000 [INFO] Processing post 1u3qhm0 (Arctic Shift): [Ornstein] Brighton make £30m offer for Tottenham defender L
2026-06-14T09:04:17+0000 [WARNING]   Could not re-fetch post 1u3qhm0 from Arctic Shift
2026-06-14T09:04:22+0000 [INFO]   Arctic Shift returned 384 comments
2026-06-14T09:04:22+0000 [INFO] Processing post 1u3qmbj (Arctic Shift): Me and the boys at the last world cup final
2026-06-14T09:04:23+0000 [WARNING]   Could not re-fetch post 1u3qmbj from Arctic Shift
2026-06-14T09:04:25+0000 [INFO]   Arctic Shift returned 1 comments
2026-06-14T09:04:25+0000 [INFO] Processing post 1u3qlqi (Arctic Shift): Where to extended match highlights? Why are match highlights
2026-06-14T09:04:26+0000 [WARNING]   Could not re-fetch post 1u3qlqi from Arctic Shift
2026-06-14T09:04:28+0000 [INFO]   Arctic Shift returned 1 comments
2026-06-14T09:04:28+0000 [INFO] Processing post 1u3qmf3 (Arctic Shift): “Choose Scotland” video by Adidas, featuring Lewis Capaldi, 
2026-06-14T09:04:29+0000 [WARNING]   Could not re-fetch post 1u3qmf3 from Arctic Shift
2026-06-14T09:04:31+0000 [INFO]   Arctic Shift returned 99 comments
2026-06-14T09:04:31+0000 [INFO] Processing post 1u3qlbo (Arctic Shift): Kenny Jackett | 1962-2026
2026-06-14T09:04:32+0000 [WARNING]   Could not re-fetch post 1u3qlbo from Arctic Shift
2026-06-14T09:04:34+0000 [INFO]   Arctic Shift returned 10 comments
2026-06-14T09:04:34+0000 [INFO] Processing post 1u3qp54 (Arctic Shift): Made a free World Cup draft game – all 48 nations, real squa
2026-06-14T09:04:35+0000 [WARNING]   Could not re-fetch post 1u3qp54 from Arctic Shift
2026-06-14T09:04:37+0000 [INFO]   Arctic Shift returned 1 comments
2026-06-14T09:04:37+0000 [INFO] Processing post 1u3qq35 (Arctic Shift): Quintone Fortune and Benni McCarthy left speechless after So
2026-06-14T09:04:38+0000 [WARNING]   Could not re-fetch post 1u3qq35 from Arctic Shift
2026-06-14T09:04:40+0000 [INFO]   Arctic Shift returned 49 comments
2026-06-14T09:04:40+0000 [INFO] Processing post 1u3qovg (Arctic Shift): Game being explained to American viewers on screen
2026-06-14T09:04:41+0000 [WARNING]   Could not re-fetch post 1u3qovg from Arctic Shift
2026-06-14T09:04:43+0000 [INFO]   Arctic Shift returned 50 comments
2026-06-14T09:04:43+0000 [INFO] Processing post 1u3qpv0 (Arctic Shift): Where can i watch match replay
2026-06-14T09:04:44+0000 [WARNING]   Could not re-fetch post 1u3qpv0 from Arctic Shift
2026-06-14T09:04:46+0000 [INFO]   Arctic Shift returned 1 comments
2026-06-14T09:04:46+0000 [INFO] Processing post 1u3qqcy (Arctic Shift): FAI release statement confirming UEFA has approved Ireland v
2026-06-14T09:04:47+0000 [WARNING]   Could not re-fetch post 1u3qqcy from Arctic Shift
2026-06-14T09:04:49+0000 [INFO]   Arctic Shift returned 1 comments
2026-06-14T09:04:49+0000 [INFO] Processing post 1u3qtl9 (Arctic Shift): Neymar's Injury prevention exoskeleton for the World Cup 💀
2026-06-14T09:04:50+0000 [WARNING]   Could not re-fetch post 1u3qtl9 from Arctic Shift
2026-06-14T09:04:52+0000 [INFO]   Arctic Shift returned 1 comments
2026-06-14T09:04:52+0000 [INFO] Harvester complete (arctic_shift+rss). 23 posts processed, 0 failed, 1549 total comments collected.
2026-06-14T09:07:26+0000 [INFO] Harvester starting. Target time: 2026-06-12T09:07:26.362613+00:00. Mode: arctic_shift+rss
2026-06-14T09:07:26+0000 [INFO] No pending posts for target time 2026-06-12T09. Nothing to do.
2026-06-14T09:12:30+0000 [INFO] Harvester starting. Target time: 2026-06-12T09:12:30.174208+00:00. Mode: arctic_shift+rss
2026-06-14T09:12:30+0000 [INFO] No pending posts for target time 2026-06-12T09. Nothing to do.
2026-06-14T09:17:41+0000 [INFO] Harvester starting. Target time: 2026-06-12T09:17:41.835788+00:00. Mode: arctic_shift+rss
2026-06-14T09:17:41+0000 [INFO] No pending posts for target time 2026-06-12T09. Nothing to do.
2026-06-14T09:22:27+0000 [INFO] Harvester starting. Target time: 2026-06-12T09:22:27.388370+00:00. Mode: arctic_shift+rss
2026-06-14T09:22:27+0000 [INFO] No pending posts for target time 2026-06-12T09. Nothing to do.
2026-06-14T09:27:25+0000 [INFO] Harvester starting. Target time: 2026-06-12T09:27:25.966042+00:00. Mode: arctic_shift+rss
2026-06-14T09:27:25+0000 [INFO] No pending posts for target time 2026-06-12T09. Nothing to do.
2026-06-14T09:32:43+0000 [INFO] Harvester starting. Target time: 2026-06-12T09:32:43.499235+00:00. Mode: arctic_shift+rss
2026-06-14T09:32:43+0000 [INFO] No pending posts for target time 2026-06-12T09. Nothing to do.
2026-06-14T09:37:29+0000 [INFO] Harvester starting. Target time: 2026-06-12T09:37:29.073494+00:00. Mode: arctic_shift+rss
2026-06-14T09:37:29+0000 [INFO] No pending posts for target time 2026-06-12T09. Nothing to do.
