2026-06-18T03:03:16+0000 [INFO] Harvester starting. Target time: 2026-06-16T03:03:16.657643+00:00. Mode: arctic_shift+rss
2026-06-18T03:03:16+0000 [INFO] Found 12 posts to process
2026-06-18T03:03:16+0000 [INFO] Processing post 1u71q9o (Arctic Shift): [Official] New Zealand draw 2-2 with Iran
2026-06-18T03:03:17+0000 [WARNING]   Could not re-fetch post 1u71q9o from Arctic Shift
2026-06-18T03:03:20+0000 [INFO]   Arctic Shift returned 137 comments
2026-06-18T03:03:20+0000 [INFO] Processing post 1u71qrn (Arctic Shift): Post Match Thread: Iran 2 - 2 New Zealand | FIFA World Cup 2
2026-06-18T03:03:20+0000 [WARNING]   Could not re-fetch post 1u71qrn from Arctic Shift
2026-06-18T03:03:27+0000 [INFO]   Arctic Shift returned 500 comments
2026-06-18T03:03:27+0000 [INFO] Processing post 1u71rvd (Arctic Shift): Elijah Just becomes first man to score 2 goals for New Zeala
2026-06-18T03:03:28+0000 [WARNING]   Could not re-fetch post 1u71rvd from Arctic Shift
2026-06-18T03:03:29+0000 [INFO]   Arctic Shift returned 0 comments
2026-06-18T03:03:29+0000 [INFO] Processing post 1u7221h (Arctic Shift): For the first time since June 15, 1958, there was a World Cu
2026-06-18T03:03:30+0000 [WARNING]   Could not re-fetch post 1u7221h from Arctic Shift
2026-06-18T03:03:33+0000 [INFO]   Arctic Shift returned 106 comments
2026-06-18T03:03:33+0000 [INFO] Processing post 1u726d1 (Arctic Shift): Uruguay's football team was subjected to intense screening a
2026-06-18T03:03:34+0000 [WARNING]   Could not re-fetch post 1u726d1 from Arctic Shift
2026-06-18T03:03:42+0000 [INFO]   Arctic Shift returned 625 comments
2026-06-18T03:03:42+0000 [INFO] Processing post 1u729kf (Arctic Shift): Portuguese newspaper "Record" front page: Cape Verdean goalk
2026-06-18T03:03:43+0000 [WARNING]   Could not re-fetch post 1u729kf from Arctic Shift
2026-06-18T03:03:45+0000 [INFO]   Arctic Shift returned 43 comments
2026-06-18T03:03:45+0000 [INFO] Processing post 1u72hpw (Arctic Shift): STOP THE COUNT
2026-06-18T03:03:46+0000 [WARNING]   Could not re-fetch post 1u72hpw from Arctic Shift
2026-06-18T03:03:48+0000 [INFO]   Arctic Shift returned 4 comments
2026-06-18T03:03:48+0000 [INFO] Processing post 1u72gty (Arctic Shift): STOP THE COUNT
2026-06-18T03:03:49+0000 [WARNING]   Could not re-fetch post 1u72gty from Arctic Shift
2026-06-18T03:03:51+0000 [INFO]   Arctic Shift returned 1 comments
2026-06-18T03:03:51+0000 [INFO] Processing post 1u72hzv (Arctic Shift): Vozinha - 5.1M followers now
2026-06-18T03:03:52+0000 [WARNING]   Could not re-fetch post 1u72hzv from Arctic Shift
2026-06-18T03:03:54+0000 [INFO]   Arctic Shift returned 1 comments
2026-06-18T03:03:54+0000 [INFO] Processing post 1u72h8w (Arctic Shift): 5.1M followers now 🔥
2026-06-18T03:03:55+0000 [WARNING]   Could not re-fetch post 1u72h8w from Arctic Shift
2026-06-18T03:03:57+0000 [INFO]   Arctic Shift returned 1 comments
2026-06-18T03:03:57+0000 [INFO] Processing post 1u72pnn (Arctic Shift): [Fabrizio Romano] Tonali is ready to join Spurs, even withou
2026-06-18T03:03:58+0000 [WARNING]   Could not re-fetch post 1u72pnn from Arctic Shift
2026-06-18T03:04:00+0000 [INFO]   Arctic Shift returned 97 comments
2026-06-18T03:04:00+0000 [INFO] Processing post 1u72tby (Arctic Shift): Vozinha - 5.1M followers now
2026-06-18T03:04:01+0000 [WARNING]   Could not re-fetch post 1u72tby from Arctic Shift
2026-06-18T03:04:04+0000 [INFO]   Arctic Shift returned 112 comments
2026-06-18T03:04:04+0000 [INFO] Harvester complete (arctic_shift+rss). 12 posts processed, 0 failed, 1627 total comments collected.
2026-06-18T03:08:15+0000 [INFO] Harvester starting. Target time: 2026-06-16T03:08:15.306545+00:00. Mode: arctic_shift+rss
2026-06-18T03:08:15+0000 [INFO] No pending posts for target time 2026-06-16T03. Nothing to do.
2026-06-18T03:13:17+0000 [INFO] Harvester starting. Target time: 2026-06-16T03:13:17.243581+00:00. Mode: arctic_shift+rss
2026-06-18T03:13:17+0000 [INFO] No pending posts for target time 2026-06-16T03. Nothing to do.
2026-06-18T03:18:32+0000 [INFO] Harvester starting. Target time: 2026-06-16T03:18:32.614704+00:00. Mode: arctic_shift+rss
2026-06-18T03:18:32+0000 [INFO] No pending posts for target time 2026-06-16T03. Nothing to do.
2026-06-18T03:23:33+0000 [INFO] Harvester starting. Target time: 2026-06-16T03:23:33.818902+00:00. Mode: arctic_shift+rss
2026-06-18T03:23:33+0000 [INFO] No pending posts for target time 2026-06-16T03. Nothing to do.
2026-06-18T03:28:19+0000 [INFO] Harvester starting. Target time: 2026-06-16T03:28:19.536654+00:00. Mode: arctic_shift+rss
2026-06-18T03:28:19+0000 [INFO] No pending posts for target time 2026-06-16T03. Nothing to do.
2026-06-18T03:33:16+0000 [INFO] Harvester starting. Target time: 2026-06-16T03:33:16.909032+00:00. Mode: arctic_shift+rss
2026-06-18T03:33:16+0000 [INFO] No pending posts for target time 2026-06-16T03. Nothing to do.
2026-06-18T03:38:30+0000 [INFO] Harvester starting. Target time: 2026-06-16T03:38:30.805994+00:00. Mode: arctic_shift+rss
2026-06-18T03:38:30+0000 [INFO] No pending posts for target time 2026-06-16T03. Nothing to do.
2026-06-18T03:43:33+0000 [INFO] Harvester starting. Target time: 2026-06-16T03:43:33.277266+00:00. Mode: arctic_shift+rss
2026-06-18T03:43:33+0000 [INFO] No pending posts for target time 2026-06-16T03. Nothing to do.
