2026-06-15T09:03:10+0000 [INFO] Harvester starting. Target time: 2026-06-13T09:03:10.425861+00:00. Mode: arctic_shift+rss
2026-06-15T09:03:10+0000 [INFO] Found 13 posts to process
2026-06-15T09:03:10+0000 [INFO] Processing post 1u4m7s7 (Arctic Shift): Penalties shootout of Promotion Relegation Playoff to VietNa
2026-06-15T09:03:11+0000 [WARNING]   Could not re-fetch post 1u4m7s7 from Arctic Shift
2026-06-15T09:03:13+0000 [INFO]   Arctic Shift returned 2 comments
2026-06-15T09:03:13+0000 [INFO] Processing post 1u4mbuq (Arctic Shift): World Cup 2026 fan site - no login, no ads, just data
2026-06-15T09:03:14+0000 [WARNING]   Could not re-fetch post 1u4mbuq from Arctic Shift
2026-06-15T09:03:16+0000 [INFO]   Arctic Shift returned 2 comments
2026-06-15T09:03:16+0000 [INFO] Processing post 1u4mbqb (Arctic Shift): I'm creating cinematic shorts for every WC2026 match
2026-06-15T09:03:17+0000 [WARNING]   Could not re-fetch post 1u4mbqb from Arctic Shift
2026-06-15T09:03:19+0000 [INFO]   Arctic Shift returned 1 comments
2026-06-15T09:03:19+0000 [INFO] Processing post 1u4mcnk (Arctic Shift): Proportion of homegrown world cup managers over time, accoun
2026-06-15T09:03:20+0000 [WARNING]   Could not re-fetch post 1u4mcnk from Arctic Shift
2026-06-15T09:03:22+0000 [INFO]   Arctic Shift returned 9 comments
2026-06-15T09:03:22+0000 [INFO] Processing post 1u4mffb (Arctic Shift): Built a transit guide for World Cup fans coming to MetLife —
2026-06-15T09:03:23+0000 [WARNING]   Could not re-fetch post 1u4mffb from Arctic Shift
2026-06-15T09:03:25+0000 [INFO]   Arctic Shift returned 1 comments
2026-06-15T09:03:25+0000 [INFO] Processing post 1u4mjob (Arctic Shift): Scotland fans in Boston adopt an Argentinian fan
2026-06-15T09:03:26+0000 [WARNING]   Could not re-fetch post 1u4mjob from Arctic Shift
2026-06-15T09:03:28+0000 [INFO]   Arctic Shift returned 85 comments
2026-06-15T09:03:28+0000 [INFO] Processing post 1u4mil1 (Arctic Shift): Does anyone knows a place to watch FIFA 2026 World Cup for f
2026-06-15T09:03:29+0000 [WARNING]   Could not re-fetch post 1u4mil1 from Arctic Shift
2026-06-15T09:03:31+0000 [INFO]   Arctic Shift returned 2 comments
2026-06-15T09:03:31+0000 [INFO] Processing post 1u4mla6 (Arctic Shift): Can Curaçao win against Germany ?
2026-06-15T09:03:32+0000 [WARNING]   Could not re-fetch post 1u4mla6 from Arctic Shift
2026-06-15T09:03:34+0000 [INFO]   Arctic Shift returned 1 comments
2026-06-15T09:03:34+0000 [INFO] Processing post 1u4mohy (Arctic Shift): Prime Ronaldo #soccer
2026-06-15T09:03:35+0000 [WARNING]   Could not re-fetch post 1u4mohy from Arctic Shift
2026-06-15T09:03:37+0000 [INFO]   Arctic Shift returned 2 comments
2026-06-15T09:03:37+0000 [INFO] Processing post 1u4mtfm (Arctic Shift): built a non-betting prediction game for the World Cup — woul
2026-06-15T09:03:38+0000 [WARNING]   Could not re-fetch post 1u4mtfm from Arctic Shift
2026-06-15T09:03:40+0000 [INFO]   Arctic Shift returned 1 comments
2026-06-15T09:03:40+0000 [INFO] Processing post 1u4mth8 (Arctic Shift): World Cup 2026 Series Graph community ratings update
2026-06-15T09:03:41+0000 [WARNING]   Could not re-fetch post 1u4mth8 from Arctic Shift
2026-06-15T09:03:43+0000 [INFO]   Arctic Shift returned 1 comments
2026-06-15T09:03:43+0000 [INFO] Processing post 1u4mvlm (Arctic Shift): Trying to Make A New Soccer Team By Scratch
2026-06-15T09:03:44+0000 [WARNING]   Could not re-fetch post 1u4mvlm from Arctic Shift
2026-06-15T09:03:46+0000 [INFO]   Arctic Shift returned 1 comments
2026-06-15T09:03:46+0000 [INFO] Processing post 1u4mu4m (Arctic Shift): World Cup 2026 Series Graph community ratings update
2026-06-15T09:03:46+0000 [WARNING]   Could not re-fetch post 1u4mu4m from Arctic Shift
2026-06-15T09:03:49+0000 [INFO]   Arctic Shift returned 41 comments
2026-06-15T09:03:49+0000 [INFO] Harvester complete (arctic_shift+rss). 13 posts processed, 0 failed, 149 total comments collected.
2026-06-15T09:08:10+0000 [INFO] Harvester starting. Target time: 2026-06-13T09:08:10.638233+00:00. Mode: arctic_shift+rss
2026-06-15T09:08:10+0000 [INFO] No pending posts for target time 2026-06-13T09. Nothing to do.
2026-06-15T09:13:07+0000 [INFO] Harvester starting. Target time: 2026-06-13T09:13:07.524719+00:00. Mode: arctic_shift+rss
2026-06-15T09:13:07+0000 [INFO] No pending posts for target time 2026-06-13T09. Nothing to do.
2026-06-15T09:18:22+0000 [INFO] Harvester starting. Target time: 2026-06-13T09:18:22.791200+00:00. Mode: arctic_shift+rss
2026-06-15T09:18:22+0000 [INFO] No pending posts for target time 2026-06-13T09. Nothing to do.
2026-06-15T09:23:29+0000 [INFO] Harvester starting. Target time: 2026-06-13T09:23:29.796180+00:00. Mode: arctic_shift+rss
2026-06-15T09:23:29+0000 [INFO] No pending posts for target time 2026-06-13T09. Nothing to do.
2026-06-15T09:27:59+0000 [INFO] Harvester starting. Target time: 2026-06-13T09:27:59.766457+00:00. Mode: arctic_shift+rss
2026-06-15T09:27:59+0000 [INFO] No pending posts for target time 2026-06-13T09. Nothing to do.
2026-06-15T09:33:07+0000 [INFO] Harvester starting. Target time: 2026-06-13T09:33:07.266054+00:00. Mode: arctic_shift+rss
2026-06-15T09:33:07+0000 [INFO] No pending posts for target time 2026-06-13T09. Nothing to do.
2026-06-15T09:38:34+0000 [INFO] Harvester starting. Target time: 2026-06-13T09:38:34.202774+00:00. Mode: arctic_shift+rss
2026-06-15T09:38:34+0000 [INFO] No pending posts for target time 2026-06-13T09. Nothing to do.
