2026-06-16T01:08:45+0000 [INFO] Harvester starting. Target time: 2026-06-14T01:08:45.205227+00:00. Mode: arctic_shift+rss
2026-06-16T01:08:45+0000 [INFO] Found 23 posts to process
2026-06-16T01:08:45+0000 [INFO] Processing post 1u57gfo (Arctic Shift): How difficult the playground!
2026-06-16T01:08:46+0000 [WARNING]   Could not re-fetch post 1u57gfo from Arctic Shift
2026-06-16T01:08:47+0000 [INFO]   Arctic Shift returned 1 comments
2026-06-16T01:08:47+0000 [INFO] Processing post 1u57fpe (Arctic Shift): Rendition of Scotland’s anthem “Flowers of Scotland” before 
2026-06-16T01:08:48+0000 [WARNING]   Could not re-fetch post 1u57fpe from Arctic Shift
2026-06-16T01:08:56+0000 [INFO]   Arctic Shift returned 616 comments
2026-06-16T01:08:56+0000 [INFO] Processing post 1u57i2z (Arctic Shift): Danny Murphy: "Any adaptation of the rules that means diving
2026-06-16T01:08:57+0000 [WARNING]   Could not re-fetch post 1u57i2z from Arctic Shift
2026-06-16T01:08:59+0000 [INFO]   Arctic Shift returned 31 comments
2026-06-16T01:08:59+0000 [INFO] Processing post 1u57hfb (Arctic Shift): As a hockey fan, why are Scotland wearing Haiti colours and 
2026-06-16T01:09:00+0000 [WARNING]   Could not re-fetch post 1u57hfb from Arctic Shift
2026-06-16T01:09:02+0000 [INFO]   Arctic Shift returned 1 comments
2026-06-16T01:09:02+0000 [INFO] Processing post 1u57hi5 (Arctic Shift): Ismael Saibari goal in 21st min, fan perspective [Brazil vs 
2026-06-16T01:09:03+0000 [WARNING]   Could not re-fetch post 1u57hi5 from Arctic Shift
2026-06-16T01:09:06+0000 [INFO]   Arctic Shift returned 6 comments
2026-06-16T01:09:06+0000 [INFO] Processing post 1u57n8o (Arctic Shift): McTominay hits the post against Haiti 17'
2026-06-16T01:09:06+0000 [WARNING]   Could not re-fetch post 1u57n8o from Arctic Shift
2026-06-16T01:09:09+0000 [INFO]   Arctic Shift returned 19 comments
2026-06-16T01:09:09+0000 [INFO] Processing post 1u57lzn (Arctic Shift): "LIVE: Haiti vs Scotland – The CRAZIEST Match of the Year?! 
2026-06-16T01:09:09+0000 [WARNING]   Could not re-fetch post 1u57lzn from Arctic Shift
2026-06-16T01:09:11+0000 [INFO]   Arctic Shift returned 2 comments
2026-06-16T01:09:11+0000 [INFO] Processing post 1u57kp6 (Arctic Shift): Brazil vs morocco- world cup 2026
2026-06-16T01:09:12+0000 [WARNING]   Could not re-fetch post 1u57kp6 from Arctic Shift
2026-06-16T01:09:13+0000 [INFO]   Arctic Shift returned 0 comments
2026-06-16T01:09:13+0000 [INFO] Processing post 1u57u6u (Arctic Shift): Haiti 0 - [1] Scotland - J. McGinn 28'
2026-06-16T01:09:14+0000 [WARNING]   Could not re-fetch post 1u57u6u from Arctic Shift
2026-06-16T01:09:17+0000 [INFO]   Arctic Shift returned 134 comments
2026-06-16T01:09:17+0000 [INFO] Processing post 1u57vdx (Arctic Shift): Haiti 0 - 1 Scotland' - McGinn 28'
2026-06-16T01:09:18+0000 [WARNING]   Could not re-fetch post 1u57vdx from Arctic Shift
2026-06-16T01:09:20+0000 [INFO]   Arctic Shift returned 18 comments
2026-06-16T01:09:20+0000 [INFO] Processing post 1u57uzq (Arctic Shift): Is watching live matches in BBC iplayer for free in laptop i
2026-06-16T01:09:21+0000 [WARNING]   Could not re-fetch post 1u57uzq from Arctic Shift
2026-06-16T01:09:23+0000 [INFO]   Arctic Shift returned 1 comments
2026-06-16T01:09:23+0000 [INFO] Processing post 1u57w5k (Arctic Shift): Sounders third GK trains with Belgium
2026-06-16T01:09:24+0000 [WARNING]   Could not re-fetch post 1u57w5k from Arctic Shift
2026-06-16T01:09:26+0000 [INFO]   Arctic Shift returned 1 comments
2026-06-16T01:09:26+0000 [INFO] Processing post 1u57vpf (Arctic Shift): [MisterChip] Morocco is the first team ever to field a start
2026-06-16T01:09:27+0000 [WARNING]   Could not re-fetch post 1u57vpf from Arctic Shift
2026-06-16T01:09:29+0000 [INFO]   Arctic Shift returned 1 comments
2026-06-16T01:09:29+0000 [INFO] Processing post 1u57vpp (Arctic Shift): Haiti 0 - [1] Scotland - J. McGinn 28'
2026-06-16T01:09:30+0000 [WARNING]   Could not re-fetch post 1u57vpp from Arctic Shift
2026-06-16T01:09:32+0000 [INFO]   Arctic Shift returned 1 comments
2026-06-16T01:09:32+0000 [INFO] Processing post 1u57yd9 (Arctic Shift): Morocco is the first team ever to field a starting 11 at the
2026-06-16T01:09:33+0000 [WARNING]   Could not re-fetch post 1u57yd9 from Arctic Shift
2026-06-16T01:09:35+0000 [INFO]   Arctic Shift returned 15 comments
2026-06-16T01:09:35+0000 [INFO] Processing post 1u57zve (Arctic Shift): Those 'cooling breaks' is utter shit!!!
2026-06-16T01:09:36+0000 [WARNING]   Could not re-fetch post 1u57zve from Arctic Shift
2026-06-16T01:09:38+0000 [INFO]   Arctic Shift returned 2 comments
2026-06-16T01:09:38+0000 [INFO] Processing post 1u5807c (Arctic Shift): Fifa why not hold all matches in Mexico??
2026-06-16T01:09:39+0000 [WARNING]   Could not re-fetch post 1u5807c from Arctic Shift
2026-06-16T01:09:41+0000 [INFO]   Arctic Shift returned 1 comments
2026-06-16T01:09:41+0000 [INFO] Processing post 1u583tf (Arctic Shift): Broadcast cut out for a few seconds during Haiti vs Scotlan
2026-06-16T01:09:42+0000 [WARNING]   Could not re-fetch post 1u583tf from Arctic Shift
2026-06-16T01:09:44+0000 [INFO]   Arctic Shift returned 2 comments
2026-06-16T01:09:44+0000 [INFO] Processing post 1u5846x (Arctic Shift): Broadcast cut out for a few seconds during Haiti vs Scotland
2026-06-16T01:09:45+0000 [WARNING]   Could not re-fetch post 1u5846x from Arctic Shift
2026-06-16T01:09:47+0000 [INFO]   Arctic Shift returned 11 comments
2026-06-16T01:09:47+0000 [INFO] Processing post 1u582fd (Arctic Shift): If your nation didn't make the World Cup, how do you find a 
2026-06-16T01:09:48+0000 [WARNING]   Could not re-fetch post 1u582fd from Arctic Shift
2026-06-16T01:09:50+0000 [INFO]   Arctic Shift returned 1 comments
2026-06-16T01:09:50+0000 [INFO] Processing post 1u58995 (Arctic Shift): [Argentina] Outrage. Controversy over an AI-generated image 
2026-06-16T01:09:51+0000 [WARNING]   Could not re-fetch post 1u58995 from Arctic Shift
2026-06-16T01:09:53+0000 [INFO]   Arctic Shift returned 92 comments
2026-06-16T01:09:53+0000 [INFO] Processing post 1u588tm (Arctic Shift): Built a free World Cup 2026 simulator app
2026-06-16T01:09:54+0000 [WARNING]   Could not re-fetch post 1u588tm from Arctic Shift
2026-06-16T01:09:56+0000 [INFO]   Arctic Shift returned 2 comments
2026-06-16T01:09:56+0000 [INFO] Processing post 1u58cid (Arctic Shift): Vinícius Jr WONDER GOAL! 💥 Brazil vs Morocco 1-1 Highlights 
2026-06-16T01:09:57+0000 [WARNING]   Could not re-fetch post 1u58cid from Arctic Shift
2026-06-16T01:09:59+0000 [INFO]   Arctic Shift returned 1 comments
2026-06-16T01:09:59+0000 [INFO] Harvester complete (arctic_shift+rss). 23 posts processed, 0 failed, 959 total comments collected.
2026-06-16T01:14:01+0000 [INFO] Harvester starting. Target time: 2026-06-14T01:14:01.932501+00:00. Mode: arctic_shift+rss
2026-06-16T01:14:01+0000 [INFO] No pending posts for target time 2026-06-14T01. Nothing to do.
