2026-06-18T13:04:23+0000 [INFO] Harvester starting. Target time: 2026-06-16T13:04:23.425938+00:00. Mode: arctic_shift+rss
2026-06-18T13:04:23+0000 [INFO] Found 21 posts to process
2026-06-18T13:04:23+0000 [INFO] Processing post 1u7cufl (Arctic Shift): Eight rules made Norway a winter sports superpower. Will the
2026-06-18T13:04:24+0000 [WARNING]   Could not re-fetch post 1u7cufl from Arctic Shift
2026-06-18T13:04:25+0000 [INFO]   Arctic Shift returned 0 comments
2026-06-18T13:04:25+0000 [INFO] Processing post 1u7cwtt (Arctic Shift): Brazil suffer massive Neymar setback after Morocco draw, ret
2026-06-18T13:04:26+0000 [WARNING]   Could not re-fetch post 1u7cwtt from Arctic Shift
2026-06-18T13:04:29+0000 [INFO]   Arctic Shift returned 5 comments
2026-06-18T13:04:29+0000 [INFO] Processing post 1u7d0da (Arctic Shift): When NBC News talked to Vozinha yesterday he had 4.3M follow
2026-06-18T13:04:29+0000 [WARNING]   Could not re-fetch post 1u7d0da from Arctic Shift
2026-06-18T13:04:32+0000 [INFO]   Arctic Shift returned 1 comments
2026-06-18T13:04:32+0000 [INFO] Processing post 1u7d0as (Arctic Shift): FIFA World Cup 2026 Predictions | Top 7 Favorites & Predicte
2026-06-18T13:04:32+0000 [WARNING]   Could not re-fetch post 1u7d0as from Arctic Shift
2026-06-18T13:04:35+0000 [INFO]   Arctic Shift returned 2 comments
2026-06-18T13:04:35+0000 [INFO] Processing post 1u7d74p (Arctic Shift): Norwegian Football Team Called Racist for Dressing up as Vik
2026-06-18T13:04:36+0000 [WARNING]   Could not re-fetch post 1u7d74p from Arctic Shift
2026-06-18T13:04:38+0000 [INFO]   Arctic Shift returned 2 comments
2026-06-18T13:04:38+0000 [INFO] Processing post 1u7d6dj (Arctic Shift): [Romano] Senny Mayulu signs new deal at Paris Saint-Germain 
2026-06-18T13:04:38+0000 [WARNING]   Could not re-fetch post 1u7d6dj from Arctic Shift
2026-06-18T13:04:40+0000 [INFO]   Arctic Shift returned 2 comments
2026-06-18T13:04:40+0000 [INFO] Processing post 1u7d84u (Arctic Shift): [The Times] Spurs in talks for midfielder Sandro Tonali — bu
2026-06-18T13:04:41+0000 [WARNING]   Could not re-fetch post 1u7d84u from Arctic Shift
2026-06-18T13:04:44+0000 [INFO]   Arctic Shift returned 118 comments
2026-06-18T13:04:44+0000 [INFO] Processing post 1u7d6nv (Arctic Shift): Record transfer for the SV Oberbank Ried – Antonio Van Wyk r
2026-06-18T13:04:45+0000 [WARNING]   Could not re-fetch post 1u7d6nv from Arctic Shift
2026-06-18T13:04:47+0000 [INFO]   Arctic Shift returned 1 comments
2026-06-18T13:04:47+0000 [INFO] Processing post 1u7d6b8 (Arctic Shift): Milan close to signing Aurelien Guernier from Birmingham Cit
2026-06-18T13:04:48+0000 [WARNING]   Could not re-fetch post 1u7d6b8 from Arctic Shift
2026-06-18T13:04:51+0000 [INFO]   Arctic Shift returned 5 comments
2026-06-18T13:04:51+0000 [INFO] Processing post 1u7dfhy (Arctic Shift): The World Cup’s most unlikely star Tim Payne seals post-tour
2026-06-18T13:04:51+0000 [WARNING]   Could not re-fetch post 1u7dfhy from Arctic Shift
2026-06-18T13:04:54+0000 [INFO]   Arctic Shift returned 13 comments
2026-06-18T13:04:54+0000 [INFO] Processing post 1u7dt9k (Arctic Shift): Quick question about tickets
2026-06-18T13:04:54+0000 [WARNING]   Could not re-fetch post 1u7dt9k from Arctic Shift
2026-06-18T13:04:56+0000 [INFO]   Arctic Shift returned 1 comments
2026-06-18T13:04:56+0000 [INFO] Processing post 1u7ds2t (Arctic Shift): Trevor Chalobah is replacing Tino Livramento due to injury
2026-06-18T13:04:57+0000 [WARNING]   Could not re-fetch post 1u7ds2t from Arctic Shift
2026-06-18T13:05:00+0000 [INFO]   Arctic Shift returned 123 comments
2026-06-18T13:05:00+0000 [INFO] Processing post 1u7donw (Arctic Shift): [Yahoo Sports] Nico Schlotterbeck is waiting for Real Madrid
2026-06-18T13:05:02+0000 [WARNING]   Could not re-fetch post 1u7donw from Arctic Shift
2026-06-18T13:05:06+0000 [INFO]   Arctic Shift returned 278 comments
2026-06-18T13:05:06+0000 [INFO] Processing post 1u7du1s (Arctic Shift): A map of all Hajduk fan organizations (DPH) in Croatia and n
2026-06-18T13:05:06+0000 [WARNING]   Could not re-fetch post 1u7du1s from Arctic Shift
2026-06-18T13:05:09+0000 [INFO]   Arctic Shift returned 8 comments
2026-06-18T13:05:09+0000 [INFO] Processing post 1u7duz1 (Arctic Shift): anyone else get a crazy high heart rate during intense match
2026-06-18T13:05:10+0000 [WARNING]   Could not re-fetch post 1u7duz1 from Arctic Shift
2026-06-18T13:05:11+0000 [INFO]   Arctic Shift returned 1 comments
2026-06-18T13:05:11+0000 [INFO] Processing post 1u7dzn9 (Arctic Shift): Football agents, what tools are you actually using to manage
2026-06-18T13:05:12+0000 [WARNING]   Could not re-fetch post 1u7dzn9 from Arctic Shift
2026-06-18T13:05:15+0000 [INFO]   Arctic Shift returned 2 comments
2026-06-18T13:05:15+0000 [INFO] Processing post 1u7dyrx (Arctic Shift): [BBC Sport] From stag party drag to World Cup: The bizarre r
2026-06-18T13:05:16+0000 [WARNING]   Could not re-fetch post 1u7dyrx from Arctic Shift
2026-06-18T13:05:18+0000 [INFO]   Arctic Shift returned 9 comments
2026-06-18T13:05:18+0000 [INFO] Processing post 1u7e66y (Arctic Shift): JORDAN VS AUSTRIA
2026-06-18T13:05:19+0000 [WARNING]   Could not re-fetch post 1u7e66y from Arctic Shift
2026-06-18T13:05:21+0000 [INFO]   Arctic Shift returned 2 comments
2026-06-18T13:05:21+0000 [INFO] Processing post 1u7e4nv (Arctic Shift): JORDAN VS AUSTRIA - LAS VEGAS
2026-06-18T13:05:22+0000 [WARNING]   Could not re-fetch post 1u7e4nv from Arctic Shift
2026-06-18T13:05:24+0000 [INFO]   Arctic Shift returned 2 comments
2026-06-18T13:05:24+0000 [INFO] Processing post 1u7e36j (Arctic Shift): Which streaming service has the best sports channels? I just
2026-06-18T13:05:25+0000 [WARNING]   Could not re-fetch post 1u7e36j from Arctic Shift
2026-06-18T13:05:27+0000 [INFO]   Arctic Shift returned 1 comments
2026-06-18T13:05:27+0000 [INFO] Processing post 1u7e48n (Arctic Shift): Leeds United weighing up move for £20m Southampton's midfiel
2026-06-18T13:05:28+0000 [WARNING]   Could not re-fetch post 1u7e48n from Arctic Shift
2026-06-18T13:05:30+0000 [INFO]   Arctic Shift returned 10 comments
2026-06-18T13:05:30+0000 [INFO] Harvester complete (arctic_shift+rss). 21 posts processed, 0 failed, 586 total comments collected.
2026-06-18T13:09:19+0000 [INFO] Harvester starting. Target time: 2026-06-16T13:09:19.748662+00:00. Mode: arctic_shift+rss
2026-06-18T13:09:19+0000 [INFO] No pending posts for target time 2026-06-16T13. Nothing to do.
2026-06-18T13:19:19+0000 [INFO] Harvester starting. Target time: 2026-06-16T13:19:19.756135+00:00. Mode: arctic_shift+rss
2026-06-18T13:19:19+0000 [INFO] No pending posts for target time 2026-06-16T13. Nothing to do.
2026-06-18T13:24:01+0000 [INFO] Harvester starting. Target time: 2026-06-16T13:24:01.964926+00:00. Mode: arctic_shift+rss
2026-06-18T13:24:01+0000 [INFO] No pending posts for target time 2026-06-16T13. Nothing to do.
