2026-06-14T04:02:19+0000 [INFO] Harvester starting. Target time: 2026-06-12T04:02:19.597301+00:00. Mode: arctic_shift+rss
2026-06-14T04:02:19+0000 [INFO] Found 25 posts to process
2026-06-14T04:02:19+0000 [INFO] Processing post 1u3km7g (Arctic Shift): Kim Seung-Gyu (South Korea) save against Czechia 90+3'
2026-06-14T04:02:20+0000 [WARNING]   Could not re-fetch post 1u3km7g from Arctic Shift
2026-06-14T04:02:21+0000 [INFO]   Arctic Shift returned 85 comments
2026-06-14T04:02:22+0000 [INFO] Processing post 1u3kma1 (Arctic Shift): Just released a short football anthem called "One More Goal"
2026-06-14T04:02:23+0000 [WARNING]   Could not re-fetch post 1u3kma1 from Arctic Shift
2026-06-14T04:02:24+0000 [INFO]   Arctic Shift returned 1 comments
2026-06-14T04:02:24+0000 [INFO] Processing post 1u3kl24 (Arctic Shift): [Official] South Korea defeat Czechia 2-1
2026-06-14T04:02:25+0000 [WARNING]   Could not re-fetch post 1u3kl24 from Arctic Shift
2026-06-14T04:02:29+0000 [INFO]   Arctic Shift returned 268 comments
2026-06-14T04:02:30+0000 [INFO] Processing post 1u3kl3x (Arctic Shift): World Cup group A standings after the conclusion of Matchwee
2026-06-14T04:02:30+0000 [WARNING]   Could not re-fetch post 1u3kl3x from Arctic Shift
2026-06-14T04:02:32+0000 [INFO]   Arctic Shift returned 27 comments
2026-06-14T04:02:32+0000 [INFO] Processing post 1u3kked (Arctic Shift): Post Match Thread: South Korea 2 - 1 Czechia | FIFA World Cu
2026-06-14T04:02:33+0000 [WARNING]   Could not re-fetch post 1u3kked from Arctic Shift
2026-06-14T04:02:43+0000 [INFO]   Arctic Shift returned 766 comments
2026-06-14T04:02:43+0000 [INFO] Processing post 1u3kl75 (Arctic Shift): Post Match Thread: South Korea 2-1 Czechia | FIFA World Cup 
2026-06-14T04:02:43+0000 [WARNING]   Could not re-fetch post 1u3kl75 from Arctic Shift
2026-06-14T04:02:46+0000 [INFO]   Arctic Shift returned 5 comments
2026-06-14T04:02:46+0000 [INFO] Processing post 1u3knqf (Arctic Shift): Korea 🇰🇷
2026-06-14T04:02:47+0000 [WARNING]   Could not re-fetch post 1u3knqf from Arctic Shift
2026-06-14T04:02:48+0000 [INFO]   Arctic Shift returned 1 comments
2026-06-14T04:02:48+0000 [INFO] Processing post 1u3kovg (Arctic Shift): Just released a short football anthem called "One More Goal"
2026-06-14T04:02:49+0000 [WARNING]   Could not re-fetch post 1u3kovg from Arctic Shift
2026-06-14T04:02:52+0000 [INFO]   Arctic Shift returned 1 comments
2026-06-14T04:02:52+0000 [INFO] Processing post 1u3ktoj (Arctic Shift): A totally unbiased look as why Australia will beat Turkey
2026-06-14T04:02:52+0000 [WARNING]   Could not re-fetch post 1u3ktoj from Arctic Shift
2026-06-14T04:02:54+0000 [INFO]   Arctic Shift returned 1 comments
2026-06-14T04:02:54+0000 [INFO] Processing post 1u3ksc0 (Arctic Shift): Just released a short football anthem called "One More Goal"
2026-06-14T04:02:55+0000 [WARNING]   Could not re-fetch post 1u3ksc0 from Arctic Shift
2026-06-14T04:02:57+0000 [INFO]   Arctic Shift returned 1 comments
2026-06-14T04:02:57+0000 [INFO] Processing post 1u3krxv (Arctic Shift): [Santi Aouna] PSG has contacted West Han to find out on exit
2026-06-14T04:02:58+0000 [WARNING]   Could not re-fetch post 1u3krxv from Arctic Shift
2026-06-14T04:03:01+0000 [INFO]   Arctic Shift returned 79 comments
2026-06-14T04:03:01+0000 [INFO] Processing post 1u3ksvo (Arctic Shift): Which manager in recent history has done the best job of dev
2026-06-14T04:03:02+0000 [WARNING]   Could not re-fetch post 1u3ksvo from Arctic Shift
2026-06-14T04:03:04+0000 [INFO]   Arctic Shift returned 1 comments
2026-06-14T04:03:04+0000 [INFO] Processing post 1u3kwbi (Arctic Shift): Kang-in Lee had 100% pass accuracy against Czechia
2026-06-14T04:03:05+0000 [WARNING]   Could not re-fetch post 1u3kwbi from Arctic Shift
2026-06-14T04:03:08+0000 [INFO]   Arctic Shift returned 135 comments
2026-06-14T04:03:08+0000 [INFO] Processing post 1u3kxdd (Arctic Shift): Hwang In-neon is Korea vs Czech man of the match
2026-06-14T04:03:09+0000 [WARNING]   Could not re-fetch post 1u3kxdd from Arctic Shift
2026-06-14T04:03:10+0000 [INFO]   Arctic Shift returned 7 comments
2026-06-14T04:03:10+0000 [INFO] Processing post 1u3kwso (Arctic Shift): https://www.fifa.com/en/tournaments/mens/worldcup/canadamexi
2026-06-14T04:03:12+0000 [WARNING]   Could not re-fetch post 1u3kwso from Arctic Shift
2026-06-14T04:03:14+0000 [INFO]   Arctic Shift returned 1 comments
2026-06-14T04:03:14+0000 [INFO] Processing post 1u3l2dd (Arctic Shift): Haaland and Team Norway at the Stanely Cup finals
2026-06-14T04:03:14+0000 [WARNING]   Could not re-fetch post 1u3l2dd from Arctic Shift
2026-06-14T04:03:17+0000 [INFO]   Arctic Shift returned 2 comments
2026-06-14T04:03:17+0000 [INFO] Processing post 1u3l6br (Arctic Shift): The South Korean fans couldn't bring the tequila bottle insi
2026-06-14T04:03:18+0000 [WARNING]   Could not re-fetch post 1u3l6br from Arctic Shift
2026-06-14T04:03:20+0000 [INFO]   Arctic Shift returned 1 comments
2026-06-14T04:03:20+0000 [INFO] Processing post 1u3l6vs (Arctic Shift): The South Korean fans couldn't bring the tequila bottle insi
2026-06-14T04:03:20+0000 [WARNING]   Could not re-fetch post 1u3l6vs from Arctic Shift
2026-06-14T04:03:23+0000 [INFO]   Arctic Shift returned 13 comments
2026-06-14T04:03:23+0000 [INFO] Processing post 1u3le8f (Arctic Shift): The hidden costs of attending the 2026 World Cup: why accomm
2026-06-14T04:03:23+0000 [WARNING]   Could not re-fetch post 1u3le8f from Arctic Shift
2026-06-14T04:03:25+0000 [INFO]   Arctic Shift returned 1 comments
2026-06-14T04:03:25+0000 [INFO] Processing post 1u3lcpy (Arctic Shift): The South Korean fans couldn't bring the tequila bottle insi
2026-06-14T04:03:26+0000 [WARNING]   Could not re-fetch post 1u3lcpy from Arctic Shift
2026-06-14T04:03:31+0000 [INFO]   Arctic Shift returned 327 comments
2026-06-14T04:03:31+0000 [INFO] Processing post 1u3lea4 (Arctic Shift): Petr Cech playing drum
2026-06-14T04:03:33+0000 [WARNING]   Could not re-fetch post 1u3lea4 from Arctic Shift
2026-06-14T04:03:35+0000 [INFO]   Arctic Shift returned 1 comments
2026-06-14T04:03:35+0000 [INFO] Processing post 1u3lfjw (Arctic Shift): Fuck infantino
2026-06-14T04:03:36+0000 [WARNING]   Could not re-fetch post 1u3lfjw from Arctic Shift
2026-06-14T04:03:36+0000 [INFO]   Arctic Shift returned 0 comments
2026-06-14T04:03:36+0000 [INFO] Processing post 1u3lih3 (Arctic Shift): [AS] Xavi Hernández is persona non grata at FC Barcelona. Hi
2026-06-14T04:03:37+0000 [WARNING]   Could not re-fetch post 1u3lih3 from Arctic Shift
2026-06-14T04:03:41+0000 [INFO]   Arctic Shift returned 122 comments
2026-06-14T04:03:41+0000 [INFO] Processing post 1u3liyp (Arctic Shift): World Cup Highlights, Where to watch?
2026-06-14T04:03:41+0000 [WARNING]   Could not re-fetch post 1u3liyp from Arctic Shift
2026-06-14T04:03:43+0000 [INFO]   Arctic Shift returned 1 comments
2026-06-14T04:03:43+0000 [INFO] Processing post 1u3lmno (Arctic Shift): Alternate angles of Hwang In-beom's great goal against Czech
2026-06-14T04:03:44+0000 [WARNING]   Could not re-fetch post 1u3lmno from Arctic Shift
2026-06-14T04:03:47+0000 [INFO]   Arctic Shift returned 140 comments
2026-06-14T04:03:47+0000 [INFO] Harvester complete (arctic_shift+rss). 25 posts processed, 0 failed, 1987 total comments collected.
2026-06-14T04:07:13+0000 [INFO] Harvester starting. Target time: 2026-06-12T04:07:13.439805+00:00. Mode: arctic_shift+rss
2026-06-14T04:07:13+0000 [INFO] No pending posts for target time 2026-06-12T04. Nothing to do.
2026-06-14T04:12:09+0000 [INFO] Harvester starting. Target time: 2026-06-12T04:12:09.729144+00:00. Mode: arctic_shift+rss
2026-06-14T04:12:09+0000 [INFO] No pending posts for target time 2026-06-12T04. Nothing to do.
2026-06-14T04:17:15+0000 [INFO] Harvester starting. Target time: 2026-06-12T04:17:15.744868+00:00. Mode: arctic_shift+rss
2026-06-14T04:17:15+0000 [INFO] No pending posts for target time 2026-06-12T04. Nothing to do.
2026-06-14T04:22:08+0000 [INFO] Harvester starting. Target time: 2026-06-12T04:22:08.552379+00:00. Mode: arctic_shift+rss
2026-06-14T04:22:08+0000 [INFO] No pending posts for target time 2026-06-12T04. Nothing to do.
2026-06-14T04:27:04+0000 [INFO] Harvester starting. Target time: 2026-06-12T04:27:04.643531+00:00. Mode: arctic_shift+rss
2026-06-14T04:27:04+0000 [INFO] No pending posts for target time 2026-06-12T04. Nothing to do.
2026-06-14T04:32:22+0000 [INFO] Harvester starting. Target time: 2026-06-12T04:32:22.800877+00:00. Mode: arctic_shift+rss
2026-06-14T04:32:22+0000 [INFO] No pending posts for target time 2026-06-12T04. Nothing to do.
2026-06-14T04:37:06+0000 [INFO] Harvester starting. Target time: 2026-06-12T04:37:06.561557+00:00. Mode: arctic_shift+rss
2026-06-14T04:37:06+0000 [INFO] No pending posts for target time 2026-06-12T04. Nothing to do.
2026-06-14T04:42:15+0000 [INFO] Harvester starting. Target time: 2026-06-12T04:42:15.346395+00:00. Mode: arctic_shift+rss
2026-06-14T04:42:15+0000 [INFO] No pending posts for target time 2026-06-12T04. Nothing to do.
2026-06-14T04:47:17+0000 [INFO] Harvester starting. Target time: 2026-06-12T04:47:17.700511+00:00. Mode: arctic_shift+rss
2026-06-14T04:47:17+0000 [INFO] No pending posts for target time 2026-06-12T04. Nothing to do.
2026-06-14T04:52:18+0000 [INFO] Harvester starting. Target time: 2026-06-12T04:52:18.489562+00:00. Mode: arctic_shift+rss
2026-06-14T04:52:18+0000 [INFO] No pending posts for target time 2026-06-12T04. Nothing to do.
