2026-06-19T15:14:48+0000 [INFO] Harvester starting. Target time: 2026-06-17T15:14:48.930178+00:00. Mode: arctic_shift+rss
2026-06-19T15:14:48+0000 [INFO] Found 9 posts to process
2026-06-19T15:14:49+0000 [INFO] Processing post 1u8d4le (Arctic Shift): World Cup attendance record broken by four matches on same d
2026-06-19T15:14:49+0000 [WARNING]   Could not re-fetch post 1u8d4le from Arctic Shift
2026-06-19T15:14:54+0000 [INFO]   Arctic Shift returned 392 comments
2026-06-19T15:14:54+0000 [INFO] Processing post 1u8d4pf (Arctic Shift): [Marca] Enzo Fernández has now become Real Madrid’s number o
2026-06-19T15:14:55+0000 [WARNING]   Could not re-fetch post 1u8d4pf from Arctic Shift
2026-06-19T15:14:59+0000 [INFO]   Arctic Shift returned 253 comments
2026-06-19T15:14:59+0000 [INFO] Processing post 1u8cw6v (Arctic Shift): Śląsk Wrocław sign Karol Niemczycki from Ashdod
2026-06-19T15:15:00+0000 [WARNING]   Could not re-fetch post 1u8cw6v from Arctic Shift
2026-06-19T15:15:02+0000 [INFO]   Arctic Shift returned 1 comments
2026-06-19T15:15:02+0000 [INFO] Processing post 1u8ctyx (Arctic Shift): [The Athletic] World Cup player Elye Wahi arrested for alleg
2026-06-19T15:15:03+0000 [WARNING]   Could not re-fetch post 1u8ctyx from Arctic Shift
2026-06-19T15:15:05+0000 [INFO]   Arctic Shift returned 73 comments
2026-06-19T15:15:05+0000 [INFO] Processing post 1u8ckcc (Arctic Shift): [VG] Haaland’s World Cup goal made Norway shake – Registered
2026-06-19T15:15:06+0000 [WARNING]   Could not re-fetch post 1u8ckcc from Arctic Shift
2026-06-19T15:15:08+0000 [INFO]   Arctic Shift returned 21 comments
2026-06-19T15:15:08+0000 [INFO] Processing post 1u8d6d5 (Arctic Shift): [Romano] Inter agree deal to sign Ivan Provedel as new goalk
2026-06-19T15:15:09+0000 [WARNING]   Could not re-fetch post 1u8d6d5 from Arctic Shift
2026-06-19T15:15:11+0000 [INFO]   Arctic Shift returned 33 comments
2026-06-19T15:15:11+0000 [INFO] Processing post 1u8ddxd (Arctic Shift): Irish football fans - are Thierry Henry's hands in this vide
2026-06-19T15:15:12+0000 [WARNING]   Could not re-fetch post 1u8ddxd from Arctic Shift
2026-06-19T15:15:14+0000 [INFO]   Arctic Shift returned 1 comments
2026-06-19T15:15:14+0000 [INFO] Processing post 1u8dagk (Arctic Shift): Someone put almost 1.2 million on Argentina not to win again
2026-06-19T15:15:15+0000 [WARNING]   Could not re-fetch post 1u8dagk from Arctic Shift
2026-06-19T15:15:17+0000 [INFO]   Arctic Shift returned 1 comments
2026-06-19T15:15:17+0000 [INFO] Processing post 1u8dbmx (Arctic Shift): Someone put almost 1.2 million on Argentina not to win again
2026-06-19T15:15:18+0000 [WARNING]   Could not re-fetch post 1u8dbmx from Arctic Shift
2026-06-19T15:15:20+0000 [INFO]   Arctic Shift returned 1 comments
2026-06-19T15:15:20+0000 [INFO] Harvester complete (arctic_shift+rss). 9 posts processed, 0 failed, 776 total comments collected.
2026-06-19T15:20:12+0000 [INFO] Harvester starting. Target time: 2026-06-17T15:20:12.381603+00:00. Mode: arctic_shift+rss
2026-06-19T15:20:12+0000 [INFO] No pending posts for target time 2026-06-17T15. Nothing to do.
2026-06-19T15:29:46+0000 [INFO] Harvester starting. Target time: 2026-06-17T15:29:46.657149+00:00. Mode: arctic_shift+rss
2026-06-19T15:29:46+0000 [INFO] No pending posts for target time 2026-06-17T15. Nothing to do.
2026-06-19T15:40:09+0000 [INFO] Harvester starting. Target time: 2026-06-17T15:40:09.806513+00:00. Mode: arctic_shift+rss
2026-06-19T15:40:09+0000 [INFO] No pending posts for target time 2026-06-17T15. Nothing to do.
2026-06-19T15:45:09+0000 [INFO] Harvester starting. Target time: 2026-06-17T15:45:09.447796+00:00. Mode: arctic_shift+rss
2026-06-19T15:45:09+0000 [INFO] No pending posts for target time 2026-06-17T15. Nothing to do.
