2026-06-14T05:02:19+0000 [INFO] Harvester starting. Target time: 2026-06-12T05:02:19.428231+00:00. Mode: arctic_shift+rss
2026-06-14T05:02:19+0000 [INFO] Found 9 posts to process
2026-06-14T05:02:19+0000 [INFO] Processing post 1u3ltnn (Arctic Shift): Lee kang in masterclass vs czech republic
2026-06-14T05:02:19+0000 [WARNING]   Could not re-fetch post 1u3ltnn from Arctic Shift
2026-06-14T05:02:21+0000 [INFO]   Arctic Shift returned 1 comments
2026-06-14T05:02:21+0000 [INFO] Processing post 1u3lsuz (Arctic Shift): I believe these teams will reach round of 16, quarter finals
2026-06-14T05:02:23+0000 [WARNING]   Could not re-fetch post 1u3lsuz from Arctic Shift
2026-06-14T05:02:24+0000 [INFO]   Arctic Shift returned 2 comments
2026-06-14T05:02:24+0000 [INFO] Processing post 1u3m2w9 (Arctic Shift): This game rates prime Neymar over prime Salah, but I picked 
2026-06-14T05:02:25+0000 [WARNING]   Could not re-fetch post 1u3m2w9 from Arctic Shift
2026-06-14T05:02:27+0000 [INFO]   Arctic Shift returned 1 comments
2026-06-14T05:02:27+0000 [INFO] Processing post 1u3m3ej (Arctic Shift): Where to watch The World Cup 2026?
2026-06-14T05:02:28+0000 [WARNING]   Could not re-fetch post 1u3m3ej from Arctic Shift
2026-06-14T05:02:30+0000 [INFO]   Arctic Shift returned 1 comments
2026-06-14T05:02:30+0000 [INFO] Processing post 1u3m4zx (Arctic Shift): Extended highlights
2026-06-14T05:02:31+0000 [WARNING]   Could not re-fetch post 1u3m4zx from Arctic Shift
2026-06-14T05:02:33+0000 [INFO]   Arctic Shift returned 1 comments
2026-06-14T05:02:33+0000 [INFO] Processing post 1u3m7hb (Arctic Shift): Please remove Hydration Break, stop ruining football
2026-06-14T05:02:34+0000 [WARNING]   Could not re-fetch post 1u3m7hb from Arctic Shift
2026-06-14T05:02:36+0000 [INFO]   Arctic Shift returned 1 comments
2026-06-14T05:02:36+0000 [INFO] Processing post 1u3mm20 (Arctic Shift): Imagine 'trades' were allowed in international football
2026-06-14T05:02:37+0000 [WARNING]   Could not re-fetch post 1u3mm20 from Arctic Shift
2026-06-14T05:02:39+0000 [INFO]   Arctic Shift returned 1 comments
2026-06-14T05:02:39+0000 [INFO] Processing post 1u3mnu9 (Arctic Shift): 120,000 Mexicans celebrate the team's victory over South Afr
2026-06-14T05:02:40+0000 [WARNING]   Could not re-fetch post 1u3mnu9 from Arctic Shift
2026-06-14T05:02:42+0000 [INFO]   Arctic Shift returned 1 comments
2026-06-14T05:02:42+0000 [INFO] Processing post 1u3mprg (Arctic Shift): 120,000 Mexicans celebrate the team's victory over South Afr
2026-06-14T05:02:43+0000 [WARNING]   Could not re-fetch post 1u3mprg from Arctic Shift
2026-06-14T05:02:45+0000 [INFO]   Arctic Shift returned 43 comments
2026-06-14T05:02:45+0000 [INFO] Harvester complete (arctic_shift+rss). 9 posts processed, 0 failed, 52 total comments collected.
2026-06-14T05:07:07+0000 [INFO] Harvester starting. Target time: 2026-06-12T05:07:07.870317+00:00. Mode: arctic_shift+rss
2026-06-14T05:07:07+0000 [INFO] No pending posts for target time 2026-06-12T05. Nothing to do.
2026-06-14T05:12:21+0000 [INFO] Harvester starting. Target time: 2026-06-12T05:12:21.791454+00:00. Mode: arctic_shift+rss
2026-06-14T05:12:21+0000 [INFO] No pending posts for target time 2026-06-12T05. Nothing to do.
2026-06-14T05:17:16+0000 [INFO] Harvester starting. Target time: 2026-06-12T05:17:16.402361+00:00. Mode: arctic_shift+rss
2026-06-14T05:17:16+0000 [INFO] No pending posts for target time 2026-06-12T05. Nothing to do.
2026-06-14T05:22:19+0000 [INFO] Harvester starting. Target time: 2026-06-12T05:22:19.908831+00:00. Mode: arctic_shift+rss
2026-06-14T05:22:19+0000 [INFO] No pending posts for target time 2026-06-12T05. Nothing to do.
2026-06-14T05:27:23+0000 [INFO] Harvester starting. Target time: 2026-06-12T05:27:23.971371+00:00. Mode: arctic_shift+rss
2026-06-14T05:27:23+0000 [INFO] No pending posts for target time 2026-06-12T05. Nothing to do.
2026-06-14T05:32:30+0000 [INFO] Harvester starting. Target time: 2026-06-12T05:32:30.233872+00:00. Mode: arctic_shift+rss
2026-06-14T05:32:30+0000 [INFO] No pending posts for target time 2026-06-12T05. Nothing to do.
2026-06-14T05:37:14+0000 [INFO] Harvester starting. Target time: 2026-06-12T05:37:14.734303+00:00. Mode: arctic_shift+rss
2026-06-14T05:37:14+0000 [INFO] No pending posts for target time 2026-06-12T05. Nothing to do.
