2026-06-17T23:05:54+0000 [INFO] Harvester starting. Target time: 2026-06-15T23:05:54.984648+00:00. Mode: arctic_shift+rss
2026-06-17T23:05:54+0000 [INFO] Found 16 posts to process
2026-06-17T23:05:55+0000 [INFO] Processing post 1u6w8q6 (Arctic Shift): In Cabo Verde we trust. Let’s goo
2026-06-17T23:05:55+0000 [WARNING]   Could not re-fetch post 1u6w8q6 from Arctic Shift
2026-06-17T23:05:57+0000 [INFO]   Arctic Shift returned 1 comments
2026-06-17T23:05:57+0000 [INFO] Processing post 1u6wh3o (Arctic Shift): No one but Salem Al dawsari at the corner after scoring a go
2026-06-17T23:05:58+0000 [WARNING]   Could not re-fetch post 1u6wh3o from Arctic Shift
2026-06-17T23:06:00+0000 [INFO]   Arctic Shift returned 1 comments
2026-06-17T23:06:00+0000 [INFO] Processing post 1u6wlfu (Arctic Shift): Cape Verde defender Pico Lopes revealed that his internation
2026-06-17T23:06:01+0000 [WARNING]   Could not re-fetch post 1u6wlfu from Arctic Shift
2026-06-17T23:06:04+0000 [INFO]   Arctic Shift returned 110 comments
2026-06-17T23:06:04+0000 [INFO] Processing post 1u6wndd (Arctic Shift): Lionel Scaloni gets emotional after a question from Martín P
2026-06-17T23:06:05+0000 [WARNING]   Could not re-fetch post 1u6wndd from Arctic Shift
2026-06-17T23:06:07+0000 [INFO]   Arctic Shift returned 38 comments
2026-06-17T23:06:07+0000 [INFO] Processing post 1u6wq9a (Arctic Shift): [Hugo Guillemet - L'Equipe] OL have reached an agreement wit
2026-06-17T23:06:08+0000 [WARNING]   Could not re-fetch post 1u6wq9a from Arctic Shift
2026-06-17T23:06:10+0000 [INFO]   Arctic Shift returned 5 comments
2026-06-17T23:06:10+0000 [INFO] Processing post 1u6wsl9 (Arctic Shift): [Sky Sports] Celtic in talks with Borussia Dortmund over USA
2026-06-17T23:06:11+0000 [WARNING]   Could not re-fetch post 1u6wsl9 from Arctic Shift
2026-06-17T23:06:13+0000 [INFO]   Arctic Shift returned 10 comments
2026-06-17T23:06:13+0000 [INFO] Processing post 1u6wse5 (Arctic Shift): Senny Mayulu to extend with PSG until 2031 (Fabrice Hawkins/
2026-06-17T23:06:14+0000 [WARNING]   Could not re-fetch post 1u6wse5 from Arctic Shift
2026-06-17T23:06:16+0000 [INFO]   Arctic Shift returned 1 comments
2026-06-17T23:06:16+0000 [INFO] Processing post 1u6wwi9 (Arctic Shift): Hossam Hassan, Egypt's manager, grabbing the fourth official
2026-06-17T23:06:17+0000 [WARNING]   Could not re-fetch post 1u6wwi9 from Arctic Shift
2026-06-17T23:06:19+0000 [INFO]   Arctic Shift returned 81 comments
2026-06-17T23:06:19+0000 [INFO] Processing post 1u6wyrp (Arctic Shift): Manuel Ugarte hits the post against Saudi Arabia 60'
2026-06-17T23:06:20+0000 [WARNING]   Could not re-fetch post 1u6wyrp from Arctic Shift
2026-06-17T23:06:22+0000 [INFO]   Arctic Shift returned 16 comments
2026-06-17T23:06:22+0000 [INFO] Processing post 1u6wzw2 (Arctic Shift): [Hugo Guillemet - L'Equipe] OL have reached an agreement wit
2026-06-17T23:06:23+0000 [WARNING]   Could not re-fetch post 1u6wzw2 from Arctic Shift
2026-06-17T23:06:25+0000 [INFO]   Arctic Shift returned 27 comments
2026-06-17T23:06:25+0000 [INFO] Processing post 1u6xf26 (Arctic Shift): FIFA Must Explain the Haiti vs. Scotland Officiating Calls
2026-06-17T23:06:26+0000 [WARNING]   Could not re-fetch post 1u6xf26 from Arctic Shift
2026-06-17T23:06:28+0000 [INFO]   Arctic Shift returned 1 comments
2026-06-17T23:06:28+0000 [INFO] Processing post 1u6xdw7 (Arctic Shift): Saudi Arabia 1-[1] Uruguay - Federico Viñas 80'
2026-06-17T23:06:29+0000 [WARNING]   Could not re-fetch post 1u6xdw7 from Arctic Shift
2026-06-17T23:06:31+0000 [INFO]   Arctic Shift returned 2 comments
2026-06-17T23:06:31+0000 [INFO] Processing post 1u6xfga (Arctic Shift): The Most SAVAGE Football Interviews Ever | Zlatan Ibrahimovi
2026-06-17T23:06:32+0000 [WARNING]   Could not re-fetch post 1u6xfga from Arctic Shift
2026-06-17T23:06:34+0000 [INFO]   Arctic Shift returned 2 comments
2026-06-17T23:06:34+0000 [INFO] Processing post 1u6xdwc (Arctic Shift): Saudi Arabia 1 - [1] Uruguay - M. Araújo 80'
2026-06-17T23:06:35+0000 [WARNING]   Could not re-fetch post 1u6xdwc from Arctic Shift
2026-06-17T23:06:38+0000 [INFO]   Arctic Shift returned 158 comments
2026-06-17T23:06:38+0000 [INFO] Processing post 1u6xj4q (Arctic Shift): Infant at Uruguay KSA game
2026-06-17T23:06:39+0000 [WARNING]   Could not re-fetch post 1u6xj4q from Arctic Shift
2026-06-17T23:06:41+0000 [INFO]   Arctic Shift returned 1 comments
2026-06-17T23:06:41+0000 [INFO] Processing post 1u6xm33 (Arctic Shift): [MisterChip via IG] Since being champions in 2010, Spain has
2026-06-17T23:06:42+0000 [WARNING]   Could not re-fetch post 1u6xm33 from Arctic Shift
2026-06-17T23:06:44+0000 [INFO]   Arctic Shift returned 1 comments
2026-06-17T23:06:44+0000 [INFO] Harvester complete (arctic_shift+rss). 16 posts processed, 0 failed, 455 total comments collected.
2026-06-17T23:12:46+0000 [INFO] Harvester starting. Target time: 2026-06-15T23:12:46.756415+00:00. Mode: arctic_shift+rss
2026-06-17T23:12:46+0000 [INFO] No pending posts for target time 2026-06-15T23. Nothing to do.
2026-06-17T23:17:50+0000 [INFO] Harvester starting. Target time: 2026-06-15T23:17:50.865715+00:00. Mode: arctic_shift+rss
2026-06-17T23:17:50+0000 [INFO] No pending posts for target time 2026-06-15T23. Nothing to do.
2026-06-17T23:22:45+0000 [INFO] Harvester starting. Target time: 2026-06-15T23:22:45.629381+00:00. Mode: arctic_shift+rss
2026-06-17T23:22:45+0000 [INFO] No pending posts for target time 2026-06-15T23. Nothing to do.
2026-06-17T23:27:46+0000 [INFO] Harvester starting. Target time: 2026-06-15T23:27:46.306131+00:00. Mode: arctic_shift+rss
2026-06-17T23:27:46+0000 [INFO] No pending posts for target time 2026-06-15T23. Nothing to do.
2026-06-17T23:32:47+0000 [INFO] Harvester starting. Target time: 2026-06-15T23:32:47.774307+00:00. Mode: arctic_shift+rss
2026-06-17T23:32:47+0000 [INFO] No pending posts for target time 2026-06-15T23. Nothing to do.
