2026-06-14T12:02:56+0000 [INFO] Harvester starting. Target time: 2026-06-12T12:02:56.090617+00:00. Mode: arctic_shift+rss
2026-06-14T12:02:56+0000 [INFO] Found 24 posts to process
2026-06-14T12:02:56+0000 [INFO] Processing post 1u3t5uw (Arctic Shift): I built a free, broadcast-style live dashboard for World Cup
2026-06-14T12:02:56+0000 [WARNING]   Could not re-fetch post 1u3t5uw from Arctic Shift
2026-06-14T12:02:58+0000 [INFO]   Arctic Shift returned 2 comments
2026-06-14T12:02:58+0000 [INFO] Processing post 1u3td14 (Arctic Shift): World Cup home-grown manager proportions over time, accounti
2026-06-14T12:02:59+0000 [WARNING]   Could not re-fetch post 1u3td14 from Arctic Shift
2026-06-14T12:03:01+0000 [INFO]   Arctic Shift returned 14 comments
2026-06-14T12:03:01+0000 [INFO] Processing post 1u3tcsc (Arctic Shift): Beth Mead: Man City sign England international on free trans
2026-06-14T12:03:02+0000 [WARNING]   Could not re-fetch post 1u3tcsc from Arctic Shift
2026-06-14T12:03:04+0000 [INFO]   Arctic Shift returned 35 comments
2026-06-14T12:03:04+0000 [INFO] Processing post 1u3tbti (Arctic Shift): [Record] Ronaldo, when asked by journalists how he's feeling
2026-06-14T12:03:05+0000 [WARNING]   Could not re-fetch post 1u3tbti from Arctic Shift
2026-06-14T12:03:11+0000 [INFO]   Arctic Shift returned 434 comments
2026-06-14T12:03:11+0000 [INFO] Processing post 1u3tg6n (Arctic Shift): [The Tyee] The Tiny Fan-Owned BC Team Behind Canada’s World 
2026-06-14T12:03:12+0000 [WARNING]   Could not re-fetch post 1u3tg6n from Arctic Shift
2026-06-14T12:03:14+0000 [INFO]   Arctic Shift returned 1 comments
2026-06-14T12:03:14+0000 [INFO] Processing post 1u3tfm8 (Arctic Shift): [FC Porto] signs André Silva
2026-06-14T12:03:15+0000 [WARNING]   Could not re-fetch post 1u3tfm8 from Arctic Shift
2026-06-14T12:03:17+0000 [INFO]   Arctic Shift returned 29 comments
2026-06-14T12:03:17+0000 [INFO] Processing post 1u3tf05 (Arctic Shift): Devastating for Canada. Alphonso Davies has to watch the cou
2026-06-14T12:03:18+0000 [WARNING]   Could not re-fetch post 1u3tf05 from Arctic Shift
2026-06-14T12:03:20+0000 [INFO]   Arctic Shift returned 3 comments
2026-06-14T12:03:20+0000 [INFO] Processing post 1u3tlop (Arctic Shift): Wisła Płock sign Jurica Pršir (Gorica) from September 1st
2026-06-14T12:03:21+0000 [WARNING]   Could not re-fetch post 1u3tlop from Arctic Shift
2026-06-14T12:03:22+0000 [INFO]   Arctic Shift returned 0 comments
2026-06-14T12:03:22+0000 [INFO] Processing post 1u3tm0v (Arctic Shift): World Cup Schedule 2026
2026-06-14T12:03:23+0000 [WARNING]   Could not re-fetch post 1u3tm0v from Arctic Shift
2026-06-14T12:03:25+0000 [INFO]   Arctic Shift returned 1 comments
2026-06-14T12:03:25+0000 [INFO] Processing post 1u3tm6s (Arctic Shift): Official: Burnley sign Florentino Luis from SL Benfica for 2
2026-06-14T12:03:26+0000 [WARNING]   Could not re-fetch post 1u3tm6s from Arctic Shift
2026-06-14T12:03:28+0000 [INFO]   Arctic Shift returned 41 comments
2026-06-14T12:03:28+0000 [INFO] Processing post 1u3tmep (Arctic Shift): I built a full World Cup 2026 platform: Live scores, Precise
2026-06-14T12:03:29+0000 [WARNING]   Could not re-fetch post 1u3tmep from Arctic Shift
2026-06-14T12:03:30+0000 [INFO]   Arctic Shift returned 0 comments
2026-06-14T12:03:30+0000 [INFO] Processing post 1u3tow4 (Arctic Shift): I built a full World Cup 2026 platform: Live scores, AI anal
2026-06-14T12:03:31+0000 [WARNING]   Could not re-fetch post 1u3tow4 from Arctic Shift
2026-06-14T12:03:33+0000 [INFO]   Arctic Shift returned 1 comments
2026-06-14T12:03:33+0000 [INFO] Processing post 1u3tpla (Arctic Shift): Kaka on Premier league and his favorite players to watch in 
2026-06-14T12:03:34+0000 [WARNING]   Could not re-fetch post 1u3tpla from Arctic Shift
2026-06-14T12:03:36+0000 [INFO]   Arctic Shift returned 70 comments
2026-06-14T12:03:36+0000 [INFO] Processing post 1u3ts5p (Arctic Shift): Fields of the Gods: Mexico’s football pitches from above – p
2026-06-14T12:03:37+0000 [WARNING]   Could not re-fetch post 1u3ts5p from Arctic Shift
2026-06-14T12:03:39+0000 [INFO]   Arctic Shift returned 4 comments
2026-06-14T12:03:39+0000 [INFO] Processing post 1u3tspm (Arctic Shift): [Matteo Moretto] Man City have put Tijjani Reijnders on the 
2026-06-14T12:03:40+0000 [WARNING]   Could not re-fetch post 1u3tspm from Arctic Shift
2026-06-14T12:03:43+0000 [INFO]   Arctic Shift returned 111 comments
2026-06-14T12:03:43+0000 [INFO] Processing post 1u3tu3v (Arctic Shift): I built a full World Cup 2026 platform: Live scores, AI anal
2026-06-14T12:03:44+0000 [WARNING]   Could not re-fetch post 1u3tu3v from Arctic Shift
2026-06-14T12:03:45+0000 [INFO]   Arctic Shift returned 0 comments
2026-06-14T12:03:45+0000 [INFO] Processing post 1u3txn7 (Arctic Shift): EXCLUSIVE: Sports Ministry sends Sports Passport proposal to
2026-06-14T12:03:46+0000 [WARNING]   Could not re-fetch post 1u3txn7 from Arctic Shift
2026-06-14T12:03:48+0000 [INFO]   Arctic Shift returned 3 comments
2026-06-14T12:03:48+0000 [INFO] Processing post 1u3tul0 (Arctic Shift): Besiktas Join Race for Crystal Palace Striker Jean-Philippe 
2026-06-14T12:03:49+0000 [WARNING]   Could not re-fetch post 1u3tul0 from Arctic Shift
2026-06-14T12:03:51+0000 [INFO]   Arctic Shift returned 12 comments
2026-06-14T12:03:51+0000 [INFO] Processing post 1u3ty6x (Arctic Shift): How much do you rate Bernando Silva transfer to Resal Madrid
2026-06-14T12:03:52+0000 [WARNING]   Could not re-fetch post 1u3ty6x from Arctic Shift
2026-06-14T12:03:53+0000 [INFO]   Arctic Shift returned 0 comments
2026-06-14T12:03:53+0000 [INFO] Processing post 1u3tyg2 (Arctic Shift): Rewatched the 2022 WC Opening Ceremony to detox my mind from
2026-06-14T12:03:54+0000 [WARNING]   Could not re-fetch post 1u3tyg2 from Arctic Shift
2026-06-14T12:03:56+0000 [INFO]   Arctic Shift returned 1 comments
2026-06-14T12:03:56+0000 [INFO] Processing post 1u3u7ji (Arctic Shift): Indian Sports Ministry sends Sports Passport proposal to PM 
2026-06-14T12:03:57+0000 [WARNING]   Could not re-fetch post 1u3u7ji from Arctic Shift
2026-06-14T12:04:00+0000 [INFO]   Arctic Shift returned 103 comments
2026-06-14T12:04:00+0000 [INFO] Processing post 1u3ucjy (Arctic Shift): Everyone Picks Canada. Here's Why Bosnia Might Be the Bigger
2026-06-14T12:04:01+0000 [WARNING]   Could not re-fetch post 1u3ucjy from Arctic Shift
2026-06-14T12:04:03+0000 [INFO]   Arctic Shift returned 1 comments
2026-06-14T12:04:03+0000 [INFO] Processing post 1u3ubye (Arctic Shift): [1. FC Nürnberg] sign Alexios Kalogeropoulos from Olympiacos
2026-06-14T12:04:04+0000 [WARNING]   Could not re-fetch post 1u3ubye from Arctic Shift
2026-06-14T12:04:05+0000 [INFO]   Arctic Shift returned 0 comments
2026-06-14T12:04:05+0000 [INFO] Processing post 1u3ueux (Arctic Shift): Nigerians supporting Mexico against South Africa: "Today we 
2026-06-14T12:04:06+0000 [WARNING]   Could not re-fetch post 1u3ueux from Arctic Shift
2026-06-14T12:04:10+0000 [INFO]   Arctic Shift returned 270 comments
2026-06-14T12:04:10+0000 [INFO] Harvester complete (arctic_shift+rss). 24 posts processed, 0 failed, 1136 total comments collected.
2026-06-14T12:07:34+0000 [INFO] Harvester starting. Target time: 2026-06-12T12:07:34.002933+00:00. Mode: arctic_shift+rss
2026-06-14T12:07:34+0000 [INFO] No pending posts for target time 2026-06-12T12. Nothing to do.
2026-06-14T12:12:45+0000 [INFO] Harvester starting. Target time: 2026-06-12T12:12:45.109932+00:00. Mode: arctic_shift+rss
2026-06-14T12:12:45+0000 [INFO] No pending posts for target time 2026-06-12T12. Nothing to do.
2026-06-14T12:17:43+0000 [INFO] Harvester starting. Target time: 2026-06-12T12:17:43.555773+00:00. Mode: arctic_shift+rss
2026-06-14T12:17:43+0000 [INFO] No pending posts for target time 2026-06-12T12. Nothing to do.
2026-06-14T12:20:21+0000 [INFO] Harvester starting. Target time: 2026-06-12T12:20:21.370046+00:00. Mode: arctic_shift+rss
2026-06-14T12:20:21+0000 [INFO] No pending posts for target time 2026-06-12T12. Nothing to do.
2026-06-14T12:22:39+0000 [INFO] Harvester starting. Target time: 2026-06-12T12:22:39.433293+00:00. Mode: arctic_shift+rss
2026-06-14T12:22:39+0000 [INFO] No pending posts for target time 2026-06-12T12. Nothing to do.
2026-06-14T12:27:32+0000 [INFO] Harvester starting. Target time: 2026-06-12T12:27:32.546431+00:00. Mode: arctic_shift+rss
2026-06-14T12:27:32+0000 [INFO] No pending posts for target time 2026-06-12T12. Nothing to do.
2026-06-14T12:32:55+0000 [INFO] Harvester starting. Target time: 2026-06-12T12:32:55.003927+00:00. Mode: arctic_shift+rss
2026-06-14T12:32:55+0000 [INFO] No pending posts for target time 2026-06-12T12. Nothing to do.
2026-06-14T12:38:00+0000 [INFO] Harvester starting. Target time: 2026-06-12T12:38:00.178000+00:00. Mode: arctic_shift+rss
2026-06-14T12:38:00+0000 [INFO] No pending posts for target time 2026-06-12T12. Nothing to do.
2026-06-14T12:42:42+0000 [INFO] Harvester starting. Target time: 2026-06-12T12:42:42.246995+00:00. Mode: arctic_shift+rss
2026-06-14T12:42:42+0000 [INFO] No pending posts for target time 2026-06-12T12. Nothing to do.
2026-06-14T12:47:56+0000 [INFO] Harvester starting. Target time: 2026-06-12T12:47:56.622060+00:00. Mode: arctic_shift+rss
2026-06-14T12:47:56+0000 [INFO] No pending posts for target time 2026-06-12T12. Nothing to do.
