2026-06-17T22:13:04+0000 [INFO] Harvester starting. Target time: 2026-06-15T22:13:04.295584+00:00. Mode: arctic_shift+rss
2026-06-17T22:13:04+0000 [INFO] Found 33 posts to process
2026-06-17T22:13:04+0000 [INFO] Processing post 1u6ur7t (Arctic Shift): Esperando para ver un nuevo encuentro especial, #Uruguay #Ar
2026-06-17T22:13:04+0000 [WARNING]   Could not re-fetch post 1u6ur7t from Arctic Shift
2026-06-17T22:13:06+0000 [INFO]   Arctic Shift returned 1 comments
2026-06-17T22:13:06+0000 [INFO] Processing post 1u6uvq0 (Arctic Shift): My World Cup 2026 prediction: champion Spain. Make yours at 
2026-06-17T22:13:07+0000 [WARNING]   Could not re-fetch post 1u6uvq0 from Arctic Shift
2026-06-17T22:13:09+0000 [INFO]   Arctic Shift returned 1 comments
2026-06-17T22:13:09+0000 [INFO] Processing post 1u6uthu (Arctic Shift): ⚽ My World Cup 2026 prediction: champion 🇪🇸 Spain. Make your
2026-06-17T22:13:10+0000 [WARNING]   Could not re-fetch post 1u6uthu from Arctic Shift
2026-06-17T22:13:12+0000 [INFO]   Arctic Shift returned 1 comments
2026-06-17T22:13:12+0000 [INFO] Processing post 1u6uyrg (Arctic Shift): This World Cup group stage feels rigged in favour of the cas
2026-06-17T22:13:13+0000 [WARNING]   Could not re-fetch post 1u6uyrg from Arctic Shift
2026-06-17T22:13:15+0000 [INFO]   Arctic Shift returned 1 comments
2026-06-17T22:13:15+0000 [INFO] Processing post 1u6v424 (Arctic Shift): The refereeing was so flawless that the Egyptian coach just 
2026-06-17T22:13:16+0000 [WARNING]   Could not re-fetch post 1u6v424 from Arctic Shift
2026-06-17T22:13:18+0000 [INFO]   Arctic Shift returned 1 comments
2026-06-17T22:13:18+0000 [INFO] Processing post 1u6v9av (Arctic Shift): FIFA clears referee accused of making ‘ White power ’ gestur
2026-06-17T22:13:19+0000 [WARNING]   Could not re-fetch post 1u6v9av from Arctic Shift
2026-06-17T22:13:24+0000 [INFO]   Arctic Shift returned 316 comments
2026-06-17T22:13:24+0000 [INFO] Processing post 1u6v64e (Arctic Shift): [Moretto] Milan chose Ruben Amorim together with Krösche. Th
2026-06-17T22:13:25+0000 [WARNING]   Could not re-fetch post 1u6v64e from Arctic Shift
2026-06-17T22:13:27+0000 [INFO]   Arctic Shift returned 25 comments
2026-06-17T22:13:27+0000 [INFO] Processing post 1u6v8do (Arctic Shift): Jsudusjxhdusu
2026-06-17T22:13:28+0000 [WARNING]   Could not re-fetch post 1u6v8do from Arctic Shift
2026-06-17T22:13:30+0000 [INFO]   Arctic Shift returned 2 comments
2026-06-17T22:13:30+0000 [INFO] Processing post 1u6v6ua (Arctic Shift): Test
2026-06-17T22:13:32+0000 [WARNING]   Could not re-fetch post 1u6v6ua from Arctic Shift
2026-06-17T22:13:33+0000 [INFO]   Arctic Shift returned 1 comments
2026-06-17T22:13:33+0000 [INFO] Processing post 1u6v7hq (Arctic Shift): I made a daily football five aside draft puzzle for my mates
2026-06-17T22:13:34+0000 [WARNING]   Could not re-fetch post 1u6v7hq from Arctic Shift
2026-06-17T22:13:37+0000 [INFO]   Arctic Shift returned 1 comments
2026-06-17T22:13:37+0000 [INFO] Processing post 1u6v8mt (Arctic Shift): Iran vs New Zealand tonight
2026-06-17T22:13:37+0000 [WARNING]   Could not re-fetch post 1u6v8mt from Arctic Shift
2026-06-17T22:13:40+0000 [INFO]   Arctic Shift returned 1 comments
2026-06-17T22:13:40+0000 [INFO] Processing post 1u6v5c2 (Arctic Shift): [ Removed by moderator ]
2026-06-17T22:13:40+0000 [WARNING]   Could not re-fetch post 1u6v5c2 from Arctic Shift
2026-06-17T22:13:42+0000 [INFO]   Arctic Shift returned 1 comments
2026-06-17T22:13:42+0000 [INFO] Processing post 1u6v98x (Arctic Shift): The refereeing was so flawless that the Egyptian coach just 
2026-06-17T22:13:43+0000 [WARNING]   Could not re-fetch post 1u6v98x from Arctic Shift
2026-06-17T22:13:45+0000 [INFO]   Arctic Shift returned 1 comments
2026-06-17T22:13:45+0000 [INFO] Processing post 1u6vak6 (Arctic Shift): The refereeing was so flawless that the Egyptian coach just 
2026-06-17T22:13:46+0000 [WARNING]   Could not re-fetch post 1u6vak6 from Arctic Shift
2026-06-17T22:13:48+0000 [INFO]   Arctic Shift returned 16 comments
2026-06-17T22:13:48+0000 [INFO] Processing post 1u6vap6 (Arctic Shift): Saka says he is gambling on fitness but ‘ Ready to go ’ for 
2026-06-17T22:13:49+0000 [WARNING]   Could not re-fetch post 1u6vap6 from Arctic Shift
2026-06-17T22:13:51+0000 [INFO]   Arctic Shift returned 78 comments
2026-06-17T22:13:51+0000 [INFO] Processing post 1u6vi78 (Arctic Shift): Lamine Yanal sin goles ni asistencias contra cabo verde 🤷‍♂️
2026-06-17T22:13:52+0000 [WARNING]   Could not re-fetch post 1u6vi78 from Arctic Shift
2026-06-17T22:13:54+0000 [INFO]   Arctic Shift returned 1 comments
2026-06-17T22:13:54+0000 [INFO] Processing post 1u6vgco (Arctic Shift): Are you guys happy with Spain match today?
2026-06-17T22:13:55+0000 [WARNING]   Could not re-fetch post 1u6vgco from Arctic Shift
2026-06-17T22:13:57+0000 [INFO]   Arctic Shift returned 2 comments
2026-06-17T22:13:57+0000 [INFO] Processing post 1u6vfq5 (Arctic Shift): Window just opened btw
2026-06-17T22:13:59+0000 [WARNING]   Could not re-fetch post 1u6vfq5 from Arctic Shift
2026-06-17T22:14:00+0000 [INFO]   Arctic Shift returned 1 comments
2026-06-17T22:14:00+0000 [INFO] Processing post 1u6vjmi (Arctic Shift): European Teams on Fraud Watch?
2026-06-17T22:14:01+0000 [WARNING]   Could not re-fetch post 1u6vjmi from Arctic Shift
2026-06-17T22:14:03+0000 [INFO]   Arctic Shift returned 1 comments
2026-06-17T22:14:03+0000 [INFO] Processing post 1u6vo35 (Arctic Shift): The World Cup Has Always Welcomed the World. Not This Time. 
2026-06-17T22:14:04+0000 [WARNING]   Could not re-fetch post 1u6vo35 from Arctic Shift
2026-06-17T22:14:06+0000 [INFO]   Arctic Shift returned 1 comments
2026-06-17T22:14:06+0000 [INFO] Processing post 1u6vpjr (Arctic Shift): against Saudi Arabia
2026-06-17T22:14:07+0000 [WARNING]   Could not re-fetch post 1u6vpjr from Arctic Shift
2026-06-17T22:14:09+0000 [INFO]   Arctic Shift returned 1 comments
2026-06-17T22:14:09+0000 [INFO] Processing post 1u6vmgz (Arctic Shift): Yamal sin goles ni asistencias sobre cabo verde
2026-06-17T22:14:10+0000 [WARNING]   Could not re-fetch post 1u6vmgz from Arctic Shift
2026-06-17T22:14:12+0000 [INFO]   Arctic Shift returned 1 comments
2026-06-17T22:14:12+0000 [INFO] Processing post 1u6vlzk (Arctic Shift): [Di Marzio] Not only Manchester City, Chelsea have also made
2026-06-17T22:14:13+0000 [WARNING]   Could not re-fetch post 1u6vlzk from Arctic Shift
2026-06-17T22:14:15+0000 [INFO]   Arctic Shift returned 47 comments
2026-06-17T22:14:15+0000 [INFO] Processing post 1u6vqr2 (Arctic Shift): Mohammed Al-Owais save against Uruguay 30'
2026-06-17T22:14:16+0000 [WARNING]   Could not re-fetch post 1u6vqr2 from Arctic Shift
2026-06-17T22:14:18+0000 [INFO]   Arctic Shift returned 10 comments
2026-06-17T22:14:18+0000 [INFO] Processing post 1u6vxn4 (Arctic Shift): Saudi Arabia 1-0 Uruguay - Abdulelah Al-Amri 41'
2026-06-17T22:14:19+0000 [WARNING]   Could not re-fetch post 1u6vxn4 from Arctic Shift
2026-06-17T22:14:21+0000 [INFO]   Arctic Shift returned 1 comments
2026-06-17T22:14:21+0000 [INFO] Processing post 1u6vyvn (Arctic Shift): [ Removed by moderator ]
2026-06-17T22:14:22+0000 [WARNING]   Could not re-fetch post 1u6vyvn from Arctic Shift
2026-06-17T22:14:24+0000 [INFO]   Arctic Shift returned 2 comments
2026-06-17T22:14:24+0000 [INFO] Processing post 1u6vw3y (Arctic Shift): Abdulelah Al Amri (Saudi Arabia) chance against Uruguay 38'
2026-06-17T22:14:25+0000 [WARNING]   Could not re-fetch post 1u6vw3y from Arctic Shift
2026-06-17T22:14:27+0000 [INFO]   Arctic Shift returned 8 comments
2026-06-17T22:14:27+0000 [INFO] Processing post 1u6vxii (Arctic Shift): Saudi Arabia [1] - 0 Uruguay - Abdulelah Al Amri 41'
2026-06-17T22:14:29+0000 [WARNING]   Could not re-fetch post 1u6vxii from Arctic Shift
2026-06-17T22:14:33+0000 [INFO]   Arctic Shift returned 389 comments
2026-06-17T22:14:33+0000 [INFO] Processing post 1u6vx3x (Arctic Shift): Fernando

Muslera save against Saudi Arabia 39'
2026-06-17T22:14:34+0000 [WARNING]   Could not re-fetch post 1u6vx3x from Arctic Shift
2026-06-17T22:14:36+0000 [INFO]   Arctic Shift returned 7 comments
2026-06-17T22:14:36+0000 [INFO] Processing post 1u6w0f5 (Arctic Shift): Fifa World Cup ticket drops
2026-06-17T22:14:37+0000 [WARNING]   Could not re-fetch post 1u6w0f5 from Arctic Shift
2026-06-17T22:14:39+0000 [INFO]   Arctic Shift returned 2 comments
2026-06-17T22:14:39+0000 [INFO] Processing post 1u6w55f (Arctic Shift): Egypt's Goal vs Belgium today with Arabic commentary (Emam A
2026-06-17T22:14:40+0000 [WARNING]   Could not re-fetch post 1u6w55f from Arctic Shift
2026-06-17T22:14:42+0000 [INFO]   Arctic Shift returned 1 comments
2026-06-17T22:14:42+0000 [INFO] Processing post 1u6w1lg (Arctic Shift): Abdulelah Al Amri (Saudi Arabia) yellow card against Uruguay
2026-06-17T22:14:43+0000 [WARNING]   Could not re-fetch post 1u6w1lg from Arctic Shift
2026-06-17T22:14:45+0000 [INFO]   Arctic Shift returned 2 comments
2026-06-17T22:14:45+0000 [INFO] Processing post 1u6w7n0 (Arctic Shift): Dont know when ever I saw ZINADANE ZIDANE I get emotional.
2026-06-17T22:14:46+0000 [WARNING]   Could not re-fetch post 1u6w7n0 from Arctic Shift
2026-06-17T22:14:47+0000 [INFO]   Arctic Shift returned 0 comments
2026-06-17T22:14:47+0000 [INFO] Harvester complete (arctic_shift+rss). 33 posts processed, 0 failed, 924 total comments collected.
2026-06-17T22:17:43+0000 [INFO] Harvester starting. Target time: 2026-06-15T22:17:43.209300+00:00. Mode: arctic_shift+rss
2026-06-17T22:17:43+0000 [INFO] No pending posts for target time 2026-06-15T22. Nothing to do.
2026-06-17T22:22:45+0000 [INFO] Harvester starting. Target time: 2026-06-15T22:22:45.951751+00:00. Mode: arctic_shift+rss
2026-06-17T22:22:45+0000 [INFO] No pending posts for target time 2026-06-15T22. Nothing to do.
