2026-06-16T05:04:21+0000 [INFO] Harvester starting. Target time: 2026-06-14T05:04:21.814144+00:00. Mode: arctic_shift+rss
2026-06-16T05:04:21+0000 [INFO] Found 20 posts to process
2026-06-16T05:04:21+0000 [INFO] Processing post 1u5bzgm (Arctic Shift): Patrick Beach lays all the way out to preserve the Australia
2026-06-16T05:04:22+0000 [WARNING]   Could not re-fetch post 1u5bzgm from Arctic Shift
2026-06-16T05:04:24+0000 [INFO]   Arctic Shift returned 1 comments
2026-06-16T05:04:24+0000 [INFO] Processing post 1u5c2i6 (Arctic Shift): Scottish fans hyping up an officer from Boston PD ahead of t
2026-06-16T05:04:25+0000 [WARNING]   Could not re-fetch post 1u5c2i6 from Arctic Shift
2026-06-16T05:04:27+0000 [INFO]   Arctic Shift returned 3 comments
2026-06-16T05:04:27+0000 [INFO] Processing post 1u5c3pa (Arctic Shift): Hakan Şükür, the guy scored the earliest goal in World Cup h
2026-06-16T05:04:28+0000 [WARNING]   Could not re-fetch post 1u5c3pa from Arctic Shift
2026-06-16T05:04:30+0000 [INFO]   Arctic Shift returned 7 comments
2026-06-16T05:04:30+0000 [INFO] Processing post 1u5c13d (Arctic Shift): Australia vs Turkiye - Patrick Beach diving save 30'
2026-06-16T05:04:31+0000 [WARNING]   Could not re-fetch post 1u5c13d from Arctic Shift
2026-06-16T05:04:33+0000 [INFO]   Arctic Shift returned 97 comments
2026-06-16T05:04:33+0000 [INFO] Processing post 1u5c5yy (Arctic Shift): Should Paraguay be investigated for match fixing vs the US?
2026-06-16T05:04:34+0000 [WARNING]   Could not re-fetch post 1u5c5yy from Arctic Shift
2026-06-16T05:04:36+0000 [INFO]   Arctic Shift returned 1 comments
2026-06-16T05:04:36+0000 [INFO] Processing post 1u5cagy (Arctic Shift): Cakir save against Australia 54'
2026-06-16T05:04:37+0000 [WARNING]   Could not re-fetch post 1u5cagy from Arctic Shift
2026-06-16T05:04:39+0000 [INFO]   Arctic Shift returned 3 comments
2026-06-16T05:04:39+0000 [INFO] Processing post 1u5cbsc (Arctic Shift): Arda Güler free kick against Australia 57'
2026-06-16T05:04:40+0000 [WARNING]   Could not re-fetch post 1u5cbsc from Arctic Shift
2026-06-16T05:04:42+0000 [INFO]   Arctic Shift returned 24 comments
2026-06-16T05:04:42+0000 [INFO] Processing post 1u5cjxg (Arctic Shift): Nestory Irankunda is a baller, a flipper
2026-06-16T05:04:43+0000 [WARNING]   Could not re-fetch post 1u5cjxg from Arctic Shift
2026-06-16T05:04:45+0000 [INFO]   Arctic Shift returned 1 comments
2026-06-16T05:04:45+0000 [INFO] Processing post 1u5ci17 (Arctic Shift): World Cup - The Premier League leads goals
2026-06-16T05:04:46+0000 [WARNING]   Could not re-fetch post 1u5ci17 from Arctic Shift
2026-06-16T05:04:48+0000 [INFO]   Arctic Shift returned 2 comments
2026-06-16T05:04:48+0000 [INFO] Processing post 1u5claq (Arctic Shift): Warren Barton in Aus vs. Tur game. Worst commentator?
2026-06-16T05:04:49+0000 [WARNING]   Could not re-fetch post 1u5claq from Arctic Shift
2026-06-16T05:04:51+0000 [INFO]   Arctic Shift returned 2 comments
2026-06-16T05:04:51+0000 [INFO] Processing post 1u5clrs (Arctic Shift): Do you think Ronaldo son will be too tall to play soccer?
2026-06-16T05:04:52+0000 [WARNING]   Could not re-fetch post 1u5clrs from Arctic Shift
2026-06-16T05:04:54+0000 [INFO]   Arctic Shift returned 1 comments
2026-06-16T05:04:54+0000 [INFO] Processing post 1u5cng7 (Arctic Shift): Beach save against Thổ Nhĩ Kỳ 72 '
2026-06-16T05:04:55+0000 [WARNING]   Could not re-fetch post 1u5cng7 from Arctic Shift
2026-06-16T05:04:57+0000 [INFO]   Arctic Shift returned 19 comments
2026-06-16T05:04:57+0000 [INFO] Processing post 1u5cngy (Arctic Shift): Australia [2] - 0 Turkey - Connor Metcalfe  75'
2026-06-16T05:04:58+0000 [WARNING]   Could not re-fetch post 1u5cngy from Arctic Shift
2026-06-16T05:05:05+0000 [INFO]   Arctic Shift returned 581 comments
2026-06-16T05:05:05+0000 [INFO] Processing post 1u5cov0 (Arctic Shift): Australia [2]-0 Turkiye - Connor Metcalfe 75'
2026-06-16T05:05:06+0000 [WARNING]   Could not re-fetch post 1u5cov0 from Arctic Shift
2026-06-16T05:05:08+0000 [INFO]   Arctic Shift returned 1 comments
2026-06-16T05:05:08+0000 [INFO] Processing post 1u5cquf (Arctic Shift): Scotland victorious on World Cup return after McGinn strike 
2026-06-16T05:05:09+0000 [WARNING]   Could not re-fetch post 1u5cquf from Arctic Shift
2026-06-16T05:05:11+0000 [INFO]   Arctic Shift returned 5 comments
2026-06-16T05:05:11+0000 [INFO] Processing post 1u5cpnm (Arctic Shift): Metcalfe scores Australia [2] - 0 Turkey
2026-06-16T05:05:12+0000 [WARNING]   Could not re-fetch post 1u5cpnm from Arctic Shift
2026-06-16T05:05:14+0000 [INFO]   Arctic Shift returned 7 comments
2026-06-16T05:05:14+0000 [INFO] Processing post 1u5ctwl (Arctic Shift): Japans line-up against the Netherlands has leaked 😮😉
2026-06-16T05:05:15+0000 [WARNING]   Could not re-fetch post 1u5ctwl from Arctic Shift
2026-06-16T05:05:17+0000 [INFO]   Arctic Shift returned 1 comments
2026-06-16T05:05:17+0000 [INFO] Processing post 1u5cx45 (Arctic Shift): Japans line-up against the Netherlands has been leaked!
2026-06-16T05:05:18+0000 [WARNING]   Could not re-fetch post 1u5cx45 from Arctic Shift
2026-06-16T05:05:20+0000 [INFO]   Arctic Shift returned 1 comments
2026-06-16T05:05:20+0000 [INFO] Processing post 1u5cwgo (Arctic Shift): Beach save against Turkey  85'
2026-06-16T05:05:21+0000 [WARNING]   Could not re-fetch post 1u5cwgo from Arctic Shift
2026-06-16T05:05:23+0000 [INFO]   Arctic Shift returned 50 comments
2026-06-16T05:05:23+0000 [INFO] Processing post 1u5d0dw (Arctic Shift): Momentum Index at 93' Turkey vs Australia
2026-06-16T05:05:24+0000 [WARNING]   Could not re-fetch post 1u5d0dw from Arctic Shift
2026-06-16T05:05:29+0000 [INFO]   Arctic Shift returned 371 comments
2026-06-16T05:05:29+0000 [INFO] Harvester complete (arctic_shift+rss). 20 posts processed, 0 failed, 1178 total comments collected.
2026-06-16T05:10:28+0000 [INFO] Harvester starting. Target time: 2026-06-14T05:10:28.594733+00:00. Mode: arctic_shift+rss
2026-06-16T05:10:28+0000 [INFO] No pending posts for target time 2026-06-14T05. Nothing to do.
2026-06-16T05:15:23+0000 [INFO] Harvester starting. Target time: 2026-06-14T05:15:23.470552+00:00. Mode: arctic_shift+rss
2026-06-16T05:15:23+0000 [INFO] No pending posts for target time 2026-06-14T05. Nothing to do.
