2026-06-18T05:03:53+0000 [INFO] Harvester starting. Target time: 2026-06-16T05:03:53.212283+00:00. Mode: arctic_shift+rss
2026-06-18T05:03:53+0000 [INFO] Found 17 posts to process
2026-06-18T05:03:53+0000 [INFO] Processing post 1u740sn (Arctic Shift): Conmebol teams off to a rough start this WC 😑
2026-06-18T05:03:53+0000 [WARNING]   Could not re-fetch post 1u740sn from Arctic Shift
2026-06-18T05:03:55+0000 [INFO]   Arctic Shift returned 1 comments
2026-06-18T05:03:55+0000 [INFO] Processing post 1u74by8 (Arctic Shift): Cabo Verde! 🇨🇻
2026-06-18T05:03:56+0000 [WARNING]   Could not re-fetch post 1u74by8 from Arctic Shift
2026-06-18T05:03:58+0000 [INFO]   Arctic Shift returned 1 comments
2026-06-18T05:03:58+0000 [INFO] Processing post 1u74d2j (Arctic Shift): 30 Years ago today Davor Šuker scored an iconic chip at EURO
2026-06-18T05:03:59+0000 [WARNING]   Could not re-fetch post 1u74d2j from Arctic Shift
2026-06-18T05:04:01+0000 [INFO]   Arctic Shift returned 1 comments
2026-06-18T05:04:01+0000 [INFO] Processing post 1u74drg (Arctic Shift): Where would yall rank hakimi in this generation’s list of RB
2026-06-18T05:04:02+0000 [WARNING]   Could not re-fetch post 1u74drg from Arctic Shift
2026-06-18T05:04:04+0000 [INFO]   Arctic Shift returned 2 comments
2026-06-18T05:04:04+0000 [INFO] Processing post 1u74ix9 (Arctic Shift): 😂😂😂😂😂😂😂
2026-06-18T05:04:05+0000 [WARNING]   Could not re-fetch post 1u74ix9 from Arctic Shift
2026-06-18T05:04:07+0000 [INFO]   Arctic Shift returned 1 comments
2026-06-18T05:04:07+0000 [INFO] Processing post 1u74grd (Arctic Shift): Norway getting ready to play their first WC match in 28 year
2026-06-18T05:04:08+0000 [WARNING]   Could not re-fetch post 1u74grd from Arctic Shift
2026-06-18T05:04:10+0000 [INFO]   Arctic Shift returned 1 comments
2026-06-18T05:04:10+0000 [INFO] Processing post 1u74if8 (Arctic Shift): Ronaldo vs Messi: The Ultimate Debate💥☄️☄️⚽️⚽️
2026-06-18T05:04:11+0000 [WARNING]   Could not re-fetch post 1u74if8 from Arctic Shift
2026-06-18T05:04:13+0000 [INFO]   Arctic Shift returned 1 comments
2026-06-18T05:04:13+0000 [INFO] Processing post 1u74nii (Arctic Shift): Ronaldo vs Messi: The Ultimate debate ever…Made an animated 
2026-06-18T05:04:14+0000 [WARNING]   Could not re-fetch post 1u74nii from Arctic Shift
2026-06-18T05:04:16+0000 [INFO]   Arctic Shift returned 1 comments
2026-06-18T05:04:16+0000 [INFO] Processing post 1u74n1l (Arctic Shift): i really want to block this guy but ornstein isn't much bett
2026-06-18T05:04:17+0000 [WARNING]   Could not re-fetch post 1u74n1l from Arctic Shift
2026-06-18T05:04:19+0000 [INFO]   Arctic Shift returned 1 comments
2026-06-18T05:04:19+0000 [INFO] Processing post 1u74nw1 (Arctic Shift): JUVENTUS OFFCIAL FAN CLUB DETROIT SIGN UP TODAY!
2026-06-18T05:04:20+0000 [WARNING]   Could not re-fetch post 1u74nw1 from Arctic Shift
2026-06-18T05:04:22+0000 [INFO]   Arctic Shift returned 1 comments
2026-06-18T05:04:22+0000 [INFO] Processing post 1u74sfx (Arctic Shift): Iranian team criticizes World Cup organization , Says Gianni
2026-06-18T05:04:23+0000 [WARNING]   Could not re-fetch post 1u74sfx from Arctic Shift
2026-06-18T05:04:25+0000 [INFO]   Arctic Shift returned 15 comments
2026-06-18T05:04:25+0000 [INFO] Processing post 1u74sdi (Arctic Shift): anyone else super excited for the world cup this summer?
2026-06-18T05:04:26+0000 [WARNING]   Could not re-fetch post 1u74sdi from Arctic Shift
2026-06-18T05:04:27+0000 [INFO]   Arctic Shift returned 0 comments
2026-06-18T05:04:27+0000 [INFO] Processing post 1u74ubt (Arctic Shift): ‘ I don’t see meaning in football without Mexico ’ : Guiller
2026-06-18T05:04:28+0000 [WARNING]   Could not re-fetch post 1u74ubt from Arctic Shift
2026-06-18T05:04:30+0000 [INFO]   Arctic Shift returned 49 comments
2026-06-18T05:04:30+0000 [INFO] Processing post 1u74vm5 (Arctic Shift): Pennsylvania warns World Cup teams not to fall victim to Roc
2026-06-18T05:04:31+0000 [WARNING]   Could not re-fetch post 1u74vm5 from Arctic Shift
2026-06-18T05:04:33+0000 [INFO]   Arctic Shift returned 8 comments
2026-06-18T05:04:33+0000 [INFO] Processing post 1u74up7 (Arctic Shift): Infantino using private jet in attempt to watch two World Cu
2026-06-18T05:04:34+0000 [WARNING]   Could not re-fetch post 1u74up7 from Arctic Shift
2026-06-18T05:04:37+0000 [INFO]   Arctic Shift returned 104 comments
2026-06-18T05:04:37+0000 [INFO] Processing post 1u74tpl (Arctic Shift): Patrick Vieira interview : ‘ I was so proud to play for Fran
2026-06-18T05:04:38+0000 [WARNING]   Could not re-fetch post 1u74tpl from Arctic Shift
2026-06-18T05:04:40+0000 [INFO]   Arctic Shift returned 13 comments
2026-06-18T05:04:40+0000 [INFO] Processing post 1u74ytd (Arctic Shift): ⚽ USA vs Australia: A Crucial World Cup 2026 Clash
2026-06-18T05:04:41+0000 [WARNING]   Could not re-fetch post 1u74ytd from Arctic Shift
2026-06-18T05:04:43+0000 [INFO]   Arctic Shift returned 1 comments
2026-06-18T05:04:43+0000 [INFO] Harvester complete (arctic_shift+rss). 17 posts processed, 0 failed, 201 total comments collected.
