2026-06-14T22:02:26+0000 [INFO] Harvester starting. Target time: 2026-06-12T22:02:26.199427+00:00. Mode: arctic_shift+rss
2026-06-14T22:02:26+0000 [INFO] Found 20 posts to process
2026-06-14T22:02:26+0000 [INFO] Processing post 1u492z4 (Arctic Shift): Infantino says World Cup could be extended to 64-teams, joke
2026-06-14T22:02:26+0000 [WARNING]   Could not re-fetch post 1u492z4 from Arctic Shift
2026-06-14T22:02:28+0000 [INFO]   Arctic Shift returned 1 comments
2026-06-14T22:02:28+0000 [INFO] Processing post 1u492dg (Arctic Shift): [Di Marzio] Nottingham Forest are ready to offer €25 million
2026-06-14T22:02:29+0000 [WARNING]   Could not re-fetch post 1u492dg from Arctic Shift
2026-06-14T22:02:32+0000 [INFO]   Arctic Shift returned 39 comments
2026-06-14T22:02:32+0000 [INFO] Processing post 1u496fh (Arctic Shift): World Cup Bracket
2026-06-14T22:02:33+0000 [WARNING]   Could not re-fetch post 1u496fh from Arctic Shift
2026-06-14T22:02:35+0000 [INFO]   Arctic Shift returned 1 comments
2026-06-14T22:02:35+0000 [INFO] Processing post 1u497ug (Arctic Shift): Me
2026-06-14T22:02:36+0000 [WARNING]   Could not re-fetch post 1u497ug from Arctic Shift
2026-06-14T22:02:38+0000 [INFO]   Arctic Shift returned 1 comments
2026-06-14T22:02:38+0000 [INFO] Processing post 1u49dzl (Arctic Shift): Lots of Brazilians are gathered in Times Square right now
2026-06-14T22:02:39+0000 [WARNING]   Could not re-fetch post 1u49dzl from Arctic Shift
2026-06-14T22:02:41+0000 [INFO]   Arctic Shift returned 2 comments
2026-06-14T22:02:41+0000 [INFO] Processing post 1u49byq (Arctic Shift): American here - genuine question
2026-06-14T22:02:42+0000 [WARNING]   Could not re-fetch post 1u49byq from Arctic Shift
2026-06-14T22:02:44+0000 [INFO]   Arctic Shift returned 1 comments
2026-06-14T22:02:44+0000 [INFO] Processing post 1u49ccr (Arctic Shift): What is pitchsense.fun?
2026-06-14T22:02:45+0000 [WARNING]   Could not re-fetch post 1u49ccr from Arctic Shift
2026-06-14T22:02:47+0000 [INFO]   Arctic Shift returned 1 comments
2026-06-14T22:02:47+0000 [INFO] Processing post 1u49ddz (Arctic Shift): Why was today's match between Canada and Bosnia stopped arou
2026-06-14T22:02:48+0000 [WARNING]   Could not re-fetch post 1u49ddz from Arctic Shift
2026-06-14T22:02:50+0000 [INFO]   Arctic Shift returned 1 comments
2026-06-14T22:02:50+0000 [INFO] Processing post 1u49fij (Arctic Shift): [World Cup 2026 Preview] Qatar: A Last Hurrah for Al-Annabi'
2026-06-14T22:02:51+0000 [WARNING]   Could not re-fetch post 1u49fij from Arctic Shift
2026-06-14T22:02:53+0000 [INFO]   Arctic Shift returned 11 comments
2026-06-14T22:02:53+0000 [INFO] Processing post 1u49eoz (Arctic Shift): Who are you rooting for at the World Cup?
2026-06-14T22:02:54+0000 [WARNING]   Could not re-fetch post 1u49eoz from Arctic Shift
2026-06-14T22:02:56+0000 [INFO]   Arctic Shift returned 1 comments
2026-06-14T22:02:56+0000 [INFO] Processing post 1u49l52 (Arctic Shift): FIFA World Cup Is DEADLY
2026-06-14T22:02:57+0000 [WARNING]   Could not re-fetch post 1u49l52 from Arctic Shift
2026-06-14T22:02:59+0000 [INFO]   Arctic Shift returned 1 comments
2026-06-14T22:02:59+0000 [INFO] Processing post 1u49ksj (Arctic Shift): Korean fan at the World Cup, 2026
2026-06-14T22:03:00+0000 [WARNING]   Could not re-fetch post 1u49ksj from Arctic Shift
2026-06-14T22:03:02+0000 [INFO]   Arctic Shift returned 9 comments
2026-06-14T22:03:02+0000 [INFO] Processing post 1u49jb6 (Arctic Shift): Lots of Brazilians are gathered in Times Square right now
2026-06-14T22:03:03+0000 [WARNING]   Could not re-fetch post 1u49jb6 from Arctic Shift
2026-06-14T22:03:05+0000 [INFO]   Arctic Shift returned 49 comments
2026-06-14T22:03:05+0000 [INFO] Processing post 1u49oo7 (Arctic Shift): Free Sweepstake game for office or family sweepstakes
2026-06-14T22:03:06+0000 [WARNING]   Could not re-fetch post 1u49oo7 from Arctic Shift
2026-06-14T22:03:08+0000 [INFO]   Arctic Shift returned 1 comments
2026-06-14T22:03:08+0000 [INFO] Processing post 1u49pde (Arctic Shift): Korean high-school students watching game vs czech
2026-06-14T22:03:09+0000 [WARNING]   Could not re-fetch post 1u49pde from Arctic Shift
2026-06-14T22:03:11+0000 [INFO]   Arctic Shift returned 36 comments
2026-06-14T22:03:11+0000 [INFO] Processing post 1u49tij (Arctic Shift): Son heung min now has one less fan after this shot
2026-06-14T22:03:12+0000 [WARNING]   Could not re-fetch post 1u49tij from Arctic Shift
2026-06-14T22:03:14+0000 [INFO]   Arctic Shift returned 2 comments
2026-06-14T22:03:14+0000 [INFO] Processing post 1u49wjy (Arctic Shift): Any more football games anyone can name?
2026-06-14T22:03:15+0000 [WARNING]   Could not re-fetch post 1u49wjy from Arctic Shift
2026-06-14T22:03:16+0000 [INFO]   Arctic Shift returned 0 comments
2026-06-14T22:03:16+0000 [INFO] Processing post 1u49wgl (Arctic Shift): Which mug would be on your table today?
2026-06-14T22:03:17+0000 [WARNING]   Could not re-fetch post 1u49wgl from Arctic Shift
2026-06-14T22:03:18+0000 [INFO]   Arctic Shift returned 0 comments
2026-06-14T22:03:18+0000 [INFO] Processing post 1u4a020 (Arctic Shift): [BBC Sport] Karren Brady stayed at West Ham despite knowing 
2026-06-14T22:03:19+0000 [WARNING]   Could not re-fetch post 1u4a020 from Arctic Shift
2026-06-14T22:03:21+0000 [INFO]   Arctic Shift returned 20 comments
2026-06-14T22:03:21+0000 [INFO] Processing post 1u4a2bq (Arctic Shift): Scenes in Sarajevo after Bosnia & Herzegovina scored the ope
2026-06-14T22:03:22+0000 [WARNING]   Could not re-fetch post 1u4a2bq from Arctic Shift
2026-06-14T22:03:24+0000 [INFO]   Arctic Shift returned 49 comments
2026-06-14T22:03:24+0000 [INFO] Harvester complete (arctic_shift+rss). 20 posts processed, 0 failed, 226 total comments collected.
