2026-06-15T05:02:50+0000 [INFO] Harvester starting. Target time: 2026-06-13T05:02:50.243805+00:00. Mode: arctic_shift+rss
2026-06-15T05:02:50+0000 [INFO] Found 13 posts to process
2026-06-15T05:02:50+0000 [INFO] Processing post 1u4huf6 (Arctic Shift): Barcelona lob historic bid for teenage Socceroo (Lucas Herri
2026-06-15T05:02:50+0000 [WARNING]   Could not re-fetch post 1u4huf6 from Arctic Shift
2026-06-15T05:02:52+0000 [INFO]   Arctic Shift returned 33 comments
2026-06-15T05:02:52+0000 [INFO] Processing post 1u4hxwn (Arctic Shift): Now that the 2026 World Cup is underway, what are your bigge
2026-06-15T05:02:53+0000 [WARNING]   Could not re-fetch post 1u4hxwn from Arctic Shift
2026-06-15T05:02:55+0000 [INFO]   Arctic Shift returned 1 comments
2026-06-15T05:02:55+0000 [INFO] Processing post 1u4i1kn (Arctic Shift): A streaker with a failed attempt to invade the pitch during 
2026-06-15T05:02:56+0000 [WARNING]   Could not re-fetch post 1u4i1kn from Arctic Shift
2026-06-15T05:02:59+0000 [INFO]   Arctic Shift returned 18 comments
2026-06-15T05:02:59+0000 [INFO] Processing post 1u4ie4w (Arctic Shift): Watching the WC live at school hits different
2026-06-15T05:02:59+0000 [WARNING]   Could not re-fetch post 1u4ie4w from Arctic Shift
2026-06-15T05:03:04+0000 [INFO]   Arctic Shift returned 1 comments
2026-06-15T05:03:04+0000 [INFO] Processing post 1u4ibql (Arctic Shift): Pakistan secure historic entry into inaugural FIFA ASEAN Cup
2026-06-15T05:03:04+0000 [WARNING]   Could not re-fetch post 1u4ibql from Arctic Shift
2026-06-15T05:03:18+0000 [INFO]   Arctic Shift returned 12 comments
2026-06-15T05:03:18+0000 [INFO] Processing post 1u4icbn (Arctic Shift): [Opta] USA’s Chris Richards 83/83 completed passes vs Paragu
2026-06-15T05:03:18+0000 [WARNING]   Could not re-fetch post 1u4icbn from Arctic Shift
2026-06-15T05:03:20+0000 [INFO]   Arctic Shift returned 1 comments
2026-06-15T05:03:20+0000 [INFO] Processing post 1u4idof (Arctic Shift): I built an AI model and simulated the 2026 World Cup 5,000 t
2026-06-15T05:03:21+0000 [WARNING]   Could not re-fetch post 1u4idof from Arctic Shift
2026-06-15T05:03:23+0000 [INFO]   Arctic Shift returned 1 comments
2026-06-15T05:03:23+0000 [INFO] Processing post 1u4il61 (Arctic Shift): Messi, Ronaldo, Neymar and others sharing the same wall in K
2026-06-15T05:03:24+0000 [WARNING]   Could not re-fetch post 1u4il61 from Arctic Shift
2026-06-15T05:03:27+0000 [INFO]   Arctic Shift returned 24 comments
2026-06-15T05:03:27+0000 [INFO] Processing post 1u4ikhd (Arctic Shift): Football rivalries on one wall in Kerala, India. 🇮🇳⚽
2026-06-15T05:03:28+0000 [WARNING]   Could not re-fetch post 1u4ikhd from Arctic Shift
2026-06-15T05:03:35+0000 [INFO]   Arctic Shift returned 1 comments
2026-06-15T05:03:35+0000 [INFO] Processing post 1u4ilvj (Arctic Shift): Los Angeles Fans have got the Trophy in sight after the 4-1 
2026-06-15T05:03:36+0000 [WARNING]   Could not re-fetch post 1u4ilvj from Arctic Shift
2026-06-15T05:03:38+0000 [INFO]   Arctic Shift returned 18 comments
2026-06-15T05:03:38+0000 [INFO] Processing post 1u4iml2 (Arctic Shift): USA vs Paraguay, all the goals
2026-06-15T05:03:39+0000 [WARNING]   Could not re-fetch post 1u4iml2 from Arctic Shift
2026-06-15T05:03:43+0000 [INFO]   Arctic Shift returned 8 comments
2026-06-15T05:03:43+0000 [INFO] Processing post 1u4in4h (Arctic Shift): Full 20+ pass buildup of USA's 4th goal of the night
2026-06-15T05:03:43+0000 [WARNING]   Could not re-fetch post 1u4in4h from Arctic Shift
2026-06-15T05:03:50+0000 [INFO]   Arctic Shift returned 386 comments
2026-06-15T05:03:50+0000 [INFO] Processing post 1u4ir8n (Arctic Shift): Does fifa blur out crying?
2026-06-15T05:03:50+0000 [WARNING]   Could not re-fetch post 1u4ir8n from Arctic Shift
2026-06-15T05:03:54+0000 [INFO]   Arctic Shift returned 1 comments
2026-06-15T05:03:54+0000 [INFO] Harvester complete (arctic_shift+rss). 13 posts processed, 0 failed, 505 total comments collected.
