2026-06-14T10:03:02+0000 [INFO] Harvester starting. Target time: 2026-06-12T10:03:02.326854+00:00. Mode: arctic_shift+rss
2026-06-14T10:03:02+0000 [INFO] Found 15 posts to process
2026-06-14T10:03:02+0000 [INFO] Processing post 1u3qxsx (Arctic Shift): Our country, which was bad at soccer, finally won score 2:1
2026-06-14T10:03:02+0000 [WARNING]   Could not re-fetch post 1u3qxsx from Arctic Shift
2026-06-14T10:03:04+0000 [INFO]   Arctic Shift returned 1 comments
2026-06-14T10:03:04+0000 [INFO] Processing post 1u3r2a2 (Arctic Shift): Thomas Tuchel is taking a risk with England’s best player
2026-06-14T10:03:05+0000 [WARNING]   Could not re-fetch post 1u3r2a2 from Arctic Shift
2026-06-14T10:03:07+0000 [INFO]   Arctic Shift returned 1 comments
2026-06-14T10:03:07+0000 [INFO] Processing post 1u3r0ee (Arctic Shift): Adidas ‘Choose Scotland’ ad
2026-06-14T10:03:08+0000 [WARNING]   Could not re-fetch post 1u3r0ee from Arctic Shift
2026-06-14T10:03:10+0000 [INFO]   Arctic Shift returned 3 comments
2026-06-14T10:03:10+0000 [INFO] Processing post 1u3r2xj (Arctic Shift): South Korea 2-1 Czech Republic | Incredible World Cup Comeba
2026-06-14T10:03:11+0000 [WARNING]   Could not re-fetch post 1u3r2xj from Arctic Shift
2026-06-14T10:03:13+0000 [INFO]   Arctic Shift returned 1 comments
2026-06-14T10:03:13+0000 [INFO] Processing post 1u3r0b2 (Arctic Shift): Julen Lopetegui: ‘Going to the World Cup just for the sake o
2026-06-14T10:03:14+0000 [WARNING]   Could not re-fetch post 1u3r0b2 from Arctic Shift
2026-06-14T10:03:16+0000 [INFO]   Arctic Shift returned 40 comments
2026-06-14T10:03:16+0000 [INFO] Processing post 1u3r47j (Arctic Shift): [The Times] Manchester United set to beat Arsenal in race fo
2026-06-14T10:03:17+0000 [WARNING]   Could not re-fetch post 1u3r47j from Arctic Shift
2026-06-14T10:03:21+0000 [INFO]   Arctic Shift returned 202 comments
2026-06-14T10:03:21+0000 [INFO] Processing post 1u3r82l (Arctic Shift): World Cup 2026: Jude Bellingham highlights importance of fee
2026-06-14T10:03:23+0000 [WARNING]   Could not re-fetch post 1u3r82l from Arctic Shift
2026-06-14T10:03:25+0000 [INFO]   Arctic Shift returned 29 comments
2026-06-14T10:03:25+0000 [INFO] Processing post 1u3r6h6 (Arctic Shift): cameraman saving the wc !!
2026-06-14T10:03:25+0000 [WARNING]   Could not re-fetch post 1u3r6h6 from Arctic Shift
2026-06-14T10:03:27+0000 [INFO]   Arctic Shift returned 1 comments
2026-06-14T10:03:27+0000 [INFO] Processing post 1u3rdk7 (Arctic Shift): [World Cup 2026 Preview] Paraguay: Return of the Guaraní Gri
2026-06-14T10:03:28+0000 [WARNING]   Could not re-fetch post 1u3rdk7 from Arctic Shift
2026-06-14T10:03:30+0000 [INFO]   Arctic Shift returned 29 comments
2026-06-14T10:03:30+0000 [INFO] Processing post 1u3rdjv (Arctic Shift): Just finished this graffiti mascot concept for  ahead of the
2026-06-14T10:03:31+0000 [WARNING]   Could not re-fetch post 1u3rdjv from Arctic Shift
2026-06-14T10:03:33+0000 [INFO]   Arctic Shift returned 1 comments
2026-06-14T10:03:33+0000 [INFO] Processing post 1u3rgxv (Arctic Shift): Canada's World Cup record ahead of their opening match
2026-06-14T10:03:34+0000 [WARNING]   Could not re-fetch post 1u3rgxv from Arctic Shift
2026-06-14T10:03:36+0000 [INFO]   Arctic Shift returned 67 comments
2026-06-14T10:03:36+0000 [INFO] Processing post 1u3rosx (Arctic Shift): I will switch from Fox to Telemundo every time I see the fir
2026-06-14T10:03:37+0000 [WARNING]   Could not re-fetch post 1u3rosx from Arctic Shift
2026-06-14T10:03:40+0000 [INFO]   Arctic Shift returned 3 comments
2026-06-14T10:03:40+0000 [INFO] Processing post 1u3rqpt (Arctic Shift): Álvaro Morata: “Cristiano wasn't the same teammate in my 1st
2026-06-14T10:03:40+0000 [WARNING]   Could not re-fetch post 1u3rqpt from Arctic Shift
2026-06-14T10:03:43+0000 [INFO]   Arctic Shift returned 119 comments
2026-06-14T10:03:43+0000 [INFO] Processing post 1u3rv5z (Arctic Shift): Serbian TV pundit Rade Bogdanović tears into Ronaldo: 'He ca
2026-06-14T10:03:44+0000 [WARNING]   Could not re-fetch post 1u3rv5z from Arctic Shift
2026-06-14T10:03:46+0000 [INFO]   Arctic Shift returned 73 comments
2026-06-14T10:03:47+0000 [INFO] Processing post 1u3rvcx (Arctic Shift): 2026 FIFA World Cup Daily Hub
2026-06-14T10:03:47+0000 [WARNING]   Could not re-fetch post 1u3rvcx from Arctic Shift
2026-06-14T10:03:57+0000 [INFO]   Arctic Shift returned 825 comments
2026-06-14T10:03:58+0000 [INFO] Harvester complete (arctic_shift+rss). 15 posts processed, 0 failed, 1395 total comments collected.
2026-06-14T10:07:37+0000 [INFO] Harvester starting. Target time: 2026-06-12T10:07:37.182287+00:00. Mode: arctic_shift+rss
2026-06-14T10:07:37+0000 [INFO] No pending posts for target time 2026-06-12T10. Nothing to do.
2026-06-14T10:12:43+0000 [INFO] Harvester starting. Target time: 2026-06-12T10:12:43.069109+00:00. Mode: arctic_shift+rss
2026-06-14T10:12:43+0000 [INFO] No pending posts for target time 2026-06-12T10. Nothing to do.
2026-06-14T10:17:36+0000 [INFO] Harvester starting. Target time: 2026-06-12T10:17:36.409585+00:00. Mode: arctic_shift+rss
2026-06-14T10:17:36+0000 [INFO] No pending posts for target time 2026-06-12T10. Nothing to do.
2026-06-14T10:19:39+0000 [INFO] Harvester starting. Target time: 2026-06-12T10:19:39.571889+00:00. Mode: arctic_shift+rss
2026-06-14T10:19:39+0000 [INFO] No pending posts for target time 2026-06-12T10. Nothing to do.
