2026-06-14T17:03:28+0000 [INFO] Harvester starting. Target time: 2026-06-12T17:03:28.560930+00:00. Mode: arctic_shift+rss
2026-06-14T17:03:28+0000 [INFO] Found 40 posts to process
2026-06-14T17:03:28+0000 [INFO] Processing post 1u410jd (Arctic Shift): [The Athletic] Thomas Partey denied entry to Canada, unable 
2026-06-14T17:03:29+0000 [WARNING]   Could not re-fetch post 1u410jd from Arctic Shift
2026-06-14T17:03:31+0000 [INFO]   Arctic Shift returned 10 comments
2026-06-14T17:03:31+0000 [INFO] Processing post 1u40zou (Arctic Shift): [The Athletic] Thomas Partey will play no part in Ghana’s fi
2026-06-14T17:03:32+0000 [WARNING]   Could not re-fetch post 1u40zou from Arctic Shift
2026-06-14T17:03:46+0000 [INFO]   Arctic Shift returned 1230 comments
2026-06-14T17:03:46+0000 [INFO] Processing post 1u414gk (Arctic Shift): Mexicans dancing and singing GANGNAM STYLE with the Koreans 
2026-06-14T17:03:47+0000 [WARNING]   Could not re-fetch post 1u414gk from Arctic Shift
2026-06-14T17:03:50+0000 [INFO]   Arctic Shift returned 187 comments
2026-06-14T17:03:50+0000 [INFO] Processing post 1u417q3 (Arctic Shift): Juventus and Real Madrid in talks over Mastantuono loan as s
2026-06-14T17:03:51+0000 [WARNING]   Could not re-fetch post 1u417q3 from Arctic Shift
2026-06-14T17:03:53+0000 [INFO]   Arctic Shift returned 29 comments
2026-06-14T17:03:53+0000 [INFO] Processing post 1u417pe (Arctic Shift): GameDay !!!
2026-06-14T17:03:54+0000 [WARNING]   Could not re-fetch post 1u417pe from Arctic Shift
2026-06-14T17:03:55+0000 [INFO]   Arctic Shift returned 0 comments
2026-06-14T17:03:55+0000 [INFO] Processing post 1u41434 (Arctic Shift): Thomas Partey denied entry to Canada, unable to play Ghana’s
2026-06-14T17:03:56+0000 [WARNING]   Could not re-fetch post 1u41434 from Arctic Shift
2026-06-14T17:03:57+0000 [INFO]   Arctic Shift returned 0 comments
2026-06-14T17:03:57+0000 [INFO] Processing post 1u41dv2 (Arctic Shift): AI-Satire Germany World Cup Anime Opening
2026-06-14T17:03:58+0000 [WARNING]   Could not re-fetch post 1u41dv2 from Arctic Shift
2026-06-14T17:04:00+0000 [INFO]   Arctic Shift returned 9 comments
2026-06-14T17:04:00+0000 [INFO] Processing post 1u419tz (Arctic Shift): Thomas Partey denied entry to first World Cup game for rape 
2026-06-14T17:04:01+0000 [WARNING]   Could not re-fetch post 1u419tz from Arctic Shift
2026-06-14T17:04:02+0000 [INFO]   Arctic Shift returned 0 comments
2026-06-14T17:04:02+0000 [INFO] Processing post 1u41g0a (Arctic Shift): Canada and Bosnia ready to face each other.
2026-06-14T17:04:03+0000 [WARNING]   Could not re-fetch post 1u41g0a from Arctic Shift
2026-06-14T17:04:05+0000 [INFO]   Arctic Shift returned 1 comments
2026-06-14T17:04:05+0000 [INFO] Processing post 1u41fas (Arctic Shift): The energy in Toronto right now is insane! Thousands marchin
2026-06-14T17:04:06+0000 [WARNING]   Could not re-fetch post 1u41fas from Arctic Shift
2026-06-14T17:04:08+0000 [INFO]   Arctic Shift returned 6 comments
2026-06-14T17:04:08+0000 [INFO] Processing post 1u41jrd (Arctic Shift): Last night at 🇰🇷vs🇨🇿
2026-06-14T17:04:09+0000 [WARNING]   Could not re-fetch post 1u41jrd from Arctic Shift
2026-06-14T17:04:11+0000 [INFO]   Arctic Shift returned 1 comments
2026-06-14T17:04:11+0000 [INFO] Processing post 1u41m1o (Arctic Shift): Last night at Korea Vs Czech Republic
2026-06-14T17:04:12+0000 [WARNING]   Could not re-fetch post 1u41m1o from Arctic Shift
2026-06-14T17:04:14+0000 [INFO]   Arctic Shift returned 1 comments
2026-06-14T17:04:14+0000 [INFO] Processing post 1u41phs (Arctic Shift): [World Cup 2026 Preview] USA: The Hosts, The Hype, and The H
2026-06-14T17:04:15+0000 [WARNING]   Could not re-fetch post 1u41phs from Arctic Shift
2026-06-14T17:04:17+0000 [INFO]   Arctic Shift returned 34 comments
2026-06-14T17:04:17+0000 [INFO] Processing post 1u41qz4 (Arctic Shift): Bosnian fans corteo in Toronto
2026-06-14T17:04:18+0000 [WARNING]   Could not re-fetch post 1u41qz4 from Arctic Shift
2026-06-14T17:04:20+0000 [INFO]   Arctic Shift returned 1 comments
2026-06-14T17:04:20+0000 [INFO] Processing post 1u41pz2 (Arctic Shift): Thomas Partey denied entry to Canada, unable to play in Ghan
2026-06-14T17:04:21+0000 [WARNING]   Could not re-fetch post 1u41pz2 from Arctic Shift
2026-06-14T17:04:23+0000 [INFO]   Arctic Shift returned 1 comments
2026-06-14T17:04:23+0000 [INFO] Processing post 1u41t1p (Arctic Shift): Bosnian fans corteo in Toronto
2026-06-14T17:04:24+0000 [WARNING]   Could not re-fetch post 1u41t1p from Arctic Shift
2026-06-14T17:04:26+0000 [INFO]   Arctic Shift returned 1 comments
2026-06-14T17:04:26+0000 [INFO] Processing post 1u41x5z (Arctic Shift): World Cup 2026 -- Canada Opening Ceremony
2026-06-14T17:04:27+0000 [WARNING]   Could not re-fetch post 1u41x5z from Arctic Shift
2026-06-14T17:04:28+0000 [INFO]   Arctic Shift returned 0 comments
2026-06-14T17:04:28+0000 [INFO] Processing post 1u420rx (Arctic Shift): [Tim Hotze] Sources: Polish superstar Robert Lewandowski is 
2026-06-14T17:04:29+0000 [WARNING]   Could not re-fetch post 1u420rx from Arctic Shift
2026-06-14T17:04:32+0000 [INFO]   Arctic Shift returned 166 comments
2026-06-14T17:04:32+0000 [INFO] Processing post 1u422fa (Arctic Shift): Ecuador cutting beer tax during the World Cup is the most Ec
2026-06-14T17:04:33+0000 [WARNING]   Could not re-fetch post 1u422fa from Arctic Shift
2026-06-14T17:04:35+0000 [INFO]   Arctic Shift returned 1 comments
2026-06-14T17:04:35+0000 [INFO] Processing post 1u41zni (Arctic Shift): Sources: Polish superstar Robert Lewandowski is en route to 
2026-06-14T17:04:36+0000 [WARNING]   Could not re-fetch post 1u41zni from Arctic Shift
2026-06-14T17:04:38+0000 [INFO]   Arctic Shift returned 1 comments
2026-06-14T17:04:38+0000 [INFO] Processing post 1u427hx (Arctic Shift): What’s a good physique for a Centerback?
2026-06-14T17:04:39+0000 [WARNING]   Could not re-fetch post 1u427hx from Arctic Shift
2026-06-14T17:04:41+0000 [INFO]   Arctic Shift returned 1 comments
2026-06-14T17:04:41+0000 [INFO] Processing post 1u4238v (Arctic Shift): Petr Cech on Drumeo
2026-06-14T17:04:42+0000 [WARNING]   Could not re-fetch post 1u4238v from Arctic Shift
2026-06-14T17:04:44+0000 [INFO]   Arctic Shift returned 1 comments
2026-06-14T17:04:44+0000 [INFO] Processing post 1u42b7c (Arctic Shift): Canada Opening Ceremony World Cup 2026
2026-06-14T17:04:45+0000 [WARNING]   Could not re-fetch post 1u42b7c from Arctic Shift
2026-06-14T17:04:47+0000 [INFO]   Arctic Shift returned 1 comments
2026-06-14T17:04:47+0000 [INFO] Processing post 1u42apw (Arctic Shift): Alexis Lalas on Fox is hard to watch and very awkward to oth
2026-06-14T17:04:48+0000 [WARNING]   Could not re-fetch post 1u42apw from Arctic Shift
2026-06-14T17:04:50+0000 [INFO]   Arctic Shift returned 1 comments
2026-06-14T17:04:50+0000 [INFO] Processing post 1u427qo (Arctic Shift): World Cup latest: Ex-Arsenal player Thomas Partey denied ent
2026-06-14T17:04:51+0000 [WARNING]   Could not re-fetch post 1u427qo from Arctic Shift
2026-06-14T17:04:53+0000 [INFO]   Arctic Shift returned 1 comments
2026-06-14T17:04:53+0000 [INFO] Processing post 1u42a9c (Arctic Shift): What’s a good physique for a Centerback?
2026-06-14T17:04:54+0000 [WARNING]   Could not re-fetch post 1u42a9c from Arctic Shift
2026-06-14T17:04:56+0000 [INFO]   Arctic Shift returned 1 comments
2026-06-14T17:04:56+0000 [INFO] Processing post 1u429z8 (Arctic Shift): Ousmane Dembélé on the criticism Kylian Mbappé receives: "So
2026-06-14T17:04:57+0000 [WARNING]   Could not re-fetch post 1u429z8 from Arctic Shift
2026-06-14T17:04:59+0000 [INFO]   Arctic Shift returned 1 comments
2026-06-14T17:04:59+0000 [INFO] Processing post 1u428sl (Arctic Shift): Canadian Opening Ceremony Thread?
2026-06-14T17:05:00+0000 [WARNING]   Could not re-fetch post 1u428sl from Arctic Shift
2026-06-14T17:05:02+0000 [INFO]   Arctic Shift returned 8 comments
2026-06-14T17:05:02+0000 [INFO] Processing post 1u42a6h (Arctic Shift): World Cup 2026: Ghana's Thomas Partey denied entry to Canada
2026-06-14T17:05:03+0000 [WARNING]   Could not re-fetch post 1u42a6h from Arctic Shift
2026-06-14T17:05:05+0000 [INFO]   Arctic Shift returned 12 comments
2026-06-14T17:05:05+0000 [INFO] Processing post 1u42cfn (Arctic Shift): World Cup Day 1 recap: Mexico 2-0 South Africa (3 red cards!
2026-06-14T17:05:06+0000 [WARNING]   Could not re-fetch post 1u42cfn from Arctic Shift
2026-06-14T17:05:07+0000 [INFO]   Arctic Shift returned 0 comments
2026-06-14T17:05:07+0000 [INFO] Processing post 1u42cj3 (Arctic Shift): Ousmane Dembélé sur les critiques que reçoit Kylian Mbappé :
2026-06-14T17:05:08+0000 [WARNING]   Could not re-fetch post 1u42cj3 from Arctic Shift
2026-06-14T17:05:10+0000 [INFO]   Arctic Shift returned 1 comments
2026-06-14T17:05:10+0000 [INFO] Processing post 1u42a19 (Arctic Shift): Banning players
2026-06-14T17:05:11+0000 [WARNING]   Could not re-fetch post 1u42a19 from Arctic Shift
2026-06-14T17:05:13+0000 [INFO]   Arctic Shift returned 1 comments
2026-06-14T17:05:13+0000 [INFO] Processing post 1u42hq2 (Arctic Shift): Empty seats at Canada's opening ceremony
2026-06-14T17:05:14+0000 [WARNING]   Could not re-fetch post 1u42hq2 from Arctic Shift
2026-06-14T17:05:17+0000 [INFO]   Arctic Shift returned 116 comments
2026-06-14T17:05:17+0000 [INFO] Processing post 1u42e16 (Arctic Shift): Manchester Utd hit by huge interest hike after $550m debt re
2026-06-14T17:05:18+0000 [WARNING]   Could not re-fetch post 1u42e16 from Arctic Shift
2026-06-14T17:05:20+0000 [INFO]   Arctic Shift returned 94 comments
2026-06-14T17:05:20+0000 [INFO] Processing post 1u42flx (Arctic Shift): [Moretto] Ralf Rangnick will not go to Milan. The Rossoneri 
2026-06-14T17:05:21+0000 [WARNING]   Could not re-fetch post 1u42flx from Arctic Shift
2026-06-14T17:05:23+0000 [INFO]   Arctic Shift returned 52 comments
2026-06-14T17:05:23+0000 [INFO] Processing post 1u42dp8 (Arctic Shift): Oh look, Canada said no. Where's the outrage?
2026-06-14T17:05:24+0000 [WARNING]   Could not re-fetch post 1u42dp8 from Arctic Shift
2026-06-14T17:05:26+0000 [INFO]   Arctic Shift returned 2 comments
2026-06-14T17:05:26+0000 [INFO] Processing post 1u42er3 (Arctic Shift): Partey missing Ghana’s Canada game because of a visa issue i
2026-06-14T17:05:27+0000 [WARNING]   Could not re-fetch post 1u42er3 from Arctic Shift
2026-06-14T17:05:29+0000 [INFO]   Arctic Shift returned 1 comments
2026-06-14T17:05:29+0000 [INFO] Processing post 1u42m8z (Arctic Shift): Lots of empty seats during the inaguration of the World Cup 
2026-06-14T17:05:30+0000 [WARNING]   Could not re-fetch post 1u42m8z from Arctic Shift
2026-06-14T17:05:32+0000 [INFO]   Arctic Shift returned 13 comments
2026-06-14T17:05:32+0000 [INFO] Processing post 1u42kft (Arctic Shift): Fox broadcast is so trash
2026-06-14T17:05:33+0000 [WARNING]   Could not re-fetch post 1u42kft from Arctic Shift
2026-06-14T17:05:35+0000 [INFO]   Arctic Shift returned 1 comments
2026-06-14T17:05:35+0000 [INFO] Processing post 1u42m0t (Arctic Shift): Mundial 2026 YOUTUBE / 21:00h en mi canal de youtube
2026-06-14T17:05:36+0000 [WARNING]   Could not re-fetch post 1u42m0t from Arctic Shift
2026-06-14T17:05:38+0000 [INFO]   Arctic Shift returned 1 comments
2026-06-14T17:05:38+0000 [INFO] Harvester complete (arctic_shift+rss). 40 posts processed, 0 failed, 1988 total comments collected.
2026-06-14T17:08:04+0000 [INFO] Harvester starting. Target time: 2026-06-12T17:08:04.964013+00:00. Mode: arctic_shift+rss
2026-06-14T17:08:04+0000 [INFO] No pending posts for target time 2026-06-12T17. Nothing to do.
2026-06-14T17:13:03+0000 [INFO] Harvester starting. Target time: 2026-06-12T17:13:03.039117+00:00. Mode: arctic_shift+rss
2026-06-14T17:13:03+0000 [INFO] No pending posts for target time 2026-06-12T17. Nothing to do.
2026-06-14T17:18:30+0000 [INFO] Harvester starting. Target time: 2026-06-12T17:18:30.320196+00:00. Mode: arctic_shift+rss
2026-06-14T17:18:30+0000 [INFO] No pending posts for target time 2026-06-12T17. Nothing to do.
2026-06-14T17:23:07+0000 [INFO] Harvester starting. Target time: 2026-06-12T17:23:07.704560+00:00. Mode: arctic_shift+rss
2026-06-14T17:23:07+0000 [INFO] No pending posts for target time 2026-06-12T17. Nothing to do.
2026-06-14T17:28:10+0000 [INFO] Harvester starting. Target time: 2026-06-12T17:28:10.022247+00:00. Mode: arctic_shift+rss
2026-06-14T17:28:10+0000 [INFO] No pending posts for target time 2026-06-12T17. Nothing to do.
2026-06-14T17:33:22+0000 [INFO] Harvester starting. Target time: 2026-06-12T17:33:22.967221+00:00. Mode: arctic_shift+rss
2026-06-14T17:33:22+0000 [INFO] No pending posts for target time 2026-06-12T17. Nothing to do.
2026-06-14T17:38:11+0000 [INFO] Harvester starting. Target time: 2026-06-12T17:38:11.957547+00:00. Mode: arctic_shift+rss
2026-06-14T17:38:11+0000 [INFO] No pending posts for target time 2026-06-12T17. Nothing to do.
2026-06-14T17:43:12+0000 [INFO] Harvester starting. Target time: 2026-06-12T17:43:12.716306+00:00. Mode: arctic_shift+rss
2026-06-14T17:43:12+0000 [INFO] No pending posts for target time 2026-06-12T17. Nothing to do.
2026-06-14T17:46:02+0000 [INFO] Harvester starting. Target time: 2026-06-12T17:46:02.786810+00:00. Mode: arctic_shift+rss
2026-06-14T17:46:02+0000 [INFO] No pending posts for target time 2026-06-12T17. Nothing to do.
2026-06-14T17:48:17+0000 [INFO] Harvester starting. Target time: 2026-06-12T17:48:17.470817+00:00. Mode: arctic_shift+rss
2026-06-14T17:48:17+0000 [INFO] No pending posts for target time 2026-06-12T17. Nothing to do.
2026-06-14T17:53:02+0000 [INFO] Harvester starting. Target time: 2026-06-12T17:53:02.959259+00:00. Mode: arctic_shift+rss
2026-06-14T17:53:02+0000 [INFO] No pending posts for target time 2026-06-12T17. Nothing to do.
