2026-06-14T21:03:39+0000 [INFO] Harvester starting. Target time: 2026-06-12T21:03:39.194855+00:00. Mode: arctic_shift+rss
2026-06-14T21:03:39+0000 [INFO] Found 16 posts to process
2026-06-14T21:03:39+0000 [INFO] Processing post 1u47hxu (Arctic Shift): Larin chance against Bosnia and Herzegovina  90+5'
2026-06-14T21:03:39+0000 [WARNING]   Could not re-fetch post 1u47hxu from Arctic Shift
2026-06-14T21:03:41+0000 [INFO]   Arctic Shift returned 37 comments
2026-06-14T21:03:41+0000 [INFO] Processing post 1u47f55 (Arctic Shift): hot take: water breaks aren’t that bad
2026-06-14T21:03:42+0000 [WARNING]   Could not re-fetch post 1u47f55 from Arctic Shift
2026-06-14T21:03:44+0000 [INFO]   Arctic Shift returned 14 comments
2026-06-14T21:03:44+0000 [INFO] Processing post 1u47f4n (Arctic Shift): [Official] Canada vs Bosnia & Herzegovina ends in a 1-1 draw
2026-06-14T21:03:45+0000 [WARNING]   Could not re-fetch post 1u47f4n from Arctic Shift
2026-06-14T21:03:48+0000 [INFO]   Arctic Shift returned 198 comments
2026-06-14T21:03:48+0000 [INFO] Processing post 1u47h37 (Arctic Shift): Post Match Thread: Canada 1 - 1 Bosnia-Herzegovina | FIFA Wo
2026-06-14T21:03:49+0000 [WARNING]   Could not re-fetch post 1u47h37 from Arctic Shift
2026-06-14T21:04:01+0000 [INFO]   Arctic Shift returned 910 comments
2026-06-14T21:04:01+0000 [INFO] Processing post 1u47e5w (Arctic Shift): [Bogert] Chicago Fire pursuing Leon Goretzka deal
2026-06-14T21:04:01+0000 [WARNING]   Could not re-fetch post 1u47e5w from Arctic Shift
2026-06-14T21:04:03+0000 [INFO]   Arctic Shift returned 56 comments
2026-06-14T21:04:03+0000 [INFO] Processing post 1u47gts (Arctic Shift): Canada denied FIFA World Cup penalty after striker brutally 
2026-06-14T21:04:04+0000 [WARNING]   Could not re-fetch post 1u47gts from Arctic Shift
2026-06-14T21:04:07+0000 [INFO]   Arctic Shift returned 1 comments
2026-06-14T21:04:07+0000 [INFO] Processing post 1u47lm4 (Arctic Shift): Dear Cyle Larin, from a fellow Canadian…
2026-06-14T21:04:07+0000 [WARNING]   Could not re-fetch post 1u47lm4 from Arctic Shift
2026-06-14T21:04:09+0000 [INFO]   Arctic Shift returned 1 comments
2026-06-14T21:04:09+0000 [INFO] Processing post 1u47n2x (Arctic Shift): Kasey Keller on what the USMNT faces playing Australia on ho
2026-06-14T21:04:10+0000 [WARNING]   Could not re-fetch post 1u47n2x from Arctic Shift
2026-06-14T21:04:12+0000 [INFO]   Arctic Shift returned 1 comments
2026-06-14T21:04:12+0000 [INFO] Processing post 1u47ox2 (Arctic Shift): Cristiano Ronaldo gets caught at a gas station struggling to
2026-06-14T21:04:13+0000 [WARNING]   Could not re-fetch post 1u47ox2 from Arctic Shift
2026-06-14T21:04:15+0000 [INFO]   Arctic Shift returned 1 comments
2026-06-14T21:04:15+0000 [INFO] Processing post 1u47rwg (Arctic Shift): [Squawka] Canada have their first ever point at the FIFA men
2026-06-14T21:04:16+0000 [WARNING]   Could not re-fetch post 1u47rwg from Arctic Shift
2026-06-14T21:04:20+0000 [INFO]   Arctic Shift returned 252 comments
2026-06-14T21:04:20+0000 [INFO] Processing post 1u47wl0 (Arctic Shift): 2026 FIFA Men’s World Cup USA vs. Paraguay Prediction #sport
2026-06-14T21:04:21+0000 [WARNING]   Could not re-fetch post 1u47wl0 from Arctic Shift
2026-06-14T21:04:23+0000 [INFO]   Arctic Shift returned 1 comments
2026-06-14T21:04:23+0000 [INFO] Processing post 1u4841s (Arctic Shift): Rodrigo Pinheiro (RB, Famalicão) close to signing for Wolves
2026-06-14T21:04:24+0000 [WARNING]   Could not re-fetch post 1u4841s from Arctic Shift
2026-06-14T21:04:26+0000 [INFO]   Arctic Shift returned 18 comments
2026-06-14T21:04:26+0000 [INFO] Processing post 1u480zm (Arctic Shift): [BBC Sport] FIFA claims that fans staying on concourses are 
2026-06-14T21:04:27+0000 [WARNING]   Could not re-fetch post 1u480zm from Arctic Shift
2026-06-14T21:04:32+0000 [INFO]   Arctic Shift returned 244 comments
2026-06-14T21:04:32+0000 [INFO] Processing post 1u48hvi (Arctic Shift): Jesse Marsch reaction to Jonathan David miss vs Bosnia and H
2026-06-14T21:04:32+0000 [WARNING]   Could not re-fetch post 1u48hvi from Arctic Shift
2026-06-14T21:04:34+0000 [INFO]   Arctic Shift returned 38 comments
2026-06-14T21:04:34+0000 [INFO] Processing post 1u48l11 (Arctic Shift): João Cancelo recalls tragic accident: “I remember my mother’
2026-06-14T21:04:35+0000 [WARNING]   Could not re-fetch post 1u48l11 from Arctic Shift
2026-06-14T21:04:37+0000 [INFO]   Arctic Shift returned 59 comments
2026-06-14T21:04:37+0000 [INFO] Processing post 1u48l1z (Arctic Shift): Why do we have draw results in the group stages of the world
2026-06-14T21:04:38+0000 [WARNING]   Could not re-fetch post 1u48l1z from Arctic Shift
2026-06-14T21:04:40+0000 [INFO]   Arctic Shift returned 1 comments
2026-06-14T21:04:40+0000 [INFO] Harvester complete (arctic_shift+rss). 16 posts processed, 0 failed, 1832 total comments collected.
2026-06-14T21:08:23+0000 [INFO] Harvester starting. Target time: 2026-06-12T21:08:23.121591+00:00. Mode: arctic_shift+rss
2026-06-14T21:08:23+0000 [INFO] No pending posts for target time 2026-06-12T21. Nothing to do.
2026-06-14T21:13:23+0000 [INFO] Harvester starting. Target time: 2026-06-12T21:13:23.632656+00:00. Mode: arctic_shift+rss
2026-06-14T21:13:23+0000 [INFO] No pending posts for target time 2026-06-12T21. Nothing to do.
2026-06-14T21:19:24+0000 [INFO] Harvester starting. Target time: 2026-06-12T21:19:24.744451+00:00. Mode: arctic_shift+rss
2026-06-14T21:19:24+0000 [INFO] No pending posts for target time 2026-06-12T21. Nothing to do.
