2026-06-18T23:04:25+0000 [INFO] Harvester starting. Target time: 2026-06-16T23:04:25.296816+00:00. Mode: arctic_shift+rss
2026-06-18T23:04:25+0000 [INFO] Found 17 posts to process
2026-06-18T23:04:25+0000 [INFO] Processing post 1u7t2yy (Arctic Shift): Thomas Partey fails in Canada visa appeal after false claim 
2026-06-18T23:04:25+0000 [WARNING]   Could not re-fetch post 1u7t2yy from Arctic Shift
2026-06-18T23:04:27+0000 [INFO]   Arctic Shift returned 1 comments
2026-06-18T23:04:27+0000 [INFO] Processing post 1u7t4j9 (Arctic Shift): Am I missing something?
2026-06-18T23:04:28+0000 [WARNING]   Could not re-fetch post 1u7t4j9 from Arctic Shift
2026-06-18T23:04:30+0000 [INFO]   Arctic Shift returned 1 comments
2026-06-18T23:04:30+0000 [INFO] Processing post 1u7t0q3 (Arctic Shift): Who do you think is going to win the match?
2026-06-18T23:04:31+0000 [WARNING]   Could not re-fetch post 1u7t0q3 from Arctic Shift
2026-06-18T23:04:33+0000 [INFO]   Arctic Shift returned 2 comments
2026-06-18T23:04:33+0000 [INFO] Processing post 1u7t6wp (Arctic Shift): Scoreboard showed 2-2 after Hashem's shot went over the bar
2026-06-18T23:04:34+0000 [WARNING]   Could not re-fetch post 1u7t6wp from Arctic Shift
2026-06-18T23:04:36+0000 [INFO]   Arctic Shift returned 1 comments
2026-06-18T23:04:36+0000 [INFO] Processing post 1u7t5wd (Arctic Shift): Am I missing something?
2026-06-18T23:04:37+0000 [WARNING]   Could not re-fetch post 1u7t5wd from Arctic Shift
2026-06-18T23:04:39+0000 [INFO]   Arctic Shift returned 5 comments
2026-06-18T23:04:39+0000 [INFO] Processing post 1u7tfz6 (Arctic Shift): Iraq’s second goal against Norway
2026-06-18T23:04:40+0000 [WARNING]   Could not re-fetch post 1u7tfz6 from Arctic Shift
2026-06-18T23:04:42+0000 [INFO]   Arctic Shift returned 1 comments
2026-06-18T23:04:42+0000 [INFO] Processing post 1u7tfmk (Arctic Shift): Send the Maanschaft, the Roja, whatever you want 🇨🇵🇨🇵🇨🇵🍻🥂
2026-06-18T23:04:43+0000 [WARNING]   Could not re-fetch post 1u7tfmk from Arctic Shift
2026-06-18T23:04:45+0000 [INFO]   Arctic Shift returned 1 comments
2026-06-18T23:04:45+0000 [INFO] Processing post 1u7tdst (Arctic Shift): 🍻
2026-06-18T23:04:46+0000 [WARNING]   Could not re-fetch post 1u7tdst from Arctic Shift
2026-06-18T23:04:48+0000 [INFO]   Arctic Shift returned 1 comments
2026-06-18T23:04:48+0000 [INFO] Processing post 1u7tgft (Arctic Shift): Send the Maanschaft, the Roja, whatever you want
2026-06-18T23:04:49+0000 [WARNING]   Could not re-fetch post 1u7tgft from Arctic Shift
2026-06-18T23:04:51+0000 [INFO]   Arctic Shift returned 4 comments
2026-06-18T23:04:51+0000 [INFO] Processing post 1u7tlo9 (Arctic Shift): Sorloth and Doski contest for a throw in - 55'
2026-06-18T23:04:52+0000 [WARNING]   Could not re-fetch post 1u7tlo9 from Arctic Shift
2026-06-18T23:04:54+0000 [INFO]   Arctic Shift returned 62 comments
2026-06-18T23:04:54+0000 [INFO] Processing post 1u7tw64 (Arctic Shift): Petition · Help Bring the Mother of Cabo Verde Goalkeeper Jo
2026-06-18T23:04:55+0000 [WARNING]   Could not re-fetch post 1u7tw64 from Arctic Shift
2026-06-18T23:04:57+0000 [INFO]   Arctic Shift returned 1 comments
2026-06-18T23:04:57+0000 [INFO] Processing post 1u7twsd (Arctic Shift): [ Removed by moderator ]
2026-06-18T23:04:58+0000 [WARNING]   Could not re-fetch post 1u7twsd from Arctic Shift
2026-06-18T23:05:00+0000 [INFO]   Arctic Shift returned 1 comments
2026-06-18T23:05:00+0000 [INFO] Processing post 1u7twm9 (Arctic Shift): Norway fans doing ''Viking Row'' several times in the World 
2026-06-18T23:05:02+0000 [WARNING]   Could not re-fetch post 1u7twm9 from Arctic Shift
2026-06-18T23:05:04+0000 [INFO]   Arctic Shift returned 31 comments
2026-06-18T23:05:04+0000 [INFO] Processing post 1u7ty1c (Arctic Shift): A sprinkler pipe burst during halftime of the Iraq vs Norway
2026-06-18T23:05:05+0000 [WARNING]   Could not re-fetch post 1u7ty1c from Arctic Shift
2026-06-18T23:05:08+0000 [INFO]   Arctic Shift returned 122 comments
2026-06-18T23:05:08+0000 [INFO] Processing post 1u7tyz2 (Arctic Shift): Iraq 1-[3] Norway - Leo Østigård 76'
2026-06-18T23:05:09+0000 [WARNING]   Could not re-fetch post 1u7tyz2 from Arctic Shift
2026-06-18T23:05:12+0000 [INFO]   Arctic Shift returned 134 comments
2026-06-18T23:05:12+0000 [INFO] Processing post 1u7u53p (Arctic Shift): Ostigard w/ 76th min goal. Norway[3]-1 Iraq
2026-06-18T23:05:13+0000 [WARNING]   Could not re-fetch post 1u7u53p from Arctic Shift
2026-06-18T23:05:15+0000 [INFO]   Arctic Shift returned 2 comments
2026-06-18T23:05:15+0000 [INFO] Processing post 1u7u709 (Arctic Shift): Erling Haaland chance against Iraq 83'
2026-06-18T23:05:16+0000 [WARNING]   Could not re-fetch post 1u7u709 from Arctic Shift
2026-06-18T23:05:18+0000 [INFO]   Arctic Shift returned 25 comments
2026-06-18T23:05:18+0000 [INFO] Harvester complete (arctic_shift+rss). 17 posts processed, 0 failed, 395 total comments collected.
2026-06-18T23:09:42+0000 [INFO] Harvester starting. Target time: 2026-06-16T23:09:42.093753+00:00. Mode: arctic_shift+rss
2026-06-18T23:09:42+0000 [INFO] No pending posts for target time 2026-06-16T23. Nothing to do.
2026-06-18T23:14:18+0000 [INFO] Harvester starting. Target time: 2026-06-16T23:14:18.166564+00:00. Mode: arctic_shift+rss
2026-06-18T23:14:18+0000 [INFO] No pending posts for target time 2026-06-16T23. Nothing to do.
2026-06-18T23:19:08+0000 [INFO] Harvester starting. Target time: 2026-06-16T23:19:08.381682+00:00. Mode: arctic_shift+rss
2026-06-18T23:19:08+0000 [INFO] No pending posts for target time 2026-06-16T23. Nothing to do.
2026-06-18T23:24:42+0000 [INFO] Harvester starting. Target time: 2026-06-16T23:24:42.071650+00:00. Mode: arctic_shift+rss
2026-06-18T23:24:42+0000 [INFO] No pending posts for target time 2026-06-16T23. Nothing to do.
2026-06-18T23:29:31+0000 [INFO] Harvester starting. Target time: 2026-06-16T23:29:31.610823+00:00. Mode: arctic_shift+rss
2026-06-18T23:29:31+0000 [INFO] No pending posts for target time 2026-06-16T23. Nothing to do.
2026-06-18T23:34:24+0000 [INFO] Harvester starting. Target time: 2026-06-16T23:34:24.595162+00:00. Mode: arctic_shift+rss
2026-06-18T23:34:24+0000 [INFO] No pending posts for target time 2026-06-16T23. Nothing to do.
2026-06-18T23:39:28+0000 [INFO] Harvester starting. Target time: 2026-06-16T23:39:28.413668+00:00. Mode: arctic_shift+rss
2026-06-18T23:39:28+0000 [INFO] No pending posts for target time 2026-06-16T23. Nothing to do.
2026-06-18T23:45:03+0000 [INFO] Harvester starting. Target time: 2026-06-16T23:45:03.124600+00:00. Mode: arctic_shift+rss
2026-06-18T23:45:03+0000 [INFO] No pending posts for target time 2026-06-16T23. Nothing to do.
2026-06-18T23:49:27+0000 [INFO] Harvester starting. Target time: 2026-06-16T23:49:27.006890+00:00. Mode: arctic_shift+rss
2026-06-18T23:49:27+0000 [INFO] No pending posts for target time 2026-06-16T23. Nothing to do.
