2026-06-14T11:02:50+0000 [INFO] Harvester starting. Target time: 2026-06-12T11:02:50.250819+00:00. Mode: arctic_shift+rss
2026-06-14T11:02:50+0000 [INFO] Found 12 posts to process
2026-06-14T11:02:50+0000 [INFO] Processing post 1u3s42m (Arctic Shift): [Juventus] Giovanni Carnevali has been appointed as the Club
2026-06-14T11:02:50+0000 [WARNING]   Could not re-fetch post 1u3s42m from Arctic Shift
2026-06-14T11:02:52+0000 [INFO]   Arctic Shift returned 14 comments
2026-06-14T11:02:52+0000 [INFO] Processing post 1u3s44h (Arctic Shift): Ex Wolves, Swansea, Millwall, Watford manager Kenny Jackett 
2026-06-14T11:02:53+0000 [WARNING]   Could not re-fetch post 1u3s44h from Arctic Shift
2026-06-14T11:02:55+0000 [INFO]   Arctic Shift returned 1 comments
2026-06-14T11:02:55+0000 [INFO] Processing post 1u3s7tc (Arctic Shift): [AJ Auxerre] Will Still appointed as head coach on a two yea
2026-06-14T11:02:56+0000 [WARNING]   Could not re-fetch post 1u3s7tc from Arctic Shift
2026-06-14T11:02:58+0000 [INFO]   Arctic Shift returned 25 comments
2026-06-14T11:02:58+0000 [INFO] Processing post 1u3s7y0 (Arctic Shift): Socceroos video sends a pointed message on migration: ‘We’re
2026-06-14T11:02:59+0000 [WARNING]   Could not re-fetch post 1u3s7y0 from Arctic Shift
2026-06-14T11:03:01+0000 [INFO]   Arctic Shift returned 55 comments
2026-06-14T11:03:01+0000 [INFO] Processing post 1u3s7ai (Arctic Shift): [WC2026 Matchday 1] All Goals with Scoring Nation Commentary
2026-06-14T11:03:02+0000 [WARNING]   Could not re-fetch post 1u3s7ai from Arctic Shift
2026-06-14T11:03:07+0000 [INFO]   Arctic Shift returned 324 comments
2026-06-14T11:03:07+0000 [INFO] Processing post 1u3sac3 (Arctic Shift): Burnley confirm that Florentino has joined the Club on a per
2026-06-14T11:03:08+0000 [WARNING]   Could not re-fetch post 1u3sac3 from Arctic Shift
2026-06-14T11:03:09+0000 [INFO]   Arctic Shift returned 0 comments
2026-06-14T11:03:09+0000 [INFO] Processing post 1u3sxfd (Arctic Shift): South Korean Fans in LA After the Goal
2026-06-14T11:03:10+0000 [WARNING]   Could not re-fetch post 1u3sxfd from Arctic Shift
2026-06-14T11:03:12+0000 [INFO]   Arctic Shift returned 1 comments
2026-06-14T11:03:12+0000 [INFO] Processing post 1u3t219 (Arctic Shift): World Cup simulator game
2026-06-14T11:03:13+0000 [WARNING]   Could not re-fetch post 1u3t219 from Arctic Shift
2026-06-14T11:03:14+0000 [INFO]   Arctic Shift returned 0 comments
2026-06-14T11:03:14+0000 [INFO] Processing post 1u3t0y0 (Arctic Shift): Is he wrong?
2026-06-14T11:03:15+0000 [WARNING]   Could not re-fetch post 1u3t0y0 from Arctic Shift
2026-06-14T11:03:17+0000 [INFO]   Arctic Shift returned 1 comments
2026-06-14T11:03:17+0000 [INFO] Processing post 1u3t0av (Arctic Shift): Manchester United refinace debt due next year
2026-06-14T11:03:18+0000 [WARNING]   Could not re-fetch post 1u3t0av from Arctic Shift
2026-06-14T11:03:20+0000 [INFO]   Arctic Shift returned 22 comments
2026-06-14T11:03:20+0000 [INFO] Processing post 1u3t4dr (Arctic Shift): Luka Vuskovic reaches 'verbal agreement' with Brighton after
2026-06-14T11:03:21+0000 [WARNING]   Could not re-fetch post 1u3t4dr from Arctic Shift
2026-06-14T11:03:24+0000 [INFO]   Arctic Shift returned 164 comments
2026-06-14T11:03:24+0000 [INFO] Processing post 1u3t2ac (Arctic Shift): DR Congo national football team arrive in Houston USA for th
2026-06-14T11:03:25+0000 [WARNING]   Could not re-fetch post 1u3t2ac from Arctic Shift
2026-06-14T11:03:27+0000 [INFO]   Arctic Shift returned 1 comments
2026-06-14T11:03:27+0000 [INFO] Harvester complete (arctic_shift+rss). 12 posts processed, 0 failed, 608 total comments collected.
2026-06-14T11:07:37+0000 [INFO] Harvester starting. Target time: 2026-06-12T11:07:37.978456+00:00. Mode: arctic_shift+rss
2026-06-14T11:07:37+0000 [INFO] No pending posts for target time 2026-06-12T11. Nothing to do.
2026-06-14T11:12:42+0000 [INFO] Harvester starting. Target time: 2026-06-12T11:12:42.071976+00:00. Mode: arctic_shift+rss
2026-06-14T11:12:42+0000 [INFO] No pending posts for target time 2026-06-12T11. Nothing to do.
2026-06-14T11:17:35+0000 [INFO] Harvester starting. Target time: 2026-06-12T11:17:35.381558+00:00. Mode: arctic_shift+rss
2026-06-14T11:17:35+0000 [INFO] No pending posts for target time 2026-06-12T11. Nothing to do.
2026-06-14T11:22:40+0000 [INFO] Harvester starting. Target time: 2026-06-12T11:22:40.598371+00:00. Mode: arctic_shift+rss
2026-06-14T11:22:40+0000 [INFO] No pending posts for target time 2026-06-12T11. Nothing to do.
2026-06-14T11:28:29+0000 [INFO] Harvester starting. Target time: 2026-06-12T11:28:29.823835+00:00. Mode: arctic_shift+rss
2026-06-14T11:28:29+0000 [INFO] No pending posts for target time 2026-06-12T11. Nothing to do.
2026-06-14T11:32:42+0000 [INFO] Harvester starting. Target time: 2026-06-12T11:32:42.081148+00:00. Mode: arctic_shift+rss
2026-06-14T11:32:42+0000 [INFO] No pending posts for target time 2026-06-12T11. Nothing to do.
