2026-06-16T15:14:42+0000 [INFO] Harvester starting. Target time: 2026-06-14T15:14:42.629669+00:00. Mode: arctic_shift+rss
2026-06-16T15:14:42+0000 [INFO] Found 17 posts to process
2026-06-16T15:14:42+0000 [INFO] Processing post 1u5ndmp (Arctic Shift): Brazilian and Moroccan fans celebrating with New Yorkers pri
2026-06-16T15:14:43+0000 [WARNING]   Could not re-fetch post 1u5ndmp from Arctic Shift
2026-06-16T15:14:45+0000 [INFO]   Arctic Shift returned 3 comments
2026-06-16T15:14:45+0000 [INFO] Processing post 1u5neix (Arctic Shift): Brazilian and Moroccan fans celebrating with New Yorkers pri
2026-06-16T15:14:46+0000 [WARNING]   Could not re-fetch post 1u5neix from Arctic Shift
2026-06-16T15:14:48+0000 [INFO]   Arctic Shift returned 2 comments
2026-06-16T15:14:48+0000 [INFO] Processing post 1u5ng62 (Arctic Shift): What Jersey should I get, Spain or Argentina:
2026-06-16T15:14:49+0000 [WARNING]   Could not re-fetch post 1u5ng62 from Arctic Shift
2026-06-16T15:14:51+0000 [INFO]   Arctic Shift returned 2 comments
2026-06-16T15:14:51+0000 [INFO] Processing post 1u5nnve (Arctic Shift): Arsenal begin talks for Ayyoub Bouaddi
2026-06-16T15:14:52+0000 [WARNING]   Could not re-fetch post 1u5nnve from Arctic Shift
2026-06-16T15:14:55+0000 [INFO]   Arctic Shift returned 101 comments
2026-06-16T15:14:55+0000 [INFO] Processing post 1u5o1rh (Arctic Shift): “Heartbears FC: because sports are better when they’re adora
2026-06-16T15:14:56+0000 [WARNING]   Could not re-fetch post 1u5o1rh from Arctic Shift
2026-06-16T15:14:58+0000 [INFO]   Arctic Shift returned 1 comments
2026-06-16T15:14:58+0000 [INFO] Processing post 1u5o3id (Arctic Shift): World Cup Predictions Today, What do you personally think ab
2026-06-16T15:14:59+0000 [WARNING]   Could not re-fetch post 1u5o3id from Arctic Shift
2026-06-16T15:15:01+0000 [INFO]   Arctic Shift returned 1 comments
2026-06-16T15:15:01+0000 [INFO] Processing post 1u5o6zr (Arctic Shift): Arda Güler before Turkey vs Australia:

“We are much better!
2026-06-16T15:15:02+0000 [WARNING]   Could not re-fetch post 1u5o6zr from Arctic Shift
2026-06-16T15:15:06+0000 [INFO]   Arctic Shift returned 247 comments
2026-06-16T15:15:06+0000 [INFO] Processing post 1u5oaut (Arctic Shift): I just discovered this trivia website. It’s so fun and infor
2026-06-16T15:15:07+0000 [WARNING]   Could not re-fetch post 1u5oaut from Arctic Shift
2026-06-16T15:15:09+0000 [INFO]   Arctic Shift returned 1 comments
2026-06-16T15:15:09+0000 [INFO] Processing post 1u5oblk (Arctic Shift): [Globo]: Ancelotti is expected to continue changing Brazil’s
2026-06-16T15:15:10+0000 [WARNING]   Could not re-fetch post 1u5oblk from Arctic Shift
2026-06-16T15:15:12+0000 [INFO]   Arctic Shift returned 80 comments
2026-06-16T15:15:12+0000 [INFO] Processing post 1u5ob4f (Arctic Shift): Correct pronunciation of the names of the Japan national tea
2026-06-16T15:15:13+0000 [WARNING]   Could not re-fetch post 1u5ob4f from Arctic Shift
2026-06-16T15:15:15+0000 [INFO]   Arctic Shift returned 1 comments
2026-06-16T15:15:15+0000 [INFO] Processing post 1u5oeug (Arctic Shift): Highlights: USA 4-1 Paraguay 🔥 | FIFA World Cup 2026
2026-06-16T15:15:16+0000 [WARNING]   Could not re-fetch post 1u5oeug from Arctic Shift
2026-06-16T15:15:18+0000 [INFO]   Arctic Shift returned 1 comments
2026-06-16T15:15:18+0000 [INFO] Processing post 1u5ogio (Arctic Shift): Mbappé "President of the Republic? No, I'm hated enough as i
2026-06-16T15:15:19+0000 [WARNING]   Could not re-fetch post 1u5ogio from Arctic Shift
2026-06-16T15:15:21+0000 [INFO]   Arctic Shift returned 62 comments
2026-06-16T15:15:21+0000 [INFO] Processing post 1u5ogpt (Arctic Shift): Highlights: USA 4-1 Paraguay 🔥 | FIFA World Cup 2026
2026-06-16T15:15:22+0000 [WARNING]   Could not re-fetch post 1u5ogpt from Arctic Shift
2026-06-16T15:15:24+0000 [INFO]   Arctic Shift returned 1 comments
2026-06-16T15:15:24+0000 [INFO] Processing post 1u5ohjx (Arctic Shift): The 2026 World Cup has Averaged 63,072 Fans in Attendance at
2026-06-16T15:15:25+0000 [WARNING]   Could not re-fetch post 1u5ohjx from Arctic Shift
2026-06-16T15:15:29+0000 [INFO]   Arctic Shift returned 286 comments
2026-06-16T15:15:29+0000 [INFO] Processing post 1u5okt8 (Arctic Shift): Moroccan federation president Fouzi Lekjaa about Lamine Yama
2026-06-16T15:15:30+0000 [WARNING]   Could not re-fetch post 1u5okt8 from Arctic Shift
2026-06-16T15:15:33+0000 [INFO]   Arctic Shift returned 169 comments
2026-06-16T15:15:33+0000 [INFO] Processing post 1u5orei (Arctic Shift): [Romano]Real Madrid reach verbal agreement to sign Marc Cucu
2026-06-16T15:15:34+0000 [WARNING]   Could not re-fetch post 1u5orei from Arctic Shift
2026-06-16T15:15:36+0000 [INFO]   Arctic Shift returned 1 comments
2026-06-16T15:15:36+0000 [INFO] Processing post 1u5orvd (Arctic Shift): [Fabrizio Romano] EXCLUSIVE: Real Madrid reach verbal agreem
2026-06-16T15:15:37+0000 [WARNING]   Could not re-fetch post 1u5orvd from Arctic Shift
2026-06-16T15:15:50+0000 [INFO]   Arctic Shift returned 1163 comments
2026-06-16T15:15:50+0000 [INFO] Harvester complete (arctic_shift+rss). 17 posts processed, 0 failed, 2122 total comments collected.
2026-06-16T15:24:55+0000 [INFO] Harvester starting. Target time: 2026-06-14T15:24:55.018282+00:00. Mode: arctic_shift+rss
2026-06-16T15:24:55+0000 [INFO] No pending posts for target time 2026-06-14T15. Nothing to do.
2026-06-16T15:30:14+0000 [INFO] Harvester starting. Target time: 2026-06-14T15:30:14.547322+00:00. Mode: arctic_shift+rss
2026-06-16T15:30:14+0000 [INFO] No pending posts for target time 2026-06-14T15. Nothing to do.
2026-06-16T15:39:30+0000 [INFO] Harvester starting. Target time: 2026-06-14T15:39:30.062500+00:00. Mode: arctic_shift+rss
2026-06-16T15:39:30+0000 [INFO] No pending posts for target time 2026-06-14T15. Nothing to do.
2026-06-16T15:45:21+0000 [INFO] Harvester starting. Target time: 2026-06-14T15:45:21.147779+00:00. Mode: arctic_shift+rss
2026-06-16T15:45:21+0000 [INFO] No pending posts for target time 2026-06-14T15. Nothing to do.
2026-06-16T15:50:14+0000 [INFO] Harvester starting. Target time: 2026-06-14T15:50:14.788802+00:00. Mode: arctic_shift+rss
2026-06-16T15:50:14+0000 [INFO] No pending posts for target time 2026-06-14T15. Nothing to do.
