2026-06-14T03:03:46+0000 [INFO] Harvester starting. Target time: 2026-06-12T03:03:46.626354+00:00. Mode: arctic_shift+rss
2026-06-14T03:03:46+0000 [INFO] Found 28 posts to process
2026-06-14T03:03:46+0000 [INFO] Processing post 1u3jm90 (Arctic Shift): Mbappe on facing Senegal in their opening match: "We face th
2026-06-14T03:03:47+0000 [WARNING]   Could not re-fetch post 1u3jm90 from Arctic Shift
2026-06-14T03:03:50+0000 [INFO]   Arctic Shift returned 162 comments
2026-06-14T03:03:50+0000 [INFO] Processing post 1u3jmyh (Arctic Shift): Lee Jae Sung chance against Czech Republic 49'
2026-06-14T03:03:51+0000 [WARNING]   Could not re-fetch post 1u3jmyh from Arctic Shift
2026-06-14T03:03:53+0000 [INFO]   Arctic Shift returned 13 comments
2026-06-14T03:03:53+0000 [INFO] Processing post 1u3jr69 (Arctic Shift): Son Heung Min chance against Czech Republic 56'
2026-06-14T03:03:54+0000 [WARNING]   Could not re-fetch post 1u3jr69 from Arctic Shift
2026-06-14T03:03:56+0000 [INFO]   Arctic Shift returned 37 comments
2026-06-14T03:03:56+0000 [INFO] Processing post 1u3jtvk (Arctic Shift): Erling Haaland cheering on the Carolina Hurricanes in Game 5
2026-06-14T03:03:56+0000 [WARNING]   Could not re-fetch post 1u3jtvk from Arctic Shift
2026-06-14T03:03:59+0000 [INFO]   Arctic Shift returned 1 comments
2026-06-14T03:03:59+0000 [INFO] Processing post 1u3jsvp (Arctic Shift): South Korea 0-1 Czechia - Ladislav Krejčí 59'
2026-06-14T03:04:00+0000 [WARNING]   Could not re-fetch post 1u3jsvp from Arctic Shift
2026-06-14T03:04:02+0000 [INFO]   Arctic Shift returned 1 comments
2026-06-14T03:04:02+0000 [INFO] Processing post 1u3jtvz (Arctic Shift): Korea Republic 0-1  Czech Republic - Ladislav Krejci 59'
2026-06-14T03:04:02+0000 [WARNING]   Could not re-fetch post 1u3jtvz from Arctic Shift
2026-06-14T03:04:06+0000 [INFO]   Arctic Shift returned 179 comments
2026-06-14T03:04:06+0000 [INFO] Processing post 1u3jt3z (Arctic Shift): South Korea 0-1 Czech Republic - Ladislav Krejčí 59'
2026-06-14T03:04:07+0000 [WARNING]   Could not re-fetch post 1u3jt3z from Arctic Shift
2026-06-14T03:04:10+0000 [INFO]   Arctic Shift returned 1 comments
2026-06-14T03:04:10+0000 [INFO] Processing post 1u3jsqs (Arctic Shift): South Korea 0 - [1] Czechia - L. Krejčí 59'
2026-06-14T03:04:10+0000 [WARNING]   Could not re-fetch post 1u3jsqs from Arctic Shift
2026-06-14T03:04:12+0000 [INFO]   Arctic Shift returned 94 comments
2026-06-14T03:04:12+0000 [INFO] Processing post 1u3jst2 (Arctic Shift): Need help finding an actual radio broadcast in English
2026-06-14T03:04:13+0000 [WARNING]   Could not re-fetch post 1u3jst2 from Arctic Shift
2026-06-14T03:04:15+0000 [INFO]   Arctic Shift returned 1 comments
2026-06-14T03:04:15+0000 [INFO] Processing post 1u3jwou (Arctic Shift): Czechia lead South Korea 1 - 0 after 61' minute with their o
2026-06-14T03:04:16+0000 [WARNING]   Could not re-fetch post 1u3jwou from Arctic Shift
2026-06-14T03:04:18+0000 [INFO]   Arctic Shift returned 11 comments
2026-06-14T03:04:18+0000 [INFO] Processing post 1u3jwr5 (Arctic Shift): Lioness Leah Williamson on her love for football, Arsenal an
2026-06-14T03:04:19+0000 [WARNING]   Could not re-fetch post 1u3jwr5 from Arctic Shift
2026-06-14T03:04:21+0000 [INFO]   Arctic Shift returned 1 comments
2026-06-14T03:04:21+0000 [INFO] Processing post 1u3jycm (Arctic Shift): Should I cash out??
2026-06-14T03:04:22+0000 [WARNING]   Could not re-fetch post 1u3jycm from Arctic Shift
2026-06-14T03:04:24+0000 [INFO]   Arctic Shift returned 1 comments
2026-06-14T03:04:24+0000 [INFO] Processing post 1u3jy2s (Arctic Shift): Alternate angles of Ladislav Krejci's goal against South Kor
2026-06-14T03:04:25+0000 [WARNING]   Could not re-fetch post 1u3jy2s from Arctic Shift
2026-06-14T03:04:27+0000 [INFO]   Arctic Shift returned 62 comments
2026-06-14T03:04:27+0000 [INFO] Processing post 1u3jxud (Arctic Shift): Midfield Seating
2026-06-14T03:04:28+0000 [WARNING]   Could not re-fetch post 1u3jxud from Arctic Shift
2026-06-14T03:04:30+0000 [INFO]   Arctic Shift returned 1 comments
2026-06-14T03:04:30+0000 [INFO] Processing post 1u3jyr0 (Arctic Shift): South Korea [1] - 1 Czechia - Hwang In-beom 67‎'‎
2026-06-14T03:04:31+0000 [WARNING]   Could not re-fetch post 1u3jyr0 from Arctic Shift
2026-06-14T03:04:33+0000 [INFO]   Arctic Shift returned 93 comments
2026-06-14T03:04:33+0000 [INFO] Processing post 1u3jzd1 (Arctic Shift): Korea Republic [1]-1 Czech Republic - Hwang In Beom 67'
2026-06-14T03:04:34+0000 [WARNING]   Could not re-fetch post 1u3jzd1 from Arctic Shift
2026-06-14T03:04:36+0000 [INFO]   Arctic Shift returned 85 comments
2026-06-14T03:04:36+0000 [INFO] Processing post 1u3k0hx (Arctic Shift): South Korea [1]-1 Czechia - Hwang In-beom 67'
2026-06-14T03:04:37+0000 [WARNING]   Could not re-fetch post 1u3k0hx from Arctic Shift
2026-06-14T03:04:42+0000 [INFO]   Arctic Shift returned 342 comments
2026-06-14T03:04:42+0000 [INFO] Processing post 1u3jyv4 (Arctic Shift): South Korea [1]-1 Czechia - Hwang In-beom 67'
2026-06-14T03:04:43+0000 [WARNING]   Could not re-fetch post 1u3jyv4 from Arctic Shift
2026-06-14T03:04:45+0000 [INFO]   Arctic Shift returned 28 comments
2026-06-14T03:04:45+0000 [INFO] Processing post 1u3jzo7 (Arctic Shift): This makes me so happy as someone from NC
2026-06-14T03:04:46+0000 [WARNING]   Could not re-fetch post 1u3jzo7 from Arctic Shift
2026-06-14T03:04:48+0000 [INFO]   Arctic Shift returned 3 comments
2026-06-14T03:04:48+0000 [INFO] Processing post 1u3k5u8 (Arctic Shift): South Korea 1 - [2] Czechia - Tomas Soucek 77‎'‎
2026-06-14T03:04:49+0000 [WARNING]   Could not re-fetch post 1u3k5u8 from Arctic Shift
2026-06-14T03:04:51+0000 [INFO]   Arctic Shift returned 25 comments
2026-06-14T03:04:51+0000 [INFO] Processing post 1u3k3ho (Arctic Shift): I.B. Hwang equalized in 67th minute for South Korea
2026-06-14T03:04:52+0000 [WARNING]   Could not re-fetch post 1u3k3ho from Arctic Shift
2026-06-14T03:04:54+0000 [INFO]   Arctic Shift returned 10 comments
2026-06-14T03:04:54+0000 [INFO] Processing post 1u3k88i (Arctic Shift): Korea Republic [2]-1 Czech Republic -Oh Hyun-Gyu 80'
2026-06-14T03:04:55+0000 [WARNING]   Could not re-fetch post 1u3k88i from Arctic Shift
2026-06-14T03:04:58+0000 [INFO]   Arctic Shift returned 180 comments
2026-06-14T03:04:58+0000 [INFO] Processing post 1u3k5vp (Arctic Shift): South Korea 1-[2] Czechia - Tomáš Souček 77'
2026-06-14T03:04:59+0000 [WARNING]   Could not re-fetch post 1u3k5vp from Arctic Shift
2026-06-14T03:05:01+0000 [INFO]   Arctic Shift returned 1 comments
2026-06-14T03:05:01+0000 [INFO] Processing post 1u3k6li (Arctic Shift): Czech Republic  disallowed goal against Korea Republic  77'
2026-06-14T03:05:02+0000 [WARNING]   Could not re-fetch post 1u3k6li from Arctic Shift
2026-06-14T03:05:04+0000 [INFO]   Arctic Shift returned 75 comments
2026-06-14T03:05:04+0000 [INFO] Processing post 1u3k7m5 (Arctic Shift): [ Removed by moderator ]
2026-06-14T03:05:05+0000 [WARNING]   Could not re-fetch post 1u3k7m5 from Arctic Shift
2026-06-14T03:05:09+0000 [INFO]   Arctic Shift returned 201 comments
2026-06-14T03:05:09+0000 [INFO] Processing post 1u3kej2 (Arctic Shift): We should all boycott companies that advertise during the hy
2026-06-14T03:05:10+0000 [WARNING]   Could not re-fetch post 1u3kej2 from Arctic Shift
2026-06-14T03:05:12+0000 [INFO]   Arctic Shift returned 1 comments
2026-06-14T03:05:12+0000 [INFO] Processing post 1u3kcrs (Arctic Shift): Kim Seung-Gyu save against Czechia - 81'
2026-06-14T03:05:13+0000 [WARNING]   Could not re-fetch post 1u3kcrs from Arctic Shift
2026-06-14T03:05:15+0000 [INFO]   Arctic Shift returned 91 comments
2026-06-14T03:05:15+0000 [INFO] Processing post 1u3kfxk (Arctic Shift): WORLD CUP TIME BABY (I’m very new to the sport)
2026-06-14T03:05:16+0000 [WARNING]   Could not re-fetch post 1u3kfxk from Arctic Shift
2026-06-14T03:05:18+0000 [INFO]   Arctic Shift returned 1 comments
2026-06-14T03:05:18+0000 [INFO] Harvester complete (arctic_shift+rss). 28 posts processed, 0 failed, 1701 total comments collected.
2026-06-14T03:08:22+0000 [INFO] Harvester starting. Target time: 2026-06-12T03:08:22.532148+00:00. Mode: arctic_shift+rss
2026-06-14T03:08:22+0000 [INFO] No pending posts for target time 2026-06-12T03. Nothing to do.
2026-06-14T03:12:14+0000 [INFO] Harvester starting. Target time: 2026-06-12T03:12:14.322839+00:00. Mode: arctic_shift+rss
2026-06-14T03:12:14+0000 [INFO] No pending posts for target time 2026-06-12T03. Nothing to do.
2026-06-14T03:17:04+0000 [INFO] Harvester starting. Target time: 2026-06-12T03:17:04.289485+00:00. Mode: arctic_shift+rss
2026-06-14T03:17:04+0000 [INFO] No pending posts for target time 2026-06-12T03. Nothing to do.
2026-06-14T03:22:03+0000 [INFO] Harvester starting. Target time: 2026-06-12T03:22:03.355630+00:00. Mode: arctic_shift+rss
2026-06-14T03:22:03+0000 [INFO] No pending posts for target time 2026-06-12T03. Nothing to do.
2026-06-14T03:27:02+0000 [INFO] Harvester starting. Target time: 2026-06-12T03:27:02.248501+00:00. Mode: arctic_shift+rss
2026-06-14T03:27:02+0000 [INFO] No pending posts for target time 2026-06-12T03. Nothing to do.
