2026-06-15T12:02:17+0000 [INFO] Scanner starting. Batch: 2026-06-15T12:02
2026-06-15T12:02:17+0000 [INFO] Running in dual-source mode (Arctic Shift + RSS)
2026-06-15T12:02:19+0000 [INFO] Arctic Shift returned 2 posts
2026-06-15T12:02:19+0000 [INFO] RSS returned 100 posts
2026-06-15T12:02:21+0000 [INFO] Scanner complete (Arctic Shift+RSS). 2 new posts collected, 2 media downloaded, 1 links verified.
2026-06-15T12:07:04+0000 [INFO] Scanner starting. Batch: 2026-06-15T12:07
2026-06-15T12:07:04+0000 [INFO] Running in dual-source mode (Arctic Shift + RSS)
2026-06-15T12:07:05+0000 [INFO] Arctic Shift returned 2 posts
2026-06-15T12:07:06+0000 [INFO] RSS returned 100 posts
2026-06-15T12:07:06+0000 [INFO] Scanner complete (Arctic Shift+RSS). 1 new posts collected, 0 media downloaded, 1 links verified.
2026-06-15T12:12:02+0000 [INFO] Scanner starting. Batch: 2026-06-15T12:12
2026-06-15T12:12:02+0000 [INFO] Running in dual-source mode (Arctic Shift + RSS)
2026-06-15T12:12:04+0000 [INFO] Arctic Shift returned 1 posts
2026-06-15T12:12:05+0000 [INFO] RSS returned 100 posts
2026-06-15T12:12:05+0000 [INFO] Scanner complete (Arctic Shift+RSS). 0 new posts collected, 0 media downloaded, 0 links verified.
2026-06-15T12:17:14+0000 [INFO] Scanner starting. Batch: 2026-06-15T12:17
2026-06-15T12:17:14+0000 [INFO] Running in dual-source mode (Arctic Shift + RSS)
2026-06-15T12:17:15+0000 [INFO] Arctic Shift returned 0 posts
2026-06-15T12:17:16+0000 [INFO] RSS returned 100 posts
2026-06-15T12:17:16+0000 [INFO] Scanner complete (Arctic Shift+RSS). 0 new posts collected, 0 media downloaded, 0 links verified.
2026-06-15T12:22:17+0000 [INFO] Scanner starting. Batch: 2026-06-15T12:22
2026-06-15T12:22:17+0000 [INFO] Running in dual-source mode (Arctic Shift + RSS)
2026-06-15T12:22:17+0000 [INFO] Arctic Shift returned 0 posts
2026-06-15T12:22:19+0000 [INFO] RSS returned 100 posts
2026-06-15T12:22:19+0000 [INFO] Scanner complete (Arctic Shift+RSS). 0 new posts collected, 0 media downloaded, 0 links verified.
2026-06-15T12:27:20+0000 [INFO] Scanner starting. Batch: 2026-06-15T12:27
2026-06-15T12:27:20+0000 [INFO] Running in dual-source mode (Arctic Shift + RSS)
2026-06-15T12:27:22+0000 [INFO] Arctic Shift returned 3 posts
2026-06-15T12:27:22+0000 [INFO] RSS returned 100 posts
2026-06-15T12:27:23+0000 [INFO] Scanner complete (Arctic Shift+RSS). 3 new posts collected, 0 media downloaded, 2 links verified.
2026-06-15T12:32:10+0000 [INFO] Scanner starting. Batch: 2026-06-15T12:32
2026-06-15T12:32:10+0000 [INFO] Running in dual-source mode (Arctic Shift + RSS)
2026-06-15T12:32:11+0000 [INFO] Arctic Shift returned 3 posts
2026-06-15T12:32:12+0000 [INFO] RSS returned 100 posts
2026-06-15T12:32:13+0000 [INFO] Scanner complete (Arctic Shift+RSS). 4 new posts collected, 1 media downloaded, 2 links verified.
2026-06-15T12:36:54+0000 [INFO] Scanner starting. Batch: 2026-06-15T12:36
2026-06-15T12:36:54+0000 [INFO] Running in dual-source mode (Arctic Shift + RSS)
2026-06-15T12:36:56+0000 [INFO] Arctic Shift returned 4 posts
2026-06-15T12:36:57+0000 [INFO] RSS returned 100 posts
2026-06-15T12:36:57+0000 [INFO] Scanner complete (Arctic Shift+RSS). 1 new posts collected, 0 media downloaded, 1 links verified.
2026-06-15T12:42:25+0000 [INFO] Scanner starting. Batch: 2026-06-15T12:42
2026-06-15T12:42:25+0000 [INFO] Running in dual-source mode (Arctic Shift + RSS)
2026-06-15T12:42:26+0000 [INFO] Arctic Shift returned 5 posts
2026-06-15T12:42:27+0000 [INFO] RSS returned 100 posts
2026-06-15T12:42:28+0000 [INFO] Scanner complete (Arctic Shift+RSS). 5 new posts collected, 8 media downloaded, 0 links verified.
2026-06-15T12:47:42+0000 [INFO] Scanner starting. Batch: 2026-06-15T12:47
2026-06-15T12:47:42+0000 [INFO] Running in dual-source mode (Arctic Shift + RSS)
2026-06-15T12:47:44+0000 [INFO] Arctic Shift returned 5 posts
2026-06-15T12:47:45+0000 [INFO] RSS returned 100 posts
2026-06-15T12:47:46+0000 [INFO] Scanner complete (Arctic Shift+RSS). 3 new posts collected, 3 media downloaded, 0 links verified.
