2026-06-18T02:03:02+0000 [INFO] Scanner starting. Batch: 2026-06-18T02:03
2026-06-18T02:03:02+0000 [INFO] Running in dual-source mode (Arctic Shift + RSS)
2026-06-18T02:03:03+0000 [INFO] Arctic Shift returned 5 posts
2026-06-18T02:03:04+0000 [INFO] RSS returned 100 posts
2026-06-18T02:03:05+0000 [INFO] Scanner complete (Arctic Shift+RSS). 4 new posts collected, 2 media downloaded, 0 links verified.
2026-06-18T02:06:57+0000 [INFO] Scanner starting. Batch: 2026-06-18T02:06
2026-06-18T02:06:57+0000 [INFO] Running in dual-source mode (Arctic Shift + RSS)
2026-06-18T02:06:58+0000 [INFO] Arctic Shift returned 2 posts
2026-06-18T02:06:59+0000 [INFO] RSS returned 100 posts
2026-06-18T02:06:59+0000 [INFO] Scanner complete (Arctic Shift+RSS). 0 new posts collected, 0 media downloaded, 0 links verified.
2026-06-18T02:12:15+0000 [INFO] Scanner starting. Batch: 2026-06-18T02:12
2026-06-18T02:12:15+0000 [INFO] Running in dual-source mode (Arctic Shift + RSS)
2026-06-18T02:12:16+0000 [INFO] Arctic Shift returned 0 posts
2026-06-18T02:12:17+0000 [INFO] RSS returned 100 posts
2026-06-18T02:12:17+0000 [INFO] Scanner complete (Arctic Shift+RSS). 0 new posts collected, 0 media downloaded, 0 links verified.
2026-06-18T02:17:32+0000 [INFO] Scanner starting. Batch: 2026-06-18T02:17
2026-06-18T02:17:32+0000 [INFO] Running in dual-source mode (Arctic Shift + RSS)
2026-06-18T02:17:33+0000 [INFO] Arctic Shift returned 0 posts
2026-06-18T02:17:34+0000 [INFO] RSS returned 100 posts
2026-06-18T02:17:34+0000 [INFO] Scanner complete (Arctic Shift+RSS). 0 new posts collected, 0 media downloaded, 0 links verified.
2026-06-18T02:21:58+0000 [INFO] Scanner starting. Batch: 2026-06-18T02:21
2026-06-18T02:21:58+0000 [INFO] Running in dual-source mode (Arctic Shift + RSS)
2026-06-18T02:21:59+0000 [INFO] Arctic Shift returned 1 posts
2026-06-18T02:22:00+0000 [INFO] RSS returned 100 posts
2026-06-18T02:22:00+0000 [INFO] Scanner complete (Arctic Shift+RSS). 1 new posts collected, 0 media downloaded, 1 links verified.
