2026-06-13T22:02:27+0000 [INFO] Scanner starting. Batch: 2026-06-13T22:02
2026-06-13T22:02:27+0000 [INFO] Running in dual-source mode (Arctic Shift + RSS)
2026-06-13T22:02:29+0000 [INFO] Arctic Shift returned 5 posts
2026-06-13T22:02:30+0000 [INFO] RSS returned 100 posts
2026-06-13T22:02:31+0000 [INFO] Scanner complete (Arctic Shift+RSS). 4 new posts collected, 0 media downloaded, 1 links verified.
2026-06-13T22:07:03+0000 [INFO] Scanner starting. Batch: 2026-06-13T22:07
2026-06-13T22:07:03+0000 [INFO] Running in dual-source mode (Arctic Shift + RSS)
2026-06-13T22:07:05+0000 [INFO] Arctic Shift returned 3 posts
2026-06-13T22:07:06+0000 [INFO] RSS returned 100 posts
2026-06-13T22:07:06+0000 [INFO] Scanner complete (Arctic Shift+RSS). 1 new posts collected, 0 media downloaded, 1 links verified.
2026-06-13T22:12:13+0000 [INFO] Scanner starting. Batch: 2026-06-13T22:12
2026-06-13T22:12:13+0000 [INFO] Running in dual-source mode (Arctic Shift + RSS)
2026-06-13T22:12:14+0000 [INFO] Arctic Shift returned 2 posts
2026-06-13T22:12:15+0000 [INFO] RSS returned 100 posts
2026-06-13T22:12:16+0000 [INFO] Scanner complete (Arctic Shift+RSS). 2 new posts collected, 0 media downloaded, 1 links verified.
2026-06-13T22:17:07+0000 [INFO] Scanner starting. Batch: 2026-06-13T22:17
2026-06-13T22:17:07+0000 [INFO] Running in dual-source mode (Arctic Shift + RSS)
2026-06-13T22:17:08+0000 [INFO] Arctic Shift returned 2 posts
2026-06-13T22:17:09+0000 [INFO] RSS returned 100 posts
2026-06-13T22:17:09+0000 [INFO] Scanner complete (Arctic Shift+RSS). 3 new posts collected, 0 media downloaded, 2 links verified.
2026-06-13T22:22:20+0000 [INFO] Scanner starting. Batch: 2026-06-13T22:22
2026-06-13T22:22:20+0000 [INFO] Running in dual-source mode (Arctic Shift + RSS)
2026-06-13T22:22:21+0000 [INFO] Arctic Shift returned 2 posts
2026-06-13T22:22:22+0000 [INFO] RSS returned 100 posts
2026-06-13T22:22:22+0000 [INFO] Scanner complete (Arctic Shift+RSS). 1 new posts collected, 0 media downloaded, 1 links verified.
2026-06-13T22:27:06+0000 [INFO] Scanner starting. Batch: 2026-06-13T22:27
2026-06-13T22:27:06+0000 [INFO] Running in dual-source mode (Arctic Shift + RSS)
2026-06-13T22:27:07+0000 [INFO] Arctic Shift returned 3 posts
2026-06-13T22:27:08+0000 [INFO] RSS returned 100 posts
2026-06-13T22:27:09+0000 [INFO] Scanner complete (Arctic Shift+RSS). 3 new posts collected, 0 media downloaded, 2 links verified.
2026-06-13T22:32:12+0000 [INFO] Scanner starting. Batch: 2026-06-13T22:32
2026-06-13T22:32:12+0000 [INFO] Running in dual-source mode (Arctic Shift + RSS)
2026-06-13T22:32:13+0000 [INFO] Arctic Shift returned 6 posts
2026-06-13T22:32:14+0000 [INFO] RSS returned 100 posts
2026-06-13T22:32:15+0000 [INFO] Scanner complete (Arctic Shift+RSS). 6 new posts collected, 5 media downloaded, 1 links verified.
