2026-06-15T00:01:43+0000 [INFO] Scanner starting. Batch: 2026-06-15T00:01
2026-06-15T00:01:43+0000 [INFO] Running in dual-source mode (Arctic Shift + RSS)
2026-06-15T00:01:45+0000 [INFO] Arctic Shift returned 1 posts
2026-06-15T00:01:46+0000 [INFO] RSS returned 100 posts
2026-06-15T00:01:46+0000 [INFO] Scanner complete (Arctic Shift+RSS). 1 new posts collected, 0 media downloaded, 0 links verified.
2026-06-15T00:05:41+0000 [INFO] Scanner starting. Batch: 2026-06-15T00:05
2026-06-15T00:05:41+0000 [INFO] Running in dual-source mode (Arctic Shift + RSS)
2026-06-15T00:05:42+0000 [INFO] Arctic Shift returned 2 posts
2026-06-15T00:05:43+0000 [INFO] RSS returned 100 posts
2026-06-15T00:05:43+0000 [INFO] Scanner complete (Arctic Shift+RSS). 1 new posts collected, 0 media downloaded, 0 links verified.
2026-06-15T00:11:32+0000 [INFO] Scanner starting. Batch: 2026-06-15T00:11
2026-06-15T00:11:32+0000 [INFO] Running in dual-source mode (Arctic Shift + RSS)
2026-06-15T00:11:34+0000 [INFO] Arctic Shift returned 2 posts
2026-06-15T00:11:35+0000 [INFO] RSS returned 100 posts
2026-06-15T00:11:36+0000 [INFO] Scanner complete (Arctic Shift+RSS). 2 new posts collected, 1 media downloaded, 1 links verified.
2026-06-15T00:16:48+0000 [INFO] Scanner starting. Batch: 2026-06-15T00:16
2026-06-15T00:16:48+0000 [INFO] Running in dual-source mode (Arctic Shift + RSS)
2026-06-15T00:16:50+0000 [INFO] Arctic Shift returned 2 posts
2026-06-15T00:16:51+0000 [INFO] RSS returned 100 posts
2026-06-15T00:16:51+0000 [INFO] Scanner complete (Arctic Shift+RSS). 2 new posts collected, 2 media downloaded, 0 links verified.
2026-06-15T00:21:34+0000 [INFO] Scanner starting. Batch: 2026-06-15T00:21
2026-06-15T00:21:34+0000 [INFO] Running in dual-source mode (Arctic Shift + RSS)
2026-06-15T00:21:35+0000 [INFO] Arctic Shift returned 4 posts
2026-06-15T00:21:36+0000 [INFO] RSS returned 100 posts
2026-06-15T00:21:37+0000 [INFO] Scanner complete (Arctic Shift+RSS). 2 new posts collected, 2 media downloaded, 1 links verified.
2026-06-15T00:26:33+0000 [INFO] Scanner starting. Batch: 2026-06-15T00:26
2026-06-15T00:26:33+0000 [INFO] Running in dual-source mode (Arctic Shift + RSS)
2026-06-15T00:26:34+0000 [INFO] Arctic Shift returned 2 posts
2026-06-15T00:26:35+0000 [INFO] RSS returned 100 posts
2026-06-15T00:26:35+0000 [INFO] Scanner complete (Arctic Shift+RSS). 2 new posts collected, 2 media downloaded, 0 links verified.
