2026-06-18T09:02:54+0000 [INFO] Scanner starting. Batch: 2026-06-18T09:02
2026-06-18T09:02:54+0000 [INFO] Running in dual-source mode (Arctic Shift + RSS)
2026-06-18T09:02:56+0000 [INFO] Arctic Shift returned 1 posts
2026-06-18T09:02:57+0000 [INFO] RSS returned 100 posts
2026-06-18T09:02:57+0000 [INFO] Scanner complete (Arctic Shift+RSS). 1 new posts collected, 1 media downloaded, 0 links verified.
2026-06-18T09:08:57+0000 [INFO] Scanner starting. Batch: 2026-06-18T09:08
2026-06-18T09:08:57+0000 [INFO] Running in dual-source mode (Arctic Shift + RSS)
2026-06-18T09:08:58+0000 [INFO] Arctic Shift returned 3 posts
2026-06-18T09:08:59+0000 [INFO] RSS returned 100 posts
2026-06-18T09:09:00+0000 [INFO] Scanner complete (Arctic Shift+RSS). 3 new posts collected, 0 media downloaded, 3 links verified.
2026-06-18T09:12:54+0000 [INFO] Scanner starting. Batch: 2026-06-18T09:12
2026-06-18T09:12:54+0000 [INFO] Running in dual-source mode (Arctic Shift + RSS)
2026-06-18T09:12:56+0000 [INFO] Arctic Shift returned 2 posts
2026-06-18T09:12:56+0000 [INFO] RSS returned 100 posts
2026-06-18T09:12:56+0000 [INFO] Scanner complete (Arctic Shift+RSS). 0 new posts collected, 0 media downloaded, 0 links verified.
2026-06-18T09:18:07+0000 [INFO] Scanner starting. Batch: 2026-06-18T09:18
2026-06-18T09:18:07+0000 [INFO] Running in dual-source mode (Arctic Shift + RSS)
2026-06-18T09:18:08+0000 [INFO] Arctic Shift returned 4 posts
2026-06-18T09:18:09+0000 [INFO] RSS returned 100 posts
2026-06-18T09:18:10+0000 [INFO] Scanner complete (Arctic Shift+RSS). 4 new posts collected, 4 media downloaded, 0 links verified.
2026-06-18T09:23:05+0000 [INFO] Scanner starting. Batch: 2026-06-18T09:23
2026-06-18T09:23:05+0000 [INFO] Running in dual-source mode (Arctic Shift + RSS)
2026-06-18T09:23:07+0000 [INFO] Arctic Shift returned 2 posts
2026-06-18T09:23:08+0000 [INFO] RSS returned 100 posts
2026-06-18T09:23:09+0000 [INFO] Scanner complete (Arctic Shift+RSS). 1 new posts collected, 2 media downloaded, 0 links verified.
2026-06-18T09:28:13+0000 [INFO] Scanner starting. Batch: 2026-06-18T09:28
2026-06-18T09:28:13+0000 [INFO] Running in dual-source mode (Arctic Shift + RSS)
2026-06-18T09:28:14+0000 [INFO] Arctic Shift returned 2 posts
2026-06-18T09:28:15+0000 [INFO] RSS returned 100 posts
2026-06-18T09:28:15+0000 [INFO] Scanner complete (Arctic Shift+RSS). 1 new posts collected, 0 media downloaded, 0 links verified.
2026-06-18T09:33:35+0000 [INFO] Scanner starting. Batch: 2026-06-18T09:33
2026-06-18T09:33:35+0000 [INFO] Running in dual-source mode (Arctic Shift + RSS)
2026-06-18T09:33:36+0000 [INFO] Arctic Shift returned 3 posts
2026-06-18T09:33:37+0000 [INFO] RSS returned 100 posts
2026-06-18T09:33:37+0000 [INFO] Scanner complete (Arctic Shift+RSS). 3 new posts collected, 2 media downloaded, 2 links verified.
2026-06-18T09:37:39+0000 [INFO] Scanner starting. Batch: 2026-06-18T09:37
2026-06-18T09:37:39+0000 [INFO] Running in dual-source mode (Arctic Shift + RSS)
2026-06-18T09:37:40+0000 [INFO] Arctic Shift returned 2 posts
2026-06-18T09:37:41+0000 [INFO] RSS returned 100 posts
2026-06-18T09:37:41+0000 [INFO] Scanner complete (Arctic Shift+RSS). 0 new posts collected, 0 media downloaded, 0 links verified.
2026-06-18T09:42:39+0000 [INFO] Scanner starting. Batch: 2026-06-18T09:42
2026-06-18T09:42:39+0000 [INFO] Running in dual-source mode (Arctic Shift + RSS)
2026-06-18T09:42:40+0000 [INFO] Arctic Shift returned 4 posts
2026-06-18T09:42:41+0000 [INFO] RSS returned 100 posts
2026-06-18T09:42:41+0000 [INFO] Scanner complete (Arctic Shift+RSS). 4 new posts collected, 0 media downloaded, 2 links verified.
