2026-06-14T11:01:35+0000 [INFO] Scanner starting. Batch: 2026-06-14T11:01
2026-06-14T11:01:35+0000 [INFO] Running in dual-source mode (Arctic Shift + RSS)
2026-06-14T11:01:36+0000 [INFO] Arctic Shift returned 4 posts
2026-06-14T11:01:37+0000 [INFO] RSS returned 100 posts
2026-06-14T11:01:39+0000 [INFO] Scanner complete (Arctic Shift+RSS). 4 new posts collected, 2 media downloaded, 0 links verified.
2026-06-14T11:06:30+0000 [INFO] Scanner starting. Batch: 2026-06-14T11:06
2026-06-14T11:06:30+0000 [INFO] Running in dual-source mode (Arctic Shift + RSS)
2026-06-14T11:06:32+0000 [INFO] Arctic Shift returned 2 posts
2026-06-14T11:06:32+0000 [INFO] RSS returned 100 posts
2026-06-14T11:06:33+0000 [INFO] Scanner complete (Arctic Shift+RSS). 1 new posts collected, 0 media downloaded, 0 links verified.
2026-06-14T11:11:35+0000 [INFO] Scanner starting. Batch: 2026-06-14T11:11
2026-06-14T11:11:35+0000 [INFO] Running in dual-source mode (Arctic Shift + RSS)
2026-06-14T11:11:36+0000 [INFO] Arctic Shift returned 0 posts
2026-06-14T11:11:36+0000 [INFO] RSS returned 100 posts
2026-06-14T11:11:36+0000 [INFO] Scanner complete (Arctic Shift+RSS). 0 new posts collected, 0 media downloaded, 0 links verified.
2026-06-14T11:16:39+0000 [INFO] Scanner starting. Batch: 2026-06-14T11:16
2026-06-14T11:16:39+0000 [INFO] Running in dual-source mode (Arctic Shift + RSS)
2026-06-14T11:16:39+0000 [INFO] Arctic Shift returned 0 posts
2026-06-14T11:16:40+0000 [INFO] RSS returned 100 posts
2026-06-14T11:16:40+0000 [INFO] Scanner complete (Arctic Shift+RSS). 0 new posts collected, 0 media downloaded, 0 links verified.
2026-06-14T11:21:35+0000 [INFO] Scanner starting. Batch: 2026-06-14T11:21
2026-06-14T11:21:35+0000 [INFO] Running in dual-source mode (Arctic Shift + RSS)
2026-06-14T11:21:36+0000 [INFO] Arctic Shift returned 0 posts
2026-06-14T11:21:36+0000 [INFO] RSS returned 100 posts
2026-06-14T11:21:36+0000 [INFO] Scanner complete (Arctic Shift+RSS). 0 new posts collected, 0 media downloaded, 0 links verified.
2026-06-14T11:26:37+0000 [INFO] Scanner starting. Batch: 2026-06-14T11:26
2026-06-14T11:26:37+0000 [INFO] Running in dual-source mode (Arctic Shift + RSS)
2026-06-14T11:26:39+0000 [INFO] Arctic Shift returned 1 posts
2026-06-14T11:26:39+0000 [INFO] RSS returned 100 posts
2026-06-14T11:26:40+0000 [INFO] Scanner complete (Arctic Shift+RSS). 1 new posts collected, 0 media downloaded, 1 links verified.
2026-06-14T11:30:07+0000 [INFO] Scanner starting. Batch: 2026-06-14T11:30
2026-06-14T11:30:07+0000 [INFO] Running in dual-source mode (Arctic Shift + RSS)
2026-06-14T11:30:10+0000 [INFO] Arctic Shift returned 4 posts
2026-06-14T11:30:11+0000 [INFO] RSS returned 100 posts
2026-06-14T11:30:13+0000 [INFO] Scanner complete (Arctic Shift+RSS). 3 new posts collected, 1 media downloaded, 0 links verified.
2026-06-14T11:31:49+0000 [INFO] Scanner starting. Batch: 2026-06-14T11:31
2026-06-14T11:31:49+0000 [INFO] Running in dual-source mode (Arctic Shift + RSS)
2026-06-14T11:31:51+0000 [INFO] Arctic Shift returned 4 posts
2026-06-14T11:31:52+0000 [INFO] RSS returned 100 posts
2026-06-14T11:31:52+0000 [INFO] Scanner complete (Arctic Shift+RSS). 0 new posts collected, 0 media downloaded, 0 links verified.
