2026-06-20T06:04:23+0000 [INFO] Scanner starting. Batch: 2026-06-20T06:04
2026-06-20T06:04:23+0000 [INFO] Running in dual-source mode (Arctic Shift + RSS)
2026-06-20T06:04:24+0000 [INFO] Arctic Shift returned 1 posts
2026-06-20T06:04:25+0000 [INFO] RSS returned 100 posts
2026-06-20T06:04:25+0000 [INFO] Scanner complete (Arctic Shift+RSS). 1 new posts collected, 0 media downloaded, 0 links verified.
2026-06-20T06:09:16+0000 [INFO] Scanner starting. Batch: 2026-06-20T06:09
2026-06-20T06:09:16+0000 [INFO] Running in dual-source mode (Arctic Shift + RSS)
2026-06-20T06:09:16+0000 [INFO] Arctic Shift returned 0 posts
2026-06-20T06:09:18+0000 [INFO] RSS returned 100 posts
2026-06-20T06:09:18+0000 [INFO] Scanner complete (Arctic Shift+RSS). 0 new posts collected, 0 media downloaded, 0 links verified.
2026-06-20T06:14:07+0000 [INFO] Scanner starting. Batch: 2026-06-20T06:14
2026-06-20T06:14:07+0000 [INFO] Running in dual-source mode (Arctic Shift + RSS)
2026-06-20T06:14:09+0000 [INFO] Arctic Shift returned 2 posts
2026-06-20T06:14:10+0000 [INFO] RSS returned 100 posts
2026-06-20T06:14:11+0000 [INFO] Scanner complete (Arctic Shift+RSS). 2 new posts collected, 2 media downloaded, 1 links verified.
2026-06-20T06:29:08+0000 [INFO] Scanner starting. Batch: 2026-06-20T06:29
2026-06-20T06:29:08+0000 [INFO] Running in dual-source mode (Arctic Shift + RSS)
2026-06-20T06:29:09+0000 [INFO] Arctic Shift returned 2 posts
2026-06-20T06:29:10+0000 [INFO] RSS returned 100 posts
2026-06-20T06:29:11+0000 [INFO] Scanner complete (Arctic Shift+RSS). 2 new posts collected, 1 media downloaded, 1 links verified.
