2026-06-16T12:04:12+0000 [INFO] Scanner starting. Batch: 2026-06-16T12:04
2026-06-16T12:04:12+0000 [INFO] Running in dual-source mode (Arctic Shift + RSS)
2026-06-16T12:04:14+0000 [INFO] Arctic Shift returned 2 posts
2026-06-16T12:04:15+0000 [INFO] RSS returned 100 posts
2026-06-16T12:04:16+0000 [INFO] Scanner complete (Arctic Shift+RSS). 2 new posts collected, 0 media downloaded, 1 links verified.
2026-06-16T12:08:15+0000 [INFO] Scanner starting. Batch: 2026-06-16T12:08
2026-06-16T12:08:15+0000 [INFO] Running in dual-source mode (Arctic Shift + RSS)
2026-06-16T12:08:16+0000 [INFO] Arctic Shift returned 3 posts
2026-06-16T12:08:17+0000 [INFO] RSS returned 100 posts
2026-06-16T12:08:18+0000 [INFO] Scanner complete (Arctic Shift+RSS). 3 new posts collected, 2 media downloaded, 0 links verified.
2026-06-16T12:14:02+0000 [INFO] Scanner starting. Batch: 2026-06-16T12:14
2026-06-16T12:14:02+0000 [INFO] Running in dual-source mode (Arctic Shift + RSS)
2026-06-16T12:14:03+0000 [INFO] Arctic Shift returned 3 posts
2026-06-16T12:14:04+0000 [INFO] RSS returned 100 posts
2026-06-16T12:14:04+0000 [INFO] Scanner complete (Arctic Shift+RSS). 2 new posts collected, 0 media downloaded, 1 links verified.
2026-06-16T12:19:30+0000 [INFO] Scanner starting. Batch: 2026-06-16T12:19
2026-06-16T12:19:30+0000 [INFO] Running in dual-source mode (Arctic Shift + RSS)
2026-06-16T12:19:31+0000 [INFO] Arctic Shift returned 3 posts
2026-06-16T12:19:32+0000 [INFO] RSS returned 100 posts
2026-06-16T12:19:33+0000 [INFO] Scanner complete (Arctic Shift+RSS). 2 new posts collected, 2 media downloaded, 1 links verified.
2026-06-16T12:23:24+0000 [INFO] Scanner starting. Batch: 2026-06-16T12:23
2026-06-16T12:23:24+0000 [INFO] Running in dual-source mode (Arctic Shift + RSS)
2026-06-16T12:23:25+0000 [INFO] Arctic Shift returned 3 posts
2026-06-16T12:23:26+0000 [INFO] RSS returned 100 posts
2026-06-16T12:23:27+0000 [INFO] Scanner complete (Arctic Shift+RSS). 2 new posts collected, 0 media downloaded, 2 links verified.
2026-06-16T12:28:00+0000 [INFO] Scanner starting. Batch: 2026-06-16T12:28
2026-06-16T12:28:00+0000 [INFO] Running in dual-source mode (Arctic Shift + RSS)
2026-06-16T12:28:00+0000 [INFO] Arctic Shift returned 0 posts
2026-06-16T12:28:01+0000 [INFO] RSS returned 100 posts
2026-06-16T12:28:01+0000 [INFO] Scanner complete (Arctic Shift+RSS). 0 new posts collected, 0 media downloaded, 0 links verified.
2026-06-16T12:34:29+0000 [INFO] Scanner starting. Batch: 2026-06-16T12:34
2026-06-16T12:34:29+0000 [INFO] Running in dual-source mode (Arctic Shift + RSS)
2026-06-16T12:34:30+0000 [INFO] Arctic Shift returned 0 posts
2026-06-16T12:34:31+0000 [INFO] RSS returned 100 posts
2026-06-16T12:34:31+0000 [INFO] Scanner complete (Arctic Shift+RSS). 0 new posts collected, 0 media downloaded, 0 links verified.
