2026-06-17T23:01:46+0000 [INFO] Scanner starting. Batch: 2026-06-17T23:01
2026-06-17T23:01:46+0000 [INFO] Running in dual-source mode (Arctic Shift + RSS)
2026-06-17T23:01:47+0000 [INFO] Arctic Shift returned 3 posts
2026-06-17T23:01:48+0000 [INFO] RSS returned 100 posts
2026-06-17T23:01:51+0000 [INFO] Scanner complete (Arctic Shift+RSS). 3 new posts collected, 13 media downloaded, 2 links verified.
2026-06-17T23:06:40+0000 [INFO] Scanner starting. Batch: 2026-06-17T23:06
2026-06-17T23:06:40+0000 [INFO] Running in dual-source mode (Arctic Shift + RSS)
2026-06-17T23:06:42+0000 [INFO] Arctic Shift returned 3 posts
2026-06-17T23:06:42+0000 [INFO] RSS returned 100 posts
2026-06-17T23:06:42+0000 [INFO] Scanner complete (Arctic Shift+RSS). 1 new posts collected, 0 media downloaded, 1 links verified.
2026-06-17T23:11:42+0000 [INFO] Scanner starting. Batch: 2026-06-17T23:11
2026-06-17T23:11:42+0000 [INFO] Running in dual-source mode (Arctic Shift + RSS)
2026-06-17T23:11:43+0000 [INFO] Arctic Shift returned 2 posts
2026-06-17T23:11:44+0000 [INFO] RSS returned 100 posts
2026-06-17T23:11:44+0000 [INFO] Scanner complete (Arctic Shift+RSS). 2 new posts collected, 1 media downloaded, 0 links verified.
2026-06-17T23:16:46+0000 [INFO] Scanner starting. Batch: 2026-06-17T23:16
2026-06-17T23:16:46+0000 [INFO] Running in dual-source mode (Arctic Shift + RSS)
2026-06-17T23:16:48+0000 [INFO] Arctic Shift returned 2 posts
2026-06-17T23:16:49+0000 [INFO] RSS returned 100 posts
2026-06-17T23:16:49+0000 [INFO] Scanner complete (Arctic Shift+RSS). 1 new posts collected, 2 media downloaded, 0 links verified.
2026-06-17T23:26:46+0000 [INFO] Scanner starting. Batch: 2026-06-17T23:26
2026-06-17T23:26:46+0000 [INFO] Running in dual-source mode (Arctic Shift + RSS)
2026-06-17T23:26:48+0000 [INFO] Arctic Shift returned 4 posts
2026-06-17T23:26:50+0000 [INFO] RSS returned 100 posts
2026-06-17T23:26:53+0000 [INFO] Scanner complete (Arctic Shift+RSS). 6 new posts collected, 5 media downloaded, 2 links verified.
2026-06-17T23:31:49+0000 [INFO] Scanner starting. Batch: 2026-06-17T23:31
2026-06-17T23:31:49+0000 [INFO] Running in dual-source mode (Arctic Shift + RSS)
2026-06-17T23:31:51+0000 [INFO] Arctic Shift returned 7 posts
2026-06-17T23:31:52+0000 [INFO] RSS returned 100 posts
2026-06-17T23:31:54+0000 [INFO] Scanner complete (Arctic Shift+RSS). 5 new posts collected, 2 media downloaded, 3 links verified.
2026-06-17T23:36:43+0000 [INFO] Scanner starting. Batch: 2026-06-17T23:36
2026-06-17T23:36:43+0000 [INFO] Running in dual-source mode (Arctic Shift + RSS)
2026-06-17T23:36:45+0000 [INFO] Arctic Shift returned 2 posts
2026-06-17T23:36:45+0000 [INFO] RSS returned 100 posts
2026-06-17T23:36:45+0000 [INFO] Scanner complete (Arctic Shift+RSS). 1 new posts collected, 0 media downloaded, 0 links verified.
2026-06-17T23:41:43+0000 [INFO] Scanner starting. Batch: 2026-06-17T23:41
2026-06-17T23:41:43+0000 [INFO] Running in dual-source mode (Arctic Shift + RSS)
2026-06-17T23:41:45+0000 [INFO] Arctic Shift returned 4 posts
2026-06-17T23:41:45+0000 [INFO] RSS returned 100 posts
2026-06-17T23:41:46+0000 [INFO] Scanner complete (Arctic Shift+RSS). 3 new posts collected, 1 media downloaded, 1 links verified.
2026-06-17T23:46:51+0000 [INFO] Scanner starting. Batch: 2026-06-17T23:46
2026-06-17T23:46:51+0000 [INFO] Running in dual-source mode (Arctic Shift + RSS)
2026-06-17T23:46:52+0000 [INFO] Arctic Shift returned 4 posts
2026-06-17T23:46:53+0000 [INFO] RSS returned 100 posts
2026-06-17T23:46:54+0000 [INFO] Scanner complete (Arctic Shift+RSS). 2 new posts collected, 1 media downloaded, 0 links verified.
2026-06-17T23:51:47+0000 [INFO] Scanner starting. Batch: 2026-06-17T23:51
2026-06-17T23:51:47+0000 [INFO] Running in dual-source mode (Arctic Shift + RSS)
2026-06-17T23:51:48+0000 [INFO] Arctic Shift returned 4 posts
2026-06-17T23:51:49+0000 [INFO] RSS returned 100 posts
2026-06-17T23:51:50+0000 [INFO] Scanner complete (Arctic Shift+RSS). 2 new posts collected, 0 media downloaded, 1 links verified.
