2026-06-13T19:02:02+0000 [INFO] Scanner starting. Batch: 2026-06-13T19:02
2026-06-13T19:02:02+0000 [INFO] Running in dual-source mode (Arctic Shift + RSS)
2026-06-13T19:02:03+0000 [INFO] Arctic Shift returned 3 posts
2026-06-13T19:02:04+0000 [INFO] RSS returned 100 posts
2026-06-13T19:02:05+0000 [INFO] Scanner complete (Arctic Shift+RSS). 3 new posts collected, 0 media downloaded, 3 links verified.
2026-06-13T19:06:50+0000 [INFO] Scanner starting. Batch: 2026-06-13T19:06
2026-06-13T19:06:50+0000 [INFO] Running in dual-source mode (Arctic Shift + RSS)
2026-06-13T19:06:52+0000 [INFO] Arctic Shift returned 4 posts
2026-06-13T19:06:53+0000 [INFO] RSS returned 100 posts
2026-06-13T19:06:54+0000 [INFO] Scanner complete (Arctic Shift+RSS). 4 new posts collected, 2 media downloaded, 1 links verified.
2026-06-13T19:11:53+0000 [INFO] Scanner starting. Batch: 2026-06-13T19:11
2026-06-13T19:11:53+0000 [INFO] Running in dual-source mode (Arctic Shift + RSS)
2026-06-13T19:11:55+0000 [INFO] Arctic Shift returned 3 posts
2026-06-13T19:11:55+0000 [INFO] RSS returned 100 posts
2026-06-13T19:11:56+0000 [INFO] Scanner complete (Arctic Shift+RSS). 3 new posts collected, 1 media downloaded, 1 links verified.
2026-06-13T19:16:55+0000 [INFO] Scanner starting. Batch: 2026-06-13T19:16
2026-06-13T19:16:55+0000 [INFO] Running in dual-source mode (Arctic Shift + RSS)
2026-06-13T19:16:56+0000 [INFO] Arctic Shift returned 2 posts
2026-06-13T19:16:57+0000 [INFO] RSS returned 100 posts
2026-06-13T19:16:57+0000 [INFO] Scanner complete (Arctic Shift+RSS). 2 new posts collected, 0 media downloaded, 1 links verified.
2026-06-13T19:21:55+0000 [INFO] Scanner starting. Batch: 2026-06-13T19:21
2026-06-13T19:21:55+0000 [INFO] Running in dual-source mode (Arctic Shift + RSS)
2026-06-13T19:21:56+0000 [INFO] Arctic Shift returned 5 posts
2026-06-13T19:21:57+0000 [INFO] RSS returned 100 posts
2026-06-13T19:22:00+0000 [INFO] Scanner complete (Arctic Shift+RSS). 4 new posts collected, 0 media downloaded, 4 links verified.
2026-06-13T19:26:52+0000 [INFO] Scanner starting. Batch: 2026-06-13T19:26
2026-06-13T19:26:52+0000 [INFO] Running in dual-source mode (Arctic Shift + RSS)
2026-06-13T19:26:54+0000 [INFO] Arctic Shift returned 5 posts
2026-06-13T19:26:55+0000 [INFO] RSS returned 100 posts
2026-06-13T19:26:55+0000 [INFO] Scanner complete (Arctic Shift+RSS). 1 new posts collected, 0 media downloaded, 0 links verified.
