2026-06-15T05:02:04+0000 [INFO] Scanner starting. Batch: 2026-06-15T05:02
2026-06-15T05:02:04+0000 [INFO] Running in dual-source mode (Arctic Shift + RSS)
2026-06-15T05:02:30+0000 [INFO] Arctic Shift returned 3 posts
2026-06-15T05:02:31+0000 [INFO] RSS returned 100 posts
2026-06-15T05:02:31+0000 [INFO] Scanner complete (Arctic Shift+RSS). 2 new posts collected, 0 media downloaded, 0 links verified.
2026-06-15T05:06:44+0000 [INFO] Scanner starting. Batch: 2026-06-15T05:06
2026-06-15T05:06:44+0000 [INFO] Running in dual-source mode (Arctic Shift + RSS)
2026-06-15T05:06:58+0000 [INFO] Arctic Shift returned 2 posts
2026-06-15T05:06:58+0000 [INFO] RSS returned 100 posts
2026-06-15T05:06:59+0000 [INFO] Scanner complete (Arctic Shift+RSS). 1 new posts collected, 2 media downloaded, 0 links verified.
2026-06-15T05:11:50+0000 [INFO] Scanner starting. Batch: 2026-06-15T05:11
2026-06-15T05:11:50+0000 [INFO] Running in dual-source mode (Arctic Shift + RSS)
2026-06-15T05:11:54+0000 [INFO] Arctic Shift returned 0 posts
2026-06-15T05:11:55+0000 [INFO] RSS returned 100 posts
2026-06-15T05:11:55+0000 [INFO] Scanner complete (Arctic Shift+RSS). 0 new posts collected, 0 media downloaded, 0 links verified.
2026-06-15T05:17:23+0000 [INFO] Scanner starting. Batch: 2026-06-15T05:17
2026-06-15T05:17:23+0000 [INFO] Running in dual-source mode (Arctic Shift + RSS)
2026-06-15T05:17:24+0000 [INFO] Arctic Shift returned 0 posts
2026-06-15T05:17:25+0000 [INFO] RSS returned 100 posts
2026-06-15T05:17:25+0000 [INFO] Scanner complete (Arctic Shift+RSS). 0 new posts collected, 0 media downloaded, 0 links verified.
2026-06-15T05:21:43+0000 [INFO] Scanner starting. Batch: 2026-06-15T05:21
2026-06-15T05:21:43+0000 [INFO] Running in dual-source mode (Arctic Shift + RSS)
2026-06-15T05:21:44+0000 [INFO] Arctic Shift returned 0 posts
2026-06-15T05:21:45+0000 [INFO] RSS returned 100 posts
2026-06-15T05:21:45+0000 [INFO] Scanner complete (Arctic Shift+RSS). 0 new posts collected, 0 media downloaded, 0 links verified.
2026-06-15T05:27:05+0000 [INFO] Scanner starting. Batch: 2026-06-15T05:27
2026-06-15T05:27:05+0000 [INFO] Running in dual-source mode (Arctic Shift + RSS)
2026-06-15T05:27:05+0000 [INFO] Arctic Shift returned 0 posts
2026-06-15T05:27:06+0000 [INFO] RSS returned 100 posts
2026-06-15T05:27:06+0000 [INFO] Scanner complete (Arctic Shift+RSS). 0 new posts collected, 0 media downloaded, 0 links verified.
2026-06-15T05:31:44+0000 [INFO] Scanner starting. Batch: 2026-06-15T05:31
2026-06-15T05:31:44+0000 [INFO] Running in dual-source mode (Arctic Shift + RSS)
2026-06-15T05:31:45+0000 [INFO] Arctic Shift returned 0 posts
2026-06-15T05:31:45+0000 [INFO] RSS returned 100 posts
2026-06-15T05:31:45+0000 [INFO] Scanner complete (Arctic Shift+RSS). 0 new posts collected, 0 media downloaded, 0 links verified.
2026-06-15T05:36:34+0000 [INFO] Scanner starting. Batch: 2026-06-15T05:36
2026-06-15T05:36:34+0000 [INFO] Running in dual-source mode (Arctic Shift + RSS)
2026-06-15T05:36:34+0000 [INFO] Arctic Shift returned 0 posts
2026-06-15T05:36:35+0000 [INFO] RSS returned 100 posts
2026-06-15T05:36:35+0000 [INFO] Scanner complete (Arctic Shift+RSS). 0 new posts collected, 0 media downloaded, 0 links verified.
2026-06-15T05:41:51+0000 [INFO] Scanner starting. Batch: 2026-06-15T05:41
2026-06-15T05:41:51+0000 [INFO] Running in dual-source mode (Arctic Shift + RSS)
2026-06-15T05:41:53+0000 [INFO] Arctic Shift returned 1 posts
2026-06-15T05:41:53+0000 [INFO] RSS returned 100 posts
2026-06-15T05:41:53+0000 [INFO] Scanner complete (Arctic Shift+RSS). 1 new posts collected, 0 media downloaded, 0 links verified.
2026-06-15T05:46:54+0000 [INFO] Scanner starting. Batch: 2026-06-15T05:46
2026-06-15T05:46:54+0000 [INFO] Running in dual-source mode (Arctic Shift + RSS)
2026-06-15T05:46:55+0000 [INFO] Arctic Shift returned 2 posts
2026-06-15T05:46:56+0000 [INFO] RSS returned 100 posts
2026-06-15T05:46:56+0000 [INFO] Scanner complete (Arctic Shift+RSS). 2 new posts collected, 0 media downloaded, 1 links verified.
