2026-06-19T16:03:56+0000 [INFO] Scanner starting. Batch: 2026-06-19T16:03
2026-06-19T16:03:56+0000 [INFO] Running in dual-source mode (Arctic Shift + RSS)
2026-06-19T16:03:57+0000 [INFO] Arctic Shift returned 2 posts
2026-06-19T16:03:58+0000 [INFO] RSS returned 100 posts
2026-06-19T16:03:58+0000 [INFO] Scanner complete (Arctic Shift+RSS). 2 new posts collected, 0 media downloaded, 0 links verified.
2026-06-19T16:09:22+0000 [INFO] Scanner starting. Batch: 2026-06-19T16:09
2026-06-19T16:09:22+0000 [INFO] Running in dual-source mode (Arctic Shift + RSS)
2026-06-19T16:09:23+0000 [INFO] Arctic Shift returned 1 posts
2026-06-19T16:09:24+0000 [INFO] RSS returned 100 posts
2026-06-19T16:09:24+0000 [INFO] Scanner complete (Arctic Shift+RSS). 1 new posts collected, 1 media downloaded, 0 links verified.
2026-06-19T16:14:02+0000 [INFO] Scanner starting. Batch: 2026-06-19T16:14
2026-06-19T16:14:02+0000 [INFO] Running in dual-source mode (Arctic Shift + RSS)
2026-06-19T16:14:04+0000 [INFO] Arctic Shift returned 1 posts
2026-06-19T16:14:05+0000 [INFO] RSS returned 100 posts
2026-06-19T16:14:06+0000 [INFO] Scanner complete (Arctic Shift+RSS). 1 new posts collected, 1 media downloaded, 0 links verified.
2026-06-19T16:19:07+0000 [INFO] Scanner starting. Batch: 2026-06-19T16:19
2026-06-19T16:19:07+0000 [INFO] Running in dual-source mode (Arctic Shift + RSS)
2026-06-19T16:19:09+0000 [INFO] Arctic Shift returned 2 posts
2026-06-19T16:19:10+0000 [INFO] RSS returned 100 posts
2026-06-19T16:19:11+0000 [INFO] Scanner complete (Arctic Shift+RSS). 2 new posts collected, 1 media downloaded, 1 links verified.
