2026-06-15T18:03:26+0000 [INFO] Scanner starting. Batch: 2026-06-15T18:03
2026-06-15T18:03:26+0000 [INFO] Running in dual-source mode (Arctic Shift + RSS)
2026-06-15T18:03:27+0000 [INFO] Arctic Shift returned 9 posts
2026-06-15T18:03:28+0000 [INFO] RSS returned 100 posts
2026-06-15T18:03:30+0000 [INFO] Scanner complete (Arctic Shift+RSS). 9 new posts collected, 6 media downloaded, 4 links verified.
2026-06-15T18:07:43+0000 [INFO] Scanner starting. Batch: 2026-06-15T18:07
2026-06-15T18:07:43+0000 [INFO] Running in dual-source mode (Arctic Shift + RSS)
2026-06-15T18:07:47+0000 [INFO] Arctic Shift returned 11 posts
2026-06-15T18:07:47+0000 [INFO] RSS returned 100 posts
2026-06-15T18:07:49+0000 [INFO] Scanner complete (Arctic Shift+RSS). 8 new posts collected, 10 media downloaded, 1 links verified.
2026-06-15T18:12:38+0000 [INFO] Scanner starting. Batch: 2026-06-15T18:12
2026-06-15T18:12:38+0000 [INFO] Running in dual-source mode (Arctic Shift + RSS)
2026-06-15T18:12:40+0000 [INFO] Arctic Shift returned 11 posts
2026-06-15T18:12:40+0000 [INFO] RSS returned 100 posts
2026-06-15T18:12:42+0000 [INFO] Scanner complete (Arctic Shift+RSS). 9 new posts collected, 4 media downloaded, 3 links verified.
2026-06-15T18:17:39+0000 [INFO] Scanner starting. Batch: 2026-06-15T18:17
2026-06-15T18:17:39+0000 [INFO] Running in dual-source mode (Arctic Shift + RSS)
2026-06-15T18:17:40+0000 [INFO] Arctic Shift returned 12 posts
2026-06-15T18:17:42+0000 [INFO] RSS returned 100 posts
2026-06-15T18:17:43+0000 [INFO] Scanner complete (Arctic Shift+RSS). 11 new posts collected, 6 media downloaded, 3 links verified.
2026-06-15T18:22:55+0000 [INFO] Scanner starting. Batch: 2026-06-15T18:22
2026-06-15T18:22:55+0000 [INFO] Running in dual-source mode (Arctic Shift + RSS)
2026-06-15T18:22:58+0000 [INFO] Arctic Shift returned 5 posts
2026-06-15T18:22:59+0000 [INFO] RSS returned 100 posts
2026-06-15T18:22:59+0000 [INFO] Scanner complete (Arctic Shift+RSS). 4 new posts collected, 3 media downloaded, 0 links verified.
2026-06-15T18:27:43+0000 [INFO] Scanner starting. Batch: 2026-06-15T18:27
2026-06-15T18:27:43+0000 [INFO] Running in dual-source mode (Arctic Shift + RSS)
2026-06-15T18:27:45+0000 [INFO] Arctic Shift returned 7 posts
2026-06-15T18:27:46+0000 [INFO] RSS returned 100 posts
2026-06-15T18:27:48+0000 [INFO] Scanner complete (Arctic Shift+RSS). 4 new posts collected, 2 media downloaded, 1 links verified.
