2026-06-15T09:02:04+0000 [INFO] Scanner starting. Batch: 2026-06-15T09:02
2026-06-15T09:02:04+0000 [INFO] Running in dual-source mode (Arctic Shift + RSS)
2026-06-15T09:02:06+0000 [INFO] Arctic Shift returned 1 posts
2026-06-15T09:02:06+0000 [INFO] RSS returned 100 posts
2026-06-15T09:02:06+0000 [INFO] Scanner complete (Arctic Shift+RSS). 0 new posts collected, 0 media downloaded, 0 links verified.
2026-06-15T09:07:29+0000 [INFO] Scanner starting. Batch: 2026-06-15T09:07
2026-06-15T09:07:29+0000 [INFO] Running in dual-source mode (Arctic Shift + RSS)
2026-06-15T09:07:31+0000 [INFO] Arctic Shift returned 1 posts
2026-06-15T09:07:32+0000 [INFO] RSS returned 100 posts
2026-06-15T09:07:33+0000 [INFO] Scanner complete (Arctic Shift+RSS). 1 new posts collected, 0 media downloaded, 1 links verified.
2026-06-15T09:12:16+0000 [INFO] Scanner starting. Batch: 2026-06-15T09:12
2026-06-15T09:12:16+0000 [INFO] Running in dual-source mode (Arctic Shift + RSS)
2026-06-15T09:12:18+0000 [INFO] Arctic Shift returned 2 posts
2026-06-15T09:12:19+0000 [INFO] RSS returned 100 posts
2026-06-15T09:12:19+0000 [INFO] Scanner complete (Arctic Shift+RSS). 1 new posts collected, 0 media downloaded, 1 links verified.
2026-06-15T09:17:04+0000 [INFO] Scanner starting. Batch: 2026-06-15T09:17
2026-06-15T09:17:04+0000 [INFO] Running in dual-source mode (Arctic Shift + RSS)
2026-06-15T09:17:06+0000 [INFO] Arctic Shift returned 2 posts
2026-06-15T09:17:07+0000 [INFO] RSS returned 100 posts
2026-06-15T09:17:07+0000 [INFO] Scanner complete (Arctic Shift+RSS). 1 new posts collected, 1 media downloaded, 0 links verified.
2026-06-15T09:22:22+0000 [INFO] Scanner starting. Batch: 2026-06-15T09:22
2026-06-15T09:22:22+0000 [INFO] Running in dual-source mode (Arctic Shift + RSS)
2026-06-15T09:22:23+0000 [INFO] Arctic Shift returned 2 posts
2026-06-15T09:22:24+0000 [INFO] RSS returned 100 posts
2026-06-15T09:22:25+0000 [INFO] Scanner complete (Arctic Shift+RSS). 2 new posts collected, 0 media downloaded, 2 links verified.
