2026-06-17T01:04:14+0000 [INFO] Scanner starting. Batch: 2026-06-17T01:04
2026-06-17T01:04:14+0000 [INFO] Running in dual-source mode (Arctic Shift + RSS)
2026-06-17T01:04:15+0000 [INFO] Arctic Shift returned 3 posts
2026-06-17T01:04:16+0000 [INFO] RSS returned 100 posts
2026-06-17T01:04:17+0000 [INFO] Scanner complete (Arctic Shift+RSS). 3 new posts collected, 4 media downloaded, 1 links verified.
2026-06-17T01:13:54+0000 [INFO] Scanner starting. Batch: 2026-06-17T01:13
2026-06-17T01:13:54+0000 [INFO] Running in dual-source mode (Arctic Shift + RSS)
2026-06-17T01:13:55+0000 [INFO] Arctic Shift returned 5 posts
2026-06-17T01:13:57+0000 [INFO] RSS returned 100 posts
2026-06-17T01:13:59+0000 [INFO] Scanner complete (Arctic Shift+RSS). 5 new posts collected, 1 media downloaded, 2 links verified.
2026-06-17T01:18:53+0000 [INFO] Scanner starting. Batch: 2026-06-17T01:18
2026-06-17T01:18:53+0000 [INFO] Running in dual-source mode (Arctic Shift + RSS)
2026-06-17T01:18:55+0000 [INFO] Arctic Shift returned 4 posts
2026-06-17T01:18:56+0000 [INFO] RSS returned 100 posts
2026-06-17T01:18:56+0000 [INFO] Scanner complete (Arctic Shift+RSS). 3 new posts collected, 0 media downloaded, 2 links verified.
2026-06-17T01:28:48+0000 [INFO] Scanner starting. Batch: 2026-06-17T01:28
2026-06-17T01:28:48+0000 [INFO] Running in dual-source mode (Arctic Shift + RSS)
2026-06-17T01:28:50+0000 [INFO] Arctic Shift returned 3 posts
2026-06-17T01:28:50+0000 [INFO] RSS returned 100 posts
2026-06-17T01:28:52+0000 [INFO] Scanner complete (Arctic Shift+RSS). 4 new posts collected, 1 media downloaded, 1 links verified.
2026-06-17T01:43:41+0000 [INFO] Scanner starting. Batch: 2026-06-17T01:43
2026-06-17T01:43:41+0000 [INFO] Running in dual-source mode (Arctic Shift + RSS)
2026-06-17T01:43:43+0000 [INFO] Arctic Shift returned 4 posts
2026-06-17T01:43:43+0000 [INFO] RSS returned 100 posts
2026-06-17T01:43:46+0000 [INFO] Scanner complete (Arctic Shift+RSS). 6 new posts collected, 3 media downloaded, 3 links verified.
2026-06-17T01:48:57+0000 [INFO] Scanner starting. Batch: 2026-06-17T01:48
2026-06-17T01:48:57+0000 [INFO] Running in dual-source mode (Arctic Shift + RSS)
2026-06-17T01:48:59+0000 [INFO] Arctic Shift returned 2 posts
2026-06-17T01:48:59+0000 [INFO] RSS returned 100 posts
2026-06-17T01:49:00+0000 [INFO] Scanner complete (Arctic Shift+RSS). 2 new posts collected, 4 media downloaded, 0 links verified.
