2026-06-18T03:02:36+0000 [INFO] Scanner starting. Batch: 2026-06-18T03:02
2026-06-18T03:02:36+0000 [INFO] Running in dual-source mode (Arctic Shift + RSS)
2026-06-18T03:02:37+0000 [INFO] Arctic Shift returned 5 posts
2026-06-18T03:02:38+0000 [INFO] RSS returned 100 posts
2026-06-18T03:02:40+0000 [INFO] Scanner complete (Arctic Shift+RSS). 4 new posts collected, 0 media downloaded, 3 links verified.
2026-06-18T03:07:34+0000 [INFO] Scanner starting. Batch: 2026-06-18T03:07
2026-06-18T03:07:34+0000 [INFO] Running in dual-source mode (Arctic Shift + RSS)
2026-06-18T03:07:36+0000 [INFO] Arctic Shift returned 4 posts
2026-06-18T03:07:36+0000 [INFO] RSS returned 100 posts
2026-06-18T03:07:37+0000 [INFO] Scanner complete (Arctic Shift+RSS). 2 new posts collected, 0 media downloaded, 0 links verified.
2026-06-18T03:12:33+0000 [INFO] Scanner starting. Batch: 2026-06-18T03:12
2026-06-18T03:12:33+0000 [INFO] Running in dual-source mode (Arctic Shift + RSS)
2026-06-18T03:12:34+0000 [INFO] Arctic Shift returned 0 posts
2026-06-18T03:12:34+0000 [INFO] RSS returned 100 posts
2026-06-18T03:12:34+0000 [INFO] Scanner complete (Arctic Shift+RSS). 0 new posts collected, 0 media downloaded, 0 links verified.
2026-06-18T03:18:45+0000 [INFO] Scanner starting. Batch: 2026-06-18T03:18
2026-06-18T03:18:45+0000 [INFO] Running in dual-source mode (Arctic Shift + RSS)
2026-06-18T03:18:46+0000 [INFO] Arctic Shift returned 0 posts
2026-06-18T03:18:47+0000 [INFO] RSS returned 100 posts
2026-06-18T03:18:47+0000 [INFO] Scanner complete (Arctic Shift+RSS). 0 new posts collected, 0 media downloaded, 0 links verified.
2026-06-18T03:22:28+0000 [INFO] Scanner starting. Batch: 2026-06-18T03:22
2026-06-18T03:22:28+0000 [INFO] Running in dual-source mode (Arctic Shift + RSS)
2026-06-18T03:22:29+0000 [INFO] Arctic Shift returned 3 posts
2026-06-18T03:22:30+0000 [INFO] RSS returned 100 posts
2026-06-18T03:22:31+0000 [INFO] Scanner complete (Arctic Shift+RSS). 3 new posts collected, 0 media downloaded, 3 links verified.
2026-06-18T03:27:04+0000 [INFO] Scanner starting. Batch: 2026-06-18T03:27
2026-06-18T03:27:04+0000 [INFO] Running in dual-source mode (Arctic Shift + RSS)
2026-06-18T03:27:05+0000 [INFO] Arctic Shift returned 5 posts
2026-06-18T03:27:06+0000 [INFO] RSS returned 100 posts
2026-06-18T03:27:06+0000 [INFO] Scanner complete (Arctic Shift+RSS). 2 new posts collected, 0 media downloaded, 1 links verified.
2026-06-18T03:32:06+0000 [INFO] Scanner starting. Batch: 2026-06-18T03:32
2026-06-18T03:32:06+0000 [INFO] Running in dual-source mode (Arctic Shift + RSS)
2026-06-18T03:32:11+0000 [INFO] Arctic Shift returned 3 posts
2026-06-18T03:32:12+0000 [INFO] RSS returned 100 posts
2026-06-18T03:32:12+0000 [INFO] Scanner complete (Arctic Shift+RSS). 2 new posts collected, 0 media downloaded, 1 links verified.
2026-06-18T03:37:34+0000 [INFO] Scanner starting. Batch: 2026-06-18T03:37
2026-06-18T03:37:34+0000 [INFO] Running in dual-source mode (Arctic Shift + RSS)
2026-06-18T03:37:35+0000 [INFO] Arctic Shift returned 1 posts
2026-06-18T03:37:36+0000 [INFO] RSS returned 100 posts
2026-06-18T03:37:36+0000 [INFO] Scanner complete (Arctic Shift+RSS). 1 new posts collected, 0 media downloaded, 0 links verified.
2026-06-18T03:42:58+0000 [INFO] Scanner starting. Batch: 2026-06-18T03:42
2026-06-18T03:42:58+0000 [INFO] Running in dual-source mode (Arctic Shift + RSS)
2026-06-18T03:42:59+0000 [INFO] Arctic Shift returned 1 posts
2026-06-18T03:43:00+0000 [INFO] RSS returned 100 posts
2026-06-18T03:43:00+0000 [INFO] Scanner complete (Arctic Shift+RSS). 1 new posts collected, 0 media downloaded, 1 links verified.
2026-06-18T03:47:05+0000 [INFO] Scanner starting. Batch: 2026-06-18T03:47
2026-06-18T03:47:05+0000 [INFO] Running in dual-source mode (Arctic Shift + RSS)
2026-06-18T03:47:07+0000 [INFO] Arctic Shift returned 4 posts
2026-06-18T03:47:07+0000 [INFO] RSS returned 100 posts
2026-06-18T03:47:08+0000 [INFO] Scanner complete (Arctic Shift+RSS). 3 new posts collected, 0 media downloaded, 3 links verified.
2026-06-18T03:52:20+0000 [INFO] Scanner starting. Batch: 2026-06-18T03:52
2026-06-18T03:52:20+0000 [INFO] Running in dual-source mode (Arctic Shift + RSS)
2026-06-18T03:52:22+0000 [INFO] Arctic Shift returned 6 posts
2026-06-18T03:52:23+0000 [INFO] RSS returned 100 posts
2026-06-18T03:52:25+0000 [INFO] Scanner complete (Arctic Shift+RSS). 6 new posts collected, 2 media downloaded, 3 links verified.
2026-06-18T03:56:56+0000 [INFO] Scanner starting. Batch: 2026-06-18T03:56
2026-06-18T03:56:56+0000 [INFO] Running in dual-source mode (Arctic Shift + RSS)
2026-06-18T03:56:57+0000 [INFO] Arctic Shift returned 6 posts
2026-06-18T03:56:58+0000 [INFO] RSS returned 100 posts
2026-06-18T03:56:59+0000 [INFO] Scanner complete (Arctic Shift+RSS). 4 new posts collected, 5 media downloaded, 1 links verified.
