2026-06-15T23:03:45+0000 [INFO] Scanner starting. Batch: 2026-06-15T23:03
2026-06-15T23:03:45+0000 [INFO] Running in dual-source mode (Arctic Shift + RSS)
2026-06-15T23:03:47+0000 [INFO] Arctic Shift returned 1 posts
2026-06-15T23:03:47+0000 [INFO] RSS returned 100 posts
2026-06-15T23:03:48+0000 [INFO] Scanner complete (Arctic Shift+RSS). 1 new posts collected, 0 media downloaded, 1 links verified.
2026-06-15T23:08:40+0000 [INFO] Scanner starting. Batch: 2026-06-15T23:08
2026-06-15T23:08:40+0000 [INFO] Running in dual-source mode (Arctic Shift + RSS)
2026-06-15T23:08:42+0000 [INFO] Arctic Shift returned 1 posts
2026-06-15T23:08:43+0000 [INFO] RSS returned 100 posts
2026-06-15T23:08:43+0000 [INFO] Scanner complete (Arctic Shift+RSS). 1 new posts collected, 1 media downloaded, 0 links verified.
2026-06-15T23:12:45+0000 [INFO] Scanner starting. Batch: 2026-06-15T23:12
2026-06-15T23:12:45+0000 [INFO] Running in dual-source mode (Arctic Shift + RSS)
2026-06-15T23:12:47+0000 [INFO] Arctic Shift returned 2 posts
2026-06-15T23:12:48+0000 [INFO] RSS returned 100 posts
2026-06-15T23:12:48+0000 [INFO] Scanner complete (Arctic Shift+RSS). 1 new posts collected, 0 media downloaded, 1 links verified.
2026-06-15T23:17:55+0000 [INFO] Scanner starting. Batch: 2026-06-15T23:17
2026-06-15T23:17:55+0000 [INFO] Running in dual-source mode (Arctic Shift + RSS)
2026-06-15T23:17:56+0000 [INFO] Arctic Shift returned 3 posts
2026-06-15T23:18:00+0000 [INFO] RSS returned 100 posts
2026-06-15T23:18:01+0000 [INFO] Scanner complete (Arctic Shift+RSS). 2 new posts collected, 1 media downloaded, 1 links verified.
2026-06-15T23:23:28+0000 [INFO] Scanner starting. Batch: 2026-06-15T23:23
2026-06-15T23:23:28+0000 [INFO] Running in dual-source mode (Arctic Shift + RSS)
2026-06-15T23:23:29+0000 [INFO] Arctic Shift returned 3 posts
2026-06-15T23:23:30+0000 [INFO] RSS returned 100 posts
2026-06-15T23:23:30+0000 [INFO] Scanner complete (Arctic Shift+RSS). 2 new posts collected, 0 media downloaded, 1 links verified.
2026-06-15T23:33:20+0000 [INFO] Scanner starting. Batch: 2026-06-15T23:33
2026-06-15T23:33:20+0000 [INFO] Running in dual-source mode (Arctic Shift + RSS)
2026-06-15T23:33:21+0000 [INFO] Arctic Shift returned 0 posts
2026-06-15T23:33:22+0000 [INFO] RSS returned 100 posts
2026-06-15T23:33:22+0000 [INFO] Scanner complete (Arctic Shift+RSS). 3 new posts collected, 0 media downloaded, 3 links verified.
