2026-06-14T09:01:44+0000 [INFO] Scanner starting. Batch: 2026-06-14T09:01
2026-06-14T09:01:44+0000 [INFO] Running in dual-source mode (Arctic Shift + RSS)
2026-06-14T09:01:44+0000 [INFO] Arctic Shift returned 0 posts
2026-06-14T09:01:46+0000 [INFO] RSS returned 100 posts
2026-06-14T09:01:46+0000 [INFO] Scanner complete (Arctic Shift+RSS). 0 new posts collected, 0 media downloaded, 0 links verified.
2026-06-14T09:06:25+0000 [INFO] Scanner starting. Batch: 2026-06-14T09:06
2026-06-14T09:06:25+0000 [INFO] Running in dual-source mode (Arctic Shift + RSS)
2026-06-14T09:06:27+0000 [INFO] Arctic Shift returned 1 posts
2026-06-14T09:06:28+0000 [INFO] RSS returned 100 posts
2026-06-14T09:06:28+0000 [INFO] Scanner complete (Arctic Shift+RSS). 1 new posts collected, 0 media downloaded, 0 links verified.
2026-06-14T09:11:36+0000 [INFO] Scanner starting. Batch: 2026-06-14T09:11
2026-06-14T09:11:36+0000 [INFO] Running in dual-source mode (Arctic Shift + RSS)
2026-06-14T09:11:38+0000 [INFO] Arctic Shift returned 1 posts
2026-06-14T09:11:39+0000 [INFO] RSS returned 100 posts
2026-06-14T09:11:39+0000 [INFO] Scanner complete (Arctic Shift+RSS). 1 new posts collected, 0 media downloaded, 0 links verified.
2026-06-14T09:16:39+0000 [INFO] Scanner starting. Batch: 2026-06-14T09:16
2026-06-14T09:16:39+0000 [INFO] Running in dual-source mode (Arctic Shift + RSS)
2026-06-14T09:16:41+0000 [INFO] Arctic Shift returned 4 posts
2026-06-14T09:16:42+0000 [INFO] RSS returned 100 posts
2026-06-14T09:16:42+0000 [INFO] Scanner complete (Arctic Shift+RSS). 3 new posts collected, 0 media downloaded, 1 links verified.
2026-06-14T09:21:34+0000 [INFO] Scanner starting. Batch: 2026-06-14T09:21
2026-06-14T09:21:34+0000 [INFO] Running in dual-source mode (Arctic Shift + RSS)
2026-06-14T09:21:35+0000 [INFO] Arctic Shift returned 3 posts
2026-06-14T09:21:36+0000 [INFO] RSS returned 100 posts
2026-06-14T09:21:38+0000 [INFO] Scanner complete (Arctic Shift+RSS). 2 new posts collected, 1 media downloaded, 0 links verified.
2026-06-14T09:26:23+0000 [INFO] Scanner starting. Batch: 2026-06-14T09:26
2026-06-14T09:26:23+0000 [INFO] Running in dual-source mode (Arctic Shift + RSS)
2026-06-14T09:26:24+0000 [INFO] Arctic Shift returned 5 posts
2026-06-14T09:26:25+0000 [INFO] RSS returned 100 posts
2026-06-14T09:26:25+0000 [INFO] Scanner complete (Arctic Shift+RSS). 3 new posts collected, 0 media downloaded, 1 links verified.
2026-06-14T09:31:39+0000 [INFO] Scanner starting. Batch: 2026-06-14T09:31
2026-06-14T09:31:39+0000 [INFO] Running in dual-source mode (Arctic Shift + RSS)
2026-06-14T09:31:41+0000 [INFO] Arctic Shift returned 3 posts
2026-06-14T09:31:43+0000 [INFO] RSS returned 100 posts
2026-06-14T09:31:43+0000 [INFO] Scanner complete (Arctic Shift+RSS). 2 new posts collected, 0 media downloaded, 1 links verified.
2026-06-14T09:36:31+0000 [INFO] Scanner starting. Batch: 2026-06-14T09:36
2026-06-14T09:36:31+0000 [INFO] Running in dual-source mode (Arctic Shift + RSS)
2026-06-14T09:36:32+0000 [INFO] Arctic Shift returned 1 posts
2026-06-14T09:36:33+0000 [INFO] RSS returned 100 posts
2026-06-14T09:36:33+0000 [INFO] Scanner complete (Arctic Shift+RSS). 0 new posts collected, 0 media downloaded, 0 links verified.
2026-06-14T09:41:38+0000 [INFO] Scanner starting. Batch: 2026-06-14T09:41
2026-06-14T09:41:38+0000 [INFO] Running in dual-source mode (Arctic Shift + RSS)
2026-06-14T09:41:39+0000 [INFO] Arctic Shift returned 1 posts
2026-06-14T09:41:40+0000 [INFO] RSS returned 100 posts
2026-06-14T09:41:40+0000 [INFO] Scanner complete (Arctic Shift+RSS). 1 new posts collected, 0 media downloaded, 0 links verified.
