2026-06-15T16:03:36+0000 [INFO] Scanner starting. Batch: 2026-06-15T16:03
2026-06-15T16:03:36+0000 [INFO] Running in dual-source mode (Arctic Shift + RSS)
2026-06-15T16:03:37+0000 [INFO] Arctic Shift returned 6 posts
2026-06-15T16:03:38+0000 [INFO] RSS returned 100 posts
2026-06-15T16:03:40+0000 [INFO] Scanner complete (Arctic Shift+RSS). 6 new posts collected, 5 media downloaded, 0 links verified.
2026-06-15T16:07:30+0000 [INFO] Scanner starting. Batch: 2026-06-15T16:07
2026-06-15T16:07:30+0000 [INFO] Running in dual-source mode (Arctic Shift + RSS)
2026-06-15T16:07:32+0000 [INFO] Arctic Shift returned 4 posts
2026-06-15T16:07:33+0000 [INFO] RSS returned 100 posts
2026-06-15T16:07:33+0000 [INFO] Scanner complete (Arctic Shift+RSS). 2 new posts collected, 0 media downloaded, 1 links verified.
2026-06-15T16:27:16+0000 [INFO] Scanner starting. Batch: 2026-06-15T16:27
2026-06-15T16:27:16+0000 [INFO] Running in dual-source mode (Arctic Shift + RSS)
2026-06-15T16:27:18+0000 [INFO] Arctic Shift returned 6 posts
2026-06-15T16:27:18+0000 [INFO] RSS returned 100 posts
2026-06-15T16:27:21+0000 [INFO] Scanner complete (Arctic Shift+RSS). 9 new posts collected, 4 media downloaded, 5 links verified.
2026-06-15T16:33:22+0000 [INFO] Scanner starting. Batch: 2026-06-15T16:33
2026-06-15T16:33:22+0000 [INFO] Running in dual-source mode (Arctic Shift + RSS)
2026-06-15T16:33:24+0000 [INFO] Arctic Shift returned 5 posts
2026-06-15T16:33:25+0000 [INFO] RSS returned 100 posts
2026-06-15T16:33:27+0000 [INFO] Scanner complete (Arctic Shift+RSS). 4 new posts collected, 3 media downloaded, 0 links verified.
2026-06-15T16:42:29+0000 [INFO] Scanner starting. Batch: 2026-06-15T16:42
2026-06-15T16:42:30+0000 [INFO] Running in dual-source mode (Arctic Shift + RSS)
2026-06-15T16:42:31+0000 [INFO] Arctic Shift returned 5 posts
2026-06-15T16:42:32+0000 [INFO] RSS returned 100 posts
2026-06-15T16:42:33+0000 [INFO] Scanner complete (Arctic Shift+RSS). 5 new posts collected, 2 media downloaded, 4 links verified.
2026-06-15T16:47:37+0000 [INFO] Scanner starting. Batch: 2026-06-15T16:47
2026-06-15T16:47:37+0000 [INFO] Running in dual-source mode (Arctic Shift + RSS)
2026-06-15T16:47:38+0000 [INFO] Arctic Shift returned 3 posts
2026-06-15T16:47:39+0000 [INFO] RSS returned 100 posts
2026-06-15T16:47:39+0000 [INFO] Scanner complete (Arctic Shift+RSS). 1 new posts collected, 0 media downloaded, 0 links verified.
