2026-06-20T22:14:22+0000 [INFO] Scanner starting. Batch: 2026-06-20T22:14
2026-06-20T22:14:22+0000 [INFO] Running in dual-source mode (Arctic Shift + RSS)
2026-06-20T22:14:24+0000 [INFO] Arctic Shift returned 3 posts
2026-06-20T22:14:25+0000 [INFO] RSS returned 100 posts
2026-06-20T22:14:28+0000 [INFO] Scanner complete (Arctic Shift+RSS). 8 new posts collected, 4 media downloaded, 4 links verified.
2026-06-20T22:19:15+0000 [INFO] Scanner starting. Batch: 2026-06-20T22:19
2026-06-20T22:19:15+0000 [INFO] Running in dual-source mode (Arctic Shift + RSS)
2026-06-20T22:19:17+0000 [INFO] Arctic Shift returned 8 posts
2026-06-20T22:19:18+0000 [INFO] RSS returned 100 posts
2026-06-20T22:19:19+0000 [INFO] Scanner complete (Arctic Shift+RSS). 7 new posts collected, 4 media downloaded, 3 links verified.
2026-06-20T22:24:18+0000 [INFO] Scanner starting. Batch: 2026-06-20T22:24
2026-06-20T22:24:18+0000 [INFO] Running in dual-source mode (Arctic Shift + RSS)
2026-06-20T22:24:22+0000 [INFO] Arctic Shift returned 4 posts
2026-06-20T22:24:22+0000 [INFO] RSS returned 100 posts
2026-06-20T22:24:23+0000 [INFO] Scanner complete (Arctic Shift+RSS). 2 new posts collected, 0 media downloaded, 1 links verified.
2026-06-20T22:39:16+0000 [INFO] Scanner starting. Batch: 2026-06-20T22:39
2026-06-20T22:39:16+0000 [INFO] Running in dual-source mode (Arctic Shift + RSS)
2026-06-20T22:39:18+0000 [INFO] Arctic Shift returned 1 posts
2026-06-20T22:39:18+0000 [INFO] RSS returned 100 posts
2026-06-20T22:39:19+0000 [INFO] Scanner complete (Arctic Shift+RSS). 4 new posts collected, 0 media downloaded, 3 links verified.
