2026-06-19T11:08:55+0000 [INFO] Scanner starting. Batch: 2026-06-19T11:08
2026-06-19T11:08:55+0000 [INFO] Running in dual-source mode (Arctic Shift + RSS)
2026-06-19T11:08:56+0000 [INFO] Arctic Shift returned 0 posts
2026-06-19T11:08:57+0000 [INFO] RSS returned 100 posts
2026-06-19T11:08:57+0000 [INFO] Scanner complete (Arctic Shift+RSS). 0 new posts collected, 0 media downloaded, 0 links verified.
2026-06-19T11:18:52+0000 [INFO] Scanner starting. Batch: 2026-06-19T11:18
2026-06-19T11:18:52+0000 [INFO] Running in dual-source mode (Arctic Shift + RSS)
2026-06-19T11:18:52+0000 [INFO] Arctic Shift returned 0 posts
2026-06-19T11:18:53+0000 [INFO] RSS returned 100 posts
2026-06-19T11:18:53+0000 [INFO] Scanner complete (Arctic Shift+RSS). 0 new posts collected, 0 media downloaded, 0 links verified.
2026-06-19T11:24:23+0000 [INFO] Scanner starting. Batch: 2026-06-19T11:24
2026-06-19T11:24:23+0000 [INFO] Running in dual-source mode (Arctic Shift + RSS)
2026-06-19T11:24:25+0000 [INFO] Arctic Shift returned 1 posts
2026-06-19T11:24:26+0000 [INFO] RSS returned 100 posts
2026-06-19T11:24:26+0000 [INFO] Scanner complete (Arctic Shift+RSS). 1 new posts collected, 0 media downloaded, 0 links verified.
2026-06-19T11:29:09+0000 [INFO] Scanner starting. Batch: 2026-06-19T11:29
2026-06-19T11:29:09+0000 [INFO] Running in dual-source mode (Arctic Shift + RSS)
2026-06-19T11:29:11+0000 [INFO] Arctic Shift returned 3 posts
2026-06-19T11:29:11+0000 [INFO] RSS returned 100 posts
2026-06-19T11:29:12+0000 [INFO] Scanner complete (Arctic Shift+RSS). 2 new posts collected, 0 media downloaded, 1 links verified.
