2026-06-14T23:01:30+0000 [INFO] Scanner starting. Batch: 2026-06-14T23:01
2026-06-14T23:01:30+0000 [INFO] Running in dual-source mode (Arctic Shift + RSS)
2026-06-14T23:01:32+0000 [INFO] Arctic Shift returned 1 posts
2026-06-14T23:01:32+0000 [INFO] RSS returned 100 posts
2026-06-14T23:01:33+0000 [INFO] Scanner complete (Arctic Shift+RSS). 1 new posts collected, 0 media downloaded, 1 links verified.
2026-06-14T23:06:20+0000 [INFO] Scanner starting. Batch: 2026-06-14T23:06
2026-06-14T23:06:20+0000 [INFO] Running in dual-source mode (Arctic Shift + RSS)
2026-06-14T23:06:22+0000 [INFO] Arctic Shift returned 5 posts
2026-06-14T23:06:23+0000 [INFO] RSS returned 100 posts
2026-06-14T23:06:23+0000 [INFO] Scanner complete (Arctic Shift+RSS). 5 new posts collected, 0 media downloaded, 4 links verified.
2026-06-14T23:11:25+0000 [INFO] Scanner starting. Batch: 2026-06-14T23:11
2026-06-14T23:11:25+0000 [INFO] Running in dual-source mode (Arctic Shift + RSS)
2026-06-14T23:11:26+0000 [INFO] Arctic Shift returned 6 posts
2026-06-14T23:11:27+0000 [INFO] RSS returned 100 posts
2026-06-14T23:11:28+0000 [INFO] Scanner complete (Arctic Shift+RSS). 4 new posts collected, 5 media downloaded, 2 links verified.
2026-06-14T23:16:28+0000 [INFO] Scanner starting. Batch: 2026-06-14T23:16
2026-06-14T23:16:28+0000 [INFO] Running in dual-source mode (Arctic Shift + RSS)
2026-06-14T23:16:29+0000 [INFO] Arctic Shift returned 4 posts
2026-06-14T23:16:30+0000 [INFO] RSS returned 100 posts
2026-06-14T23:16:31+0000 [INFO] Scanner complete (Arctic Shift+RSS). 3 new posts collected, 1 media downloaded, 2 links verified.
2026-06-14T23:21:38+0000 [INFO] Scanner starting. Batch: 2026-06-14T23:21
2026-06-14T23:21:38+0000 [INFO] Running in dual-source mode (Arctic Shift + RSS)
2026-06-14T23:21:39+0000 [INFO] Arctic Shift returned 2 posts
2026-06-14T23:21:40+0000 [INFO] RSS returned 100 posts
2026-06-14T23:21:41+0000 [INFO] Scanner complete (Arctic Shift+RSS). 0 new posts collected, 0 media downloaded, 0 links verified.
2026-06-14T23:26:34+0000 [INFO] Scanner starting. Batch: 2026-06-14T23:26
2026-06-14T23:26:34+0000 [INFO] Running in dual-source mode (Arctic Shift + RSS)
2026-06-14T23:26:36+0000 [INFO] Arctic Shift returned 1 posts
2026-06-14T23:26:36+0000 [INFO] RSS returned 100 posts
2026-06-14T23:26:36+0000 [INFO] Scanner complete (Arctic Shift+RSS). 1 new posts collected, 0 media downloaded, 1 links verified.
2026-06-14T23:31:29+0000 [INFO] Scanner starting. Batch: 2026-06-14T23:31
2026-06-14T23:31:29+0000 [INFO] Running in dual-source mode (Arctic Shift + RSS)
2026-06-14T23:31:31+0000 [INFO] Arctic Shift returned 7 posts
2026-06-14T23:31:31+0000 [INFO] RSS returned 100 posts
2026-06-14T23:31:33+0000 [INFO] Scanner complete (Arctic Shift+RSS). 7 new posts collected, 2 media downloaded, 4 links verified.
2026-06-14T23:36:30+0000 [INFO] Scanner starting. Batch: 2026-06-14T23:36
2026-06-14T23:36:30+0000 [INFO] Running in dual-source mode (Arctic Shift + RSS)
2026-06-14T23:36:31+0000 [INFO] Arctic Shift returned 6 posts
2026-06-14T23:36:32+0000 [INFO] RSS returned 100 posts
2026-06-14T23:36:32+0000 [INFO] Scanner complete (Arctic Shift+RSS). 2 new posts collected, 0 media downloaded, 1 links verified.
2026-06-14T23:41:35+0000 [INFO] Scanner starting. Batch: 2026-06-14T23:41
2026-06-14T23:41:35+0000 [INFO] Running in dual-source mode (Arctic Shift + RSS)
2026-06-14T23:41:36+0000 [INFO] Arctic Shift returned 0 posts
2026-06-14T23:41:37+0000 [INFO] RSS returned 100 posts
2026-06-14T23:41:37+0000 [INFO] Scanner complete (Arctic Shift+RSS). 0 new posts collected, 0 media downloaded, 0 links verified.
2026-06-14T23:46:36+0000 [INFO] Scanner starting. Batch: 2026-06-14T23:46
2026-06-14T23:46:36+0000 [INFO] Running in dual-source mode (Arctic Shift + RSS)
2026-06-14T23:46:36+0000 [INFO] Arctic Shift returned 0 posts
2026-06-14T23:46:37+0000 [INFO] RSS returned 100 posts
2026-06-14T23:46:37+0000 [INFO] Scanner complete (Arctic Shift+RSS). 0 new posts collected, 0 media downloaded, 0 links verified.
