2026-06-18T21:04:05+0000 [INFO] Scanner starting. Batch: 2026-06-18T21:04
2026-06-18T21:04:05+0000 [INFO] Running in dual-source mode (Arctic Shift + RSS)
2026-06-18T21:04:07+0000 [INFO] Arctic Shift returned 1 posts
2026-06-18T21:04:08+0000 [INFO] RSS returned 100 posts
2026-06-18T21:04:08+0000 [INFO] Scanner complete (Arctic Shift+RSS). 0 new posts collected, 0 media downloaded, 0 links verified.
2026-06-18T21:08:52+0000 [INFO] Scanner starting. Batch: 2026-06-18T21:08
2026-06-18T21:08:52+0000 [INFO] Running in dual-source mode (Arctic Shift + RSS)
2026-06-18T21:08:53+0000 [INFO] Arctic Shift returned 3 posts
2026-06-18T21:08:54+0000 [INFO] RSS returned 100 posts
2026-06-18T21:08:55+0000 [INFO] Scanner complete (Arctic Shift+RSS). 3 new posts collected, 0 media downloaded, 1 links verified.
2026-06-18T21:13:41+0000 [INFO] Scanner starting. Batch: 2026-06-18T21:13
2026-06-18T21:13:41+0000 [INFO] Running in dual-source mode (Arctic Shift + RSS)
2026-06-18T21:13:42+0000 [INFO] Arctic Shift returned 3 posts
2026-06-18T21:13:44+0000 [INFO] RSS returned 100 posts
2026-06-18T21:13:44+0000 [INFO] Scanner complete (Arctic Shift+RSS). 2 new posts collected, 0 media downloaded, 0 links verified.
2026-06-18T21:23:13+0000 [INFO] Scanner starting. Batch: 2026-06-18T21:23
2026-06-18T21:23:13+0000 [INFO] Running in dual-source mode (Arctic Shift + RSS)
2026-06-18T21:23:14+0000 [INFO] Arctic Shift returned 4 posts
2026-06-18T21:23:15+0000 [INFO] RSS returned 100 posts
2026-06-18T21:23:16+0000 [INFO] Scanner complete (Arctic Shift+RSS). 5 new posts collected, 1 media downloaded, 2 links verified.
2026-06-18T21:28:55+0000 [INFO] Scanner starting. Batch: 2026-06-18T21:28
2026-06-18T21:28:55+0000 [INFO] Running in dual-source mode (Arctic Shift + RSS)
2026-06-18T21:28:57+0000 [INFO] Arctic Shift returned 6 posts
2026-06-18T21:28:58+0000 [INFO] RSS returned 100 posts
2026-06-18T21:29:00+0000 [INFO] Scanner complete (Arctic Shift+RSS). 5 new posts collected, 2 media downloaded, 3 links verified.
2026-06-18T21:33:34+0000 [INFO] Scanner starting. Batch: 2026-06-18T21:33
2026-06-18T21:33:34+0000 [INFO] Running in dual-source mode (Arctic Shift + RSS)
2026-06-18T21:33:35+0000 [INFO] Arctic Shift returned 3 posts
2026-06-18T21:33:36+0000 [INFO] RSS returned 100 posts
2026-06-18T21:33:36+0000 [INFO] Scanner complete (Arctic Shift+RSS). 2 new posts collected, 0 media downloaded, 1 links verified.
2026-06-18T21:38:17+0000 [INFO] Scanner starting. Batch: 2026-06-18T21:38
2026-06-18T21:38:17+0000 [INFO] Running in dual-source mode (Arctic Shift + RSS)
2026-06-18T21:38:18+0000 [INFO] Arctic Shift returned 5 posts
2026-06-18T21:38:19+0000 [INFO] RSS returned 100 posts
2026-06-18T21:38:20+0000 [INFO] Scanner complete (Arctic Shift+RSS). 4 new posts collected, 0 media downloaded, 3 links verified.
2026-06-18T21:48:06+0000 [INFO] Scanner starting. Batch: 2026-06-18T21:48
2026-06-18T21:48:06+0000 [INFO] Running in dual-source mode (Arctic Shift + RSS)
2026-06-18T21:48:07+0000 [INFO] Arctic Shift returned 0 posts
2026-06-18T21:48:07+0000 [INFO] RSS returned 100 posts
2026-06-18T21:48:07+0000 [INFO] Scanner complete (Arctic Shift+RSS). 0 new posts collected, 0 media downloaded, 0 links verified.
2026-06-18T21:53:33+0000 [INFO] Scanner starting. Batch: 2026-06-18T21:53
2026-06-18T21:53:33+0000 [INFO] Running in dual-source mode (Arctic Shift + RSS)
2026-06-18T21:53:35+0000 [INFO] Arctic Shift returned 3 posts
2026-06-18T21:53:36+0000 [INFO] RSS returned 100 posts
2026-06-18T21:53:36+0000 [INFO] Scanner complete (Arctic Shift+RSS). 3 new posts collected, 4 media downloaded, 0 links verified.
2026-06-18T21:58:19+0000 [INFO] Scanner starting. Batch: 2026-06-18T21:58
2026-06-18T21:58:19+0000 [INFO] Running in dual-source mode (Arctic Shift + RSS)
2026-06-18T21:58:21+0000 [INFO] Arctic Shift returned 6 posts
2026-06-18T21:58:22+0000 [INFO] RSS returned 100 posts
2026-06-18T21:58:22+0000 [INFO] Scanner complete (Arctic Shift+RSS). 5 new posts collected, 4 media downloaded, 0 links verified.
