2026-06-17T06:04:08+0000 [INFO] Scanner starting. Batch: 2026-06-17T06:04
2026-06-17T06:04:08+0000 [INFO] Running in dual-source mode (Arctic Shift + RSS)
2026-06-17T06:04:08+0000 [INFO] Arctic Shift returned 0 posts
2026-06-17T06:04:09+0000 [INFO] RSS returned 100 posts
2026-06-17T06:04:09+0000 [INFO] Scanner complete (Arctic Shift+RSS). 0 new posts collected, 0 media downloaded, 0 links verified.
2026-06-17T06:09:11+0000 [INFO] Scanner starting. Batch: 2026-06-17T06:09
2026-06-17T06:09:11+0000 [INFO] Running in dual-source mode (Arctic Shift + RSS)
2026-06-17T06:09:12+0000 [INFO] Arctic Shift returned 2 posts
2026-06-17T06:09:13+0000 [INFO] RSS returned 100 posts
2026-06-17T06:09:13+0000 [INFO] Scanner complete (Arctic Shift+RSS). 2 new posts collected, 1 media downloaded, 0 links verified.
2026-06-17T06:13:59+0000 [INFO] Scanner starting. Batch: 2026-06-17T06:13
2026-06-17T06:13:59+0000 [INFO] Running in dual-source mode (Arctic Shift + RSS)
2026-06-17T06:14:00+0000 [INFO] Arctic Shift returned 3 posts
2026-06-17T06:14:01+0000 [INFO] RSS returned 100 posts
2026-06-17T06:14:02+0000 [INFO] Scanner complete (Arctic Shift+RSS). 3 new posts collected, 1 media downloaded, 0 links verified.
2026-06-17T06:29:07+0000 [INFO] Scanner starting. Batch: 2026-06-17T06:29
2026-06-17T06:29:07+0000 [INFO] Running in dual-source mode (Arctic Shift + RSS)
2026-06-17T06:29:09+0000 [INFO] Arctic Shift returned 1 posts
2026-06-17T06:29:09+0000 [INFO] RSS returned 100 posts
2026-06-17T06:29:10+0000 [INFO] Scanner complete (Arctic Shift+RSS). 2 new posts collected, 0 media downloaded, 1 links verified.
2026-06-17T06:34:02+0000 [INFO] Scanner starting. Batch: 2026-06-17T06:34
2026-06-17T06:34:02+0000 [INFO] Running in dual-source mode (Arctic Shift + RSS)
2026-06-17T06:34:04+0000 [INFO] Arctic Shift returned 3 posts
2026-06-17T06:34:05+0000 [INFO] RSS returned 100 posts
2026-06-17T06:34:06+0000 [INFO] Scanner complete (Arctic Shift+RSS). 3 new posts collected, 2 media downloaded, 2 links verified.
2026-06-17T06:44:10+0000 [INFO] Scanner starting. Batch: 2026-06-17T06:44
2026-06-17T06:44:10+0000 [INFO] Running in dual-source mode (Arctic Shift + RSS)
2026-06-17T06:44:11+0000 [INFO] Arctic Shift returned 1 posts
2026-06-17T06:44:12+0000 [INFO] RSS returned 100 posts
2026-06-17T06:44:12+0000 [INFO] Scanner complete (Arctic Shift+RSS). 1 new posts collected, 2 media downloaded, 0 links verified.
2026-06-17T06:54:09+0000 [INFO] Scanner starting. Batch: 2026-06-17T06:54
2026-06-17T06:54:09+0000 [INFO] Running in dual-source mode (Arctic Shift + RSS)
2026-06-17T06:54:11+0000 [INFO] Arctic Shift returned 2 posts
2026-06-17T06:54:11+0000 [INFO] RSS returned 100 posts
2026-06-17T06:54:11+0000 [INFO] Scanner complete (Arctic Shift+RSS). 2 new posts collected, 0 media downloaded, 1 links verified.
