2026-06-14T06:01:39+0000 [INFO] Scanner starting. Batch: 2026-06-14T06:01
2026-06-14T06:01:39+0000 [INFO] Running in dual-source mode (Arctic Shift + RSS)
2026-06-14T06:01:41+0000 [INFO] Arctic Shift returned 6 posts
2026-06-14T06:01:42+0000 [INFO] RSS returned 100 posts
2026-06-14T06:01:43+0000 [INFO] Scanner complete (Arctic Shift+RSS). 5 new posts collected, 3 media downloaded, 1 links verified.
2026-06-14T06:06:30+0000 [INFO] Scanner starting. Batch: 2026-06-14T06:06
2026-06-14T06:06:30+0000 [INFO] Running in dual-source mode (Arctic Shift + RSS)
2026-06-14T06:06:31+0000 [INFO] Arctic Shift returned 0 posts
2026-06-14T06:06:32+0000 [INFO] RSS returned 100 posts
2026-06-14T06:06:32+0000 [INFO] Scanner complete (Arctic Shift+RSS). 0 new posts collected, 0 media downloaded, 0 links verified.
2026-06-14T06:11:23+0000 [INFO] Scanner starting. Batch: 2026-06-14T06:11
2026-06-14T06:11:23+0000 [INFO] Running in dual-source mode (Arctic Shift + RSS)
2026-06-14T06:11:24+0000 [INFO] Arctic Shift returned 4 posts
2026-06-14T06:11:25+0000 [INFO] RSS returned 100 posts
2026-06-14T06:11:26+0000 [INFO] Scanner complete (Arctic Shift+RSS). 4 new posts collected, 4 media downloaded, 1 links verified.
2026-06-14T06:16:23+0000 [INFO] Scanner starting. Batch: 2026-06-14T06:16
2026-06-14T06:16:23+0000 [INFO] Running in dual-source mode (Arctic Shift + RSS)
2026-06-14T06:16:24+0000 [INFO] Arctic Shift returned 4 posts
2026-06-14T06:16:25+0000 [INFO] RSS returned 100 posts
2026-06-14T06:16:25+0000 [INFO] Scanner complete (Arctic Shift+RSS). 4 new posts collected, 2 media downloaded, 1 links verified.
2026-06-14T06:21:25+0000 [INFO] Scanner starting. Batch: 2026-06-14T06:21
2026-06-14T06:21:25+0000 [INFO] Running in dual-source mode (Arctic Shift + RSS)
2026-06-14T06:21:27+0000 [INFO] Arctic Shift returned 4 posts
2026-06-14T06:21:28+0000 [INFO] RSS returned 100 posts
2026-06-14T06:21:30+0000 [INFO] Scanner complete (Arctic Shift+RSS). 2 new posts collected, 2 media downloaded, 1 links verified.
2026-06-14T06:26:23+0000 [INFO] Scanner starting. Batch: 2026-06-14T06:26
2026-06-14T06:26:23+0000 [INFO] Running in dual-source mode (Arctic Shift + RSS)
2026-06-14T06:26:24+0000 [INFO] Arctic Shift returned 4 posts
2026-06-14T06:26:25+0000 [INFO] RSS returned 100 posts
2026-06-14T06:26:26+0000 [INFO] Scanner complete (Arctic Shift+RSS). 2 new posts collected, 2 media downloaded, 1 links verified.
