2026-06-14T16:02:20+0000 [INFO] Scanner starting. Batch: 2026-06-14T16:02
2026-06-14T16:02:20+0000 [INFO] Running in dual-source mode (Arctic Shift + RSS)
2026-06-14T16:02:21+0000 [INFO] Arctic Shift returned 1 posts
2026-06-14T16:02:22+0000 [INFO] RSS returned 100 posts
2026-06-14T16:02:23+0000 [INFO] Scanner complete (Arctic Shift+RSS). 1 new posts collected, 2 media downloaded, 0 links verified.
2026-06-14T16:07:29+0000 [INFO] Scanner starting. Batch: 2026-06-14T16:07
2026-06-14T16:07:29+0000 [INFO] Running in dual-source mode (Arctic Shift + RSS)
2026-06-14T16:07:29+0000 [INFO] Arctic Shift returned 0 posts
2026-06-14T16:07:30+0000 [INFO] RSS returned 100 posts
2026-06-14T16:07:30+0000 [INFO] Scanner complete (Arctic Shift+RSS). 0 new posts collected, 0 media downloaded, 0 links verified.
2026-06-14T16:12:11+0000 [INFO] Scanner starting. Batch: 2026-06-14T16:12
2026-06-14T16:12:11+0000 [INFO] Running in dual-source mode (Arctic Shift + RSS)
2026-06-14T16:12:13+0000 [INFO] Arctic Shift returned 4 posts
2026-06-14T16:12:14+0000 [INFO] RSS returned 100 posts
2026-06-14T16:12:15+0000 [INFO] Scanner complete (Arctic Shift+RSS). 4 new posts collected, 0 media downloaded, 1 links verified.
2026-06-14T16:17:09+0000 [INFO] Scanner starting. Batch: 2026-06-14T16:17
2026-06-14T16:17:09+0000 [INFO] Running in dual-source mode (Arctic Shift + RSS)
2026-06-14T16:17:11+0000 [INFO] Arctic Shift returned 3 posts
2026-06-14T16:17:12+0000 [INFO] RSS returned 100 posts
2026-06-14T16:17:12+0000 [INFO] Scanner complete (Arctic Shift+RSS). 2 new posts collected, 1 media downloaded, 1 links verified.
2026-06-14T16:21:54+0000 [INFO] Scanner starting. Batch: 2026-06-14T16:21
2026-06-14T16:21:54+0000 [INFO] Running in dual-source mode (Arctic Shift + RSS)
2026-06-14T16:21:57+0000 [INFO] Arctic Shift returned 5 posts
2026-06-14T16:21:58+0000 [INFO] RSS returned 100 posts
2026-06-14T16:21:59+0000 [INFO] Scanner complete (Arctic Shift+RSS). 4 new posts collected, 3 media downloaded, 1 links verified.
