2026-06-14T10:01:49+0000 [INFO] Scanner starting. Batch: 2026-06-14T10:01
2026-06-14T10:01:49+0000 [INFO] Running in dual-source mode (Arctic Shift + RSS)
2026-06-14T10:01:51+0000 [INFO] Arctic Shift returned 1 posts
2026-06-14T10:01:52+0000 [INFO] RSS returned 100 posts
2026-06-14T10:01:53+0000 [INFO] Scanner complete (Arctic Shift+RSS). 1 new posts collected, 2 media downloaded, 0 links verified.
2026-06-14T10:06:27+0000 [INFO] Scanner starting. Batch: 2026-06-14T10:06
2026-06-14T10:06:27+0000 [INFO] Running in dual-source mode (Arctic Shift + RSS)
2026-06-14T10:06:29+0000 [INFO] Arctic Shift returned 3 posts
2026-06-14T10:06:31+0000 [INFO] RSS returned 100 posts
2026-06-14T10:06:31+0000 [INFO] Scanner complete (Arctic Shift+RSS). 2 new posts collected, 0 media downloaded, 1 links verified.
2026-06-14T10:11:31+0000 [INFO] Scanner starting. Batch: 2026-06-14T10:11
2026-06-14T10:11:31+0000 [INFO] Running in dual-source mode (Arctic Shift + RSS)
2026-06-14T10:11:33+0000 [INFO] Arctic Shift returned 5 posts
2026-06-14T10:11:34+0000 [INFO] RSS returned 100 posts
2026-06-14T10:11:35+0000 [INFO] Scanner complete (Arctic Shift+RSS). 4 new posts collected, 2 media downloaded, 0 links verified.
2026-06-14T10:16:37+0000 [INFO] Scanner starting. Batch: 2026-06-14T10:16
2026-06-14T10:16:37+0000 [INFO] Running in dual-source mode (Arctic Shift + RSS)
2026-06-14T10:16:38+0000 [INFO] Arctic Shift returned 2 posts
2026-06-14T10:16:39+0000 [INFO] RSS returned 100 posts
2026-06-14T10:16:40+0000 [INFO] Scanner complete (Arctic Shift+RSS). 1 new posts collected, 0 media downloaded, 1 links verified.
2026-06-14T10:21:30+0000 [INFO] Scanner starting. Batch: 2026-06-14T10:21
2026-06-14T10:21:30+0000 [INFO] Running in dual-source mode (Arctic Shift + RSS)
2026-06-14T10:21:31+0000 [INFO] Arctic Shift returned 2 posts
2026-06-14T10:21:32+0000 [INFO] RSS returned 100 posts
2026-06-14T10:21:33+0000 [INFO] Scanner complete (Arctic Shift+RSS). 2 new posts collected, 2 media downloaded, 0 links verified.
2026-06-14T10:26:37+0000 [INFO] Scanner starting. Batch: 2026-06-14T10:26
2026-06-14T10:26:37+0000 [INFO] Running in dual-source mode (Arctic Shift + RSS)
2026-06-14T10:26:38+0000 [INFO] Arctic Shift returned 2 posts
2026-06-14T10:26:39+0000 [INFO] RSS returned 100 posts
2026-06-14T10:26:39+0000 [INFO] Scanner complete (Arctic Shift+RSS). 1 new posts collected, 0 media downloaded, 0 links verified.
2026-06-14T10:31:32+0000 [INFO] Scanner starting. Batch: 2026-06-14T10:31
2026-06-14T10:31:32+0000 [INFO] Running in dual-source mode (Arctic Shift + RSS)
2026-06-14T10:31:33+0000 [INFO] Arctic Shift returned 1 posts
2026-06-14T10:31:34+0000 [INFO] RSS returned 100 posts
2026-06-14T10:31:34+0000 [INFO] Scanner complete (Arctic Shift+RSS). 0 new posts collected, 0 media downloaded, 0 links verified.
2026-06-14T10:36:41+0000 [INFO] Scanner starting. Batch: 2026-06-14T10:36
2026-06-14T10:36:41+0000 [INFO] Running in dual-source mode (Arctic Shift + RSS)
2026-06-14T10:36:43+0000 [INFO] Arctic Shift returned 1 posts
2026-06-14T10:36:44+0000 [INFO] RSS returned 100 posts
2026-06-14T10:36:44+0000 [INFO] Scanner complete (Arctic Shift+RSS). 1 new posts collected, 0 media downloaded, 0 links verified.
2026-06-14T10:41:33+0000 [INFO] Scanner starting. Batch: 2026-06-14T10:41
2026-06-14T10:41:33+0000 [INFO] Running in dual-source mode (Arctic Shift + RSS)
2026-06-14T10:41:34+0000 [INFO] Arctic Shift returned 5 posts
2026-06-14T10:41:35+0000 [INFO] RSS returned 100 posts
2026-06-14T10:41:36+0000 [INFO] Scanner complete (Arctic Shift+RSS). 4 new posts collected, 0 media downloaded, 1 links verified.
2026-06-14T10:46:41+0000 [INFO] Scanner starting. Batch: 2026-06-14T10:46
2026-06-14T10:46:41+0000 [INFO] Running in dual-source mode (Arctic Shift + RSS)
2026-06-14T10:46:43+0000 [INFO] Arctic Shift returned 6 posts
2026-06-14T10:46:44+0000 [INFO] RSS returned 100 posts
2026-06-14T10:46:45+0000 [INFO] Scanner complete (Arctic Shift+RSS). 4 new posts collected, 4 media downloaded, 1 links verified.
2026-06-14T10:51:43+0000 [INFO] Scanner starting. Batch: 2026-06-14T10:51
2026-06-14T10:51:43+0000 [INFO] Running in dual-source mode (Arctic Shift + RSS)
2026-06-14T10:51:45+0000 [INFO] Arctic Shift returned 1 posts
2026-06-14T10:51:46+0000 [INFO] RSS returned 100 posts
2026-06-14T10:51:46+0000 [INFO] Scanner complete (Arctic Shift+RSS). 0 new posts collected, 0 media downloaded, 0 links verified.
