2026-06-20T09:09:15+0000 [INFO] Scanner starting. Batch: 2026-06-20T09:09
2026-06-20T09:09:15+0000 [INFO] Running in dual-source mode (Arctic Shift + RSS)
2026-06-20T09:09:17+0000 [INFO] Arctic Shift returned 2 posts
2026-06-20T09:09:17+0000 [INFO] RSS returned 100 posts
2026-06-20T09:09:18+0000 [INFO] Scanner complete (Arctic Shift+RSS). 2 new posts collected, 1 media downloaded, 1 links verified.
2026-06-20T09:24:19+0000 [INFO] Scanner starting. Batch: 2026-06-20T09:24
2026-06-20T09:24:19+0000 [INFO] Running in dual-source mode (Arctic Shift + RSS)
2026-06-20T09:24:21+0000 [INFO] Arctic Shift returned 2 posts
2026-06-20T09:24:21+0000 [INFO] RSS returned 100 posts
2026-06-20T09:24:22+0000 [INFO] Scanner complete (Arctic Shift+RSS). 3 new posts collected, 3 media downloaded, 1 links verified.
2026-06-20T09:39:18+0000 [INFO] Scanner starting. Batch: 2026-06-20T09:39
2026-06-20T09:39:18+0000 [INFO] Running in dual-source mode (Arctic Shift + RSS)
2026-06-20T09:39:18+0000 [INFO] Arctic Shift returned 0 posts
2026-06-20T09:39:19+0000 [INFO] RSS returned 100 posts
2026-06-20T09:39:19+0000 [INFO] Scanner complete (Arctic Shift+RSS). 1 new posts collected, 0 media downloaded, 0 links verified.
2026-06-20T09:49:21+0000 [INFO] Scanner starting. Batch: 2026-06-20T09:49
2026-06-20T09:49:21+0000 [INFO] Running in dual-source mode (Arctic Shift + RSS)
2026-06-20T09:49:21+0000 [INFO] Arctic Shift returned 0 posts
2026-06-20T09:49:22+0000 [INFO] RSS returned 100 posts
2026-06-20T09:49:22+0000 [INFO] Scanner complete (Arctic Shift+RSS). 0 new posts collected, 0 media downloaded, 0 links verified.
2026-06-20T09:54:17+0000 [INFO] Scanner starting. Batch: 2026-06-20T09:54
2026-06-20T09:54:17+0000 [INFO] Running in dual-source mode (Arctic Shift + RSS)
2026-06-20T09:54:18+0000 [INFO] Arctic Shift returned 0 posts
2026-06-20T09:54:18+0000 [INFO] RSS returned 100 posts
2026-06-20T09:54:18+0000 [INFO] Scanner complete (Arctic Shift+RSS). 0 new posts collected, 0 media downloaded, 0 links verified.
