2026-06-14T22:01:24+0000 [INFO] Scanner starting. Batch: 2026-06-14T22:01
2026-06-14T22:01:24+0000 [INFO] Running in dual-source mode (Arctic Shift + RSS)
2026-06-14T22:01:26+0000 [INFO] Arctic Shift returned 1 posts
2026-06-14T22:01:27+0000 [INFO] RSS returned 100 posts
2026-06-14T22:01:27+0000 [INFO] Scanner complete (Arctic Shift+RSS). 1 new posts collected, 0 media downloaded, 0 links verified.
2026-06-14T22:06:24+0000 [INFO] Scanner starting. Batch: 2026-06-14T22:06
2026-06-14T22:06:24+0000 [INFO] Running in dual-source mode (Arctic Shift + RSS)
2026-06-14T22:06:27+0000 [INFO] Arctic Shift returned 0 posts
2026-06-14T22:06:27+0000 [INFO] RSS returned 100 posts
2026-06-14T22:06:27+0000 [INFO] Scanner complete (Arctic Shift+RSS). 0 new posts collected, 0 media downloaded, 0 links verified.
2026-06-14T22:11:11+0000 [INFO] Scanner starting. Batch: 2026-06-14T22:11
2026-06-14T22:11:11+0000 [INFO] Running in dual-source mode (Arctic Shift + RSS)
2026-06-14T22:11:12+0000 [INFO] Arctic Shift returned 2 posts
2026-06-14T22:11:13+0000 [INFO] RSS returned 100 posts
2026-06-14T22:11:14+0000 [INFO] Scanner complete (Arctic Shift+RSS). 2 new posts collected, 1 media downloaded, 0 links verified.
2026-06-14T22:16:21+0000 [INFO] Scanner starting. Batch: 2026-06-14T22:16
2026-06-14T22:16:21+0000 [INFO] Running in dual-source mode (Arctic Shift + RSS)
2026-06-14T22:16:22+0000 [INFO] Arctic Shift returned 4 posts
2026-06-14T22:16:23+0000 [INFO] RSS returned 100 posts
2026-06-14T22:16:24+0000 [INFO] Scanner complete (Arctic Shift+RSS). 3 new posts collected, 1 media downloaded, 1 links verified.
2026-06-14T22:21:23+0000 [INFO] Scanner starting. Batch: 2026-06-14T22:21
2026-06-14T22:21:23+0000 [INFO] Running in dual-source mode (Arctic Shift + RSS)
2026-06-14T22:21:25+0000 [INFO] Arctic Shift returned 2 posts
2026-06-14T22:21:26+0000 [INFO] RSS returned 100 posts
2026-06-14T22:21:26+0000 [INFO] Scanner complete (Arctic Shift+RSS). 1 new posts collected, 0 media downloaded, 0 links verified.
2026-06-14T22:26:12+0000 [INFO] Scanner starting. Batch: 2026-06-14T22:26
2026-06-14T22:26:12+0000 [INFO] Running in dual-source mode (Arctic Shift + RSS)
2026-06-14T22:26:12+0000 [INFO] Arctic Shift returned 0 posts
2026-06-14T22:26:13+0000 [INFO] RSS returned 100 posts
2026-06-14T22:26:13+0000 [INFO] Scanner complete (Arctic Shift+RSS). 0 new posts collected, 0 media downloaded, 0 links verified.
2026-06-14T22:31:25+0000 [INFO] Scanner starting. Batch: 2026-06-14T22:31
2026-06-14T22:31:25+0000 [INFO] Running in dual-source mode (Arctic Shift + RSS)
2026-06-14T22:31:27+0000 [INFO] Arctic Shift returned 4 posts
2026-06-14T22:31:27+0000 [INFO] RSS returned 100 posts
2026-06-14T22:31:28+0000 [INFO] Scanner complete (Arctic Shift+RSS). 4 new posts collected, 1 media downloaded, 1 links verified.
2026-06-14T22:36:10+0000 [INFO] Scanner starting. Batch: 2026-06-14T22:36
2026-06-14T22:36:10+0000 [INFO] Running in dual-source mode (Arctic Shift + RSS)
2026-06-14T22:36:12+0000 [INFO] Arctic Shift returned 2 posts
2026-06-14T22:36:12+0000 [INFO] RSS returned 100 posts
2026-06-14T22:36:12+0000 [INFO] Scanner complete (Arctic Shift+RSS). 0 new posts collected, 0 media downloaded, 0 links verified.
2026-06-14T22:41:22+0000 [INFO] Scanner starting. Batch: 2026-06-14T22:41
2026-06-14T22:41:22+0000 [INFO] Running in dual-source mode (Arctic Shift + RSS)
2026-06-14T22:41:23+0000 [INFO] Arctic Shift returned 4 posts
2026-06-14T22:41:24+0000 [INFO] RSS returned 100 posts
2026-06-14T22:41:26+0000 [INFO] Scanner complete (Arctic Shift+RSS). 4 new posts collected, 7 media downloaded, 0 links verified.
2026-06-14T22:46:31+0000 [INFO] Scanner starting. Batch: 2026-06-14T22:46
2026-06-14T22:46:31+0000 [INFO] Running in dual-source mode (Arctic Shift + RSS)
2026-06-14T22:46:33+0000 [INFO] Arctic Shift returned 3 posts
2026-06-14T22:46:33+0000 [INFO] RSS returned 100 posts
2026-06-14T22:46:34+0000 [INFO] Scanner complete (Arctic Shift+RSS). 3 new posts collected, 0 media downloaded, 1 links verified.
