2026-06-16T21:04:05+0000 [INFO] Scanner starting. Batch: 2026-06-16T21:04
2026-06-16T21:04:05+0000 [INFO] Running in dual-source mode (Arctic Shift + RSS)
2026-06-16T21:04:07+0000 [INFO] Arctic Shift returned 11 posts
2026-06-16T21:04:08+0000 [INFO] RSS returned 100 posts
2026-06-16T21:04:11+0000 [INFO] Scanner complete (Arctic Shift+RSS). 11 new posts collected, 3 media downloaded, 7 links verified.
2026-06-16T21:08:50+0000 [INFO] Scanner starting. Batch: 2026-06-16T21:08
2026-06-16T21:08:50+0000 [INFO] Running in dual-source mode (Arctic Shift + RSS)
2026-06-16T21:08:52+0000 [INFO] Arctic Shift returned 13 posts
2026-06-16T21:08:52+0000 [INFO] RSS returned 100 posts
2026-06-16T21:08:53+0000 [INFO] Scanner complete (Arctic Shift+RSS). 10 new posts collected, 1 media downloaded, 2 links verified.
2026-06-16T21:13:58+0000 [INFO] Scanner starting. Batch: 2026-06-16T21:13
2026-06-16T21:13:58+0000 [INFO] Running in dual-source mode (Arctic Shift + RSS)
2026-06-16T21:13:59+0000 [INFO] Arctic Shift returned 26 posts
2026-06-16T21:14:00+0000 [INFO] RSS returned 100 posts
2026-06-16T21:14:03+0000 [INFO] Scanner complete (Arctic Shift+RSS). 19 new posts collected, 8 media downloaded, 5 links verified.
2026-06-16T21:33:54+0000 [INFO] Scanner starting. Batch: 2026-06-16T21:33
2026-06-16T21:33:54+0000 [INFO] Running in dual-source mode (Arctic Shift + RSS)
2026-06-16T21:33:55+0000 [INFO] Arctic Shift returned 6 posts
2026-06-16T21:33:56+0000 [INFO] RSS returned 100 posts
2026-06-16T21:33:58+0000 [INFO] Scanner complete (Arctic Shift+RSS). 8 new posts collected, 0 media downloaded, 3 links verified.
2026-06-16T21:38:52+0000 [INFO] Scanner starting. Batch: 2026-06-16T21:38
2026-06-16T21:38:52+0000 [INFO] Running in dual-source mode (Arctic Shift + RSS)
2026-06-16T21:38:54+0000 [INFO] Arctic Shift returned 7 posts
2026-06-16T21:38:55+0000 [INFO] RSS returned 100 posts
2026-06-16T21:38:55+0000 [INFO] Scanner complete (Arctic Shift+RSS). 6 new posts collected, 0 media downloaded, 3 links verified.
2026-06-16T21:43:53+0000 [INFO] Scanner starting. Batch: 2026-06-16T21:43
2026-06-16T21:43:53+0000 [INFO] Running in dual-source mode (Arctic Shift + RSS)
2026-06-16T21:43:54+0000 [INFO] Arctic Shift returned 6 posts
2026-06-16T21:43:55+0000 [INFO] RSS returned 100 posts
2026-06-16T21:43:57+0000 [INFO] Scanner complete (Arctic Shift+RSS). 2 new posts collected, 3 media downloaded, 0 links verified.
