2026-06-17T00:03:59+0000 [INFO] Scanner starting. Batch: 2026-06-17T00:03
2026-06-17T00:03:59+0000 [INFO] Running in dual-source mode (Arctic Shift + RSS)
2026-06-17T00:04:01+0000 [INFO] Arctic Shift returned 7 posts
2026-06-17T00:04:02+0000 [INFO] RSS returned 100 posts
2026-06-17T00:04:03+0000 [INFO] Scanner complete (Arctic Shift+RSS). 7 new posts collected, 0 media downloaded, 4 links verified.
2026-06-17T00:08:44+0000 [INFO] Scanner starting. Batch: 2026-06-17T00:08
2026-06-17T00:08:44+0000 [INFO] Running in dual-source mode (Arctic Shift + RSS)
2026-06-17T00:08:46+0000 [INFO] Arctic Shift returned 4 posts
2026-06-17T00:08:47+0000 [INFO] RSS returned 100 posts
2026-06-17T00:08:47+0000 [INFO] Scanner complete (Arctic Shift+RSS). 1 new posts collected, 0 media downloaded, 0 links verified.
2026-06-17T00:19:22+0000 [INFO] Scanner starting. Batch: 2026-06-17T00:19
2026-06-17T00:19:22+0000 [INFO] Running in dual-source mode (Arctic Shift + RSS)
2026-06-17T00:19:24+0000 [INFO] Arctic Shift returned 5 posts
2026-06-17T00:19:25+0000 [INFO] RSS returned 100 posts
2026-06-17T00:19:26+0000 [INFO] Scanner complete (Arctic Shift+RSS). 5 new posts collected, 2 media downloaded, 3 links verified.
2026-06-17T00:24:14+0000 [INFO] Scanner starting. Batch: 2026-06-17T00:24
2026-06-17T00:24:14+0000 [INFO] Running in dual-source mode (Arctic Shift + RSS)
2026-06-17T00:24:16+0000 [INFO] Arctic Shift returned 2 posts
2026-06-17T00:24:17+0000 [INFO] RSS returned 100 posts
2026-06-17T00:24:17+0000 [INFO] Scanner complete (Arctic Shift+RSS). 1 new posts collected, 0 media downloaded, 0 links verified.
2026-06-17T00:28:36+0000 [INFO] Scanner starting. Batch: 2026-06-17T00:28
2026-06-17T00:28:36+0000 [INFO] Running in dual-source mode (Arctic Shift + RSS)
2026-06-17T00:28:37+0000 [INFO] Arctic Shift returned 1 posts
2026-06-17T00:28:38+0000 [INFO] RSS returned 100 posts
2026-06-17T00:28:38+0000 [INFO] Scanner complete (Arctic Shift+RSS). 0 new posts collected, 0 media downloaded, 0 links verified.
