2026-06-18T07:02:39+0000 [INFO] Scanner starting. Batch: 2026-06-18T07:02
2026-06-18T07:02:39+0000 [INFO] Running in dual-source mode (Arctic Shift + RSS)
2026-06-18T07:02:40+0000 [INFO] Arctic Shift returned 1 posts
2026-06-18T07:02:41+0000 [INFO] RSS returned 100 posts
2026-06-18T07:02:43+0000 [INFO] Scanner complete (Arctic Shift+RSS). 1 new posts collected, 1 media downloaded, 0 links verified.
2026-06-18T07:07:26+0000 [INFO] Scanner starting. Batch: 2026-06-18T07:07
2026-06-18T07:07:26+0000 [INFO] Running in dual-source mode (Arctic Shift + RSS)
2026-06-18T07:07:27+0000 [INFO] Arctic Shift returned 3 posts
2026-06-18T07:07:28+0000 [INFO] RSS returned 100 posts
2026-06-18T07:07:29+0000 [INFO] Scanner complete (Arctic Shift+RSS). 3 new posts collected, 1 media downloaded, 1 links verified.
2026-06-18T07:12:42+0000 [INFO] Scanner starting. Batch: 2026-06-18T07:12
2026-06-18T07:12:42+0000 [INFO] Running in dual-source mode (Arctic Shift + RSS)
2026-06-18T07:12:44+0000 [INFO] Arctic Shift returned 1 posts
2026-06-18T07:12:44+0000 [INFO] RSS returned 100 posts
2026-06-18T07:12:44+0000 [INFO] Scanner complete (Arctic Shift+RSS). 1 new posts collected, 0 media downloaded, 1 links verified.
2026-06-18T07:17:21+0000 [INFO] Scanner starting. Batch: 2026-06-18T07:17
2026-06-18T07:17:21+0000 [INFO] Running in dual-source mode (Arctic Shift + RSS)
2026-06-18T07:17:22+0000 [INFO] Arctic Shift returned 2 posts
2026-06-18T07:17:24+0000 [INFO] RSS returned 100 posts
2026-06-18T07:17:24+0000 [INFO] Scanner complete (Arctic Shift+RSS). 1 new posts collected, 2 media downloaded, 0 links verified.
2026-06-18T07:27:43+0000 [INFO] Scanner starting. Batch: 2026-06-18T07:27
2026-06-18T07:27:43+0000 [INFO] Running in dual-source mode (Arctic Shift + RSS)
2026-06-18T07:27:43+0000 [INFO] Arctic Shift returned 0 posts
2026-06-18T07:27:44+0000 [INFO] RSS returned 100 posts
2026-06-18T07:27:44+0000 [INFO] Scanner complete (Arctic Shift+RSS). 0 new posts collected, 0 media downloaded, 0 links verified.
2026-06-18T07:32:43+0000 [INFO] Scanner starting. Batch: 2026-06-18T07:32
2026-06-18T07:32:43+0000 [INFO] Running in dual-source mode (Arctic Shift + RSS)
2026-06-18T07:32:45+0000 [INFO] Arctic Shift returned 4 posts
2026-06-18T07:32:46+0000 [INFO] RSS returned 100 posts
2026-06-18T07:32:46+0000 [INFO] Scanner complete (Arctic Shift+RSS). 4 new posts collected, 3 media downloaded, 0 links verified.
