2026-06-14T07:01:38+0000 [INFO] Scanner starting. Batch: 2026-06-14T07:01
2026-06-14T07:01:38+0000 [INFO] Running in dual-source mode (Arctic Shift + RSS)
2026-06-14T07:01:39+0000 [INFO] Arctic Shift returned 2 posts
2026-06-14T07:01:40+0000 [INFO] RSS returned 100 posts
2026-06-14T07:01:41+0000 [INFO] Scanner complete (Arctic Shift+RSS). 1 new posts collected, 2 media downloaded, 0 links verified.
2026-06-14T07:06:23+0000 [INFO] Scanner starting. Batch: 2026-06-14T07:06
2026-06-14T07:06:23+0000 [INFO] Running in dual-source mode (Arctic Shift + RSS)
2026-06-14T07:06:25+0000 [INFO] Arctic Shift returned 1 posts
2026-06-14T07:06:26+0000 [INFO] RSS returned 100 posts
2026-06-14T07:06:26+0000 [INFO] Scanner complete (Arctic Shift+RSS). 0 new posts collected, 0 media downloaded, 0 links verified.
2026-06-14T07:11:23+0000 [INFO] Scanner starting. Batch: 2026-06-14T07:11
2026-06-14T07:11:23+0000 [INFO] Running in dual-source mode (Arctic Shift + RSS)
2026-06-14T07:11:25+0000 [INFO] Arctic Shift returned 3 posts
2026-06-14T07:11:25+0000 [INFO] RSS returned 100 posts
2026-06-14T07:11:26+0000 [INFO] Scanner complete (Arctic Shift+RSS). 3 new posts collected, 1 media downloaded, 0 links verified.
2026-06-14T07:16:25+0000 [INFO] Scanner starting. Batch: 2026-06-14T07:16
2026-06-14T07:16:25+0000 [INFO] Running in dual-source mode (Arctic Shift + RSS)
2026-06-14T07:16:26+0000 [INFO] Arctic Shift returned 3 posts
2026-06-14T07:16:27+0000 [INFO] RSS returned 100 posts
2026-06-14T07:16:27+0000 [INFO] Scanner complete (Arctic Shift+RSS). 1 new posts collected, 0 media downloaded, 1 links verified.
