2026-06-16T06:03:09+0000 [INFO] Scanner starting. Batch: 2026-06-16T06:03
2026-06-16T06:03:09+0000 [INFO] Running in dual-source mode (Arctic Shift + RSS)
2026-06-16T06:03:11+0000 [INFO] Arctic Shift returned 2 posts
2026-06-16T06:03:12+0000 [INFO] RSS returned 100 posts
2026-06-16T06:03:13+0000 [INFO] Scanner complete (Arctic Shift+RSS). 2 new posts collected, 2 media downloaded, 1 links verified.
2026-06-16T06:08:48+0000 [INFO] Scanner starting. Batch: 2026-06-16T06:08
2026-06-16T06:08:48+0000 [INFO] Running in dual-source mode (Arctic Shift + RSS)
2026-06-16T06:08:49+0000 [INFO] Arctic Shift returned 3 posts
2026-06-16T06:08:50+0000 [INFO] RSS returned 100 posts
2026-06-16T06:08:51+0000 [INFO] Scanner complete (Arctic Shift+RSS). 2 new posts collected, 0 media downloaded, 2 links verified.
2026-06-16T06:12:57+0000 [INFO] Scanner starting. Batch: 2026-06-16T06:12
2026-06-16T06:12:57+0000 [INFO] Running in dual-source mode (Arctic Shift + RSS)
2026-06-16T06:12:58+0000 [INFO] Arctic Shift returned 3 posts
2026-06-16T06:12:59+0000 [INFO] RSS returned 100 posts
2026-06-16T06:13:00+0000 [INFO] Scanner complete (Arctic Shift+RSS). 2 new posts collected, 2 media downloaded, 1 links verified.
2026-06-16T06:18:32+0000 [INFO] Scanner starting. Batch: 2026-06-16T06:18
2026-06-16T06:18:32+0000 [INFO] Running in dual-source mode (Arctic Shift + RSS)
2026-06-16T06:18:33+0000 [INFO] Arctic Shift returned 2 posts
2026-06-16T06:18:34+0000 [INFO] RSS returned 100 posts
2026-06-16T06:18:34+0000 [INFO] Scanner complete (Arctic Shift+RSS). 1 new posts collected, 0 media downloaded, 1 links verified.
2026-06-16T06:23:47+0000 [INFO] Scanner starting. Batch: 2026-06-16T06:23
2026-06-16T06:23:47+0000 [INFO] Running in dual-source mode (Arctic Shift + RSS)
2026-06-16T06:23:48+0000 [INFO] Arctic Shift returned 2 posts
2026-06-16T06:23:49+0000 [INFO] RSS returned 100 posts
2026-06-16T06:23:49+0000 [INFO] Scanner complete (Arctic Shift+RSS). 1 new posts collected, 0 media downloaded, 0 links verified.
2026-06-16T06:33:20+0000 [INFO] Scanner starting. Batch: 2026-06-16T06:33
2026-06-16T06:33:20+0000 [INFO] Running in dual-source mode (Arctic Shift + RSS)
2026-06-16T06:33:22+0000 [INFO] Arctic Shift returned 5 posts
2026-06-16T06:33:23+0000 [INFO] RSS returned 100 posts
2026-06-16T06:33:25+0000 [INFO] Scanner complete (Arctic Shift+RSS). 5 new posts collected, 1 media downloaded, 1 links verified.
2026-06-16T06:43:40+0000 [INFO] Scanner starting. Batch: 2026-06-16T06:43
2026-06-16T06:43:40+0000 [INFO] Running in dual-source mode (Arctic Shift + RSS)
2026-06-16T06:43:41+0000 [INFO] Arctic Shift returned 0 posts
2026-06-16T06:43:42+0000 [INFO] RSS returned 100 posts
2026-06-16T06:43:42+0000 [INFO] Scanner complete (Arctic Shift+RSS). 0 new posts collected, 0 media downloaded, 0 links verified.
