2026-06-15T13:02:19+0000 [INFO] Scanner starting. Batch: 2026-06-15T13:02
2026-06-15T13:02:19+0000 [INFO] Running in dual-source mode (Arctic Shift + RSS)
2026-06-15T13:02:20+0000 [INFO] Arctic Shift returned 1 posts
2026-06-15T13:02:21+0000 [INFO] RSS returned 100 posts
2026-06-15T13:02:22+0000 [INFO] Scanner complete (Arctic Shift+RSS). 1 new posts collected, 0 media downloaded, 1 links verified.
2026-06-15T13:07:23+0000 [INFO] Scanner starting. Batch: 2026-06-15T13:07
2026-06-15T13:07:23+0000 [INFO] Running in dual-source mode (Arctic Shift + RSS)
2026-06-15T13:07:25+0000 [INFO] Arctic Shift returned 3 posts
2026-06-15T13:07:25+0000 [INFO] RSS returned 100 posts
2026-06-15T13:07:25+0000 [INFO] Scanner complete (Arctic Shift+RSS). 2 new posts collected, 0 media downloaded, 0 links verified.
2026-06-15T13:12:01+0000 [INFO] Scanner starting. Batch: 2026-06-15T13:12
2026-06-15T13:12:01+0000 [INFO] Running in dual-source mode (Arctic Shift + RSS)
2026-06-15T13:12:03+0000 [INFO] Arctic Shift returned 4 posts
2026-06-15T13:12:04+0000 [INFO] RSS returned 100 posts
2026-06-15T13:12:04+0000 [INFO] Scanner complete (Arctic Shift+RSS). 3 new posts collected, 0 media downloaded, 1 links verified.
2026-06-15T13:17:01+0000 [INFO] Scanner starting. Batch: 2026-06-15T13:17
2026-06-15T13:17:01+0000 [INFO] Running in dual-source mode (Arctic Shift + RSS)
2026-06-15T13:17:03+0000 [INFO] Arctic Shift returned 5 posts
2026-06-15T13:17:04+0000 [INFO] RSS returned 100 posts
2026-06-15T13:17:04+0000 [INFO] Scanner complete (Arctic Shift+RSS). 3 new posts collected, 0 media downloaded, 3 links verified.
2026-06-15T13:22:25+0000 [INFO] Scanner starting. Batch: 2026-06-15T13:22
2026-06-15T13:22:25+0000 [INFO] Running in dual-source mode (Arctic Shift + RSS)
2026-06-15T13:22:27+0000 [INFO] Arctic Shift returned 4 posts
2026-06-15T13:22:28+0000 [INFO] RSS returned 100 posts
2026-06-15T13:22:29+0000 [INFO] Scanner complete (Arctic Shift+RSS). 3 new posts collected, 3 media downloaded, 1 links verified.
2026-06-15T13:27:10+0000 [INFO] Scanner starting. Batch: 2026-06-15T13:27
2026-06-15T13:27:10+0000 [INFO] Running in dual-source mode (Arctic Shift + RSS)
2026-06-15T13:27:12+0000 [INFO] Arctic Shift returned 2 posts
2026-06-15T13:27:13+0000 [INFO] RSS returned 100 posts
2026-06-15T13:27:13+0000 [INFO] Scanner complete (Arctic Shift+RSS). 2 new posts collected, 1 media downloaded, 0 links verified.
2026-06-15T13:32:45+0000 [INFO] Scanner starting. Batch: 2026-06-15T13:32
2026-06-15T13:32:45+0000 [INFO] Running in dual-source mode (Arctic Shift + RSS)
2026-06-15T13:32:47+0000 [INFO] Arctic Shift returned 7 posts
2026-06-15T13:32:48+0000 [INFO] RSS returned 100 posts
2026-06-15T13:32:49+0000 [INFO] Scanner complete (Arctic Shift+RSS). 6 new posts collected, 2 media downloaded, 2 links verified.
