2026-06-20T03:04:26+0000 [INFO] Scanner starting. Batch: 2026-06-20T03:04
2026-06-20T03:04:26+0000 [INFO] Running in dual-source mode (Arctic Shift + RSS)
2026-06-20T03:04:28+0000 [INFO] Arctic Shift returned 3 posts
2026-06-20T03:04:29+0000 [INFO] RSS returned 100 posts
2026-06-20T03:04:29+0000 [INFO] Scanner complete (Arctic Shift+RSS). 4 new posts collected, 3 media downloaded, 3 links verified.
2026-06-20T03:09:12+0000 [INFO] Scanner starting. Batch: 2026-06-20T03:09
2026-06-20T03:09:12+0000 [INFO] Running in dual-source mode (Arctic Shift + RSS)
2026-06-20T03:09:14+0000 [INFO] Arctic Shift returned 2 posts
2026-06-20T03:09:14+0000 [INFO] RSS returned 100 posts
2026-06-20T03:09:14+0000 [INFO] Scanner complete (Arctic Shift+RSS). 2 new posts collected, 0 media downloaded, 2 links verified.
2026-06-20T03:14:15+0000 [INFO] Scanner starting. Batch: 2026-06-20T03:14
2026-06-20T03:14:15+0000 [INFO] Running in dual-source mode (Arctic Shift + RSS)
2026-06-20T03:14:17+0000 [INFO] Arctic Shift returned 3 posts
2026-06-20T03:14:18+0000 [INFO] RSS returned 100 posts
2026-06-20T03:14:19+0000 [INFO] Scanner complete (Arctic Shift+RSS). 3 new posts collected, 4 media downloaded, 1 links verified.
2026-06-20T03:19:10+0000 [INFO] Scanner starting. Batch: 2026-06-20T03:19
2026-06-20T03:19:10+0000 [INFO] Running in dual-source mode (Arctic Shift + RSS)
2026-06-20T03:19:11+0000 [INFO] Arctic Shift returned 3 posts
2026-06-20T03:19:12+0000 [INFO] RSS returned 100 posts
2026-06-20T03:19:12+0000 [INFO] Scanner complete (Arctic Shift+RSS). 1 new posts collected, 0 media downloaded, 1 links verified.
