2026-06-16T02:03:31+0000 [INFO] Scanner starting. Batch: 2026-06-16T02:03
2026-06-16T02:03:31+0000 [INFO] Running in dual-source mode (Arctic Shift + RSS)
2026-06-16T02:03:32+0000 [INFO] Arctic Shift returned 4 posts
2026-06-16T02:03:33+0000 [INFO] RSS returned 100 posts
2026-06-16T02:03:33+0000 [INFO] Scanner complete (Arctic Shift+RSS). 2 new posts collected, 0 media downloaded, 0 links verified.
2026-06-16T02:09:09+0000 [INFO] Scanner starting. Batch: 2026-06-16T02:09
2026-06-16T02:09:09+0000 [INFO] Running in dual-source mode (Arctic Shift + RSS)
2026-06-16T02:09:10+0000 [INFO] Arctic Shift returned 3 posts
2026-06-16T02:09:11+0000 [INFO] RSS returned 100 posts
2026-06-16T02:09:12+0000 [INFO] Scanner complete (Arctic Shift+RSS). 3 new posts collected, 1 media downloaded, 2 links verified.
2026-06-16T02:13:04+0000 [INFO] Scanner starting. Batch: 2026-06-16T02:13
2026-06-16T02:13:04+0000 [INFO] Running in dual-source mode (Arctic Shift + RSS)
2026-06-16T02:13:06+0000 [INFO] Arctic Shift returned 1 posts
2026-06-16T02:13:07+0000 [INFO] RSS returned 100 posts
2026-06-16T02:13:07+0000 [INFO] Scanner complete (Arctic Shift+RSS). 1 new posts collected, 2 media downloaded, 0 links verified.
2026-06-16T02:17:56+0000 [INFO] Scanner starting. Batch: 2026-06-16T02:17
2026-06-16T02:17:56+0000 [INFO] Running in dual-source mode (Arctic Shift + RSS)
2026-06-16T02:17:58+0000 [INFO] Arctic Shift returned 1 posts
2026-06-16T02:17:58+0000 [INFO] RSS returned 100 posts
2026-06-16T02:17:59+0000 [INFO] Scanner complete (Arctic Shift+RSS). 1 new posts collected, 2 media downloaded, 0 links verified.
2026-06-16T02:23:59+0000 [INFO] Scanner starting. Batch: 2026-06-16T02:23
2026-06-16T02:23:59+0000 [INFO] Running in dual-source mode (Arctic Shift + RSS)
2026-06-16T02:24:01+0000 [INFO] Arctic Shift returned 2 posts
2026-06-16T02:24:02+0000 [INFO] RSS returned 100 posts
2026-06-16T02:24:02+0000 [INFO] Scanner complete (Arctic Shift+RSS). 2 new posts collected, 0 media downloaded, 2 links verified.
