2026-06-16T15:08:45+0000 [INFO] Scanner starting. Batch: 2026-06-16T15:08
2026-06-16T15:08:45+0000 [INFO] Running in dual-source mode (Arctic Shift + RSS)
2026-06-16T15:08:46+0000 [INFO] Arctic Shift returned 2 posts
2026-06-16T15:08:47+0000 [INFO] RSS returned 100 posts
2026-06-16T15:08:47+0000 [INFO] Scanner complete (Arctic Shift+RSS). 2 new posts collected, 0 media downloaded, 1 links verified.
2026-06-16T15:14:05+0000 [INFO] Scanner starting. Batch: 2026-06-16T15:14
2026-06-16T15:14:05+0000 [INFO] Running in dual-source mode (Arctic Shift + RSS)
2026-06-16T15:14:06+0000 [INFO] Arctic Shift returned 0 posts
2026-06-16T15:14:07+0000 [INFO] RSS returned 100 posts
2026-06-16T15:14:07+0000 [INFO] Scanner complete (Arctic Shift+RSS). 0 new posts collected, 0 media downloaded, 0 links verified.
2026-06-16T15:19:13+0000 [INFO] Scanner starting. Batch: 2026-06-16T15:19
2026-06-16T15:19:13+0000 [INFO] Running in dual-source mode (Arctic Shift + RSS)
2026-06-16T15:19:14+0000 [INFO] Arctic Shift returned 2 posts
2026-06-16T15:19:15+0000 [INFO] RSS returned 100 posts
2026-06-16T15:19:15+0000 [INFO] Scanner complete (Arctic Shift+RSS). 2 new posts collected, 2 media downloaded, 0 links verified.
2026-06-16T15:24:25+0000 [INFO] Scanner starting. Batch: 2026-06-16T15:24
2026-06-16T15:24:25+0000 [INFO] Running in dual-source mode (Arctic Shift + RSS)
2026-06-16T15:24:27+0000 [INFO] Arctic Shift returned 5 posts
2026-06-16T15:24:28+0000 [INFO] RSS returned 100 posts
2026-06-16T15:24:30+0000 [INFO] Scanner complete (Arctic Shift+RSS). 5 new posts collected, 3 media downloaded, 2 links verified.
