2026-06-19T17:03:57+0000 [INFO] Scanner starting. Batch: 2026-06-19T17:03
2026-06-19T17:03:57+0000 [INFO] Running in dual-source mode (Arctic Shift + RSS)
2026-06-19T17:03:58+0000 [INFO] Arctic Shift returned 2 posts
2026-06-19T17:03:59+0000 [INFO] RSS returned 100 posts
2026-06-19T17:03:59+0000 [INFO] Scanner complete (Arctic Shift+RSS). 1 new posts collected, 0 media downloaded, 0 links verified.
2026-06-19T17:09:04+0000 [INFO] Scanner starting. Batch: 2026-06-19T17:09
2026-06-19T17:09:04+0000 [INFO] Running in dual-source mode (Arctic Shift + RSS)
2026-06-19T17:09:04+0000 [INFO] Arctic Shift returned 0 posts
2026-06-19T17:09:05+0000 [INFO] RSS returned 100 posts
2026-06-19T17:09:05+0000 [INFO] Scanner complete (Arctic Shift+RSS). 0 new posts collected, 0 media downloaded, 0 links verified.
2026-06-19T17:14:06+0000 [INFO] Scanner starting. Batch: 2026-06-19T17:14
2026-06-19T17:14:06+0000 [INFO] Running in dual-source mode (Arctic Shift + RSS)
2026-06-19T17:14:07+0000 [INFO] Arctic Shift returned 0 posts
2026-06-19T17:14:08+0000 [INFO] RSS returned 100 posts
2026-06-19T17:14:08+0000 [INFO] Scanner complete (Arctic Shift+RSS). 0 new posts collected, 0 media downloaded, 0 links verified.
2026-06-19T17:19:03+0000 [INFO] Scanner starting. Batch: 2026-06-19T17:19
2026-06-19T17:19:03+0000 [INFO] Running in dual-source mode (Arctic Shift + RSS)
2026-06-19T17:19:05+0000 [INFO] Arctic Shift returned 1 posts
2026-06-19T17:19:06+0000 [INFO] RSS returned 100 posts
2026-06-19T17:19:06+0000 [INFO] Scanner complete (Arctic Shift+RSS). 1 new posts collected, 2 media downloaded, 0 links verified.
2026-06-19T17:28:13+0000 [INFO] Scanner starting. Batch: 2026-06-19T17:28
2026-06-19T17:28:13+0000 [INFO] Running in dual-source mode (Arctic Shift + RSS)
2026-06-19T17:28:17+0000 [INFO] Arctic Shift returned 4 posts
2026-06-19T17:28:18+0000 [INFO] RSS returned 100 posts
2026-06-19T17:28:19+0000 [INFO] Scanner complete (Arctic Shift+RSS). 4 new posts collected, 4 media downloaded, 1 links verified.
2026-06-19T17:33:56+0000 [INFO] Scanner starting. Batch: 2026-06-19T17:33
2026-06-19T17:33:56+0000 [INFO] Running in dual-source mode (Arctic Shift + RSS)
2026-06-19T17:33:58+0000 [INFO] Arctic Shift returned 2 posts
2026-06-19T17:33:59+0000 [INFO] RSS returned 100 posts
2026-06-19T17:34:00+0000 [INFO] Scanner complete (Arctic Shift+RSS). 2 new posts collected, 0 media downloaded, 2 links verified.
2026-06-19T17:39:04+0000 [INFO] Scanner starting. Batch: 2026-06-19T17:39
2026-06-19T17:39:04+0000 [INFO] Running in dual-source mode (Arctic Shift + RSS)
2026-06-19T17:39:05+0000 [INFO] Arctic Shift returned 5 posts
2026-06-19T17:39:06+0000 [INFO] RSS returned 100 posts
2026-06-19T17:39:07+0000 [INFO] Scanner complete (Arctic Shift+RSS). 4 new posts collected, 0 media downloaded, 2 links verified.
2026-06-19T17:44:08+0000 [INFO] Scanner starting. Batch: 2026-06-19T17:44
2026-06-19T17:44:08+0000 [INFO] Running in dual-source mode (Arctic Shift + RSS)
2026-06-19T17:44:09+0000 [INFO] Arctic Shift returned 6 posts
2026-06-19T17:44:10+0000 [INFO] RSS returned 100 posts
2026-06-19T17:44:10+0000 [INFO] Scanner complete (Arctic Shift+RSS). 6 new posts collected, 0 media downloaded, 2 links verified.
2026-06-19T17:48:58+0000 [INFO] Scanner starting. Batch: 2026-06-19T17:48
2026-06-19T17:48:58+0000 [INFO] Running in dual-source mode (Arctic Shift + RSS)
2026-06-19T17:49:00+0000 [INFO] Arctic Shift returned 3 posts
2026-06-19T17:49:00+0000 [INFO] RSS returned 100 posts
2026-06-19T17:49:01+0000 [INFO] Scanner complete (Arctic Shift+RSS). 1 new posts collected, 0 media downloaded, 1 links verified.
2026-06-19T17:53:59+0000 [INFO] Scanner starting. Batch: 2026-06-19T17:53
2026-06-19T17:53:59+0000 [INFO] Running in dual-source mode (Arctic Shift + RSS)
2026-06-19T17:54:00+0000 [INFO] Arctic Shift returned 0 posts
2026-06-19T17:54:01+0000 [INFO] RSS returned 100 posts
2026-06-19T17:54:01+0000 [INFO] Scanner complete (Arctic Shift+RSS). 0 new posts collected, 0 media downloaded, 0 links verified.
