2026-06-15T04:01:51+0000 [INFO] Scanner starting. Batch: 2026-06-15T04:01
2026-06-15T04:01:51+0000 [INFO] Running in dual-source mode (Arctic Shift + RSS)
2026-06-15T04:01:52+0000 [INFO] Arctic Shift returned 2 posts
2026-06-15T04:01:53+0000 [INFO] RSS returned 100 posts
2026-06-15T04:01:53+0000 [INFO] Scanner complete (Arctic Shift+RSS). 1 new posts collected, 0 media downloaded, 0 links verified.
2026-06-15T04:07:03+0000 [INFO] Scanner starting. Batch: 2026-06-15T04:07
2026-06-15T04:07:03+0000 [INFO] Running in dual-source mode (Arctic Shift + RSS)
2026-06-15T04:07:03+0000 [INFO] Arctic Shift returned 0 posts
2026-06-15T04:07:04+0000 [INFO] RSS returned 100 posts
2026-06-15T04:07:04+0000 [INFO] Scanner complete (Arctic Shift+RSS). 0 new posts collected, 0 media downloaded, 0 links verified.
2026-06-15T04:11:51+0000 [INFO] Scanner starting. Batch: 2026-06-15T04:11
2026-06-15T04:11:51+0000 [INFO] Running in dual-source mode (Arctic Shift + RSS)
2026-06-15T04:11:52+0000 [INFO] Arctic Shift returned 1 posts
2026-06-15T04:11:53+0000 [INFO] RSS returned 100 posts
2026-06-15T04:11:53+0000 [INFO] Scanner complete (Arctic Shift+RSS). 1 new posts collected, 2 media downloaded, 0 links verified.
2026-06-15T04:16:57+0000 [INFO] Scanner starting. Batch: 2026-06-15T04:16
2026-06-15T04:16:57+0000 [INFO] Running in dual-source mode (Arctic Shift + RSS)
2026-06-15T04:16:58+0000 [INFO] Arctic Shift returned 1 posts
2026-06-15T04:16:59+0000 [INFO] RSS returned 100 posts
2026-06-15T04:16:59+0000 [INFO] Scanner complete (Arctic Shift+RSS). 0 new posts collected, 0 media downloaded, 0 links verified.
2026-06-15T04:21:50+0000 [INFO] Scanner starting. Batch: 2026-06-15T04:21
2026-06-15T04:21:50+0000 [INFO] Running in dual-source mode (Arctic Shift + RSS)
2026-06-15T04:21:51+0000 [INFO] Arctic Shift returned 2 posts
2026-06-15T04:21:52+0000 [INFO] RSS returned 100 posts
2026-06-15T04:21:52+0000 [INFO] Scanner complete (Arctic Shift+RSS). 2 new posts collected, 2 media downloaded, 0 links verified.
2026-06-15T04:27:21+0000 [INFO] Scanner starting. Batch: 2026-06-15T04:27
2026-06-15T04:27:21+0000 [INFO] Running in dual-source mode (Arctic Shift + RSS)
2026-06-15T04:27:23+0000 [INFO] Arctic Shift returned 2 posts
2026-06-15T04:27:24+0000 [INFO] RSS returned 100 posts
2026-06-15T04:27:24+0000 [INFO] Scanner complete (Arctic Shift+RSS). 1 new posts collected, 0 media downloaded, 0 links verified.
2026-06-15T04:36:55+0000 [INFO] Scanner starting. Batch: 2026-06-15T04:36
2026-06-15T04:36:55+0000 [INFO] Running in dual-source mode (Arctic Shift + RSS)
2026-06-15T04:36:57+0000 [INFO] Arctic Shift returned 2 posts
2026-06-15T04:36:58+0000 [INFO] RSS returned 100 posts
2026-06-15T04:36:59+0000 [INFO] Scanner complete (Arctic Shift+RSS). 2 new posts collected, 2 media downloaded, 0 links verified.
2026-06-15T04:41:33+0000 [INFO] Scanner starting. Batch: 2026-06-15T04:41
2026-06-15T04:41:33+0000 [INFO] Running in dual-source mode (Arctic Shift + RSS)
2026-06-15T04:41:35+0000 [INFO] Arctic Shift returned 2 posts
2026-06-15T04:41:35+0000 [INFO] RSS returned 100 posts
2026-06-15T04:41:36+0000 [INFO] Scanner complete (Arctic Shift+RSS). 1 new posts collected, 0 media downloaded, 0 links verified.
2026-06-15T04:46:43+0000 [INFO] Scanner starting. Batch: 2026-06-15T04:46
2026-06-15T04:46:43+0000 [INFO] Running in dual-source mode (Arctic Shift + RSS)
2026-06-15T04:46:45+0000 [INFO] Arctic Shift returned 2 posts
2026-06-15T04:46:45+0000 [INFO] RSS returned 100 posts
2026-06-15T04:46:46+0000 [INFO] Scanner complete (Arctic Shift+RSS). 1 new posts collected, 2 media downloaded, 0 links verified.
2026-06-15T04:51:56+0000 [INFO] Scanner starting. Batch: 2026-06-15T04:51
2026-06-15T04:51:56+0000 [INFO] Running in dual-source mode (Arctic Shift + RSS)
2026-06-15T04:52:00+0000 [INFO] Arctic Shift returned 2 posts
2026-06-15T04:52:01+0000 [INFO] RSS returned 100 posts
2026-06-15T04:52:01+0000 [INFO] Scanner complete (Arctic Shift+RSS). 2 new posts collected, 0 media downloaded, 1 links verified.
