2026-06-14T04:01:22+0000 [INFO] Scanner starting. Batch: 2026-06-14T04:01
2026-06-14T04:01:22+0000 [INFO] Running in dual-source mode (Arctic Shift + RSS)
2026-06-14T04:01:23+0000 [INFO] Arctic Shift returned 3 posts
2026-06-14T04:01:25+0000 [INFO] RSS returned 100 posts
2026-06-14T04:01:25+0000 [INFO] Scanner complete (Arctic Shift+RSS). 3 new posts collected, 0 media downloaded, 1 links verified.
2026-06-14T04:06:08+0000 [INFO] Scanner starting. Batch: 2026-06-14T04:06
2026-06-14T04:06:08+0000 [INFO] Running in dual-source mode (Arctic Shift + RSS)
2026-06-14T04:06:09+0000 [INFO] Arctic Shift returned 2 posts
2026-06-14T04:06:10+0000 [INFO] RSS returned 100 posts
2026-06-14T04:06:10+0000 [INFO] Scanner complete (Arctic Shift+RSS). 0 new posts collected, 0 media downloaded, 0 links verified.
2026-06-14T04:11:07+0000 [INFO] Scanner starting. Batch: 2026-06-14T04:11
2026-06-14T04:11:07+0000 [INFO] Running in dual-source mode (Arctic Shift + RSS)
2026-06-14T04:11:08+0000 [INFO] Arctic Shift returned 2 posts
2026-06-14T04:11:09+0000 [INFO] RSS returned 100 posts
2026-06-14T04:11:09+0000 [INFO] Scanner complete (Arctic Shift+RSS). 2 new posts collected, 0 media downloaded, 0 links verified.
2026-06-14T04:16:12+0000 [INFO] Scanner starting. Batch: 2026-06-14T04:16
2026-06-14T04:16:12+0000 [INFO] Running in dual-source mode (Arctic Shift + RSS)
2026-06-14T04:16:13+0000 [INFO] Arctic Shift returned 3 posts
2026-06-14T04:16:14+0000 [INFO] RSS returned 100 posts
2026-06-14T04:16:15+0000 [INFO] Scanner complete (Arctic Shift+RSS). 1 new posts collected, 0 media downloaded, 1 links verified.
2026-06-14T04:21:12+0000 [INFO] Scanner starting. Batch: 2026-06-14T04:21
2026-06-14T04:21:12+0000 [INFO] Running in dual-source mode (Arctic Shift + RSS)
2026-06-14T04:21:13+0000 [INFO] Arctic Shift returned 0 posts
2026-06-14T04:21:13+0000 [INFO] RSS returned 100 posts
2026-06-14T04:21:13+0000 [INFO] Scanner complete (Arctic Shift+RSS). 0 new posts collected, 0 media downloaded, 0 links verified.
2026-06-14T04:26:02+0000 [INFO] Scanner starting. Batch: 2026-06-14T04:26
2026-06-14T04:26:02+0000 [INFO] Running in dual-source mode (Arctic Shift + RSS)
2026-06-14T04:26:03+0000 [INFO] Arctic Shift returned 0 posts
2026-06-14T04:26:04+0000 [INFO] RSS returned 100 posts
2026-06-14T04:26:04+0000 [INFO] Scanner complete (Arctic Shift+RSS). 0 new posts collected, 0 media downloaded, 0 links verified.
2026-06-14T04:31:14+0000 [INFO] Scanner starting. Batch: 2026-06-14T04:31
2026-06-14T04:31:14+0000 [INFO] Running in dual-source mode (Arctic Shift + RSS)
2026-06-14T04:31:15+0000 [INFO] Arctic Shift returned 1 posts
2026-06-14T04:31:17+0000 [INFO] RSS returned 100 posts
2026-06-14T04:31:18+0000 [INFO] Scanner complete (Arctic Shift+RSS). 2 new posts collected, 2 media downloaded, 1 links verified.
2026-06-14T04:36:02+0000 [INFO] Scanner starting. Batch: 2026-06-14T04:36
2026-06-14T04:36:02+0000 [INFO] Running in dual-source mode (Arctic Shift + RSS)
2026-06-14T04:36:04+0000 [INFO] Arctic Shift returned 5 posts
2026-06-14T04:36:04+0000 [INFO] RSS returned 100 posts
2026-06-14T04:36:05+0000 [INFO] Scanner complete (Arctic Shift+RSS). 4 new posts collected, 2 media downloaded, 0 links verified.
