2026-06-14T20:02:24+0000 [INFO] Scanner starting. Batch: 2026-06-14T20:02
2026-06-14T20:02:24+0000 [INFO] Running in dual-source mode (Arctic Shift + RSS)
2026-06-14T20:02:26+0000 [INFO] Arctic Shift returned 2 posts
2026-06-14T20:02:26+0000 [INFO] RSS returned 100 posts
2026-06-14T20:02:26+0000 [INFO] Scanner complete (Arctic Shift+RSS). 1 new posts collected, 0 media downloaded, 0 links verified.
2026-06-14T20:05:41+0000 [INFO] Scanner starting. Batch: 2026-06-14T20:05
2026-06-14T20:05:41+0000 [INFO] Running in dual-source mode (Arctic Shift + RSS)
2026-06-14T20:05:43+0000 [INFO] Arctic Shift returned 2 posts
2026-06-14T20:05:44+0000 [INFO] RSS returned 100 posts
2026-06-14T20:05:50+0000 [INFO] Scanner complete (Arctic Shift+RSS). 1 new posts collected, 0 media downloaded, 1 links verified.
2026-06-14T20:12:15+0000 [INFO] Scanner starting. Batch: 2026-06-14T20:12
2026-06-14T20:12:15+0000 [INFO] Running in dual-source mode (Arctic Shift + RSS)
2026-06-14T20:12:17+0000 [INFO] Arctic Shift returned 2 posts
2026-06-14T20:12:17+0000 [INFO] RSS returned 100 posts
2026-06-14T20:12:18+0000 [INFO] Scanner complete (Arctic Shift+RSS). 4 new posts collected, 1 media downloaded, 3 links verified.
2026-06-14T20:17:30+0000 [INFO] Scanner starting. Batch: 2026-06-14T20:17
2026-06-14T20:17:30+0000 [INFO] Running in dual-source mode (Arctic Shift + RSS)
2026-06-14T20:17:31+0000 [INFO] Arctic Shift returned 3 posts
2026-06-14T20:17:32+0000 [INFO] RSS returned 100 posts
2026-06-14T20:17:32+0000 [INFO] Scanner complete (Arctic Shift+RSS). 1 new posts collected, 0 media downloaded, 1 links verified.
