2026-06-15T03:01:51+0000 [INFO] Scanner starting. Batch: 2026-06-15T03:01
2026-06-15T03:01:51+0000 [INFO] Running in dual-source mode (Arctic Shift + RSS)
2026-06-15T03:01:52+0000 [INFO] Arctic Shift returned 2 posts
2026-06-15T03:01:53+0000 [INFO] RSS returned 100 posts
2026-06-15T03:01:54+0000 [INFO] Scanner complete (Arctic Shift+RSS). 2 new posts collected, 1 media downloaded, 1 links verified.
2026-06-15T03:06:58+0000 [INFO] Scanner starting. Batch: 2026-06-15T03:06
2026-06-15T03:06:58+0000 [INFO] Running in dual-source mode (Arctic Shift + RSS)
2026-06-15T03:07:00+0000 [INFO] Arctic Shift returned 2 posts
2026-06-15T03:07:01+0000 [INFO] RSS returned 100 posts
2026-06-15T03:07:01+0000 [INFO] Scanner complete (Arctic Shift+RSS). 1 new posts collected, 0 media downloaded, 0 links verified.
2026-06-15T03:12:01+0000 [INFO] Scanner starting. Batch: 2026-06-15T03:12
2026-06-15T03:12:01+0000 [INFO] Running in dual-source mode (Arctic Shift + RSS)
2026-06-15T03:12:02+0000 [INFO] Arctic Shift returned 4 posts
2026-06-15T03:12:03+0000 [INFO] RSS returned 100 posts
2026-06-15T03:12:06+0000 [INFO] Scanner complete (Arctic Shift+RSS). 4 new posts collected, 3 media downloaded, 1 links verified.
2026-06-15T03:16:54+0000 [INFO] Scanner starting. Batch: 2026-06-15T03:16
2026-06-15T03:16:54+0000 [INFO] Running in dual-source mode (Arctic Shift + RSS)
2026-06-15T03:16:56+0000 [INFO] Arctic Shift returned 2 posts
2026-06-15T03:16:56+0000 [INFO] RSS returned 100 posts
2026-06-15T03:16:56+0000 [INFO] Scanner complete (Arctic Shift+RSS). 1 new posts collected, 0 media downloaded, 0 links verified.
