2026-06-13T20:02:05+0000 [INFO] Scanner starting. Batch: 2026-06-13T20:02
2026-06-13T20:02:05+0000 [INFO] Running in dual-source mode (Arctic Shift + RSS)
2026-06-13T20:02:06+0000 [INFO] Arctic Shift returned 4 posts
2026-06-13T20:02:08+0000 [INFO] RSS returned 100 posts
2026-06-13T20:02:09+0000 [INFO] Scanner complete (Arctic Shift+RSS). 3 new posts collected, 1 media downloaded, 0 links verified.
2026-06-13T20:07:00+0000 [INFO] Scanner starting. Batch: 2026-06-13T20:07
2026-06-13T20:07:00+0000 [INFO] Running in dual-source mode (Arctic Shift + RSS)
2026-06-13T20:07:01+0000 [INFO] Arctic Shift returned 2 posts
2026-06-13T20:07:02+0000 [INFO] RSS returned 100 posts
2026-06-13T20:07:03+0000 [INFO] Scanner complete (Arctic Shift+RSS). 1 new posts collected, 0 media downloaded, 1 links verified.
2026-06-13T20:12:04+0000 [INFO] Scanner starting. Batch: 2026-06-13T20:12
2026-06-13T20:12:04+0000 [INFO] Running in dual-source mode (Arctic Shift + RSS)
2026-06-13T20:12:05+0000 [INFO] Arctic Shift returned 2 posts
2026-06-13T20:12:06+0000 [INFO] RSS returned 100 posts
2026-06-13T20:12:07+0000 [INFO] Scanner complete (Arctic Shift+RSS). 2 new posts collected, 3 media downloaded, 0 links verified.
2026-06-13T20:17:11+0000 [INFO] Scanner starting. Batch: 2026-06-13T20:17
2026-06-13T20:17:11+0000 [INFO] Running in dual-source mode (Arctic Shift + RSS)
2026-06-13T20:17:12+0000 [INFO] Arctic Shift returned 5 posts
2026-06-13T20:17:13+0000 [INFO] RSS returned 100 posts
2026-06-13T20:17:14+0000 [INFO] Scanner complete (Arctic Shift+RSS). 5 new posts collected, 4 media downloaded, 1 links verified.
2026-06-13T20:22:08+0000 [INFO] Scanner starting. Batch: 2026-06-13T20:22
2026-06-13T20:22:08+0000 [INFO] Running in dual-source mode (Arctic Shift + RSS)
2026-06-13T20:22:09+0000 [INFO] Arctic Shift returned 2 posts
2026-06-13T20:22:10+0000 [INFO] RSS returned 100 posts
2026-06-13T20:22:10+0000 [INFO] Scanner complete (Arctic Shift+RSS). 1 new posts collected, 2 media downloaded, 0 links verified.
2026-06-13T20:26:57+0000 [INFO] Scanner starting. Batch: 2026-06-13T20:26
2026-06-13T20:26:57+0000 [INFO] Running in dual-source mode (Arctic Shift + RSS)
2026-06-13T20:26:59+0000 [INFO] Arctic Shift returned 6 posts
2026-06-13T20:26:59+0000 [INFO] RSS returned 100 posts
2026-06-13T20:27:00+0000 [INFO] Scanner complete (Arctic Shift+RSS). 5 new posts collected, 0 media downloaded, 3 links verified.
2026-06-13T20:32:05+0000 [INFO] Scanner starting. Batch: 2026-06-13T20:32
2026-06-13T20:32:05+0000 [INFO] Running in dual-source mode (Arctic Shift + RSS)
2026-06-13T20:32:07+0000 [INFO] Arctic Shift returned 7 posts
2026-06-13T20:32:08+0000 [INFO] RSS returned 100 posts
2026-06-13T20:32:12+0000 [INFO] Scanner complete (Arctic Shift+RSS). 5 new posts collected, 3 media downloaded, 2 links verified.
2026-06-13T20:36:56+0000 [INFO] Scanner starting. Batch: 2026-06-13T20:36
2026-06-13T20:36:56+0000 [INFO] Running in dual-source mode (Arctic Shift + RSS)
2026-06-13T20:36:57+0000 [INFO] Arctic Shift returned 2 posts
2026-06-13T20:36:58+0000 [INFO] RSS returned 100 posts
2026-06-13T20:36:58+0000 [INFO] Scanner complete (Arctic Shift+RSS). 1 new posts collected, 2 media downloaded, 0 links verified.
2026-06-13T20:39:56+0000 [INFO] Scanner starting. Batch: 2026-06-13T20:39
2026-06-13T20:39:56+0000 [INFO] Running in dual-source mode (Arctic Shift + RSS)
2026-06-13T20:39:57+0000 [INFO] Arctic Shift returned 1 posts
2026-06-13T20:39:58+0000 [INFO] RSS returned 100 posts
2026-06-13T20:39:58+0000 [INFO] Scanner complete (Arctic Shift+RSS). 1 new posts collected, 2 media downloaded, 0 links verified.
2026-06-13T20:42:06+0000 [INFO] Scanner starting. Batch: 2026-06-13T20:42
2026-06-13T20:42:06+0000 [INFO] Running in dual-source mode (Arctic Shift + RSS)
2026-06-13T20:42:08+0000 [INFO] Arctic Shift returned 3 posts
2026-06-13T20:42:09+0000 [INFO] RSS returned 100 posts
2026-06-13T20:42:10+0000 [INFO] Scanner complete (Arctic Shift+RSS). 2 new posts collected, 0 media downloaded, 0 links verified.
2026-06-13T20:46:59+0000 [INFO] Scanner starting. Batch: 2026-06-13T20:46
2026-06-13T20:46:59+0000 [INFO] Running in dual-source mode (Arctic Shift + RSS)
2026-06-13T20:47:00+0000 [INFO] Arctic Shift returned 3 posts
2026-06-13T20:47:01+0000 [INFO] RSS returned 100 posts
2026-06-13T20:47:02+0000 [INFO] Scanner complete (Arctic Shift+RSS). 1 new posts collected, 0 media downloaded, 0 links verified.
2026-06-13T20:53:05+0000 [INFO] Scanner starting. Batch: 2026-06-13T20:53
2026-06-13T20:53:05+0000 [INFO] Running in dual-source mode (Arctic Shift + RSS)
2026-06-13T20:53:06+0000 [INFO] Arctic Shift returned 5 posts
2026-06-13T20:53:07+0000 [INFO] RSS returned 100 posts
2026-06-13T20:53:09+0000 [INFO] Scanner complete (Arctic Shift+RSS). 5 new posts collected, 1 media downloaded, 2 links verified.
