2026-06-18T05:02:41+0000 [INFO] Scanner starting. Batch: 2026-06-18T05:02
2026-06-18T05:02:41+0000 [INFO] Running in dual-source mode (Arctic Shift + RSS)
2026-06-18T05:02:43+0000 [INFO] Arctic Shift returned 2 posts
2026-06-18T05:02:43+0000 [INFO] RSS returned 100 posts
2026-06-18T05:02:44+0000 [INFO] Scanner complete (Arctic Shift+RSS). 2 new posts collected, 0 media downloaded, 1 links verified.
2026-06-18T05:07:53+0000 [INFO] Scanner starting. Batch: 2026-06-18T05:07
2026-06-18T05:07:53+0000 [INFO] Running in dual-source mode (Arctic Shift + RSS)
2026-06-18T05:07:54+0000 [INFO] Arctic Shift returned 0 posts
2026-06-18T05:07:55+0000 [INFO] RSS returned 100 posts
2026-06-18T05:07:55+0000 [INFO] Scanner complete (Arctic Shift+RSS). 0 new posts collected, 0 media downloaded, 0 links verified.
2026-06-18T05:12:04+0000 [INFO] Scanner starting. Batch: 2026-06-18T05:12
2026-06-18T05:12:04+0000 [INFO] Running in dual-source mode (Arctic Shift + RSS)
2026-06-18T05:12:06+0000 [INFO] Arctic Shift returned 1 posts
2026-06-18T05:12:07+0000 [INFO] RSS returned 100 posts
2026-06-18T05:12:07+0000 [INFO] Scanner complete (Arctic Shift+RSS). 1 new posts collected, 0 media downloaded, 0 links verified.
2026-06-18T05:18:17+0000 [INFO] Scanner starting. Batch: 2026-06-18T05:18
2026-06-18T05:18:17+0000 [INFO] Running in dual-source mode (Arctic Shift + RSS)
2026-06-18T05:18:18+0000 [INFO] Arctic Shift returned 1 posts
2026-06-18T05:18:19+0000 [INFO] RSS returned 100 posts
2026-06-18T05:18:19+0000 [INFO] Scanner complete (Arctic Shift+RSS). 1 new posts collected, 2 media downloaded, 0 links verified.
2026-06-18T05:22:18+0000 [INFO] Scanner starting. Batch: 2026-06-18T05:22
2026-06-18T05:22:18+0000 [INFO] Running in dual-source mode (Arctic Shift + RSS)
2026-06-18T05:22:19+0000 [INFO] Arctic Shift returned 2 posts
2026-06-18T05:22:20+0000 [INFO] RSS returned 100 posts
2026-06-18T05:22:20+0000 [INFO] Scanner complete (Arctic Shift+RSS). 1 new posts collected, 0 media downloaded, 1 links verified.
