2026-06-19T03:04:11+0000 [INFO] Scanner starting. Batch: 2026-06-19T03:04
2026-06-19T03:04:11+0000 [INFO] Running in dual-source mode (Arctic Shift + RSS)
2026-06-19T03:04:13+0000 [INFO] Arctic Shift returned 5 posts
2026-06-19T03:04:13+0000 [INFO] RSS returned 100 posts
2026-06-19T03:04:14+0000 [INFO] Scanner complete (Arctic Shift+RSS). 2 new posts collected, 2 media downloaded, 0 links verified.
2026-06-19T03:08:30+0000 [INFO] Scanner starting. Batch: 2026-06-19T03:08
2026-06-19T03:08:30+0000 [INFO] Running in dual-source mode (Arctic Shift + RSS)
2026-06-19T03:08:35+0000 [INFO] Arctic Shift returned 3 posts
2026-06-19T03:08:35+0000 [INFO] RSS returned 100 posts
2026-06-19T03:08:36+0000 [INFO] Scanner complete (Arctic Shift+RSS). 3 new posts collected, 2 media downloaded, 0 links verified.
2026-06-19T03:18:35+0000 [INFO] Scanner starting. Batch: 2026-06-19T03:18
2026-06-19T03:18:35+0000 [INFO] Running in dual-source mode (Arctic Shift + RSS)
2026-06-19T03:18:37+0000 [INFO] Arctic Shift returned 4 posts
2026-06-19T03:18:38+0000 [INFO] RSS returned 100 posts
2026-06-19T03:18:41+0000 [INFO] Scanner complete (Arctic Shift+RSS). 6 new posts collected, 6 media downloaded, 3 links verified.
2026-06-19T03:24:17+0000 [INFO] Scanner starting. Batch: 2026-06-19T03:24
2026-06-19T03:24:17+0000 [INFO] Running in dual-source mode (Arctic Shift + RSS)
2026-06-19T03:24:18+0000 [INFO] Arctic Shift returned 1 posts
2026-06-19T03:24:19+0000 [INFO] RSS returned 100 posts
2026-06-19T03:24:19+0000 [INFO] Scanner complete (Arctic Shift+RSS). 1 new posts collected, 0 media downloaded, 1 links verified.
2026-06-19T03:28:23+0000 [INFO] Scanner starting. Batch: 2026-06-19T03:28
2026-06-19T03:28:23+0000 [INFO] Running in dual-source mode (Arctic Shift + RSS)
2026-06-19T03:28:24+0000 [INFO] Arctic Shift returned 1 posts
2026-06-19T03:28:25+0000 [INFO] RSS returned 100 posts
2026-06-19T03:28:26+0000 [INFO] Scanner complete (Arctic Shift+RSS). 0 new posts collected, 0 media downloaded, 0 links verified.
2026-06-19T03:39:13+0000 [INFO] Scanner starting. Batch: 2026-06-19T03:39
2026-06-19T03:39:13+0000 [INFO] Running in dual-source mode (Arctic Shift + RSS)
2026-06-19T03:39:15+0000 [INFO] Arctic Shift returned 2 posts
2026-06-19T03:39:16+0000 [INFO] RSS returned 100 posts
2026-06-19T03:39:16+0000 [INFO] Scanner complete (Arctic Shift+RSS). 2 new posts collected, 0 media downloaded, 1 links verified.
2026-06-19T03:58:22+0000 [INFO] Scanner starting. Batch: 2026-06-19T03:58
2026-06-19T03:58:22+0000 [INFO] Running in dual-source mode (Arctic Shift + RSS)
2026-06-19T03:58:24+0000 [INFO] Arctic Shift returned 1 posts
2026-06-19T03:58:25+0000 [INFO] RSS returned 100 posts
2026-06-19T03:58:25+0000 [INFO] Scanner complete (Arctic Shift+RSS). 3 new posts collected, 0 media downloaded, 3 links verified.
