2026-06-18T20:03:40+0000 [INFO] Scanner starting. Batch: 2026-06-18T20:03
2026-06-18T20:03:40+0000 [INFO] Running in dual-source mode (Arctic Shift + RSS)
2026-06-18T20:03:41+0000 [INFO] Arctic Shift returned 3 posts
2026-06-18T20:03:42+0000 [INFO] RSS returned 100 posts
2026-06-18T20:03:43+0000 [INFO] Scanner complete (Arctic Shift+RSS). 3 new posts collected, 1 media downloaded, 1 links verified.
2026-06-18T20:08:13+0000 [INFO] Scanner starting. Batch: 2026-06-18T20:08
2026-06-18T20:08:13+0000 [INFO] Running in dual-source mode (Arctic Shift + RSS)
2026-06-18T20:08:14+0000 [INFO] Arctic Shift returned 2 posts
2026-06-18T20:08:15+0000 [INFO] RSS returned 100 posts
2026-06-18T20:08:15+0000 [INFO] Scanner complete (Arctic Shift+RSS). 2 new posts collected, 0 media downloaded, 2 links verified.
2026-06-18T20:13:22+0000 [INFO] Scanner starting. Batch: 2026-06-18T20:13
2026-06-18T20:13:22+0000 [INFO] Running in dual-source mode (Arctic Shift + RSS)
2026-06-18T20:13:23+0000 [INFO] Arctic Shift returned 2 posts
2026-06-18T20:13:24+0000 [INFO] RSS returned 100 posts
2026-06-18T20:13:24+0000 [INFO] Scanner complete (Arctic Shift+RSS). 2 new posts collected, 0 media downloaded, 1 links verified.
2026-06-18T20:18:19+0000 [INFO] Scanner starting. Batch: 2026-06-18T20:18
2026-06-18T20:18:19+0000 [INFO] Running in dual-source mode (Arctic Shift + RSS)
2026-06-18T20:18:20+0000 [INFO] Arctic Shift returned 3 posts
2026-06-18T20:18:21+0000 [INFO] RSS returned 100 posts
2026-06-18T20:18:22+0000 [INFO] Scanner complete (Arctic Shift+RSS). 2 new posts collected, 1 media downloaded, 1 links verified.
2026-06-18T20:23:38+0000 [INFO] Scanner starting. Batch: 2026-06-18T20:23
2026-06-18T20:23:38+0000 [INFO] Running in dual-source mode (Arctic Shift + RSS)
2026-06-18T20:23:40+0000 [INFO] Arctic Shift returned 3 posts
2026-06-18T20:23:40+0000 [INFO] RSS returned 100 posts
2026-06-18T20:23:41+0000 [INFO] Scanner complete (Arctic Shift+RSS). 3 new posts collected, 0 media downloaded, 1 links verified.
2026-06-18T20:28:28+0000 [INFO] Scanner starting. Batch: 2026-06-18T20:28
2026-06-18T20:28:28+0000 [INFO] Running in dual-source mode (Arctic Shift + RSS)
2026-06-18T20:28:30+0000 [INFO] Arctic Shift returned 1 posts
2026-06-18T20:28:30+0000 [INFO] RSS returned 100 posts
2026-06-18T20:28:30+0000 [INFO] Scanner complete (Arctic Shift+RSS). 0 new posts collected, 0 media downloaded, 0 links verified.
2026-06-18T20:33:25+0000 [INFO] Scanner starting. Batch: 2026-06-18T20:33
2026-06-18T20:33:25+0000 [INFO] Running in dual-source mode (Arctic Shift + RSS)
2026-06-18T20:33:26+0000 [INFO] Arctic Shift returned 1 posts
2026-06-18T20:33:27+0000 [INFO] RSS returned 100 posts
2026-06-18T20:33:28+0000 [INFO] Scanner complete (Arctic Shift+RSS). 2 new posts collected, 0 media downloaded, 1 links verified.
