2026-06-18T11:03:09+0000 [INFO] Scanner starting. Batch: 2026-06-18T11:03
2026-06-18T11:03:09+0000 [INFO] Running in dual-source mode (Arctic Shift + RSS)
2026-06-18T11:03:11+0000 [INFO] Arctic Shift returned 3 posts
2026-06-18T11:03:12+0000 [INFO] RSS returned 100 posts
2026-06-18T11:03:12+0000 [INFO] Scanner complete (Arctic Shift+RSS). 2 new posts collected, 2 media downloaded, 0 links verified.
2026-06-18T11:07:36+0000 [INFO] Scanner starting. Batch: 2026-06-18T11:07
2026-06-18T11:07:36+0000 [INFO] Running in dual-source mode (Arctic Shift + RSS)
2026-06-18T11:07:37+0000 [INFO] Arctic Shift returned 2 posts
2026-06-18T11:07:38+0000 [INFO] RSS returned 100 posts
2026-06-18T11:07:38+0000 [INFO] Scanner complete (Arctic Shift+RSS). 1 new posts collected, 0 media downloaded, 1 links verified.
2026-06-18T11:13:35+0000 [INFO] Scanner starting. Batch: 2026-06-18T11:13
2026-06-18T11:13:35+0000 [INFO] Running in dual-source mode (Arctic Shift + RSS)
2026-06-18T11:13:37+0000 [INFO] Arctic Shift returned 1 posts
2026-06-18T11:13:38+0000 [INFO] RSS returned 100 posts
2026-06-18T11:13:39+0000 [INFO] Scanner complete (Arctic Shift+RSS). 1 new posts collected, 1 media downloaded, 0 links verified.
2026-06-18T11:18:18+0000 [INFO] Scanner starting. Batch: 2026-06-18T11:18
2026-06-18T11:18:18+0000 [INFO] Running in dual-source mode (Arctic Shift + RSS)
2026-06-18T11:18:19+0000 [INFO] Arctic Shift returned 3 posts
2026-06-18T11:18:20+0000 [INFO] RSS returned 100 posts
2026-06-18T11:18:21+0000 [INFO] Scanner complete (Arctic Shift+RSS). 3 new posts collected, 2 media downloaded, 2 links verified.
2026-06-18T11:23:01+0000 [INFO] Scanner starting. Batch: 2026-06-18T11:23
2026-06-18T11:23:01+0000 [INFO] Running in dual-source mode (Arctic Shift + RSS)
2026-06-18T11:23:02+0000 [INFO] Arctic Shift returned 3 posts
2026-06-18T11:23:03+0000 [INFO] RSS returned 100 posts
2026-06-18T11:23:03+0000 [INFO] Scanner complete (Arctic Shift+RSS). 1 new posts collected, 0 media downloaded, 0 links verified.
2026-06-18T11:27:55+0000 [INFO] Scanner starting. Batch: 2026-06-18T11:27
2026-06-18T11:27:55+0000 [INFO] Running in dual-source mode (Arctic Shift + RSS)
2026-06-18T11:27:57+0000 [INFO] Arctic Shift returned 1 posts
2026-06-18T11:27:58+0000 [INFO] RSS returned 100 posts
2026-06-18T11:27:58+0000 [INFO] Scanner complete (Arctic Shift+RSS). 1 new posts collected, 0 media downloaded, 1 links verified.
2026-06-18T11:33:24+0000 [INFO] Scanner starting. Batch: 2026-06-18T11:33
2026-06-18T11:33:24+0000 [INFO] Running in dual-source mode (Arctic Shift + RSS)
2026-06-18T11:33:25+0000 [INFO] Arctic Shift returned 2 posts
2026-06-18T11:33:26+0000 [INFO] RSS returned 100 posts
2026-06-18T11:33:26+0000 [INFO] Scanner complete (Arctic Shift+RSS). 2 new posts collected, 1 media downloaded, 0 links verified.
