2026-06-13T23:02:22+0000 [INFO] Scanner starting. Batch: 2026-06-13T23:02
2026-06-13T23:02:22+0000 [INFO] Running in dual-source mode (Arctic Shift + RSS)
2026-06-13T23:02:24+0000 [INFO] Arctic Shift returned 3 posts
2026-06-13T23:02:25+0000 [INFO] RSS returned 100 posts
2026-06-13T23:02:26+0000 [INFO] Scanner complete (Arctic Shift+RSS). 1 new posts collected, 1 media downloaded, 0 links verified.
2026-06-13T23:07:06+0000 [INFO] Scanner starting. Batch: 2026-06-13T23:07
2026-06-13T23:07:06+0000 [INFO] Running in dual-source mode (Arctic Shift + RSS)
2026-06-13T23:07:08+0000 [INFO] Arctic Shift returned 2 posts
2026-06-13T23:07:09+0000 [INFO] RSS returned 100 posts
2026-06-13T23:07:09+0000 [INFO] Scanner complete (Arctic Shift+RSS). 1 new posts collected, 0 media downloaded, 1 links verified.
2026-06-13T23:12:15+0000 [INFO] Scanner starting. Batch: 2026-06-13T23:12
2026-06-13T23:12:15+0000 [INFO] Running in dual-source mode (Arctic Shift + RSS)
2026-06-13T23:12:16+0000 [INFO] Arctic Shift returned 2 posts
2026-06-13T23:12:17+0000 [INFO] RSS returned 100 posts
2026-06-13T23:12:18+0000 [INFO] Scanner complete (Arctic Shift+RSS). 2 new posts collected, 0 media downloaded, 1 links verified.
2026-06-13T23:17:12+0000 [INFO] Scanner starting. Batch: 2026-06-13T23:17
2026-06-13T23:17:12+0000 [INFO] Running in dual-source mode (Arctic Shift + RSS)
2026-06-13T23:17:17+0000 [INFO] Arctic Shift returned 2 posts
2026-06-13T23:17:18+0000 [INFO] RSS returned 100 posts
2026-06-13T23:17:19+0000 [INFO] Scanner complete (Arctic Shift+RSS). 2 new posts collected, 0 media downloaded, 1 links verified.
2026-06-13T23:22:16+0000 [INFO] Scanner starting. Batch: 2026-06-13T23:22
2026-06-13T23:22:16+0000 [INFO] Running in dual-source mode (Arctic Shift + RSS)
2026-06-13T23:22:18+0000 [INFO] Arctic Shift returned 3 posts
2026-06-13T23:22:19+0000 [INFO] RSS returned 100 posts
2026-06-13T23:22:20+0000 [INFO] Scanner complete (Arctic Shift+RSS). 2 new posts collected, 0 media downloaded, 1 links verified.
