2026-06-16T01:02:53+0000 [INFO] Scanner starting. Batch: 2026-06-16T01:02
2026-06-16T01:02:53+0000 [INFO] Running in dual-source mode (Arctic Shift + RSS)
2026-06-16T01:02:53+0000 [INFO] Arctic Shift returned 0 posts
2026-06-16T01:02:54+0000 [INFO] RSS returned 100 posts
2026-06-16T01:02:54+0000 [INFO] Scanner complete (Arctic Shift+RSS). 0 new posts collected, 0 media downloaded, 0 links verified.
2026-06-16T01:08:02+0000 [INFO] Scanner starting. Batch: 2026-06-16T01:08
2026-06-16T01:08:02+0000 [INFO] Running in dual-source mode (Arctic Shift + RSS)
2026-06-16T01:08:04+0000 [INFO] Arctic Shift returned 2 posts
2026-06-16T01:08:05+0000 [INFO] RSS returned 100 posts
2026-06-16T01:08:07+0000 [INFO] Scanner complete (Arctic Shift+RSS). 2 new posts collected, 2 media downloaded, 1 links verified.
2026-06-16T01:13:09+0000 [INFO] Scanner starting. Batch: 2026-06-16T01:13
2026-06-16T01:13:09+0000 [INFO] Running in dual-source mode (Arctic Shift + RSS)
2026-06-16T01:13:11+0000 [INFO] Arctic Shift returned 3 posts
2026-06-16T01:13:12+0000 [INFO] RSS returned 100 posts
2026-06-16T01:13:12+0000 [INFO] Scanner complete (Arctic Shift+RSS). 2 new posts collected, 0 media downloaded, 2 links verified.
2026-06-16T01:18:52+0000 [INFO] Scanner starting. Batch: 2026-06-16T01:18
2026-06-16T01:18:52+0000 [INFO] Running in dual-source mode (Arctic Shift + RSS)
2026-06-16T01:18:53+0000 [INFO] Arctic Shift returned 3 posts
2026-06-16T01:18:54+0000 [INFO] RSS returned 100 posts
2026-06-16T01:18:54+0000 [INFO] Scanner complete (Arctic Shift+RSS). 3 new posts collected, 2 media downloaded, 0 links verified.
2026-06-16T01:22:48+0000 [INFO] Scanner starting. Batch: 2026-06-16T01:22
2026-06-16T01:22:48+0000 [INFO] Running in dual-source mode (Arctic Shift + RSS)
2026-06-16T01:22:49+0000 [INFO] Arctic Shift returned 2 posts
2026-06-16T01:22:50+0000 [INFO] RSS returned 100 posts
2026-06-16T01:22:50+0000 [INFO] Scanner complete (Arctic Shift+RSS). 1 new posts collected, 2 media downloaded, 0 links verified.
2026-06-16T01:27:45+0000 [INFO] Scanner starting. Batch: 2026-06-16T01:27
2026-06-16T01:27:45+0000 [INFO] Running in dual-source mode (Arctic Shift + RSS)
2026-06-16T01:27:46+0000 [INFO] Arctic Shift returned 3 posts
2026-06-16T01:27:47+0000 [INFO] RSS returned 100 posts
2026-06-16T01:27:47+0000 [INFO] Scanner complete (Arctic Shift+RSS). 2 new posts collected, 0 media downloaded, 1 links verified.
2026-06-16T01:33:04+0000 [INFO] Scanner starting. Batch: 2026-06-16T01:33
2026-06-16T01:33:04+0000 [INFO] Running in dual-source mode (Arctic Shift + RSS)
2026-06-16T01:33:05+0000 [INFO] Arctic Shift returned 6 posts
2026-06-16T01:33:07+0000 [INFO] RSS returned 100 posts
2026-06-16T01:33:07+0000 [INFO] Scanner complete (Arctic Shift+RSS). 4 new posts collected, 4 media downloaded, 0 links verified.
2026-06-16T01:37:43+0000 [INFO] Scanner starting. Batch: 2026-06-16T01:37
2026-06-16T01:37:43+0000 [INFO] Running in dual-source mode (Arctic Shift + RSS)
2026-06-16T01:37:44+0000 [INFO] Arctic Shift returned 5 posts
2026-06-16T01:37:45+0000 [INFO] RSS returned 100 posts
2026-06-16T01:37:46+0000 [INFO] Scanner complete (Arctic Shift+RSS). 3 new posts collected, 0 media downloaded, 1 links verified.
