2026-06-15T11:02:23+0000 [INFO] Scanner starting. Batch: 2026-06-15T11:02
2026-06-15T11:02:23+0000 [INFO] Running in dual-source mode (Arctic Shift + RSS)
2026-06-15T11:02:24+0000 [INFO] Arctic Shift returned 2 posts
2026-06-15T11:02:25+0000 [INFO] RSS returned 100 posts
2026-06-15T11:02:25+0000 [INFO] Scanner complete (Arctic Shift+RSS). 2 new posts collected, 2 media downloaded, 1 links verified.
2026-06-15T11:06:59+0000 [INFO] Scanner starting. Batch: 2026-06-15T11:06
2026-06-15T11:06:59+0000 [INFO] Running in dual-source mode (Arctic Shift + RSS)
2026-06-15T11:07:00+0000 [INFO] Arctic Shift returned 3 posts
2026-06-15T11:07:01+0000 [INFO] RSS returned 100 posts
2026-06-15T11:07:01+0000 [INFO] Scanner complete (Arctic Shift+RSS). 2 new posts collected, 0 media downloaded, 1 links verified.
2026-06-15T11:12:36+0000 [INFO] Scanner starting. Batch: 2026-06-15T11:12
2026-06-15T11:12:36+0000 [INFO] Running in dual-source mode (Arctic Shift + RSS)
2026-06-15T11:12:37+0000 [INFO] Arctic Shift returned 2 posts
2026-06-15T11:12:38+0000 [INFO] RSS returned 100 posts
2026-06-15T11:12:39+0000 [INFO] Scanner complete (Arctic Shift+RSS). 2 new posts collected, 2 media downloaded, 1 links verified.
2026-06-15T11:17:02+0000 [INFO] Scanner starting. Batch: 2026-06-15T11:17
2026-06-15T11:17:02+0000 [INFO] Running in dual-source mode (Arctic Shift + RSS)
2026-06-15T11:17:03+0000 [INFO] Arctic Shift returned 2 posts
2026-06-15T11:17:04+0000 [INFO] RSS returned 100 posts
2026-06-15T11:17:05+0000 [INFO] Scanner complete (Arctic Shift+RSS). 2 new posts collected, 0 media downloaded, 2 links verified.
2026-06-15T11:22:05+0000 [INFO] Scanner starting. Batch: 2026-06-15T11:22
2026-06-15T11:22:05+0000 [INFO] Running in dual-source mode (Arctic Shift + RSS)
2026-06-15T11:22:07+0000 [INFO] Arctic Shift returned 4 posts
2026-06-15T11:22:08+0000 [INFO] RSS returned 100 posts
2026-06-15T11:22:09+0000 [INFO] Scanner complete (Arctic Shift+RSS). 2 new posts collected, 0 media downloaded, 2 links verified.
2026-06-15T11:27:07+0000 [INFO] Scanner starting. Batch: 2026-06-15T11:27
2026-06-15T11:27:07+0000 [INFO] Running in dual-source mode (Arctic Shift + RSS)
2026-06-15T11:27:08+0000 [INFO] Arctic Shift returned 1 posts
2026-06-15T11:27:09+0000 [INFO] RSS returned 100 posts
2026-06-15T11:27:09+0000 [INFO] Scanner complete (Arctic Shift+RSS). 1 new posts collected, 0 media downloaded, 1 links verified.
2026-06-15T11:32:18+0000 [INFO] Scanner starting. Batch: 2026-06-15T11:32
2026-06-15T11:32:18+0000 [INFO] Running in dual-source mode (Arctic Shift + RSS)
2026-06-15T11:32:19+0000 [INFO] Arctic Shift returned 4 posts
2026-06-15T11:32:20+0000 [INFO] RSS returned 100 posts
2026-06-15T11:32:21+0000 [INFO] Scanner complete (Arctic Shift+RSS). 4 new posts collected, 0 media downloaded, 3 links verified.
2026-06-15T11:34:51+0000 [INFO] Scanner starting. Batch: 2026-06-15T11:34
2026-06-15T11:34:51+0000 [INFO] Running in dual-source mode (Arctic Shift + RSS)
2026-06-15T11:34:53+0000 [INFO] Arctic Shift returned 6 posts
2026-06-15T11:34:54+0000 [INFO] RSS returned 100 posts
2026-06-15T11:34:55+0000 [INFO] Scanner complete (Arctic Shift+RSS). 2 new posts collected, 0 media downloaded, 1 links verified.
2026-06-15T11:37:01+0000 [INFO] Scanner starting. Batch: 2026-06-15T11:37
2026-06-15T11:37:01+0000 [INFO] Running in dual-source mode (Arctic Shift + RSS)
2026-06-15T11:37:03+0000 [INFO] Arctic Shift returned 5 posts
2026-06-15T11:37:04+0000 [INFO] RSS returned 100 posts
2026-06-15T11:37:04+0000 [INFO] Scanner complete (Arctic Shift+RSS). 1 new posts collected, 0 media downloaded, 0 links verified.
2026-06-15T11:42:10+0000 [INFO] Scanner starting. Batch: 2026-06-15T11:42
2026-06-15T11:42:10+0000 [INFO] Running in dual-source mode (Arctic Shift + RSS)
2026-06-15T11:42:12+0000 [INFO] Arctic Shift returned 3 posts
2026-06-15T11:42:13+0000 [INFO] RSS returned 100 posts
2026-06-15T11:42:14+0000 [INFO] Scanner complete (Arctic Shift+RSS). 4 new posts collected, 2 media downloaded, 3 links verified.
2026-06-15T11:47:33+0000 [INFO] Scanner starting. Batch: 2026-06-15T11:47
2026-06-15T11:47:33+0000 [INFO] Running in dual-source mode (Arctic Shift + RSS)
2026-06-15T11:47:34+0000 [INFO] Arctic Shift returned 3 posts
2026-06-15T11:47:35+0000 [INFO] RSS returned 100 posts
2026-06-15T11:47:35+0000 [INFO] Scanner complete (Arctic Shift+RSS). 1 new posts collected, 0 media downloaded, 0 links verified.
