2026-06-16T05:04:10+0000 [INFO] Scanner starting. Batch: 2026-06-16T05:04
2026-06-16T05:04:10+0000 [INFO] Running in dual-source mode (Arctic Shift + RSS)
2026-06-16T05:04:11+0000 [INFO] Arctic Shift returned 1 posts
2026-06-16T05:04:12+0000 [INFO] RSS returned 100 posts
2026-06-16T05:04:12+0000 [INFO] Scanner complete (Arctic Shift+RSS). 1 new posts collected, 0 media downloaded, 0 links verified.
2026-06-16T05:13:39+0000 [INFO] Scanner starting. Batch: 2026-06-16T05:13
2026-06-16T05:13:39+0000 [INFO] Running in dual-source mode (Arctic Shift + RSS)
2026-06-16T05:13:40+0000 [INFO] Arctic Shift returned 0 posts
2026-06-16T05:13:41+0000 [INFO] RSS returned 100 posts
2026-06-16T05:13:41+0000 [INFO] Scanner complete (Arctic Shift+RSS). 0 new posts collected, 0 media downloaded, 0 links verified.
2026-06-16T05:18:27+0000 [INFO] Scanner starting. Batch: 2026-06-16T05:18
2026-06-16T05:18:27+0000 [INFO] Running in dual-source mode (Arctic Shift + RSS)
2026-06-16T05:18:28+0000 [INFO] Arctic Shift returned 2 posts
2026-06-16T05:18:29+0000 [INFO] RSS returned 100 posts
2026-06-16T05:18:29+0000 [INFO] Scanner complete (Arctic Shift+RSS). 2 new posts collected, 1 media downloaded, 1 links verified.
2026-06-16T05:23:17+0000 [INFO] Scanner starting. Batch: 2026-06-16T05:23
2026-06-16T05:23:17+0000 [INFO] Running in dual-source mode (Arctic Shift + RSS)
2026-06-16T05:23:18+0000 [INFO] Arctic Shift returned 2 posts
2026-06-16T05:23:19+0000 [INFO] RSS returned 100 posts
2026-06-16T05:23:19+0000 [INFO] Scanner complete (Arctic Shift+RSS). 1 new posts collected, 0 media downloaded, 0 links verified.
2026-06-16T05:27:58+0000 [INFO] Scanner starting. Batch: 2026-06-16T05:27
2026-06-16T05:27:58+0000 [INFO] Running in dual-source mode (Arctic Shift + RSS)
2026-06-16T05:27:59+0000 [INFO] Arctic Shift returned 3 posts
2026-06-16T05:28:00+0000 [INFO] RSS returned 100 posts
2026-06-16T05:28:03+0000 [INFO] Scanner complete (Arctic Shift+RSS). 3 new posts collected, 1 media downloaded, 1 links verified.
