2026-06-20T00:04:25+0000 [INFO] Scanner starting. Batch: 2026-06-20T00:04
2026-06-20T00:04:25+0000 [INFO] Running in dual-source mode (Arctic Shift + RSS)
2026-06-20T00:04:26+0000 [INFO] Arctic Shift returned 8 posts
2026-06-20T00:04:27+0000 [INFO] RSS returned 100 posts
2026-06-20T00:04:27+0000 [INFO] Scanner complete (Arctic Shift+RSS). 8 new posts collected, 5 media downloaded, 1 links verified.
2026-06-20T00:09:19+0000 [INFO] Scanner starting. Batch: 2026-06-20T00:09
2026-06-20T00:09:19+0000 [INFO] Running in dual-source mode (Arctic Shift + RSS)
2026-06-20T00:09:20+0000 [INFO] Arctic Shift returned 6 posts
2026-06-20T00:09:21+0000 [INFO] RSS returned 100 posts
2026-06-20T00:09:22+0000 [INFO] Scanner complete (Arctic Shift+RSS). 5 new posts collected, 6 media downloaded, 0 links verified.
2026-06-20T00:24:15+0000 [INFO] Scanner starting. Batch: 2026-06-20T00:24
2026-06-20T00:24:15+0000 [INFO] Running in dual-source mode (Arctic Shift + RSS)
2026-06-20T00:24:16+0000 [INFO] Arctic Shift returned 2 posts
2026-06-20T00:24:17+0000 [INFO] RSS returned 100 posts
2026-06-20T00:24:18+0000 [INFO] Scanner complete (Arctic Shift+RSS). 3 new posts collected, 0 media downloaded, 1 links verified.
2026-06-20T00:39:06+0000 [INFO] Scanner starting. Batch: 2026-06-20T00:39
2026-06-20T00:39:06+0000 [INFO] Running in dual-source mode (Arctic Shift + RSS)
2026-06-20T00:39:08+0000 [INFO] Arctic Shift returned 5 posts
2026-06-20T00:39:09+0000 [INFO] RSS returned 100 posts
2026-06-20T00:39:09+0000 [INFO] Scanner complete (Arctic Shift+RSS). 5 new posts collected, 1 media downloaded, 2 links verified.
2026-06-20T00:44:18+0000 [INFO] Scanner starting. Batch: 2026-06-20T00:44
2026-06-20T00:44:18+0000 [INFO] Running in dual-source mode (Arctic Shift + RSS)
2026-06-20T00:44:20+0000 [INFO] Arctic Shift returned 3 posts
2026-06-20T00:44:21+0000 [INFO] RSS returned 100 posts
2026-06-20T00:44:21+0000 [INFO] Scanner complete (Arctic Shift+RSS). 2 new posts collected, 0 media downloaded, 2 links verified.
2026-06-20T00:49:07+0000 [INFO] Scanner starting. Batch: 2026-06-20T00:49
2026-06-20T00:49:07+0000 [INFO] Running in dual-source mode (Arctic Shift + RSS)
2026-06-20T00:49:08+0000 [INFO] Arctic Shift returned 9 posts
2026-06-20T00:49:09+0000 [INFO] RSS returned 100 posts
2026-06-20T00:49:10+0000 [INFO] Scanner complete (Arctic Shift+RSS). 7 new posts collected, 2 media downloaded, 4 links verified.
