2026-06-16T10:03:46+0000 [INFO] Scanner starting. Batch: 2026-06-16T10:03
2026-06-16T10:03:46+0000 [INFO] Running in dual-source mode (Arctic Shift + RSS)
2026-06-16T10:03:47+0000 [INFO] Arctic Shift returned 5 posts
2026-06-16T10:03:48+0000 [INFO] RSS returned 100 posts
2026-06-16T10:03:49+0000 [INFO] Scanner complete (Arctic Shift+RSS). 5 new posts collected, 0 media downloaded, 3 links verified.
2026-06-16T10:08:26+0000 [INFO] Scanner starting. Batch: 2026-06-16T10:08
2026-06-16T10:08:26+0000 [INFO] Running in dual-source mode (Arctic Shift + RSS)
2026-06-16T10:08:27+0000 [INFO] Arctic Shift returned 6 posts
2026-06-16T10:08:28+0000 [INFO] RSS returned 100 posts
2026-06-16T10:08:31+0000 [INFO] Scanner complete (Arctic Shift+RSS). 4 new posts collected, 0 media downloaded, 4 links verified.
2026-06-16T10:13:26+0000 [INFO] Scanner starting. Batch: 2026-06-16T10:13
2026-06-16T10:13:26+0000 [INFO] Running in dual-source mode (Arctic Shift + RSS)
2026-06-16T10:13:27+0000 [INFO] Arctic Shift returned 3 posts
2026-06-16T10:13:28+0000 [INFO] RSS returned 100 posts
2026-06-16T10:13:28+0000 [INFO] Scanner complete (Arctic Shift+RSS). 2 new posts collected, 0 media downloaded, 2 links verified.
2026-06-16T10:18:16+0000 [INFO] Scanner starting. Batch: 2026-06-16T10:18
2026-06-16T10:18:16+0000 [INFO] Running in dual-source mode (Arctic Shift + RSS)
2026-06-16T10:18:16+0000 [INFO] Arctic Shift returned 0 posts
2026-06-16T10:18:17+0000 [INFO] RSS returned 100 posts
2026-06-16T10:18:17+0000 [INFO] Scanner complete (Arctic Shift+RSS). 0 new posts collected, 0 media downloaded, 0 links verified.
2026-06-16T10:23:39+0000 [INFO] Scanner starting. Batch: 2026-06-16T10:23
2026-06-16T10:23:39+0000 [INFO] Running in dual-source mode (Arctic Shift + RSS)
2026-06-16T10:23:41+0000 [INFO] Arctic Shift returned 2 posts
2026-06-16T10:23:41+0000 [INFO] RSS returned 100 posts
2026-06-16T10:23:42+0000 [INFO] Scanner complete (Arctic Shift+RSS). 2 new posts collected, 0 media downloaded, 1 links verified.
2026-06-16T10:28:01+0000 [INFO] Scanner starting. Batch: 2026-06-16T10:28
2026-06-16T10:28:01+0000 [INFO] Running in dual-source mode (Arctic Shift + RSS)
2026-06-16T10:28:03+0000 [INFO] Arctic Shift returned 3 posts
2026-06-16T10:28:04+0000 [INFO] RSS returned 100 posts
2026-06-16T10:28:04+0000 [INFO] Scanner complete (Arctic Shift+RSS). 1 new posts collected, 0 media downloaded, 0 links verified.
