2026-06-16T03:04:12+0000 [INFO] Scanner starting. Batch: 2026-06-16T03:04
2026-06-16T03:04:12+0000 [INFO] Running in dual-source mode (Arctic Shift + RSS)
2026-06-16T03:04:14+0000 [INFO] Arctic Shift returned 1 posts
2026-06-16T03:04:14+0000 [INFO] RSS returned 100 posts
2026-06-16T03:04:14+0000 [INFO] Scanner complete (Arctic Shift+RSS). 1 new posts collected, 0 media downloaded, 1 links verified.
2026-06-16T03:09:12+0000 [INFO] Scanner starting. Batch: 2026-06-16T03:09
2026-06-16T03:09:12+0000 [INFO] Running in dual-source mode (Arctic Shift + RSS)
2026-06-16T03:09:14+0000 [INFO] Arctic Shift returned 3 posts
2026-06-16T03:09:15+0000 [INFO] RSS returned 100 posts
2026-06-16T03:09:15+0000 [INFO] Scanner complete (Arctic Shift+RSS). 2 new posts collected, 0 media downloaded, 1 links verified.
2026-06-16T03:13:00+0000 [INFO] Scanner starting. Batch: 2026-06-16T03:13
2026-06-16T03:13:00+0000 [INFO] Running in dual-source mode (Arctic Shift + RSS)
2026-06-16T03:13:01+0000 [INFO] Arctic Shift returned 0 posts
2026-06-16T03:13:02+0000 [INFO] RSS returned 100 posts
2026-06-16T03:13:02+0000 [INFO] Scanner complete (Arctic Shift+RSS). 0 new posts collected, 0 media downloaded, 0 links verified.
2026-06-16T03:18:05+0000 [INFO] Scanner starting. Batch: 2026-06-16T03:18
2026-06-16T03:18:05+0000 [INFO] Running in dual-source mode (Arctic Shift + RSS)
2026-06-16T03:18:05+0000 [INFO] Arctic Shift returned 0 posts
2026-06-16T03:18:06+0000 [INFO] RSS returned 100 posts
2026-06-16T03:18:06+0000 [INFO] Scanner complete (Arctic Shift+RSS). 0 new posts collected, 0 media downloaded, 0 links verified.
2026-06-16T03:24:03+0000 [INFO] Scanner starting. Batch: 2026-06-16T03:24
2026-06-16T03:24:03+0000 [INFO] Running in dual-source mode (Arctic Shift + RSS)
2026-06-16T03:24:04+0000 [INFO] Arctic Shift returned 1 posts
2026-06-16T03:24:05+0000 [INFO] RSS returned 100 posts
2026-06-16T03:24:05+0000 [INFO] Scanner complete (Arctic Shift+RSS). 1 new posts collected, 2 media downloaded, 0 links verified.
2026-06-16T03:29:06+0000 [INFO] Scanner starting. Batch: 2026-06-16T03:29
2026-06-16T03:29:06+0000 [INFO] Running in dual-source mode (Arctic Shift + RSS)
2026-06-16T03:29:08+0000 [INFO] Arctic Shift returned 1 posts
2026-06-16T03:29:09+0000 [INFO] RSS returned 100 posts
2026-06-16T03:29:10+0000 [INFO] Scanner complete (Arctic Shift+RSS). 1 new posts collected, 1 media downloaded, 0 links verified.
2026-06-16T03:33:09+0000 [INFO] Scanner starting. Batch: 2026-06-16T03:33
2026-06-16T03:33:09+0000 [INFO] Running in dual-source mode (Arctic Shift + RSS)
2026-06-16T03:33:11+0000 [INFO] Arctic Shift returned 1 posts
2026-06-16T03:33:12+0000 [INFO] RSS returned 100 posts
2026-06-16T03:33:13+0000 [INFO] Scanner complete (Arctic Shift+RSS). 1 new posts collected, 2 media downloaded, 0 links verified.
2026-06-16T03:39:07+0000 [INFO] Scanner starting. Batch: 2026-06-16T03:39
2026-06-16T03:39:07+0000 [INFO] Running in dual-source mode (Arctic Shift + RSS)
2026-06-16T03:39:08+0000 [INFO] Arctic Shift returned 0 posts
2026-06-16T03:39:08+0000 [INFO] RSS returned 100 posts
2026-06-16T03:39:08+0000 [INFO] Scanner complete (Arctic Shift+RSS). 0 new posts collected, 0 media downloaded, 0 links verified.
2026-06-16T03:43:15+0000 [INFO] Scanner starting. Batch: 2026-06-16T03:43
2026-06-16T03:43:15+0000 [INFO] Running in dual-source mode (Arctic Shift + RSS)
2026-06-16T03:43:16+0000 [INFO] Arctic Shift returned 4 posts
2026-06-16T03:43:17+0000 [INFO] RSS returned 100 posts
2026-06-16T03:43:18+0000 [INFO] Scanner complete (Arctic Shift+RSS). 4 new posts collected, 8 media downloaded, 0 links verified.
