2026-06-16T20:09:07+0000 [INFO] Scanner starting. Batch: 2026-06-16T20:09
2026-06-16T20:09:07+0000 [INFO] Running in dual-source mode (Arctic Shift + RSS)
2026-06-16T20:09:08+0000 [INFO] Arctic Shift returned 5 posts
2026-06-16T20:09:09+0000 [INFO] RSS returned 100 posts
2026-06-16T20:09:10+0000 [INFO] Scanner complete (Arctic Shift+RSS). 6 new posts collected, 6 media downloaded, 2 links verified.
2026-06-16T20:14:34+0000 [INFO] Scanner starting. Batch: 2026-06-16T20:14
2026-06-16T20:14:34+0000 [INFO] Running in dual-source mode (Arctic Shift + RSS)
2026-06-16T20:14:36+0000 [INFO] Arctic Shift returned 3 posts
2026-06-16T20:14:37+0000 [INFO] RSS returned 100 posts
2026-06-16T20:14:37+0000 [INFO] Scanner complete (Arctic Shift+RSS). 2 new posts collected, 0 media downloaded, 0 links verified.
2026-06-16T20:23:48+0000 [INFO] Scanner starting. Batch: 2026-06-16T20:23
2026-06-16T20:23:48+0000 [INFO] Running in dual-source mode (Arctic Shift + RSS)
2026-06-16T20:23:50+0000 [INFO] Arctic Shift returned 2 posts
2026-06-16T20:23:51+0000 [INFO] RSS returned 100 posts
2026-06-16T20:23:52+0000 [INFO] Scanner complete (Arctic Shift+RSS). 2 new posts collected, 1 media downloaded, 1 links verified.
2026-06-16T20:28:50+0000 [INFO] Scanner starting. Batch: 2026-06-16T20:28
2026-06-16T20:28:50+0000 [INFO] Running in dual-source mode (Arctic Shift + RSS)
2026-06-16T20:28:51+0000 [INFO] Arctic Shift returned 5 posts
2026-06-16T20:28:52+0000 [INFO] RSS returned 100 posts
2026-06-16T20:28:53+0000 [INFO] Scanner complete (Arctic Shift+RSS). 4 new posts collected, 0 media downloaded, 2 links verified.
2026-06-16T20:33:42+0000 [INFO] Scanner starting. Batch: 2026-06-16T20:33
2026-06-16T20:33:42+0000 [INFO] Running in dual-source mode (Arctic Shift + RSS)
2026-06-16T20:33:43+0000 [INFO] Arctic Shift returned 10 posts
2026-06-16T20:33:44+0000 [INFO] RSS returned 100 posts
2026-06-16T20:33:46+0000 [INFO] Scanner complete (Arctic Shift+RSS). 9 new posts collected, 2 media downloaded, 3 links verified.
