2026-06-15T10:02:38+0000 [INFO] Scanner starting. Batch: 2026-06-15T10:02
2026-06-15T10:02:38+0000 [INFO] Running in dual-source mode (Arctic Shift + RSS)
2026-06-15T10:02:40+0000 [INFO] Arctic Shift returned 3 posts
2026-06-15T10:02:41+0000 [INFO] RSS returned 100 posts
2026-06-15T10:02:42+0000 [INFO] Scanner complete (Arctic Shift+RSS). 3 new posts collected, 0 media downloaded, 2 links verified.
2026-06-15T10:06:56+0000 [INFO] Scanner starting. Batch: 2026-06-15T10:06
2026-06-15T10:06:56+0000 [INFO] Running in dual-source mode (Arctic Shift + RSS)
2026-06-15T10:06:58+0000 [INFO] Arctic Shift returned 5 posts
2026-06-15T10:06:59+0000 [INFO] RSS returned 100 posts
2026-06-15T10:06:59+0000 [INFO] Scanner complete (Arctic Shift+RSS). 3 new posts collected, 0 media downloaded, 1 links verified.
2026-06-15T10:12:40+0000 [INFO] Scanner starting. Batch: 2026-06-15T10:12
2026-06-15T10:12:40+0000 [INFO] Running in dual-source mode (Arctic Shift + RSS)
2026-06-15T10:12:42+0000 [INFO] Arctic Shift returned 2 posts
2026-06-15T10:12:42+0000 [INFO] RSS returned 100 posts
2026-06-15T10:12:42+0000 [INFO] Scanner complete (Arctic Shift+RSS). 2 new posts collected, 0 media downloaded, 1 links verified.
2026-06-15T10:17:05+0000 [INFO] Scanner starting. Batch: 2026-06-15T10:17
2026-06-15T10:17:05+0000 [INFO] Running in dual-source mode (Arctic Shift + RSS)
2026-06-15T10:17:07+0000 [INFO] Arctic Shift returned 1 posts
2026-06-15T10:17:08+0000 [INFO] RSS returned 100 posts
2026-06-15T10:17:08+0000 [INFO] Scanner complete (Arctic Shift+RSS). 0 new posts collected, 0 media downloaded, 0 links verified.
