2026-06-19T21:04:23+0000 [INFO] Scanner starting. Batch: 2026-06-19T21:04
2026-06-19T21:04:23+0000 [INFO] Running in dual-source mode (Arctic Shift + RSS)
2026-06-19T21:04:24+0000 [INFO] Arctic Shift returned 9 posts
2026-06-19T21:04:25+0000 [INFO] RSS returned 100 posts
2026-06-19T21:04:30+0000 [INFO] Scanner complete (Arctic Shift+RSS). 9 new posts collected, 11 media downloaded, 2 links verified.
2026-06-19T21:09:00+0000 [INFO] Scanner starting. Batch: 2026-06-19T21:09
2026-06-19T21:09:00+0000 [INFO] Running in dual-source mode (Arctic Shift + RSS)
2026-06-19T21:09:04+0000 [INFO] Arctic Shift returned 18 posts
2026-06-19T21:09:05+0000 [INFO] RSS returned 100 posts
2026-06-19T21:09:07+0000 [INFO] Scanner complete (Arctic Shift+RSS). 13 new posts collected, 2 media downloaded, 6 links verified.
2026-06-19T21:13:55+0000 [INFO] Scanner starting. Batch: 2026-06-19T21:13
2026-06-19T21:13:55+0000 [INFO] Running in dual-source mode (Arctic Shift + RSS)
2026-06-19T21:13:57+0000 [INFO] Arctic Shift returned 10 posts
2026-06-19T21:13:58+0000 [INFO] RSS returned 100 posts
2026-06-19T21:14:00+0000 [INFO] Scanner complete (Arctic Shift+RSS). 6 new posts collected, 2 media downloaded, 3 links verified.
2026-06-19T21:19:14+0000 [INFO] Scanner starting. Batch: 2026-06-19T21:19
2026-06-19T21:19:14+0000 [INFO] Running in dual-source mode (Arctic Shift + RSS)
2026-06-19T21:19:15+0000 [INFO] Arctic Shift returned 2 posts
2026-06-19T21:19:16+0000 [INFO] RSS returned 100 posts
2026-06-19T21:19:16+0000 [INFO] Scanner complete (Arctic Shift+RSS). 1 new posts collected, 0 media downloaded, 1 links verified.
