2026-06-18T22:08:56+0000 [INFO] Scanner starting. Batch: 2026-06-18T22:08
2026-06-18T22:08:56+0000 [INFO] Running in dual-source mode (Arctic Shift + RSS)
2026-06-18T22:08:58+0000 [INFO] Arctic Shift returned 1 posts
2026-06-18T22:08:58+0000 [INFO] RSS returned 100 posts
2026-06-18T22:08:59+0000 [INFO] Scanner complete (Arctic Shift+RSS). 1 new posts collected, 0 media downloaded, 1 links verified.
2026-06-18T22:13:27+0000 [INFO] Scanner starting. Batch: 2026-06-18T22:13
2026-06-18T22:13:27+0000 [INFO] Running in dual-source mode (Arctic Shift + RSS)
2026-06-18T22:13:27+0000 [INFO] Arctic Shift returned 0 posts
2026-06-18T22:13:28+0000 [INFO] RSS returned 100 posts
2026-06-18T22:13:28+0000 [INFO] Scanner complete (Arctic Shift+RSS). 0 new posts collected, 0 media downloaded, 0 links verified.
2026-06-18T22:18:13+0000 [INFO] Scanner starting. Batch: 2026-06-18T22:18
2026-06-18T22:18:13+0000 [INFO] Running in dual-source mode (Arctic Shift + RSS)
2026-06-18T22:18:14+0000 [INFO] Arctic Shift returned 6 posts
2026-06-18T22:18:15+0000 [INFO] RSS returned 100 posts
2026-06-18T22:18:16+0000 [INFO] Scanner complete (Arctic Shift+RSS). 6 new posts collected, 3 media downloaded, 2 links verified.
2026-06-18T22:23:36+0000 [INFO] Scanner starting. Batch: 2026-06-18T22:23
2026-06-18T22:23:36+0000 [INFO] Running in dual-source mode (Arctic Shift + RSS)
2026-06-18T22:23:37+0000 [INFO] Arctic Shift returned 3 posts
2026-06-18T22:23:38+0000 [INFO] RSS returned 100 posts
2026-06-18T22:23:38+0000 [INFO] Scanner complete (Arctic Shift+RSS). 0 new posts collected, 0 media downloaded, 0 links verified.
2026-06-18T22:28:04+0000 [INFO] Scanner starting. Batch: 2026-06-18T22:28
2026-06-18T22:28:04+0000 [INFO] Running in dual-source mode (Arctic Shift + RSS)
2026-06-18T22:28:05+0000 [INFO] Arctic Shift returned 0 posts
2026-06-18T22:28:05+0000 [INFO] RSS returned 100 posts
2026-06-18T22:28:05+0000 [INFO] Scanner complete (Arctic Shift+RSS). 0 new posts collected, 0 media downloaded, 0 links verified.
2026-06-18T22:33:59+0000 [INFO] Scanner starting. Batch: 2026-06-18T22:33
2026-06-18T22:33:59+0000 [INFO] Running in dual-source mode (Arctic Shift + RSS)
2026-06-18T22:34:01+0000 [INFO] Arctic Shift returned 2 posts
2026-06-18T22:34:02+0000 [INFO] RSS returned 100 posts
2026-06-18T22:34:03+0000 [INFO] Scanner complete (Arctic Shift+RSS). 2 new posts collected, 0 media downloaded, 1 links verified.
