2026-06-19T06:04:11+0000 [INFO] Scanner starting. Batch: 2026-06-19T06:04
2026-06-19T06:04:11+0000 [INFO] Running in dual-source mode (Arctic Shift + RSS)
2026-06-19T06:04:12+0000 [INFO] Arctic Shift returned 2 posts
2026-06-19T06:04:13+0000 [INFO] RSS returned 100 posts
2026-06-19T06:04:14+0000 [INFO] Scanner complete (Arctic Shift+RSS). 2 new posts collected, 1 media downloaded, 0 links verified.
2026-06-19T06:23:31+0000 [INFO] Scanner starting. Batch: 2026-06-19T06:23
2026-06-19T06:23:31+0000 [INFO] Running in dual-source mode (Arctic Shift + RSS)
2026-06-19T06:23:32+0000 [INFO] Arctic Shift returned 0 posts
2026-06-19T06:23:33+0000 [INFO] RSS returned 100 posts
2026-06-19T06:23:33+0000 [INFO] Scanner complete (Arctic Shift+RSS). 0 new posts collected, 0 media downloaded, 0 links verified.
2026-06-19T06:29:20+0000 [INFO] Scanner starting. Batch: 2026-06-19T06:29
2026-06-19T06:29:20+0000 [INFO] Running in dual-source mode (Arctic Shift + RSS)
2026-06-19T06:29:20+0000 [INFO] Arctic Shift returned 0 posts
2026-06-19T06:29:21+0000 [INFO] RSS returned 100 posts
2026-06-19T06:29:21+0000 [INFO] Scanner complete (Arctic Shift+RSS). 0 new posts collected, 0 media downloaded, 0 links verified.
2026-06-19T06:38:42+0000 [INFO] Scanner starting. Batch: 2026-06-19T06:38
2026-06-19T06:38:42+0000 [INFO] Running in dual-source mode (Arctic Shift + RSS)
2026-06-19T06:38:44+0000 [INFO] Arctic Shift returned 2 posts
2026-06-19T06:38:44+0000 [INFO] RSS returned 100 posts
2026-06-19T06:38:45+0000 [INFO] Scanner complete (Arctic Shift+RSS). 2 new posts collected, 1 media downloaded, 0 links verified.
2026-06-19T06:58:16+0000 [INFO] Scanner starting. Batch: 2026-06-19T06:58
2026-06-19T06:58:16+0000 [INFO] Running in dual-source mode (Arctic Shift + RSS)
2026-06-19T06:58:18+0000 [INFO] Arctic Shift returned 1 posts
2026-06-19T06:58:19+0000 [INFO] RSS returned 100 posts
2026-06-19T06:58:20+0000 [INFO] Scanner complete (Arctic Shift+RSS). 3 new posts collected, 1 media downloaded, 1 links verified.
