2026-06-16T18:03:54+0000 [INFO] Scanner starting. Batch: 2026-06-16T18:03
2026-06-16T18:03:54+0000 [INFO] Running in dual-source mode (Arctic Shift + RSS)
2026-06-16T18:03:56+0000 [INFO] Arctic Shift returned 5 posts
2026-06-16T18:03:57+0000 [INFO] RSS returned 100 posts
2026-06-16T18:03:58+0000 [INFO] Scanner complete (Arctic Shift+RSS). 4 new posts collected, 0 media downloaded, 2 links verified.
2026-06-16T18:09:01+0000 [INFO] Scanner starting. Batch: 2026-06-16T18:09
2026-06-16T18:09:01+0000 [INFO] Running in dual-source mode (Arctic Shift + RSS)
2026-06-16T18:09:03+0000 [INFO] Arctic Shift returned 4 posts
2026-06-16T18:09:03+0000 [INFO] RSS returned 100 posts
2026-06-16T18:09:08+0000 [INFO] Scanner complete (Arctic Shift+RSS). 2 new posts collected, 0 media downloaded, 2 links verified.
2026-06-16T18:13:50+0000 [INFO] Scanner starting. Batch: 2026-06-16T18:13
2026-06-16T18:13:50+0000 [INFO] Running in dual-source mode (Arctic Shift + RSS)
2026-06-16T18:13:51+0000 [INFO] Arctic Shift returned 3 posts
2026-06-16T18:13:52+0000 [INFO] RSS returned 100 posts
2026-06-16T18:13:52+0000 [INFO] Scanner complete (Arctic Shift+RSS). 3 new posts collected, 2 media downloaded, 0 links verified.
2026-06-16T18:18:47+0000 [INFO] Scanner starting. Batch: 2026-06-16T18:18
2026-06-16T18:18:47+0000 [INFO] Running in dual-source mode (Arctic Shift + RSS)
2026-06-16T18:18:48+0000 [INFO] Arctic Shift returned 3 posts
2026-06-16T18:18:49+0000 [INFO] RSS returned 100 posts
2026-06-16T18:18:50+0000 [INFO] Scanner complete (Arctic Shift+RSS). 1 new posts collected, 0 media downloaded, 1 links verified.
2026-06-16T18:23:41+0000 [INFO] Scanner starting. Batch: 2026-06-16T18:23
2026-06-16T18:23:41+0000 [INFO] Running in dual-source mode (Arctic Shift + RSS)
2026-06-16T18:23:42+0000 [INFO] Arctic Shift returned 4 posts
2026-06-16T18:23:43+0000 [INFO] RSS returned 100 posts
2026-06-16T18:23:44+0000 [INFO] Scanner complete (Arctic Shift+RSS). 3 new posts collected, 4 media downloaded, 1 links verified.
2026-06-16T18:29:07+0000 [INFO] Scanner starting. Batch: 2026-06-16T18:29
2026-06-16T18:29:07+0000 [INFO] Running in dual-source mode (Arctic Shift + RSS)
2026-06-16T18:29:08+0000 [INFO] Arctic Shift returned 3 posts
2026-06-16T18:29:09+0000 [INFO] RSS returned 100 posts
2026-06-16T18:29:10+0000 [INFO] Scanner complete (Arctic Shift+RSS). 3 new posts collected, 2 media downloaded, 1 links verified.
2026-06-16T18:33:53+0000 [INFO] Scanner starting. Batch: 2026-06-16T18:33
2026-06-16T18:33:53+0000 [INFO] Running in dual-source mode (Arctic Shift + RSS)
2026-06-16T18:33:55+0000 [INFO] Arctic Shift returned 3 posts
2026-06-16T18:33:56+0000 [INFO] RSS returned 100 posts
2026-06-16T18:33:56+0000 [INFO] Scanner complete (Arctic Shift+RSS). 2 new posts collected, 2 media downloaded, 2 links verified.
2026-06-16T18:39:36+0000 [INFO] Scanner starting. Batch: 2026-06-16T18:39
2026-06-16T18:39:36+0000 [INFO] Running in dual-source mode (Arctic Shift + RSS)
2026-06-16T18:39:38+0000 [INFO] Arctic Shift returned 3 posts
2026-06-16T18:39:39+0000 [INFO] RSS returned 100 posts
2026-06-16T18:39:40+0000 [INFO] Scanner complete (Arctic Shift+RSS). 2 new posts collected, 0 media downloaded, 2 links verified.
2026-06-16T18:43:59+0000 [INFO] Scanner starting. Batch: 2026-06-16T18:43
2026-06-16T18:43:59+0000 [INFO] Running in dual-source mode (Arctic Shift + RSS)
2026-06-16T18:44:00+0000 [INFO] Arctic Shift returned 1 posts
2026-06-16T18:44:01+0000 [INFO] RSS returned 100 posts
2026-06-16T18:44:01+0000 [INFO] Scanner complete (Arctic Shift+RSS). 0 new posts collected, 0 media downloaded, 0 links verified.
