2026-06-18T13:03:29+0000 [INFO] Scanner starting. Batch: 2026-06-18T13:03
2026-06-18T13:03:29+0000 [INFO] Running in dual-source mode (Arctic Shift + RSS)
2026-06-18T13:03:31+0000 [INFO] Arctic Shift returned 4 posts
2026-06-18T13:03:32+0000 [INFO] RSS returned 100 posts
2026-06-18T13:03:35+0000 [INFO] Scanner complete (Arctic Shift+RSS). 4 new posts collected, 0 media downloaded, 4 links verified.
2026-06-18T13:08:27+0000 [INFO] Scanner starting. Batch: 2026-06-18T13:08
2026-06-18T13:08:27+0000 [INFO] Running in dual-source mode (Arctic Shift + RSS)
2026-06-18T13:08:29+0000 [INFO] Arctic Shift returned 4 posts
2026-06-18T13:08:30+0000 [INFO] RSS returned 100 posts
2026-06-18T13:08:30+0000 [INFO] Scanner complete (Arctic Shift+RSS). 2 new posts collected, 0 media downloaded, 2 links verified.
2026-06-18T13:13:45+0000 [INFO] Scanner starting. Batch: 2026-06-18T13:13
2026-06-18T13:13:45+0000 [INFO] Running in dual-source mode (Arctic Shift + RSS)
2026-06-18T13:13:47+0000 [INFO] Arctic Shift returned 1 posts
2026-06-18T13:13:47+0000 [INFO] RSS returned 100 posts
2026-06-18T13:13:48+0000 [INFO] Scanner complete (Arctic Shift+RSS). 1 new posts collected, 0 media downloaded, 1 links verified.
2026-06-18T13:23:34+0000 [INFO] Scanner starting. Batch: 2026-06-18T13:23
2026-06-18T13:23:34+0000 [INFO] Running in dual-source mode (Arctic Shift + RSS)
2026-06-18T13:23:35+0000 [INFO] Arctic Shift returned 3 posts
2026-06-18T13:23:37+0000 [INFO] RSS returned 100 posts
2026-06-18T13:23:37+0000 [INFO] Scanner complete (Arctic Shift+RSS). 3 new posts collected, 0 media downloaded, 1 links verified.
2026-06-18T13:28:44+0000 [INFO] Scanner starting. Batch: 2026-06-18T13:28
2026-06-18T13:28:44+0000 [INFO] Running in dual-source mode (Arctic Shift + RSS)
2026-06-18T13:28:44+0000 [INFO] Arctic Shift returned 0 posts
2026-06-18T13:28:45+0000 [INFO] RSS returned 100 posts
2026-06-18T13:28:45+0000 [INFO] Scanner complete (Arctic Shift+RSS). 0 new posts collected, 0 media downloaded, 0 links verified.
2026-06-18T13:33:35+0000 [INFO] Scanner starting. Batch: 2026-06-18T13:33
2026-06-18T13:33:35+0000 [INFO] Running in dual-source mode (Arctic Shift + RSS)
2026-06-18T13:33:36+0000 [INFO] Arctic Shift returned 0 posts
2026-06-18T13:33:37+0000 [INFO] RSS returned 100 posts
2026-06-18T13:33:37+0000 [INFO] Scanner complete (Arctic Shift+RSS). 0 new posts collected, 0 media downloaded, 0 links verified.
2026-06-18T13:38:07+0000 [INFO] Scanner starting. Batch: 2026-06-18T13:38
2026-06-18T13:38:07+0000 [INFO] Running in dual-source mode (Arctic Shift + RSS)
2026-06-18T13:38:08+0000 [INFO] Arctic Shift returned 0 posts
2026-06-18T13:38:09+0000 [INFO] RSS returned 100 posts
2026-06-18T13:38:09+0000 [INFO] Scanner complete (Arctic Shift+RSS). 0 new posts collected, 0 media downloaded, 0 links verified.
2026-06-18T13:48:22+0000 [INFO] Scanner starting. Batch: 2026-06-18T13:48
2026-06-18T13:48:22+0000 [INFO] Running in dual-source mode (Arctic Shift + RSS)
2026-06-18T13:48:23+0000 [INFO] Arctic Shift returned 1 posts
2026-06-18T13:48:24+0000 [INFO] RSS returned 100 posts
2026-06-18T13:48:24+0000 [INFO] Scanner complete (Arctic Shift+RSS). 2 new posts collected, 0 media downloaded, 2 links verified.
2026-06-18T13:53:33+0000 [INFO] Scanner starting. Batch: 2026-06-18T13:53
2026-06-18T13:53:33+0000 [INFO] Running in dual-source mode (Arctic Shift + RSS)
2026-06-18T13:53:34+0000 [INFO] Arctic Shift returned 1 posts
2026-06-18T13:53:35+0000 [INFO] RSS returned 100 posts
2026-06-18T13:53:35+0000 [INFO] Scanner complete (Arctic Shift+RSS). 1 new posts collected, 2 media downloaded, 0 links verified.
