2026-06-20T05:19:10+0000 [INFO] Scanner starting. Batch: 2026-06-20T05:19
2026-06-20T05:19:10+0000 [INFO] Running in dual-source mode (Arctic Shift + RSS)
2026-06-20T05:19:12+0000 [INFO] Arctic Shift returned 8 posts
2026-06-20T05:19:12+0000 [INFO] RSS returned 100 posts
2026-06-20T05:19:14+0000 [INFO] Scanner complete (Arctic Shift+RSS). 14 new posts collected, 10 media downloaded, 7 links verified.
2026-06-20T05:34:13+0000 [INFO] Scanner starting. Batch: 2026-06-20T05:34
2026-06-20T05:34:13+0000 [INFO] Running in dual-source mode (Arctic Shift + RSS)
2026-06-20T05:34:15+0000 [INFO] Arctic Shift returned 4 posts
2026-06-20T05:34:15+0000 [INFO] RSS returned 100 posts
2026-06-20T05:34:16+0000 [INFO] Scanner complete (Arctic Shift+RSS). 6 new posts collected, 3 media downloaded, 3 links verified.
2026-06-20T05:44:10+0000 [INFO] Scanner starting. Batch: 2026-06-20T05:44
2026-06-20T05:44:10+0000 [INFO] Running in dual-source mode (Arctic Shift + RSS)
2026-06-20T05:44:11+0000 [INFO] Arctic Shift returned 1 posts
2026-06-20T05:44:12+0000 [INFO] RSS returned 100 posts
2026-06-20T05:44:12+0000 [INFO] Scanner complete (Arctic Shift+RSS). 1 new posts collected, 0 media downloaded, 0 links verified.
2026-06-20T05:54:22+0000 [INFO] Scanner starting. Batch: 2026-06-20T05:54
2026-06-20T05:54:22+0000 [INFO] Running in dual-source mode (Arctic Shift + RSS)
2026-06-20T05:54:22+0000 [INFO] Arctic Shift returned 0 posts
2026-06-20T05:54:23+0000 [INFO] RSS returned 100 posts
2026-06-20T05:54:23+0000 [INFO] Scanner complete (Arctic Shift+RSS). 0 new posts collected, 0 media downloaded, 0 links verified.
