2026-06-14T08:01:37+0000 [INFO] Scanner starting. Batch: 2026-06-14T08:01
2026-06-14T08:01:37+0000 [INFO] Running in dual-source mode (Arctic Shift + RSS)
2026-06-14T08:01:38+0000 [INFO] Arctic Shift returned 1 posts
2026-06-14T08:01:39+0000 [INFO] RSS returned 100 posts
2026-06-14T08:01:39+0000 [INFO] Scanner complete (Arctic Shift+RSS). 1 new posts collected, 0 media downloaded, 0 links verified.
2026-06-14T08:06:24+0000 [INFO] Scanner starting. Batch: 2026-06-14T08:06
2026-06-14T08:06:24+0000 [INFO] Running in dual-source mode (Arctic Shift + RSS)
2026-06-14T08:06:25+0000 [INFO] Arctic Shift returned 3 posts
2026-06-14T08:06:26+0000 [INFO] RSS returned 100 posts
2026-06-14T08:06:27+0000 [INFO] Scanner complete (Arctic Shift+RSS). 2 new posts collected, 2 media downloaded, 0 links verified.
2026-06-14T08:11:27+0000 [INFO] Scanner starting. Batch: 2026-06-14T08:11
2026-06-14T08:11:27+0000 [INFO] Running in dual-source mode (Arctic Shift + RSS)
2026-06-14T08:11:29+0000 [INFO] Arctic Shift returned 1 posts
2026-06-14T08:11:30+0000 [INFO] RSS returned 100 posts
2026-06-14T08:11:30+0000 [INFO] Scanner complete (Arctic Shift+RSS). 1 new posts collected, 0 media downloaded, 1 links verified.
2026-06-14T08:16:32+0000 [INFO] Scanner starting. Batch: 2026-06-14T08:16
2026-06-14T08:16:32+0000 [INFO] Running in dual-source mode (Arctic Shift + RSS)
2026-06-14T08:16:33+0000 [INFO] Arctic Shift returned 1 posts
2026-06-14T08:16:35+0000 [INFO] RSS returned 100 posts
2026-06-14T08:16:35+0000 [INFO] Scanner complete (Arctic Shift+RSS). 1 new posts collected, 0 media downloaded, 0 links verified.
2026-06-14T08:21:39+0000 [INFO] Scanner starting. Batch: 2026-06-14T08:21
2026-06-14T08:21:39+0000 [INFO] Running in dual-source mode (Arctic Shift + RSS)
2026-06-14T08:21:40+0000 [INFO] Arctic Shift returned 1 posts
2026-06-14T08:21:41+0000 [INFO] RSS returned 100 posts
2026-06-14T08:21:43+0000 [INFO] Scanner complete (Arctic Shift+RSS). 1 new posts collected, 1 media downloaded, 0 links verified.
