2026-06-17T22:04:21+0000 [INFO] Scanner starting. Batch: 2026-06-17T22:04
2026-06-17T22:04:21+0000 [INFO] Running in dual-source mode (Arctic Shift + RSS)
2026-06-17T22:04:23+0000 [INFO] Arctic Shift returned 11 posts
2026-06-17T22:04:23+0000 [INFO] RSS returned 100 posts
2026-06-17T22:04:26+0000 [INFO] Scanner complete (Arctic Shift+RSS). 14 new posts collected, 3 media downloaded, 8 links verified.
2026-06-17T22:16:35+0000 [INFO] Scanner starting. Batch: 2026-06-17T22:16
2026-06-17T22:16:35+0000 [INFO] Running in dual-source mode (Arctic Shift + RSS)
2026-06-17T22:16:36+0000 [INFO] Arctic Shift returned 3 posts
2026-06-17T22:16:37+0000 [INFO] RSS returned 100 posts
2026-06-17T22:16:38+0000 [INFO] Scanner complete (Arctic Shift+RSS). 3 new posts collected, 2 media downloaded, 1 links verified.
2026-06-17T22:21:35+0000 [INFO] Scanner starting. Batch: 2026-06-17T22:21
2026-06-17T22:21:35+0000 [INFO] Running in dual-source mode (Arctic Shift + RSS)
2026-06-17T22:21:37+0000 [INFO] Arctic Shift returned 5 posts
2026-06-17T22:21:38+0000 [INFO] RSS returned 100 posts
2026-06-17T22:21:39+0000 [INFO] Scanner complete (Arctic Shift+RSS). 5 new posts collected, 7 media downloaded, 1 links verified.
2026-06-17T22:26:35+0000 [INFO] Scanner starting. Batch: 2026-06-17T22:26
2026-06-17T22:26:35+0000 [INFO] Running in dual-source mode (Arctic Shift + RSS)
2026-06-17T22:26:36+0000 [INFO] Arctic Shift returned 3 posts
2026-06-17T22:26:37+0000 [INFO] RSS returned 100 posts
2026-06-17T22:26:38+0000 [INFO] Scanner complete (Arctic Shift+RSS). 2 new posts collected, 2 media downloaded, 1 links verified.
2026-06-17T22:31:51+0000 [INFO] Scanner starting. Batch: 2026-06-17T22:31
2026-06-17T22:31:51+0000 [INFO] Running in dual-source mode (Arctic Shift + RSS)
2026-06-17T22:31:52+0000 [INFO] Arctic Shift returned 5 posts
2026-06-17T22:31:53+0000 [INFO] RSS returned 100 posts
2026-06-17T22:31:53+0000 [INFO] Scanner complete (Arctic Shift+RSS). 6 new posts collected, 4 media downloaded, 2 links verified.
2026-06-17T22:36:32+0000 [INFO] Scanner starting. Batch: 2026-06-17T22:36
2026-06-17T22:36:32+0000 [INFO] Running in dual-source mode (Arctic Shift + RSS)
2026-06-17T22:36:34+0000 [INFO] Arctic Shift returned 7 posts
2026-06-17T22:36:35+0000 [INFO] RSS returned 100 posts
2026-06-17T22:36:35+0000 [INFO] Scanner complete (Arctic Shift+RSS). 3 new posts collected, 1 media downloaded, 1 links verified.
2026-06-17T22:42:26+0000 [INFO] Scanner starting. Batch: 2026-06-17T22:42
2026-06-17T22:42:26+0000 [INFO] Running in dual-source mode (Arctic Shift + RSS)
2026-06-17T22:42:28+0000 [INFO] Arctic Shift returned 5 posts
2026-06-17T22:42:29+0000 [INFO] RSS returned 100 posts
2026-06-17T22:42:30+0000 [INFO] Scanner complete (Arctic Shift+RSS). 3 new posts collected, 3 media downloaded, 1 links verified.
