2026-06-14T13:02:03+0000 [INFO] Scanner starting. Batch: 2026-06-14T13:02
2026-06-14T13:02:03+0000 [INFO] Running in dual-source mode (Arctic Shift + RSS)
2026-06-14T13:02:05+0000 [INFO] Arctic Shift returned 4 posts
2026-06-14T13:02:06+0000 [INFO] RSS returned 100 posts
2026-06-14T13:02:07+0000 [INFO] Scanner complete (Arctic Shift+RSS). 3 new posts collected, 2 media downloaded, 1 links verified.
2026-06-14T13:06:39+0000 [INFO] Scanner starting. Batch: 2026-06-14T13:06
2026-06-14T13:06:39+0000 [INFO] Running in dual-source mode (Arctic Shift + RSS)
2026-06-14T13:06:40+0000 [INFO] Arctic Shift returned 5 posts
2026-06-14T13:06:41+0000 [INFO] RSS returned 100 posts
2026-06-14T13:06:42+0000 [INFO] Scanner complete (Arctic Shift+RSS). 3 new posts collected, 2 media downloaded, 2 links verified.
2026-06-14T13:11:38+0000 [INFO] Scanner starting. Batch: 2026-06-14T13:11
2026-06-14T13:11:38+0000 [INFO] Running in dual-source mode (Arctic Shift + RSS)
2026-06-14T13:11:40+0000 [INFO] Arctic Shift returned 1 posts
2026-06-14T13:11:41+0000 [INFO] RSS returned 100 posts
2026-06-14T13:11:41+0000 [INFO] Scanner complete (Arctic Shift+RSS). 0 new posts collected, 0 media downloaded, 0 links verified.
2026-06-14T13:16:44+0000 [INFO] Scanner starting. Batch: 2026-06-14T13:16
2026-06-14T13:16:44+0000 [INFO] Running in dual-source mode (Arctic Shift + RSS)
2026-06-14T13:16:46+0000 [INFO] Arctic Shift returned 2 posts
2026-06-14T13:16:47+0000 [INFO] RSS returned 100 posts
2026-06-14T13:16:47+0000 [INFO] Scanner complete (Arctic Shift+RSS). 2 new posts collected, 1 media downloaded, 0 links verified.
