2026-06-19T09:03:50+0000 [INFO] Scanner starting. Batch: 2026-06-19T09:03
2026-06-19T09:03:50+0000 [INFO] Running in dual-source mode (Arctic Shift + RSS)
2026-06-19T09:03:52+0000 [INFO] Arctic Shift returned 6 posts
2026-06-19T09:03:53+0000 [INFO] RSS returned 100 posts
2026-06-19T09:03:53+0000 [INFO] Scanner complete (Arctic Shift+RSS). 5 new posts collected, 2 media downloaded, 2 links verified.
2026-06-19T09:08:59+0000 [INFO] Scanner starting. Batch: 2026-06-19T09:08
2026-06-19T09:08:59+0000 [INFO] Running in dual-source mode (Arctic Shift + RSS)
2026-06-19T09:09:01+0000 [INFO] Arctic Shift returned 3 posts
2026-06-19T09:09:02+0000 [INFO] RSS returned 100 posts
2026-06-19T09:09:02+0000 [INFO] Scanner complete (Arctic Shift+RSS). 2 new posts collected, 0 media downloaded, 2 links verified.
2026-06-19T09:13:56+0000 [INFO] Scanner starting. Batch: 2026-06-19T09:13
2026-06-19T09:13:56+0000 [INFO] Running in dual-source mode (Arctic Shift + RSS)
2026-06-19T09:13:57+0000 [INFO] Arctic Shift returned 4 posts
2026-06-19T09:13:58+0000 [INFO] RSS returned 100 posts
2026-06-19T09:14:00+0000 [INFO] Scanner complete (Arctic Shift+RSS). 3 new posts collected, 0 media downloaded, 3 links verified.
2026-06-19T09:19:11+0000 [INFO] Scanner starting. Batch: 2026-06-19T09:19
2026-06-19T09:19:11+0000 [INFO] Running in dual-source mode (Arctic Shift + RSS)
2026-06-19T09:19:18+0000 [INFO] Arctic Shift returned 4 posts
2026-06-19T09:19:19+0000 [INFO] RSS returned 100 posts
2026-06-19T09:19:20+0000 [INFO] Scanner complete (Arctic Shift+RSS). 3 new posts collected, 0 media downloaded, 2 links verified.
2026-06-19T09:24:02+0000 [INFO] Scanner starting. Batch: 2026-06-19T09:24
2026-06-19T09:24:02+0000 [INFO] Running in dual-source mode (Arctic Shift + RSS)
2026-06-19T09:24:03+0000 [INFO] Arctic Shift returned 1 posts
2026-06-19T09:24:04+0000 [INFO] RSS returned 100 posts
2026-06-19T09:24:04+0000 [INFO] Scanner complete (Arctic Shift+RSS). 1 new posts collected, 0 media downloaded, 1 links verified.
2026-06-19T09:29:13+0000 [INFO] Scanner starting. Batch: 2026-06-19T09:29
2026-06-19T09:29:13+0000 [INFO] Running in dual-source mode (Arctic Shift + RSS)
2026-06-19T09:29:14+0000 [INFO] Arctic Shift returned 1 posts
2026-06-19T09:29:15+0000 [INFO] RSS returned 100 posts
2026-06-19T09:29:15+0000 [INFO] Scanner complete (Arctic Shift+RSS). 0 new posts collected, 0 media downloaded, 0 links verified.
2026-06-19T09:34:05+0000 [INFO] Scanner starting. Batch: 2026-06-19T09:34
2026-06-19T09:34:05+0000 [INFO] Running in dual-source mode (Arctic Shift + RSS)
2026-06-19T09:34:07+0000 [INFO] Arctic Shift returned 2 posts
2026-06-19T09:34:07+0000 [INFO] RSS returned 100 posts
2026-06-19T09:34:08+0000 [INFO] Scanner complete (Arctic Shift+RSS). 2 new posts collected, 2 media downloaded, 1 links verified.
2026-06-19T09:49:02+0000 [INFO] Scanner starting. Batch: 2026-06-19T09:49
2026-06-19T09:49:02+0000 [INFO] Running in dual-source mode (Arctic Shift + RSS)
2026-06-19T09:49:03+0000 [INFO] Arctic Shift returned 2 posts
2026-06-19T09:49:04+0000 [INFO] RSS returned 100 posts
2026-06-19T09:49:06+0000 [INFO] Scanner complete (Arctic Shift+RSS). 7 new posts collected, 3 media downloaded, 6 links verified.
2026-06-19T09:53:58+0000 [INFO] Scanner starting. Batch: 2026-06-19T09:53
2026-06-19T09:53:58+0000 [INFO] Running in dual-source mode (Arctic Shift + RSS)
2026-06-19T09:53:59+0000 [INFO] Arctic Shift returned 2 posts
2026-06-19T09:54:01+0000 [INFO] RSS returned 100 posts
2026-06-19T09:54:02+0000 [INFO] Scanner complete (Arctic Shift+RSS). 2 new posts collected, 0 media downloaded, 1 links verified.
