2026-06-19T01:08:14+0000 [INFO] Scanner starting. Batch: 2026-06-19T01:08
2026-06-19T01:08:14+0000 [INFO] Running in dual-source mode (Arctic Shift + RSS)
2026-06-19T01:08:16+0000 [INFO] Arctic Shift returned 3 posts
2026-06-19T01:08:17+0000 [INFO] RSS returned 100 posts
2026-06-19T01:08:18+0000 [INFO] Scanner complete (Arctic Shift+RSS). 3 new posts collected, 3 media downloaded, 0 links verified.
2026-06-19T01:18:33+0000 [INFO] Scanner starting. Batch: 2026-06-19T01:18
2026-06-19T01:18:33+0000 [INFO] Running in dual-source mode (Arctic Shift + RSS)
2026-06-19T01:18:35+0000 [INFO] Arctic Shift returned 2 posts
2026-06-19T01:18:35+0000 [INFO] RSS returned 100 posts
2026-06-19T01:18:36+0000 [INFO] Scanner complete (Arctic Shift+RSS). 2 new posts collected, 2 media downloaded, 1 links verified.
2026-06-19T01:28:11+0000 [INFO] Scanner starting. Batch: 2026-06-19T01:28
2026-06-19T01:28:11+0000 [INFO] Running in dual-source mode (Arctic Shift + RSS)
2026-06-19T01:28:12+0000 [INFO] Arctic Shift returned 4 posts
2026-06-19T01:28:13+0000 [INFO] RSS returned 100 posts
2026-06-19T01:28:14+0000 [INFO] Scanner complete (Arctic Shift+RSS). 4 new posts collected, 1 media downloaded, 0 links verified.
2026-06-19T01:33:42+0000 [INFO] Scanner starting. Batch: 2026-06-19T01:33
2026-06-19T01:33:42+0000 [INFO] Running in dual-source mode (Arctic Shift + RSS)
2026-06-19T01:33:42+0000 [INFO] Arctic Shift returned 0 posts
2026-06-19T01:33:43+0000 [INFO] RSS returned 100 posts
2026-06-19T01:33:43+0000 [INFO] Scanner complete (Arctic Shift+RSS). 0 new posts collected, 0 media downloaded, 0 links verified.
2026-06-19T01:43:32+0000 [INFO] Scanner starting. Batch: 2026-06-19T01:43
2026-06-19T01:43:32+0000 [INFO] Running in dual-source mode (Arctic Shift + RSS)
2026-06-19T01:43:34+0000 [INFO] Arctic Shift returned 1 posts
2026-06-19T01:43:35+0000 [INFO] RSS returned 100 posts
2026-06-19T01:43:35+0000 [INFO] Scanner complete (Arctic Shift+RSS). 1 new posts collected, 0 media downloaded, 0 links verified.
2026-06-19T01:48:45+0000 [INFO] Scanner starting. Batch: 2026-06-19T01:48
2026-06-19T01:48:45+0000 [INFO] Running in dual-source mode (Arctic Shift + RSS)
2026-06-19T01:48:47+0000 [INFO] Arctic Shift returned 1 posts
2026-06-19T01:48:48+0000 [INFO] RSS returned 100 posts
2026-06-19T01:48:48+0000 [INFO] Scanner complete (Arctic Shift+RSS). 1 new posts collected, 0 media downloaded, 0 links verified.
