2026-06-15T20:03:23+0000 [INFO] Scanner starting. Batch: 2026-06-15T20:03
2026-06-15T20:03:23+0000 [INFO] Running in dual-source mode (Arctic Shift + RSS)
2026-06-15T20:03:24+0000 [INFO] Arctic Shift returned 2 posts
2026-06-15T20:03:25+0000 [INFO] RSS returned 100 posts
2026-06-15T20:03:26+0000 [INFO] Scanner complete (Arctic Shift+RSS). 1 new posts collected, 0 media downloaded, 1 links verified.
2026-06-15T20:07:53+0000 [INFO] Scanner starting. Batch: 2026-06-15T20:07
2026-06-15T20:07:53+0000 [INFO] Running in dual-source mode (Arctic Shift + RSS)
2026-06-15T20:07:54+0000 [INFO] Arctic Shift returned 5 posts
2026-06-15T20:07:56+0000 [INFO] RSS returned 100 posts
2026-06-15T20:07:56+0000 [INFO] Scanner complete (Arctic Shift+RSS). 4 new posts collected, 0 media downloaded, 0 links verified.
2026-06-15T20:12:57+0000 [INFO] Scanner starting. Batch: 2026-06-15T20:12
2026-06-15T20:12:57+0000 [INFO] Running in dual-source mode (Arctic Shift + RSS)
2026-06-15T20:12:59+0000 [INFO] Arctic Shift returned 5 posts
2026-06-15T20:12:59+0000 [INFO] RSS returned 100 posts
2026-06-15T20:13:00+0000 [INFO] Scanner complete (Arctic Shift+RSS). 2 new posts collected, 2 media downloaded, 0 links verified.
2026-06-15T20:17:53+0000 [INFO] Scanner starting. Batch: 2026-06-15T20:17
2026-06-15T20:17:53+0000 [INFO] Running in dual-source mode (Arctic Shift + RSS)
2026-06-15T20:17:54+0000 [INFO] Arctic Shift returned 1 posts
2026-06-15T20:17:55+0000 [INFO] RSS returned 100 posts
2026-06-15T20:17:55+0000 [INFO] Scanner complete (Arctic Shift+RSS). 0 new posts collected, 0 media downloaded, 0 links verified.
2026-06-15T20:23:05+0000 [INFO] Scanner starting. Batch: 2026-06-15T20:23
2026-06-15T20:23:05+0000 [INFO] Running in dual-source mode (Arctic Shift + RSS)
2026-06-15T20:23:06+0000 [INFO] Arctic Shift returned 3 posts
2026-06-15T20:23:07+0000 [INFO] RSS returned 100 posts
2026-06-15T20:23:12+0000 [INFO] Scanner complete (Arctic Shift+RSS). 3 new posts collected, 4 media downloaded, 0 links verified.
2026-06-15T20:28:12+0000 [INFO] Scanner starting. Batch: 2026-06-15T20:28
2026-06-15T20:28:12+0000 [INFO] Running in dual-source mode (Arctic Shift + RSS)
2026-06-15T20:28:14+0000 [INFO] Arctic Shift returned 3 posts
2026-06-15T20:28:14+0000 [INFO] RSS returned 100 posts
2026-06-15T20:28:16+0000 [INFO] Scanner complete (Arctic Shift+RSS). 3 new posts collected, 2 media downloaded, 0 links verified.
2026-06-15T20:33:08+0000 [INFO] Scanner starting. Batch: 2026-06-15T20:33
2026-06-15T20:33:08+0000 [INFO] Running in dual-source mode (Arctic Shift + RSS)
2026-06-15T20:33:10+0000 [INFO] Arctic Shift returned 6 posts
2026-06-15T20:33:10+0000 [INFO] RSS returned 100 posts
2026-06-15T20:33:11+0000 [INFO] Scanner complete (Arctic Shift+RSS). 4 new posts collected, 0 media downloaded, 3 links verified.
2026-06-15T20:39:03+0000 [INFO] Scanner starting. Batch: 2026-06-15T20:39
2026-06-15T20:39:03+0000 [INFO] Running in dual-source mode (Arctic Shift + RSS)
2026-06-15T20:39:05+0000 [INFO] Arctic Shift returned 5 posts
2026-06-15T20:39:06+0000 [INFO] RSS returned 100 posts
2026-06-15T20:39:06+0000 [INFO] Scanner complete (Arctic Shift+RSS). 4 new posts collected, 2 media downloaded, 1 links verified.
2026-06-15T20:43:09+0000 [INFO] Scanner starting. Batch: 2026-06-15T20:43
2026-06-15T20:43:09+0000 [INFO] Running in dual-source mode (Arctic Shift + RSS)
2026-06-15T20:43:10+0000 [INFO] Arctic Shift returned 3 posts
2026-06-15T20:43:11+0000 [INFO] RSS returned 100 posts
2026-06-15T20:43:12+0000 [INFO] Scanner complete (Arctic Shift+RSS). 3 new posts collected, 1 media downloaded, 2 links verified.
