2026-06-20T01:04:23+0000 [INFO] Scanner starting. Batch: 2026-06-20T01:04
2026-06-20T01:04:23+0000 [INFO] Running in dual-source mode (Arctic Shift + RSS)
2026-06-20T01:04:24+0000 [INFO] Arctic Shift returned 3 posts
2026-06-20T01:04:25+0000 [INFO] RSS returned 100 posts
2026-06-20T01:04:26+0000 [INFO] Scanner complete (Arctic Shift+RSS). 3 new posts collected, 1 media downloaded, 2 links verified.
2026-06-20T01:09:14+0000 [INFO] Scanner starting. Batch: 2026-06-20T01:09
2026-06-20T01:09:14+0000 [INFO] Running in dual-source mode (Arctic Shift + RSS)
2026-06-20T01:09:17+0000 [INFO] Arctic Shift returned 5 posts
2026-06-20T01:09:18+0000 [INFO] RSS returned 100 posts
2026-06-20T01:09:18+0000 [INFO] Scanner complete (Arctic Shift+RSS). 3 new posts collected, 2 media downloaded, 2 links verified.
2026-06-20T01:19:14+0000 [INFO] Scanner starting. Batch: 2026-06-20T01:19
2026-06-20T01:19:14+0000 [INFO] Running in dual-source mode (Arctic Shift + RSS)
2026-06-20T01:19:15+0000 [INFO] Arctic Shift returned 2 posts
2026-06-20T01:19:16+0000 [INFO] RSS returned 100 posts
2026-06-20T01:19:17+0000 [INFO] Scanner complete (Arctic Shift+RSS). 3 new posts collected, 2 media downloaded, 2 links verified.
2026-06-20T01:24:19+0000 [INFO] Scanner starting. Batch: 2026-06-20T01:24
2026-06-20T01:24:19+0000 [INFO] Running in dual-source mode (Arctic Shift + RSS)
2026-06-20T01:24:21+0000 [INFO] Arctic Shift returned 3 posts
2026-06-20T01:24:22+0000 [INFO] RSS returned 100 posts
2026-06-20T01:24:22+0000 [INFO] Scanner complete (Arctic Shift+RSS). 3 new posts collected, 2 media downloaded, 2 links verified.
