2026-06-18T10:02:56+0000 [INFO] Scanner starting. Batch: 2026-06-18T10:02
2026-06-18T10:02:56+0000 [INFO] Running in dual-source mode (Arctic Shift + RSS)
2026-06-18T10:02:57+0000 [INFO] Arctic Shift returned 1 posts
2026-06-18T10:02:58+0000 [INFO] RSS returned 100 posts
2026-06-18T10:02:59+0000 [INFO] Scanner complete (Arctic Shift+RSS). 1 new posts collected, 0 media downloaded, 1 links verified.
2026-06-18T10:07:42+0000 [INFO] Scanner starting. Batch: 2026-06-18T10:07
2026-06-18T10:07:42+0000 [INFO] Running in dual-source mode (Arctic Shift + RSS)
2026-06-18T10:07:43+0000 [INFO] Arctic Shift returned 4 posts
2026-06-18T10:07:44+0000 [INFO] RSS returned 100 posts
2026-06-18T10:07:45+0000 [INFO] Scanner complete (Arctic Shift+RSS). 4 new posts collected, 3 media downloaded, 2 links verified.
2026-06-18T10:12:45+0000 [INFO] Scanner starting. Batch: 2026-06-18T10:12
2026-06-18T10:12:45+0000 [INFO] Running in dual-source mode (Arctic Shift + RSS)
2026-06-18T10:12:47+0000 [INFO] Arctic Shift returned 6 posts
2026-06-18T10:12:47+0000 [INFO] RSS returned 100 posts
2026-06-18T10:12:48+0000 [INFO] Scanner complete (Arctic Shift+RSS). 4 new posts collected, 6 media downloaded, 0 links verified.
2026-06-18T10:17:44+0000 [INFO] Scanner starting. Batch: 2026-06-18T10:17
2026-06-18T10:17:44+0000 [INFO] Running in dual-source mode (Arctic Shift + RSS)
2026-06-18T10:17:45+0000 [INFO] Arctic Shift returned 2 posts
2026-06-18T10:17:46+0000 [INFO] RSS returned 100 posts
2026-06-18T10:17:47+0000 [INFO] Scanner complete (Arctic Shift+RSS). 3 new posts collected, 4 media downloaded, 1 links verified.
