2026-06-16T19:04:12+0000 [INFO] Scanner starting. Batch: 2026-06-16T19:04
2026-06-16T19:04:12+0000 [INFO] Running in dual-source mode (Arctic Shift + RSS)
2026-06-16T19:04:13+0000 [INFO] Arctic Shift returned 0 posts
2026-06-16T19:04:13+0000 [INFO] RSS returned 100 posts
2026-06-16T19:04:13+0000 [INFO] Scanner complete (Arctic Shift+RSS). 0 new posts collected, 0 media downloaded, 0 links verified.
2026-06-16T19:09:08+0000 [INFO] Scanner starting. Batch: 2026-06-16T19:09
2026-06-16T19:09:08+0000 [INFO] Running in dual-source mode (Arctic Shift + RSS)
2026-06-16T19:09:10+0000 [INFO] Arctic Shift returned 1 posts
2026-06-16T19:09:11+0000 [INFO] RSS returned 100 posts
2026-06-16T19:09:11+0000 [INFO] Scanner complete (Arctic Shift+RSS). 1 new posts collected, 2 media downloaded, 0 links verified.
2026-06-16T19:14:14+0000 [INFO] Scanner starting. Batch: 2026-06-16T19:14
2026-06-16T19:14:14+0000 [INFO] Running in dual-source mode (Arctic Shift + RSS)
2026-06-16T19:14:15+0000 [INFO] Arctic Shift returned 2 posts
2026-06-16T19:14:17+0000 [INFO] RSS returned 100 posts
2026-06-16T19:14:17+0000 [INFO] Scanner complete (Arctic Shift+RSS). 1 new posts collected, 0 media downloaded, 0 links verified.
2026-06-16T19:24:02+0000 [INFO] Scanner starting. Batch: 2026-06-16T19:24
2026-06-16T19:24:02+0000 [INFO] Running in dual-source mode (Arctic Shift + RSS)
2026-06-16T19:24:03+0000 [INFO] Arctic Shift returned 2 posts
2026-06-16T19:24:04+0000 [INFO] RSS returned 100 posts
2026-06-16T19:24:05+0000 [INFO] Scanner complete (Arctic Shift+RSS). 2 new posts collected, 1 media downloaded, 0 links verified.
2026-06-16T19:34:24+0000 [INFO] Scanner starting. Batch: 2026-06-16T19:34
2026-06-16T19:34:24+0000 [INFO] Running in dual-source mode (Arctic Shift + RSS)
2026-06-16T19:34:25+0000 [INFO] Arctic Shift returned 8 posts
2026-06-16T19:34:26+0000 [INFO] RSS returned 100 posts
2026-06-16T19:34:29+0000 [INFO] Scanner complete (Arctic Shift+RSS). 8 new posts collected, 4 media downloaded, 1 links verified.
2026-06-16T19:38:46+0000 [INFO] Scanner starting. Batch: 2026-06-16T19:38
2026-06-16T19:38:46+0000 [INFO] Running in dual-source mode (Arctic Shift + RSS)
2026-06-16T19:38:48+0000 [INFO] Arctic Shift returned 4 posts
2026-06-16T19:38:49+0000 [INFO] RSS returned 100 posts
2026-06-16T19:38:49+0000 [INFO] Scanner complete (Arctic Shift+RSS). 2 new posts collected, 0 media downloaded, 0 links verified.
2026-06-16T19:43:51+0000 [INFO] Scanner starting. Batch: 2026-06-16T19:43
2026-06-16T19:43:51+0000 [INFO] Running in dual-source mode (Arctic Shift + RSS)
2026-06-16T19:43:52+0000 [INFO] Arctic Shift returned 1 posts
2026-06-16T19:43:53+0000 [INFO] RSS returned 100 posts
2026-06-16T19:43:53+0000 [INFO] Scanner complete (Arctic Shift+RSS). 1 new posts collected, 2 media downloaded, 0 links verified.
2026-06-16T19:48:48+0000 [INFO] Scanner starting. Batch: 2026-06-16T19:48
2026-06-16T19:48:48+0000 [INFO] Running in dual-source mode (Arctic Shift + RSS)
2026-06-16T19:48:50+0000 [INFO] Arctic Shift returned 4 posts
2026-06-16T19:48:51+0000 [INFO] RSS returned 100 posts
2026-06-16T19:48:51+0000 [INFO] Scanner complete (Arctic Shift+RSS). 4 new posts collected, 2 media downloaded, 1 links verified.
2026-06-16T19:54:02+0000 [INFO] Scanner starting. Batch: 2026-06-16T19:54
2026-06-16T19:54:02+0000 [INFO] Running in dual-source mode (Arctic Shift + RSS)
2026-06-16T19:54:03+0000 [INFO] Arctic Shift returned 4 posts
2026-06-16T19:54:04+0000 [INFO] RSS returned 100 posts
2026-06-16T19:54:05+0000 [INFO] Scanner complete (Arctic Shift+RSS). 4 new posts collected, 2 media downloaded, 1 links verified.
2026-06-16T19:58:57+0000 [INFO] Scanner starting. Batch: 2026-06-16T19:58
2026-06-16T19:58:57+0000 [INFO] Running in dual-source mode (Arctic Shift + RSS)
2026-06-16T19:58:58+0000 [INFO] Arctic Shift returned 6 posts
2026-06-16T19:58:59+0000 [INFO] RSS returned 100 posts
2026-06-16T19:59:01+0000 [INFO] Scanner complete (Arctic Shift+RSS). 4 new posts collected, 1 media downloaded, 1 links verified.
