2026-06-15T14:03:34+0000 [INFO] Scanner starting. Batch: 2026-06-15T14:03
2026-06-15T14:03:34+0000 [INFO] Running in dual-source mode (Arctic Shift + RSS)
2026-06-15T14:03:36+0000 [INFO] Arctic Shift returned 3 posts
2026-06-15T14:03:37+0000 [INFO] RSS returned 100 posts
2026-06-15T14:03:38+0000 [INFO] Scanner complete (Arctic Shift+RSS). 2 new posts collected, 2 media downloaded, 1 links verified.
2026-06-15T14:07:32+0000 [INFO] Scanner starting. Batch: 2026-06-15T14:07
2026-06-15T14:07:32+0000 [INFO] Running in dual-source mode (Arctic Shift + RSS)
2026-06-15T14:07:34+0000 [INFO] Arctic Shift returned 4 posts
2026-06-15T14:07:35+0000 [INFO] RSS returned 100 posts
2026-06-15T14:07:35+0000 [INFO] Scanner complete (Arctic Shift+RSS). 3 new posts collected, 0 media downloaded, 0 links verified.
2026-06-15T14:12:56+0000 [INFO] Scanner starting. Batch: 2026-06-15T14:12
2026-06-15T14:12:56+0000 [INFO] Running in dual-source mode (Arctic Shift + RSS)
2026-06-15T14:12:59+0000 [INFO] Arctic Shift returned 1 posts
2026-06-15T14:13:00+0000 [INFO] RSS returned 100 posts
2026-06-15T14:13:00+0000 [INFO] Scanner complete (Arctic Shift+RSS). 1 new posts collected, 0 media downloaded, 0 links verified.
2026-06-15T14:19:25+0000 [INFO] Scanner starting. Batch: 2026-06-15T14:19
2026-06-15T14:19:25+0000 [INFO] Running in dual-source mode (Arctic Shift + RSS)
2026-06-15T14:19:26+0000 [INFO] Arctic Shift returned 1 posts
2026-06-15T14:19:27+0000 [INFO] RSS returned 100 posts
2026-06-15T14:19:28+0000 [INFO] Scanner complete (Arctic Shift+RSS). 0 new posts collected, 0 media downloaded, 0 links verified.
2026-06-15T14:27:56+0000 [INFO] Scanner starting. Batch: 2026-06-15T14:27
2026-06-15T14:27:56+0000 [INFO] Running in dual-source mode (Arctic Shift + RSS)
2026-06-15T14:27:57+0000 [INFO] Arctic Shift returned 0 posts
2026-06-15T14:27:58+0000 [INFO] RSS returned 100 posts
2026-06-15T14:27:58+0000 [INFO] Scanner complete (Arctic Shift+RSS). 0 new posts collected, 0 media downloaded, 0 links verified.
2026-06-15T14:32:13+0000 [INFO] Scanner starting. Batch: 2026-06-15T14:32
2026-06-15T14:32:13+0000 [INFO] Running in dual-source mode (Arctic Shift + RSS)
2026-06-15T14:32:14+0000 [INFO] Arctic Shift returned 2 posts
2026-06-15T14:32:15+0000 [INFO] RSS returned 100 posts
2026-06-15T14:32:16+0000 [INFO] Scanner complete (Arctic Shift+RSS). 2 new posts collected, 2 media downloaded, 1 links verified.
