2026-06-14T15:01:54+0000 [INFO] Scanner starting. Batch: 2026-06-14T15:01
2026-06-14T15:01:54+0000 [INFO] Running in dual-source mode (Arctic Shift + RSS)
2026-06-14T15:01:56+0000 [INFO] Arctic Shift returned 2 posts
2026-06-14T15:01:57+0000 [INFO] RSS returned 100 posts
2026-06-14T15:01:57+0000 [INFO] Scanner complete (Arctic Shift+RSS). 2 new posts collected, 2 media downloaded, 0 links verified.
2026-06-14T15:06:46+0000 [INFO] Scanner starting. Batch: 2026-06-14T15:06
2026-06-14T15:06:46+0000 [INFO] Running in dual-source mode (Arctic Shift + RSS)
2026-06-14T15:06:47+0000 [INFO] Arctic Shift returned 2 posts
2026-06-14T15:06:48+0000 [INFO] RSS returned 100 posts
2026-06-14T15:06:48+0000 [INFO] Scanner complete (Arctic Shift+RSS). 1 new posts collected, 0 media downloaded, 0 links verified.
2026-06-14T15:11:56+0000 [INFO] Scanner starting. Batch: 2026-06-14T15:11
2026-06-14T15:11:56+0000 [INFO] Running in dual-source mode (Arctic Shift + RSS)
2026-06-14T15:11:58+0000 [INFO] Arctic Shift returned 1 posts
2026-06-14T15:11:58+0000 [INFO] RSS returned 100 posts
2026-06-14T15:11:59+0000 [INFO] Scanner complete (Arctic Shift+RSS). 1 new posts collected, 0 media downloaded, 1 links verified.
2026-06-14T15:17:05+0000 [INFO] Scanner starting. Batch: 2026-06-14T15:17
2026-06-14T15:17:05+0000 [INFO] Running in dual-source mode (Arctic Shift + RSS)
2026-06-14T15:17:06+0000 [INFO] Arctic Shift returned 1 posts
2026-06-14T15:17:07+0000 [INFO] RSS returned 100 posts
2026-06-14T15:17:07+0000 [INFO] Scanner complete (Arctic Shift+RSS). 0 new posts collected, 0 media downloaded, 0 links verified.
2026-06-14T15:21:57+0000 [INFO] Scanner starting. Batch: 2026-06-14T15:21
2026-06-14T15:21:57+0000 [INFO] Running in dual-source mode (Arctic Shift + RSS)
2026-06-14T15:21:57+0000 [INFO] Arctic Shift returned 0 posts
2026-06-14T15:21:58+0000 [INFO] RSS returned 100 posts
2026-06-14T15:21:58+0000 [INFO] Scanner complete (Arctic Shift+RSS). 0 new posts collected, 0 media downloaded, 0 links verified.
2026-06-14T15:26:51+0000 [INFO] Scanner starting. Batch: 2026-06-14T15:26
2026-06-14T15:26:51+0000 [INFO] Running in dual-source mode (Arctic Shift + RSS)
2026-06-14T15:26:53+0000 [INFO] Arctic Shift returned 1 posts
2026-06-14T15:26:54+0000 [INFO] RSS returned 100 posts
2026-06-14T15:26:54+0000 [INFO] Scanner complete (Arctic Shift+RSS). 1 new posts collected, 0 media downloaded, 1 links verified.
2026-06-14T15:32:12+0000 [INFO] Scanner starting. Batch: 2026-06-14T15:32
2026-06-14T15:32:12+0000 [INFO] Running in dual-source mode (Arctic Shift + RSS)
2026-06-14T15:32:13+0000 [INFO] Arctic Shift returned 3 posts
2026-06-14T15:32:14+0000 [INFO] RSS returned 100 posts
2026-06-14T15:32:15+0000 [INFO] Scanner complete (Arctic Shift+RSS). 2 new posts collected, 1 media downloaded, 0 links verified.
