2026-06-16T07:03:15+0000 [INFO] Scanner starting. Batch: 2026-06-16T07:03
2026-06-16T07:03:15+0000 [INFO] Running in dual-source mode (Arctic Shift + RSS)
2026-06-16T07:03:16+0000 [INFO] Arctic Shift returned 1 posts
2026-06-16T07:03:17+0000 [INFO] RSS returned 100 posts
2026-06-16T07:03:17+0000 [INFO] Scanner complete (Arctic Shift+RSS). 1 new posts collected, 1 media downloaded, 0 links verified.
2026-06-16T07:08:03+0000 [INFO] Scanner starting. Batch: 2026-06-16T07:08
2026-06-16T07:08:03+0000 [INFO] Running in dual-source mode (Arctic Shift + RSS)
2026-06-16T07:08:05+0000 [INFO] Arctic Shift returned 1 posts
2026-06-16T07:08:06+0000 [INFO] RSS returned 100 posts
2026-06-16T07:08:06+0000 [INFO] Scanner complete (Arctic Shift+RSS). 1 new posts collected, 0 media downloaded, 1 links verified.
2026-06-16T07:18:00+0000 [INFO] Scanner starting. Batch: 2026-06-16T07:18
2026-06-16T07:18:00+0000 [INFO] Running in dual-source mode (Arctic Shift + RSS)
2026-06-16T07:18:02+0000 [INFO] Arctic Shift returned 3 posts
2026-06-16T07:18:03+0000 [INFO] RSS returned 100 posts
2026-06-16T07:18:04+0000 [INFO] Scanner complete (Arctic Shift+RSS). 4 new posts collected, 1 media downloaded, 3 links verified.
2026-06-16T07:28:15+0000 [INFO] Scanner starting. Batch: 2026-06-16T07:28
2026-06-16T07:28:15+0000 [INFO] Running in dual-source mode (Arctic Shift + RSS)
2026-06-16T07:28:16+0000 [INFO] Arctic Shift returned 2 posts
2026-06-16T07:28:17+0000 [INFO] RSS returned 100 posts
2026-06-16T07:28:18+0000 [INFO] Scanner complete (Arctic Shift+RSS). 2 new posts collected, 0 media downloaded, 1 links verified.
2026-06-16T07:33:18+0000 [INFO] Scanner starting. Batch: 2026-06-16T07:33
2026-06-16T07:33:18+0000 [INFO] Running in dual-source mode (Arctic Shift + RSS)
2026-06-16T07:33:19+0000 [INFO] Arctic Shift returned 2 posts
2026-06-16T07:33:20+0000 [INFO] RSS returned 100 posts
2026-06-16T07:33:21+0000 [INFO] Scanner complete (Arctic Shift+RSS). 2 new posts collected, 4 media downloaded, 0 links verified.
