2026-06-19T14:04:29+0000 [INFO] Scanner starting. Batch: 2026-06-19T14:04
2026-06-19T14:04:29+0000 [INFO] Running in dual-source mode (Arctic Shift + RSS)
2026-06-19T14:04:30+0000 [INFO] Arctic Shift returned 2 posts
2026-06-19T14:04:31+0000 [INFO] RSS returned 100 posts
2026-06-19T14:04:32+0000 [INFO] Scanner complete (Arctic Shift+RSS). 3 new posts collected, 2 media downloaded, 2 links verified.
2026-06-19T14:14:19+0000 [INFO] Scanner starting. Batch: 2026-06-19T14:14
2026-06-19T14:14:19+0000 [INFO] Running in dual-source mode (Arctic Shift + RSS)
2026-06-19T14:14:20+0000 [INFO] Arctic Shift returned 5 posts
2026-06-19T14:14:21+0000 [INFO] RSS returned 100 posts
2026-06-19T14:14:22+0000 [INFO] Scanner complete (Arctic Shift+RSS). 6 new posts collected, 2 media downloaded, 3 links verified.
2026-06-19T14:19:05+0000 [INFO] Scanner starting. Batch: 2026-06-19T14:19
2026-06-19T14:19:05+0000 [INFO] Running in dual-source mode (Arctic Shift + RSS)
2026-06-19T14:19:07+0000 [INFO] Arctic Shift returned 2 posts
2026-06-19T14:19:08+0000 [INFO] RSS returned 100 posts
2026-06-19T14:19:08+0000 [INFO] Scanner complete (Arctic Shift+RSS). 0 new posts collected, 0 media downloaded, 0 links verified.
2026-06-19T14:23:47+0000 [INFO] Scanner starting. Batch: 2026-06-19T14:23
2026-06-19T14:23:47+0000 [INFO] Running in dual-source mode (Arctic Shift + RSS)
2026-06-19T14:23:48+0000 [INFO] Arctic Shift returned 3 posts
2026-06-19T14:23:49+0000 [INFO] RSS returned 100 posts
2026-06-19T14:23:49+0000 [INFO] Scanner complete (Arctic Shift+RSS). 3 new posts collected, 2 media downloaded, 1 links verified.
2026-06-19T14:29:03+0000 [INFO] Scanner starting. Batch: 2026-06-19T14:29
2026-06-19T14:29:03+0000 [INFO] Running in dual-source mode (Arctic Shift + RSS)
2026-06-19T14:29:04+0000 [INFO] Arctic Shift returned 1 posts
2026-06-19T14:29:05+0000 [INFO] RSS returned 100 posts
2026-06-19T14:29:06+0000 [INFO] Scanner complete (Arctic Shift+RSS). 1 new posts collected, 2 media downloaded, 0 links verified.
2026-06-19T14:34:17+0000 [INFO] Scanner starting. Batch: 2026-06-19T14:34
2026-06-19T14:34:17+0000 [INFO] Running in dual-source mode (Arctic Shift + RSS)
2026-06-19T14:34:18+0000 [INFO] Arctic Shift returned 3 posts
2026-06-19T14:34:19+0000 [INFO] RSS returned 100 posts
2026-06-19T14:34:20+0000 [INFO] Scanner complete (Arctic Shift+RSS). 3 new posts collected, 0 media downloaded, 2 links verified.
2026-06-19T14:38:58+0000 [INFO] Scanner starting. Batch: 2026-06-19T14:38
2026-06-19T14:38:58+0000 [INFO] Running in dual-source mode (Arctic Shift + RSS)
2026-06-19T14:39:00+0000 [INFO] Arctic Shift returned 1 posts
2026-06-19T14:39:00+0000 [INFO] RSS returned 100 posts
2026-06-19T14:39:00+0000 [INFO] Scanner complete (Arctic Shift+RSS). 1 new posts collected, 0 media downloaded, 0 links verified.
2026-06-19T14:43:57+0000 [INFO] Scanner starting. Batch: 2026-06-19T14:43
2026-06-19T14:43:57+0000 [INFO] Running in dual-source mode (Arctic Shift + RSS)
2026-06-19T14:43:59+0000 [INFO] Arctic Shift returned 2 posts
2026-06-19T14:44:00+0000 [INFO] RSS returned 100 posts
2026-06-19T14:44:00+0000 [INFO] Scanner complete (Arctic Shift+RSS). 2 new posts collected, 2 media downloaded, 1 links verified.
