2026-06-18T18:03:24+0000 [INFO] Scanner starting. Batch: 2026-06-18T18:03
2026-06-18T18:03:24+0000 [INFO] Running in dual-source mode (Arctic Shift + RSS)
2026-06-18T18:03:25+0000 [INFO] Arctic Shift returned 5 posts
2026-06-18T18:03:26+0000 [INFO] RSS returned 100 posts
2026-06-18T18:03:27+0000 [INFO] Scanner complete (Arctic Shift+RSS). 5 new posts collected, 13 media downloaded, 2 links verified.
2026-06-18T18:13:30+0000 [INFO] Scanner starting. Batch: 2026-06-18T18:13
2026-06-18T18:13:30+0000 [INFO] Running in dual-source mode (Arctic Shift + RSS)
2026-06-18T18:13:32+0000 [INFO] Arctic Shift returned 3 posts
2026-06-18T18:13:33+0000 [INFO] RSS returned 100 posts
2026-06-18T18:13:34+0000 [INFO] Scanner complete (Arctic Shift+RSS). 5 new posts collected, 0 media downloaded, 4 links verified.
2026-06-18T18:26:46+0000 [INFO] Scanner starting. Batch: 2026-06-18T18:26
2026-06-18T18:26:46+0000 [INFO] Running in dual-source mode (Arctic Shift + RSS)
2026-06-18T18:26:47+0000 [INFO] Arctic Shift returned 2 posts
2026-06-18T18:26:48+0000 [INFO] RSS returned 100 posts
2026-06-18T18:26:48+0000 [INFO] Scanner complete (Arctic Shift+RSS). 4 new posts collected, 0 media downloaded, 3 links verified.
2026-06-18T18:41:32+0000 [INFO] Scanner starting. Batch: 2026-06-18T18:41
2026-06-18T18:41:32+0000 [INFO] Running in dual-source mode (Arctic Shift + RSS)
2026-06-18T18:41:44+0000 [INFO] Arctic Shift returned 1 posts
2026-06-18T18:41:45+0000 [INFO] RSS returned 100 posts
2026-06-18T18:41:47+0000 [INFO] Scanner complete (Arctic Shift+RSS). 4 new posts collected, 1 media downloaded, 3 links verified.
