2026-06-19T18:04:07+0000 [INFO] Scanner starting. Batch: 2026-06-19T18:04
2026-06-19T18:04:07+0000 [INFO] Running in dual-source mode (Arctic Shift + RSS)
2026-06-19T18:04:08+0000 [INFO] Arctic Shift returned 1 posts
2026-06-19T18:04:09+0000 [INFO] RSS returned 100 posts
2026-06-19T18:04:09+0000 [INFO] Scanner complete (Arctic Shift+RSS). 1 new posts collected, 0 media downloaded, 0 links verified.
2026-06-19T18:08:46+0000 [INFO] Scanner starting. Batch: 2026-06-19T18:08
2026-06-19T18:08:46+0000 [INFO] Running in dual-source mode (Arctic Shift + RSS)
2026-06-19T18:08:48+0000 [INFO] Arctic Shift returned 2 posts
2026-06-19T18:08:48+0000 [INFO] RSS returned 100 posts
2026-06-19T18:08:48+0000 [INFO] Scanner complete (Arctic Shift+RSS). 1 new posts collected, 0 media downloaded, 1 links verified.
2026-06-19T18:14:04+0000 [INFO] Scanner starting. Batch: 2026-06-19T18:14
2026-06-19T18:14:04+0000 [INFO] Running in dual-source mode (Arctic Shift + RSS)
2026-06-19T18:14:05+0000 [INFO] Arctic Shift returned 2 posts
2026-06-19T18:14:06+0000 [INFO] RSS returned 100 posts
2026-06-19T18:14:07+0000 [INFO] Scanner complete (Arctic Shift+RSS). 2 new posts collected, 0 media downloaded, 2 links verified.
2026-06-19T18:24:14+0000 [INFO] Scanner starting. Batch: 2026-06-19T18:24
2026-06-19T18:24:14+0000 [INFO] Running in dual-source mode (Arctic Shift + RSS)
2026-06-19T18:24:15+0000 [INFO] Arctic Shift returned 0 posts
2026-06-19T18:24:16+0000 [INFO] RSS returned 100 posts
2026-06-19T18:24:16+0000 [INFO] Scanner complete (Arctic Shift+RSS). 1 new posts collected, 0 media downloaded, 1 links verified.
2026-06-19T18:29:13+0000 [INFO] Scanner starting. Batch: 2026-06-19T18:29
2026-06-19T18:29:13+0000 [INFO] Running in dual-source mode (Arctic Shift + RSS)
2026-06-19T18:29:14+0000 [INFO] Arctic Shift returned 2 posts
2026-06-19T18:29:15+0000 [INFO] RSS returned 100 posts
2026-06-19T18:29:15+0000 [INFO] Scanner complete (Arctic Shift+RSS). 1 new posts collected, 0 media downloaded, 0 links verified.
2026-06-19T18:34:12+0000 [INFO] Scanner starting. Batch: 2026-06-19T18:34
2026-06-19T18:34:12+0000 [INFO] Running in dual-source mode (Arctic Shift + RSS)
2026-06-19T18:34:13+0000 [INFO] Arctic Shift returned 2 posts
2026-06-19T18:34:14+0000 [INFO] RSS returned 100 posts
2026-06-19T18:34:14+0000 [INFO] Scanner complete (Arctic Shift+RSS). 2 new posts collected, 0 media downloaded, 1 links verified.
