2026-06-16T17:03:58+0000 [INFO] Scanner starting. Batch: 2026-06-16T17:03
2026-06-16T17:03:58+0000 [INFO] Running in dual-source mode (Arctic Shift + RSS)
2026-06-16T17:04:01+0000 [INFO] Arctic Shift returned 2 posts
2026-06-16T17:04:01+0000 [INFO] RSS returned 100 posts
2026-06-16T17:04:02+0000 [INFO] Scanner complete (Arctic Shift+RSS). 1 new posts collected, 2 media downloaded, 0 links verified.
2026-06-16T17:08:48+0000 [INFO] Scanner starting. Batch: 2026-06-16T17:08
2026-06-16T17:08:48+0000 [INFO] Running in dual-source mode (Arctic Shift + RSS)
2026-06-16T17:08:50+0000 [INFO] Arctic Shift returned 2 posts
2026-06-16T17:08:51+0000 [INFO] RSS returned 100 posts
2026-06-16T17:08:51+0000 [INFO] Scanner complete (Arctic Shift+RSS). 1 new posts collected, 1 media downloaded, 0 links verified.
2026-06-16T17:19:07+0000 [INFO] Scanner starting. Batch: 2026-06-16T17:19
2026-06-16T17:19:07+0000 [INFO] Running in dual-source mode (Arctic Shift + RSS)
2026-06-16T17:19:09+0000 [INFO] Arctic Shift returned 4 posts
2026-06-16T17:19:10+0000 [INFO] RSS returned 100 posts
2026-06-16T17:19:12+0000 [INFO] Scanner complete (Arctic Shift+RSS). 5 new posts collected, 0 media downloaded, 4 links verified.
2026-06-16T17:24:21+0000 [INFO] Scanner starting. Batch: 2026-06-16T17:24
2026-06-16T17:24:21+0000 [INFO] Running in dual-source mode (Arctic Shift + RSS)
2026-06-16T17:24:22+0000 [INFO] Arctic Shift returned 6 posts
2026-06-16T17:24:23+0000 [INFO] RSS returned 100 posts
2026-06-16T17:24:26+0000 [INFO] Scanner complete (Arctic Shift+RSS). 4 new posts collected, 1 media downloaded, 3 links verified.
