2026-06-14T01:03:07+0000 [INFO] Scanner starting. Batch: 2026-06-14T01:03
2026-06-14T01:03:07+0000 [INFO] Running in dual-source mode (Arctic Shift + RSS)
2026-06-14T01:03:08+0000 [INFO] Arctic Shift returned 0 posts
2026-06-14T01:03:09+0000 [INFO] RSS returned 100 posts
2026-06-14T01:03:09+0000 [INFO] Scanner complete (Arctic Shift+RSS). 0 new posts collected, 0 media downloaded, 0 links verified.
2026-06-14T01:07:11+0000 [INFO] Scanner starting. Batch: 2026-06-14T01:07
2026-06-14T01:07:11+0000 [INFO] Running in dual-source mode (Arctic Shift + RSS)
2026-06-14T01:07:12+0000 [INFO] Arctic Shift returned 0 posts
2026-06-14T01:07:13+0000 [INFO] RSS returned 100 posts
2026-06-14T01:07:13+0000 [INFO] Scanner complete (Arctic Shift+RSS). 0 new posts collected, 0 media downloaded, 0 links verified.
2026-06-14T01:12:19+0000 [INFO] Scanner starting. Batch: 2026-06-14T01:12
2026-06-14T01:12:19+0000 [INFO] Running in dual-source mode (Arctic Shift + RSS)
2026-06-14T01:12:21+0000 [INFO] Arctic Shift returned 2 posts
2026-06-14T01:12:22+0000 [INFO] RSS returned 100 posts
2026-06-14T01:12:22+0000 [INFO] Scanner complete (Arctic Shift+RSS). 2 new posts collected, 3 media downloaded, 0 links verified.
2026-06-14T01:17:16+0000 [INFO] Scanner starting. Batch: 2026-06-14T01:17
2026-06-14T01:17:16+0000 [INFO] Running in dual-source mode (Arctic Shift + RSS)
2026-06-14T01:17:17+0000 [INFO] Arctic Shift returned 4 posts
2026-06-14T01:17:18+0000 [INFO] RSS returned 100 posts
2026-06-14T01:17:18+0000 [INFO] Scanner complete (Arctic Shift+RSS). 3 new posts collected, 1 media downloaded, 1 links verified.
