2026-06-19T08:04:02+0000 [INFO] Scanner starting. Batch: 2026-06-19T08:04
2026-06-19T08:04:02+0000 [INFO] Running in dual-source mode (Arctic Shift + RSS)
2026-06-19T08:04:06+0000 [INFO] Arctic Shift returned 0 posts
2026-06-19T08:04:07+0000 [INFO] RSS returned 100 posts
2026-06-19T08:04:07+0000 [INFO] Scanner complete (Arctic Shift+RSS). 1 new posts collected, 0 media downloaded, 1 links verified.
2026-06-19T08:08:39+0000 [INFO] Scanner starting. Batch: 2026-06-19T08:08
2026-06-19T08:08:39+0000 [INFO] Running in dual-source mode (Arctic Shift + RSS)
2026-06-19T08:08:40+0000 [INFO] Arctic Shift returned 0 posts
2026-06-19T08:08:41+0000 [INFO] RSS returned 100 posts
2026-06-19T08:08:41+0000 [INFO] Scanner complete (Arctic Shift+RSS). 0 new posts collected, 0 media downloaded, 0 links verified.
2026-06-19T08:14:20+0000 [INFO] Scanner starting. Batch: 2026-06-19T08:14
2026-06-19T08:14:20+0000 [INFO] Running in dual-source mode (Arctic Shift + RSS)
2026-06-19T08:14:22+0000 [INFO] Arctic Shift returned 3 posts
2026-06-19T08:14:23+0000 [INFO] RSS returned 100 posts
2026-06-19T08:14:23+0000 [INFO] Scanner complete (Arctic Shift+RSS). 3 new posts collected, 0 media downloaded, 2 links verified.
2026-06-19T08:23:47+0000 [INFO] Scanner starting. Batch: 2026-06-19T08:23
2026-06-19T08:23:47+0000 [INFO] Running in dual-source mode (Arctic Shift + RSS)
2026-06-19T08:23:49+0000 [INFO] Arctic Shift returned 2 posts
2026-06-19T08:23:50+0000 [INFO] RSS returned 100 posts
2026-06-19T08:23:50+0000 [INFO] Scanner complete (Arctic Shift+RSS). 3 new posts collected, 1 media downloaded, 1 links verified.
2026-06-19T08:28:37+0000 [INFO] Scanner starting. Batch: 2026-06-19T08:28
2026-06-19T08:28:37+0000 [INFO] Running in dual-source mode (Arctic Shift + RSS)
2026-06-19T08:28:38+0000 [INFO] Arctic Shift returned 0 posts
2026-06-19T08:28:39+0000 [INFO] RSS returned 100 posts
2026-06-19T08:28:40+0000 [INFO] Scanner complete (Arctic Shift+RSS). 1 new posts collected, 0 media downloaded, 1 links verified.
