2026-06-15T02:02:01+0000 [INFO] Scanner starting. Batch: 2026-06-15T02:02
2026-06-15T02:02:01+0000 [INFO] Running in dual-source mode (Arctic Shift + RSS)
2026-06-15T02:02:02+0000 [INFO] Arctic Shift returned 2 posts
2026-06-15T02:02:03+0000 [INFO] RSS returned 100 posts
2026-06-15T02:02:05+0000 [INFO] Scanner complete (Arctic Shift+RSS). 2 new posts collected, 1 media downloaded, 1 links verified.
2026-06-15T02:06:39+0000 [INFO] Scanner starting. Batch: 2026-06-15T02:06
2026-06-15T02:06:39+0000 [INFO] Running in dual-source mode (Arctic Shift + RSS)
2026-06-15T02:06:41+0000 [INFO] Arctic Shift returned 3 posts
2026-06-15T02:06:42+0000 [INFO] RSS returned 100 posts
2026-06-15T02:06:44+0000 [INFO] Scanner complete (Arctic Shift+RSS). 2 new posts collected, 0 media downloaded, 2 links verified.
2026-06-15T02:11:45+0000 [INFO] Scanner starting. Batch: 2026-06-15T02:11
2026-06-15T02:11:45+0000 [INFO] Running in dual-source mode (Arctic Shift + RSS)
2026-06-15T02:11:46+0000 [INFO] Arctic Shift returned 6 posts
2026-06-15T02:11:47+0000 [INFO] RSS returned 100 posts
2026-06-15T02:11:48+0000 [INFO] Scanner complete (Arctic Shift+RSS). 5 new posts collected, 2 media downloaded, 2 links verified.
2026-06-15T02:16:39+0000 [INFO] Scanner starting. Batch: 2026-06-15T02:16
2026-06-15T02:16:39+0000 [INFO] Running in dual-source mode (Arctic Shift + RSS)
2026-06-15T02:16:40+0000 [INFO] Arctic Shift returned 3 posts
2026-06-15T02:16:41+0000 [INFO] RSS returned 100 posts
2026-06-15T02:16:41+0000 [INFO] Scanner complete (Arctic Shift+RSS). 2 new posts collected, 0 media downloaded, 1 links verified.
2026-06-15T02:21:53+0000 [INFO] Scanner starting. Batch: 2026-06-15T02:21
2026-06-15T02:21:53+0000 [INFO] Running in dual-source mode (Arctic Shift + RSS)
2026-06-15T02:21:53+0000 [INFO] Arctic Shift returned 0 posts
2026-06-15T02:21:54+0000 [INFO] RSS returned 100 posts
2026-06-15T02:21:54+0000 [INFO] Scanner complete (Arctic Shift+RSS). 0 new posts collected, 0 media downloaded, 0 links verified.
2026-06-15T02:26:41+0000 [INFO] Scanner starting. Batch: 2026-06-15T02:26
2026-06-15T02:26:41+0000 [INFO] Running in dual-source mode (Arctic Shift + RSS)
2026-06-15T02:26:43+0000 [INFO] Arctic Shift returned 1 posts
2026-06-15T02:26:45+0000 [INFO] RSS returned 100 posts
2026-06-15T02:26:45+0000 [INFO] Scanner complete (Arctic Shift+RSS). 1 new posts collected, 0 media downloaded, 1 links verified.
2026-06-15T02:31:42+0000 [INFO] Scanner starting. Batch: 2026-06-15T02:31
2026-06-15T02:31:42+0000 [INFO] Running in dual-source mode (Arctic Shift + RSS)
2026-06-15T02:31:44+0000 [INFO] Arctic Shift returned 5 posts
2026-06-15T02:31:45+0000 [INFO] RSS returned 100 posts
2026-06-15T02:31:46+0000 [INFO] Scanner complete (Arctic Shift+RSS). 4 new posts collected, 2 media downloaded, 2 links verified.
2026-06-15T02:36:38+0000 [INFO] Scanner starting. Batch: 2026-06-15T02:36
2026-06-15T02:36:38+0000 [INFO] Running in dual-source mode (Arctic Shift + RSS)
2026-06-15T02:36:39+0000 [INFO] Arctic Shift returned 5 posts
2026-06-15T02:36:40+0000 [INFO] RSS returned 100 posts
2026-06-15T02:36:42+0000 [INFO] Scanner complete (Arctic Shift+RSS). 2 new posts collected, 1 media downloaded, 1 links verified.
2026-06-15T02:41:39+0000 [INFO] Scanner starting. Batch: 2026-06-15T02:41
2026-06-15T02:41:39+0000 [INFO] Running in dual-source mode (Arctic Shift + RSS)
2026-06-15T02:41:40+0000 [INFO] Arctic Shift returned 3 posts
2026-06-15T02:41:42+0000 [INFO] RSS returned 100 posts
2026-06-15T02:41:42+0000 [INFO] Scanner complete (Arctic Shift+RSS). 1 new posts collected, 0 media downloaded, 0 links verified.
