2026-06-19T15:08:36+0000 [INFO] Scanner starting. Batch: 2026-06-19T15:08
2026-06-19T15:08:36+0000 [INFO] Running in dual-source mode (Arctic Shift + RSS)
2026-06-19T15:08:37+0000 [INFO] Arctic Shift returned 0 posts
2026-06-19T15:08:38+0000 [INFO] RSS returned 100 posts
2026-06-19T15:08:38+0000 [INFO] Scanner complete (Arctic Shift+RSS). 0 new posts collected, 0 media downloaded, 0 links verified.
2026-06-19T15:18:54+0000 [INFO] Scanner starting. Batch: 2026-06-19T15:18
2026-06-19T15:18:54+0000 [INFO] Running in dual-source mode (Arctic Shift + RSS)
2026-06-19T15:18:55+0000 [INFO] Arctic Shift returned 5 posts
2026-06-19T15:18:57+0000 [INFO] RSS returned 100 posts
2026-06-19T15:18:58+0000 [INFO] Scanner complete (Arctic Shift+RSS). 5 new posts collected, 1 media downloaded, 2 links verified.
2026-06-19T15:28:54+0000 [INFO] Scanner starting. Batch: 2026-06-19T15:28
2026-06-19T15:28:54+0000 [INFO] Running in dual-source mode (Arctic Shift + RSS)
2026-06-19T15:28:57+0000 [INFO] Arctic Shift returned 3 posts
2026-06-19T15:28:58+0000 [INFO] RSS returned 100 posts
2026-06-19T15:29:00+0000 [INFO] Scanner complete (Arctic Shift+RSS). 3 new posts collected, 1 media downloaded, 1 links verified.
2026-06-19T15:39:23+0000 [INFO] Scanner starting. Batch: 2026-06-19T15:39
2026-06-19T15:39:23+0000 [INFO] Running in dual-source mode (Arctic Shift + RSS)
2026-06-19T15:39:25+0000 [INFO] Arctic Shift returned 5 posts
2026-06-19T15:39:25+0000 [INFO] RSS returned 100 posts
2026-06-19T15:39:27+0000 [INFO] Scanner complete (Arctic Shift+RSS). 6 new posts collected, 2 media downloaded, 3 links verified.
2026-06-19T15:43:47+0000 [INFO] Scanner starting. Batch: 2026-06-19T15:43
2026-06-19T15:43:47+0000 [INFO] Running in dual-source mode (Arctic Shift + RSS)
2026-06-19T15:43:49+0000 [INFO] Arctic Shift returned 5 posts
2026-06-19T15:43:50+0000 [INFO] RSS returned 100 posts
2026-06-19T15:43:51+0000 [INFO] Scanner complete (Arctic Shift+RSS). 3 new posts collected, 7 media downloaded, 2 links verified.
