2026-06-18T23:03:20+0000 [INFO] Scanner starting. Batch: 2026-06-18T23:03
2026-06-18T23:03:20+0000 [INFO] Running in dual-source mode (Arctic Shift + RSS)
2026-06-18T23:03:22+0000 [INFO] Arctic Shift returned 3 posts
2026-06-18T23:03:23+0000 [INFO] RSS returned 100 posts
2026-06-18T23:03:24+0000 [INFO] Scanner complete (Arctic Shift+RSS). 2 new posts collected, 2 media downloaded, 1 links verified.
2026-06-18T23:08:08+0000 [INFO] Scanner starting. Batch: 2026-06-18T23:08
2026-06-18T23:08:08+0000 [INFO] Running in dual-source mode (Arctic Shift + RSS)
2026-06-18T23:08:13+0000 [INFO] Arctic Shift returned 3 posts
2026-06-18T23:08:14+0000 [INFO] RSS returned 100 posts
2026-06-18T23:08:14+0000 [INFO] Scanner complete (Arctic Shift+RSS). 1 new posts collected, 2 media downloaded, 0 links verified.
2026-06-18T23:13:09+0000 [INFO] Scanner starting. Batch: 2026-06-18T23:13
2026-06-18T23:13:09+0000 [INFO] Running in dual-source mode (Arctic Shift + RSS)
2026-06-18T23:13:10+0000 [INFO] Arctic Shift returned 0 posts
2026-06-18T23:13:11+0000 [INFO] RSS returned 100 posts
2026-06-18T23:13:11+0000 [INFO] Scanner complete (Arctic Shift+RSS). 0 new posts collected, 0 media downloaded, 0 links verified.
2026-06-18T23:18:09+0000 [INFO] Scanner starting. Batch: 2026-06-18T23:18
2026-06-18T23:18:09+0000 [INFO] Running in dual-source mode (Arctic Shift + RSS)
2026-06-18T23:18:10+0000 [INFO] Arctic Shift returned 5 posts
2026-06-18T23:18:11+0000 [INFO] RSS returned 100 posts
2026-06-18T23:18:14+0000 [INFO] Scanner complete (Arctic Shift+RSS). 5 new posts collected, 1 media downloaded, 4 links verified.
