2026-06-16T00:03:08+0000 [INFO] Scanner starting. Batch: 2026-06-16T00:03
2026-06-16T00:03:08+0000 [INFO] Running in dual-source mode (Arctic Shift + RSS)
2026-06-16T00:03:10+0000 [INFO] Arctic Shift returned 6 posts
2026-06-16T00:03:11+0000 [INFO] RSS returned 100 posts
2026-06-16T00:03:12+0000 [INFO] Scanner complete (Arctic Shift+RSS). 6 new posts collected, 2 media downloaded, 1 links verified.
2026-06-16T00:08:59+0000 [INFO] Scanner starting. Batch: 2026-06-16T00:08
2026-06-16T00:08:59+0000 [INFO] Running in dual-source mode (Arctic Shift + RSS)
2026-06-16T00:09:00+0000 [INFO] Arctic Shift returned 8 posts
2026-06-16T00:09:01+0000 [INFO] RSS returned 100 posts
2026-06-16T00:09:03+0000 [INFO] Scanner complete (Arctic Shift+RSS). 7 new posts collected, 4 media downloaded, 2 links verified.
2026-06-16T00:23:48+0000 [INFO] Scanner starting. Batch: 2026-06-16T00:23
2026-06-16T00:23:48+0000 [INFO] Running in dual-source mode (Arctic Shift + RSS)
2026-06-16T00:23:48+0000 [INFO] Arctic Shift returned 0 posts
2026-06-16T00:23:49+0000 [INFO] RSS returned 100 posts
2026-06-16T00:23:50+0000 [INFO] Scanner complete (Arctic Shift+RSS). 1 new posts collected, 0 media downloaded, 1 links verified.
2026-06-16T00:27:58+0000 [INFO] Scanner starting. Batch: 2026-06-16T00:27
2026-06-16T00:27:58+0000 [INFO] Running in dual-source mode (Arctic Shift + RSS)
2026-06-16T00:27:59+0000 [INFO] Arctic Shift returned 0 posts
2026-06-16T00:28:00+0000 [INFO] RSS returned 100 posts
2026-06-16T00:28:00+0000 [INFO] Scanner complete (Arctic Shift+RSS). 2 new posts collected, 0 media downloaded, 1 links verified.
2026-06-16T00:32:51+0000 [INFO] Scanner starting. Batch: 2026-06-16T00:32
2026-06-16T00:32:51+0000 [INFO] Running in dual-source mode (Arctic Shift + RSS)
2026-06-16T00:32:53+0000 [INFO] Arctic Shift returned 4 posts
2026-06-16T00:32:54+0000 [INFO] RSS returned 100 posts
2026-06-16T00:32:54+0000 [INFO] Scanner complete (Arctic Shift+RSS). 3 new posts collected, 0 media downloaded, 0 links verified.
2026-06-16T00:37:50+0000 [INFO] Scanner starting. Batch: 2026-06-16T00:37
2026-06-16T00:37:50+0000 [INFO] Running in dual-source mode (Arctic Shift + RSS)
2026-06-16T00:37:52+0000 [INFO] Arctic Shift returned 2 posts
2026-06-16T00:37:52+0000 [INFO] RSS returned 100 posts
2026-06-16T00:37:53+0000 [INFO] Scanner complete (Arctic Shift+RSS). 1 new posts collected, 2 media downloaded, 0 links verified.
2026-06-16T00:42:47+0000 [INFO] Scanner starting. Batch: 2026-06-16T00:42
2026-06-16T00:42:47+0000 [INFO] Running in dual-source mode (Arctic Shift + RSS)
2026-06-16T00:42:48+0000 [INFO] Arctic Shift returned 3 posts
2026-06-16T00:42:49+0000 [INFO] RSS returned 100 posts
2026-06-16T00:42:50+0000 [INFO] Scanner complete (Arctic Shift+RSS). 2 new posts collected, 2 media downloaded, 0 links verified.
2026-06-16T00:48:51+0000 [INFO] Scanner starting. Batch: 2026-06-16T00:48
2026-06-16T00:48:51+0000 [INFO] Running in dual-source mode (Arctic Shift + RSS)
2026-06-16T00:48:52+0000 [INFO] Arctic Shift returned 1 posts
2026-06-16T00:48:53+0000 [INFO] RSS returned 100 posts
2026-06-16T00:48:53+0000 [INFO] Scanner complete (Arctic Shift+RSS). 1 new posts collected, 0 media downloaded, 1 links verified.
2026-06-16T00:52:58+0000 [INFO] Scanner starting. Batch: 2026-06-16T00:52
2026-06-16T00:52:58+0000 [INFO] Running in dual-source mode (Arctic Shift + RSS)
2026-06-16T00:52:59+0000 [INFO] Arctic Shift returned 1 posts
2026-06-16T00:53:00+0000 [INFO] RSS returned 100 posts
2026-06-16T00:53:00+0000 [INFO] Scanner complete (Arctic Shift+RSS). 2 new posts collected, 0 media downloaded, 1 links verified.
