2026-06-16T11:04:39+0000 [INFO] Scanner starting. Batch: 2026-06-16T11:04
2026-06-16T11:04:39+0000 [INFO] Running in dual-source mode (Arctic Shift + RSS)
2026-06-16T11:04:40+0000 [INFO] Arctic Shift returned 2 posts
2026-06-16T11:04:41+0000 [INFO] RSS returned 100 posts
2026-06-16T11:04:41+0000 [INFO] Scanner complete (Arctic Shift+RSS). 2 new posts collected, 0 media downloaded, 2 links verified.
2026-06-16T11:08:46+0000 [INFO] Scanner starting. Batch: 2026-06-16T11:08
2026-06-16T11:08:46+0000 [INFO] Running in dual-source mode (Arctic Shift + RSS)
2026-06-16T11:08:48+0000 [INFO] Arctic Shift returned 2 posts
2026-06-16T11:08:49+0000 [INFO] RSS returned 100 posts
2026-06-16T11:08:50+0000 [INFO] Scanner complete (Arctic Shift+RSS). 2 new posts collected, 2 media downloaded, 1 links verified.
2026-06-16T11:13:14+0000 [INFO] Scanner starting. Batch: 2026-06-16T11:13
2026-06-16T11:13:14+0000 [INFO] Running in dual-source mode (Arctic Shift + RSS)
2026-06-16T11:13:16+0000 [INFO] Arctic Shift returned 2 posts
2026-06-16T11:13:16+0000 [INFO] RSS returned 100 posts
2026-06-16T11:13:17+0000 [INFO] Scanner complete (Arctic Shift+RSS). 1 new posts collected, 0 media downloaded, 1 links verified.
2026-06-16T11:18:28+0000 [INFO] Scanner starting. Batch: 2026-06-16T11:18
2026-06-16T11:18:28+0000 [INFO] Running in dual-source mode (Arctic Shift + RSS)
2026-06-16T11:18:29+0000 [INFO] Arctic Shift returned 1 posts
2026-06-16T11:18:30+0000 [INFO] RSS returned 100 posts
2026-06-16T11:18:31+0000 [INFO] Scanner complete (Arctic Shift+RSS). 1 new posts collected, 0 media downloaded, 1 links verified.
2026-06-16T11:24:08+0000 [INFO] Scanner starting. Batch: 2026-06-16T11:24
2026-06-16T11:24:08+0000 [INFO] Running in dual-source mode (Arctic Shift + RSS)
2026-06-16T11:24:25+0000 [INFO] Arctic Shift returned 0 posts
2026-06-16T11:24:26+0000 [INFO] RSS returned 100 posts
2026-06-16T11:24:26+0000 [INFO] Scanner complete (Arctic Shift+RSS). 0 new posts collected, 0 media downloaded, 0 links verified.
2026-06-16T11:28:06+0000 [INFO] Scanner starting. Batch: 2026-06-16T11:28
2026-06-16T11:28:06+0000 [INFO] Running in dual-source mode (Arctic Shift + RSS)
2026-06-16T11:28:28+0000 [INFO] Arctic Shift returned 0 posts
2026-06-16T11:28:29+0000 [INFO] RSS returned 100 posts
2026-06-16T11:28:29+0000 [INFO] Scanner complete (Arctic Shift+RSS). 0 new posts collected, 0 media downloaded, 0 links verified.
2026-06-16T11:33:35+0000 [INFO] Scanner starting. Batch: 2026-06-16T11:33
2026-06-16T11:33:35+0000 [INFO] Running in dual-source mode (Arctic Shift + RSS)
2026-06-16T11:33:37+0000 [INFO] Arctic Shift returned 2 posts
2026-06-16T11:33:37+0000 [INFO] RSS returned 100 posts
2026-06-16T11:33:38+0000 [INFO] Scanner complete (Arctic Shift+RSS). 2 new posts collected, 2 media downloaded, 1 links verified.
2026-06-16T11:38:00+0000 [INFO] Scanner starting. Batch: 2026-06-16T11:38
2026-06-16T11:38:00+0000 [INFO] Running in dual-source mode (Arctic Shift + RSS)
2026-06-16T11:38:02+0000 [INFO] Arctic Shift returned 1 posts
2026-06-16T11:38:03+0000 [INFO] RSS returned 100 posts
2026-06-16T11:38:03+0000 [INFO] Scanner complete (Arctic Shift+RSS). 1 new posts collected, 0 media downloaded, 1 links verified.
2026-06-16T11:43:33+0000 [INFO] Scanner starting. Batch: 2026-06-16T11:43
2026-06-16T11:43:33+0000 [INFO] Running in dual-source mode (Arctic Shift + RSS)
2026-06-16T11:43:34+0000 [INFO] Arctic Shift returned 0 posts
2026-06-16T11:43:34+0000 [INFO] RSS returned 100 posts
2026-06-16T11:43:34+0000 [INFO] Scanner complete (Arctic Shift+RSS). 0 new posts collected, 0 media downloaded, 0 links verified.
2026-06-16T11:48:50+0000 [INFO] Scanner starting. Batch: 2026-06-16T11:48
2026-06-16T11:48:50+0000 [INFO] Running in dual-source mode (Arctic Shift + RSS)
2026-06-16T11:48:51+0000 [INFO] Arctic Shift returned 3 posts
2026-06-16T11:48:52+0000 [INFO] RSS returned 100 posts
2026-06-16T11:48:52+0000 [INFO] Scanner complete (Arctic Shift+RSS). 3 new posts collected, 0 media downloaded, 2 links verified.
