2026-06-17T04:04:12+0000 [INFO] Scanner starting. Batch: 2026-06-17T04:04
2026-06-17T04:04:12+0000 [INFO] Running in dual-source mode (Arctic Shift + RSS)
2026-06-17T04:04:13+0000 [INFO] Arctic Shift returned 2 posts
2026-06-17T04:04:14+0000 [INFO] RSS returned 100 posts
2026-06-17T04:04:15+0000 [INFO] Scanner complete (Arctic Shift+RSS). 2 new posts collected, 4 media downloaded, 0 links verified.
2026-06-17T04:14:26+0000 [INFO] Scanner starting. Batch: 2026-06-17T04:14
2026-06-17T04:14:26+0000 [INFO] Running in dual-source mode (Arctic Shift + RSS)
2026-06-17T04:14:27+0000 [INFO] Arctic Shift returned 1 posts
2026-06-17T04:14:29+0000 [INFO] RSS returned 100 posts
2026-06-17T04:14:29+0000 [INFO] Scanner complete (Arctic Shift+RSS). 1 new posts collected, 1 media downloaded, 0 links verified.
2026-06-17T04:19:07+0000 [INFO] Scanner starting. Batch: 2026-06-17T04:19
2026-06-17T04:19:07+0000 [INFO] Running in dual-source mode (Arctic Shift + RSS)
2026-06-17T04:19:09+0000 [INFO] Arctic Shift returned 1 posts
2026-06-17T04:19:09+0000 [INFO] RSS returned 100 posts
2026-06-17T04:19:10+0000 [INFO] Scanner complete (Arctic Shift+RSS). 1 new posts collected, 2 media downloaded, 0 links verified.
2026-06-17T04:23:49+0000 [INFO] Scanner starting. Batch: 2026-06-17T04:23
2026-06-17T04:23:49+0000 [INFO] Running in dual-source mode (Arctic Shift + RSS)
2026-06-17T04:23:51+0000 [INFO] Arctic Shift returned 3 posts
2026-06-17T04:23:51+0000 [INFO] RSS returned 100 posts
2026-06-17T04:23:52+0000 [INFO] Scanner complete (Arctic Shift+RSS). 3 new posts collected, 0 media downloaded, 2 links verified.
2026-06-17T04:28:38+0000 [INFO] Scanner starting. Batch: 2026-06-17T04:28
2026-06-17T04:28:38+0000 [INFO] Running in dual-source mode (Arctic Shift + RSS)
2026-06-17T04:28:39+0000 [INFO] Arctic Shift returned 4 posts
2026-06-17T04:28:40+0000 [INFO] RSS returned 100 posts
2026-06-17T04:28:41+0000 [INFO] Scanner complete (Arctic Shift+RSS). 3 new posts collected, 2 media downloaded, 0 links verified.
2026-06-17T04:34:10+0000 [INFO] Scanner starting. Batch: 2026-06-17T04:34
2026-06-17T04:34:10+0000 [INFO] Running in dual-source mode (Arctic Shift + RSS)
2026-06-17T04:34:11+0000 [INFO] Arctic Shift returned 2 posts
2026-06-17T04:34:12+0000 [INFO] RSS returned 100 posts
2026-06-17T04:34:12+0000 [INFO] Scanner complete (Arctic Shift+RSS). 1 new posts collected, 0 media downloaded, 0 links verified.
