2026-06-18T14:03:15+0000 [INFO] Scanner starting. Batch: 2026-06-18T14:03
2026-06-18T14:03:15+0000 [INFO] Running in dual-source mode (Arctic Shift + RSS)
2026-06-18T14:03:17+0000 [INFO] Arctic Shift returned 4 posts
2026-06-18T14:03:17+0000 [INFO] RSS returned 100 posts
2026-06-18T14:03:19+0000 [INFO] Scanner complete (Arctic Shift+RSS). 4 new posts collected, 9 media downloaded, 2 links verified.
2026-06-18T14:08:39+0000 [INFO] Scanner starting. Batch: 2026-06-18T14:08
2026-06-18T14:08:39+0000 [INFO] Running in dual-source mode (Arctic Shift + RSS)
2026-06-18T14:08:41+0000 [INFO] Arctic Shift returned 6 posts
2026-06-18T14:08:42+0000 [INFO] RSS returned 100 posts
2026-06-18T14:08:42+0000 [INFO] Scanner complete (Arctic Shift+RSS). 4 new posts collected, 3 media downloaded, 1 links verified.
2026-06-18T14:12:53+0000 [INFO] Scanner starting. Batch: 2026-06-18T14:12
2026-06-18T14:12:53+0000 [INFO] Running in dual-source mode (Arctic Shift + RSS)
2026-06-18T14:12:55+0000 [INFO] Arctic Shift returned 5 posts
2026-06-18T14:12:55+0000 [INFO] RSS returned 100 posts
2026-06-18T14:12:56+0000 [INFO] Scanner complete (Arctic Shift+RSS). 4 new posts collected, 0 media downloaded, 4 links verified.
2026-06-18T14:19:04+0000 [INFO] Scanner starting. Batch: 2026-06-18T14:19
2026-06-18T14:19:04+0000 [INFO] Running in dual-source mode (Arctic Shift + RSS)
2026-06-18T14:19:05+0000 [INFO] Arctic Shift returned 3 posts
2026-06-18T14:19:06+0000 [INFO] RSS returned 100 posts
2026-06-18T14:19:07+0000 [INFO] Scanner complete (Arctic Shift+RSS). 3 new posts collected, 0 media downloaded, 3 links verified.
2026-06-18T14:43:23+0000 [INFO] Scanner starting. Batch: 2026-06-18T14:43
2026-06-18T14:43:23+0000 [INFO] Running in dual-source mode (Arctic Shift + RSS)
2026-06-18T14:43:24+0000 [INFO] Arctic Shift returned 3 posts
2026-06-18T14:43:25+0000 [INFO] RSS returned 100 posts
2026-06-18T14:43:26+0000 [INFO] Scanner complete (Arctic Shift+RSS). 5 new posts collected, 1 media downloaded, 4 links verified.
