2026-06-15T22:03:07+0000 [INFO] Scanner starting. Batch: 2026-06-15T22:03
2026-06-15T22:03:07+0000 [INFO] Running in dual-source mode (Arctic Shift + RSS)
2026-06-15T22:03:08+0000 [INFO] Arctic Shift returned 3 posts
2026-06-15T22:03:09+0000 [INFO] RSS returned 100 posts
2026-06-15T22:03:09+0000 [INFO] Scanner complete (Arctic Shift+RSS). 3 new posts collected, 0 media downloaded, 2 links verified.
2026-06-15T22:07:40+0000 [INFO] Scanner starting. Batch: 2026-06-15T22:07
2026-06-15T22:07:40+0000 [INFO] Running in dual-source mode (Arctic Shift + RSS)
2026-06-15T22:07:42+0000 [INFO] Arctic Shift returned 2 posts
2026-06-15T22:07:42+0000 [INFO] RSS returned 100 posts
2026-06-15T22:07:42+0000 [INFO] Scanner complete (Arctic Shift+RSS). 1 new posts collected, 0 media downloaded, 0 links verified.
2026-06-15T22:12:46+0000 [INFO] Scanner starting. Batch: 2026-06-15T22:12
2026-06-15T22:12:46+0000 [INFO] Running in dual-source mode (Arctic Shift + RSS)
2026-06-15T22:12:47+0000 [INFO] Arctic Shift returned 2 posts
2026-06-15T22:12:48+0000 [INFO] RSS returned 100 posts
2026-06-15T22:12:48+0000 [INFO] Scanner complete (Arctic Shift+RSS). 1 new posts collected, 1 media downloaded, 0 links verified.
2026-06-15T22:18:26+0000 [INFO] Scanner starting. Batch: 2026-06-15T22:18
2026-06-15T22:18:26+0000 [INFO] Running in dual-source mode (Arctic Shift + RSS)
2026-06-15T22:18:27+0000 [INFO] Arctic Shift returned 9 posts
2026-06-15T22:18:29+0000 [INFO] RSS returned 100 posts
2026-06-15T22:18:31+0000 [INFO] Scanner complete (Arctic Shift+RSS). 8 new posts collected, 2 media downloaded, 2 links verified.
2026-06-15T22:23:27+0000 [INFO] Scanner starting. Batch: 2026-06-15T22:23
2026-06-15T22:23:27+0000 [INFO] Running in dual-source mode (Arctic Shift + RSS)
2026-06-15T22:23:29+0000 [INFO] Arctic Shift returned 5 posts
2026-06-15T22:23:30+0000 [INFO] RSS returned 100 posts
2026-06-15T22:23:30+0000 [INFO] Scanner complete (Arctic Shift+RSS). 2 new posts collected, 1 media downloaded, 1 links verified.
2026-06-15T22:27:36+0000 [INFO] Scanner starting. Batch: 2026-06-15T22:27
2026-06-15T22:27:36+0000 [INFO] Running in dual-source mode (Arctic Shift + RSS)
2026-06-15T22:27:37+0000 [INFO] Arctic Shift returned 3 posts
2026-06-15T22:27:38+0000 [INFO] RSS returned 100 posts
2026-06-15T22:27:39+0000 [INFO] Scanner complete (Arctic Shift+RSS). 3 new posts collected, 2 media downloaded, 0 links verified.
