2026-06-17T09:09:18+0000 [INFO] Scanner starting. Batch: 2026-06-17T09:09
2026-06-17T09:09:18+0000 [INFO] Running in dual-source mode (Arctic Shift + RSS)
2026-06-17T09:09:19+0000 [INFO] Arctic Shift returned 3 posts
2026-06-17T09:09:20+0000 [INFO] RSS returned 100 posts
2026-06-17T09:09:20+0000 [INFO] Scanner complete (Arctic Shift+RSS). 5 new posts collected, 0 media downloaded, 2 links verified.
2026-06-17T09:14:19+0000 [INFO] Scanner starting. Batch: 2026-06-17T09:14
2026-06-17T09:14:19+0000 [INFO] Running in dual-source mode (Arctic Shift + RSS)
2026-06-17T09:14:22+0000 [INFO] Arctic Shift returned 2 posts
2026-06-17T09:14:23+0000 [INFO] RSS returned 100 posts
2026-06-17T09:14:23+0000 [INFO] Scanner complete (Arctic Shift+RSS). 0 new posts collected, 0 media downloaded, 0 links verified.
2026-06-17T09:24:19+0000 [INFO] Scanner starting. Batch: 2026-06-17T09:24
2026-06-17T09:24:19+0000 [INFO] Running in dual-source mode (Arctic Shift + RSS)
2026-06-17T09:24:21+0000 [INFO] Arctic Shift returned 1 posts
2026-06-17T09:24:21+0000 [INFO] RSS returned 100 posts
2026-06-17T09:24:22+0000 [INFO] Scanner complete (Arctic Shift+RSS). 1 new posts collected, 1 media downloaded, 0 links verified.
2026-06-17T09:29:17+0000 [INFO] Scanner starting. Batch: 2026-06-17T09:29
2026-06-17T09:29:17+0000 [INFO] Running in dual-source mode (Arctic Shift + RSS)
2026-06-17T09:29:18+0000 [INFO] Arctic Shift returned 2 posts
2026-06-17T09:29:19+0000 [INFO] RSS returned 100 posts
2026-06-17T09:29:20+0000 [INFO] Scanner complete (Arctic Shift+RSS). 2 new posts collected, 4 media downloaded, 0 links verified.
2026-06-17T09:34:27+0000 [INFO] Scanner starting. Batch: 2026-06-17T09:34
2026-06-17T09:34:27+0000 [INFO] Running in dual-source mode (Arctic Shift + RSS)
2026-06-17T09:34:28+0000 [INFO] Arctic Shift returned 2 posts
2026-06-17T09:34:29+0000 [INFO] RSS returned 100 posts
2026-06-17T09:34:29+0000 [INFO] Scanner complete (Arctic Shift+RSS). 2 new posts collected, 0 media downloaded, 2 links verified.
2026-06-17T09:39:02+0000 [INFO] Scanner starting. Batch: 2026-06-17T09:39
2026-06-17T09:39:02+0000 [INFO] Running in dual-source mode (Arctic Shift + RSS)
2026-06-17T09:39:04+0000 [INFO] Arctic Shift returned 4 posts
2026-06-17T09:39:04+0000 [INFO] RSS returned 100 posts
2026-06-17T09:39:05+0000 [INFO] Scanner complete (Arctic Shift+RSS). 3 new posts collected, 2 media downloaded, 0 links verified.
